CMAP of binder (monomer plddt: 0.908)
Stage 1: running (logits → soft)
1 models [1] recycles 0 hard 0 soft 0.01 temp 1 loss 3.92 plddt 0.45 ptm 0.52 i_ptm 0.06 cmap_loss_binder 3.92
2 models [1] recycles 0 hard 0 soft 0.02 temp 1 loss 3.89 plddt 0.93 ptm 0.52 i_ptm 0.07 cmap_loss_binder 3.89
3 models [1] recycles 0 hard 0 soft 0.03 temp 1 loss 3.85 plddt 0.84 ptm 0.52 i_ptm 0.07 cmap_loss_binder 3.85
4 models [1] recycles 0 hard 0 soft 0.04 temp 1 loss 3.84 plddt 0.80 ptm 0.52 i_ptm 0.08 cmap_loss_binder 3.84
5 models [1] recycles 0 hard 0 soft 0.05 temp 1 loss 3.83 plddt 0.59 ptm 0.53 i_ptm 0.08 cmap_loss_binder 3.83
6 models [0] recycles 0 hard 0 soft 0.06 temp 1 loss 3.80 plddt 0.75 ptm 0.52 i_ptm 0.08 cmap_loss_binder 3.80
7 models [1] recycles 0 hard 0 soft 0.07 temp 1 loss 3.77 plddt 0.62 ptm 0.53 i_ptm 0.07 cmap_loss_binder 3.77
8 models [1] recycles 0 hard 0 soft 0.08 temp 1 loss 3.78 plddt 0.52 ptm 0.52 i_ptm 0.06 cmap_loss_binder 3.78
9 models [0] recycles 0 hard 0 soft 0.09 temp 1 loss 3.76 plddt 0.69 ptm 0.53 i_ptm 0.08 cmap_loss_binder 3.76
10 models [0] recycles 0 hard 0 soft 0.10 temp 1 loss 3.70 plddt 0.62 ptm 0.53 i_ptm 0.10 cmap_loss_binder 3.70
11 models [0] recycles 0 hard 0 soft 0.11 temp 1 loss 3.66 plddt 0.63 ptm 0.53 i_ptm 0.09 cmap_loss_binder 3.66
12 models [1] recycles 0 hard 0 soft 0.12 temp 1 loss 3.65 plddt 0.58 ptm 0.52 i_ptm 0.06 cmap_loss_binder 3.65
13 models [0] recycles 0 hard 0 soft 0.13 temp 1 loss 3.62 plddt 0.53 ptm 0.53 i_ptm 0.10 cmap_loss_binder 3.62
14 models [1] recycles 0 hard 0 soft 0.14 temp 1 loss 3.51 plddt 0.53 ptm 0.53 i_ptm 0.06 cmap_loss_binder 3.51
15 models [0] recycles 0 hard 0 soft 0.15 temp 1 loss 3.40 plddt 0.55 ptm 0.54 i_ptm 0.10 cmap_loss_binder 3.40
16 models [0] recycles 0 hard 0 soft 0.16 temp 1 loss 3.25 plddt 0.51 ptm 0.53 i_ptm 0.08 cmap_loss_binder 3.25
17 models [1] recycles 0 hard 0 soft 0.17 temp 1 loss 3.31 plddt 0.54 ptm 0.53 i_ptm 0.06 cmap_loss_binder 3.31
18 models [0] recycles 0 hard 0 soft 0.18 temp 1 loss 3.06 plddt 0.60 ptm 0.53 i_ptm 0.08 cmap_loss_binder 3.06
19 models [0] recycles 0 hard 0 soft 0.19 temp 1 loss 3.05 plddt 0.53 ptm 0.53 i_ptm 0.08 cmap_loss_binder 3.05
20 models [0] recycles 0 hard 0 soft 0.20 temp 1 loss 2.99 plddt 0.55 ptm 0.53 i_ptm 0.08 cmap_loss_binder 2.99
21 models [1] recycles 0 hard 0 soft 0.21 temp 1 loss 3.00 plddt 0.62 ptm 0.52 i_ptm 0.06 cmap_loss_binder 3.00
22 models [1] recycles 0 hard 0 soft 0.22 temp 1 loss 2.96 plddt 0.68 ptm 0.52 i_ptm 0.05 cmap_loss_binder 2.96
23 models [0] recycles 0 hard 0 soft 0.23 temp 1 loss 2.87 plddt 0.66 ptm 0.52 i_ptm 0.08 cmap_loss_binder 2.87
24 models [0] recycles 0 hard 0 soft 0.24 temp 1 loss 2.81 plddt 0.64 ptm 0.53 i_ptm 0.08 cmap_loss_binder 2.81
25 models [1] recycles 0 hard 0 soft 0.25 temp 1 loss 2.78 plddt 0.64 ptm 0.52 i_ptm 0.06 cmap_loss_binder 2.78
26 models [1] recycles 0 hard 0 soft 0.26 temp 1 loss 2.63 plddt 0.65 ptm 0.52 i_ptm 0.05 cmap_loss_binder 2.63
27 models [0] recycles 0 hard 0 soft 0.27 temp 1 loss 2.53 plddt 0.70 ptm 0.53 i_ptm 0.07 cmap_loss_binder 2.53
28 models [0] recycles 0 hard 0 soft 0.28 temp 1 loss 2.52 plddt 0.76 ptm 0.53 i_ptm 0.08 cmap_loss_binder 2.52
29 models [0] recycles 0 hard 0 soft 0.29 temp 1 loss 2.45 plddt 0.77 ptm 0.53 i_ptm 0.09 cmap_loss_binder 2.45
30 models [1] recycles 0 hard 0 soft 0.30 temp 1 loss 2.52 plddt 0.74 ptm 0.52 i_ptm 0.05 cmap_loss_binder 2.52
31 models [0] recycles 0 hard 0 soft 0.31 temp 1 loss 2.45 plddt 0.66 ptm 0.54 i_ptm 0.10 cmap_loss_binder 2.45
32 models [1] recycles 0 hard 0 soft 0.32 temp 1 loss 2.49 plddt 0.71 ptm 0.52 i_ptm 0.05 cmap_loss_binder 2.49
33 models [0] recycles 0 hard 0 soft 0.33 temp 1 loss 2.43 plddt 0.72 ptm 0.53 i_ptm 0.08 cmap_loss_binder 2.43
34 models [0] recycles 0 hard 0 soft 0.34 temp 1 loss 2.40 plddt 0.68 ptm 0.54 i_ptm 0.11 cmap_loss_binder 2.40
35 models [0] recycles 0 hard 0 soft 0.35 temp 1 loss 2.41 plddt 0.73 ptm 0.54 i_ptm 0.12 cmap_loss_binder 2.41
36 models [1] recycles 0 hard 0 soft 0.36 temp 1 loss 2.46 plddt 0.73 ptm 0.52 i_ptm 0.06 cmap_loss_binder 2.46
37 models [0] recycles 0 hard 0 soft 0.37 temp 1 loss 2.24 plddt 0.70 ptm 0.57 i_ptm 0.18 cmap_loss_binder 2.24
38 models [1] recycles 0 hard 0 soft 0.38 temp 1 loss 2.41 plddt 0.75 ptm 0.52 i_ptm 0.07 cmap_loss_binder 2.41
39 models [1] recycles 0 hard 0 soft 0.39 temp 1 loss 2.40 plddt 0.76 ptm 0.53 i_ptm 0.07 cmap_loss_binder 2.40
40 models [0] recycles 0 hard 0 soft 0.40 temp 1 loss 1.98 plddt 0.68 ptm 0.66 i_ptm 0.41 cmap_loss_binder 1.98
41 models [0] recycles 0 hard 0 soft 0.41 temp 1 loss 2.07 plddt 0.76 ptm 0.65 i_ptm 0.42 cmap_loss_binder 2.07
42 models [0] recycles 0 hard 0 soft 0.42 temp 1 loss 1.94 plddt 0.74 ptm 0.70 i_ptm 0.52 cmap_loss_binder 1.94
43 models [0] recycles 0 hard 0 soft 0.43 temp 1 loss 1.86 plddt 0.70 ptm 0.71 i_ptm 0.47 cmap_loss_binder 1.86
44 models [1] recycles 0 hard 0 soft 0.44 temp 1 loss 2.32 plddt 0.74 ptm 0.54 i_ptm 0.09 cmap_loss_binder 2.32
45 models [1] recycles 0 hard 0 soft 0.45 temp 1 loss 2.24 plddt 0.74 ptm 0.55 i_ptm 0.14 cmap_loss_binder 2.24
46 models [0] recycles 0 hard 0 soft 0.46 temp 1 loss 1.82 plddt 0.68 ptm 0.67 i_ptm 0.40 cmap_loss_binder 1.82
47 models [0] recycles 0 hard 0 soft 0.47 temp 1 loss 1.91 plddt 0.69 ptm 0.67 i_ptm 0.37 cmap_loss_binder 1.91
48 models [1] recycles 0 hard 0 soft 0.48 temp 1 loss 2.05 plddt 0.76 ptm 0.63 i_ptm 0.34 cmap_loss_binder 2.05
49 models [0] recycles 0 hard 0 soft 0.49 temp 1 loss 1.79 plddt 0.70 ptm 0.69 i_ptm 0.47 cmap_loss_binder 1.79
50 models [1] recycles 0 hard 0 soft 0.50 temp 1 loss 1.96 plddt 0.73 ptm 0.62 i_ptm 0.37 cmap_loss_binder 1.96
51 models [1] recycles 0 hard 0 soft 0.51 temp 1 loss 1.83 plddt 0.78 ptm 0.67 i_ptm 0.38 cmap_loss_binder 1.83
52 models [0] recycles 0 hard 0 soft 0.52 temp 1 loss 1.77 plddt 0.71 ptm 0.71 i_ptm 0.53 cmap_loss_binder 1.77
53 models [0] recycles 0 hard 0 soft 0.53 temp 1 loss 1.76 plddt 0.71 ptm 0.68 i_ptm 0.41 cmap_loss_binder 1.76
54 models [0] recycles 0 hard 0 soft 0.54 temp 1 loss 1.72 plddt 0.76 ptm 0.71 i_ptm 0.47 cmap_loss_binder 1.72
55 models [0] recycles 0 hard 0 soft 0.55 temp 1 loss 1.73 plddt 0.70 ptm 0.70 i_ptm 0.45 cmap_loss_binder 1.73
56 models [0] recycles 0 hard 0 soft 0.56 temp 1 loss 1.89 plddt 0.77 ptm 0.63 i_ptm 0.28 cmap_loss_binder 1.89
57 models [0] recycles 0 hard 0 soft 0.57 temp 1 loss 1.66 plddt 0.71 ptm 0.70 i_ptm 0.45 cmap_loss_binder 1.66
58 models [0] recycles 0 hard 0 soft 0.58 temp 1 loss 1.61 plddt 0.75 ptm 0.74 i_ptm 0.55 cmap_loss_binder 1.61
59 models [1] recycles 0 hard 0 soft 0.59 temp 1 loss 1.80 plddt 0.79 ptm 0.65 i_ptm 0.39 cmap_loss_binder 1.80
60 models [0] recycles 0 hard 0 soft 0.60 temp 1 loss 1.65 plddt 0.75 ptm 0.72 i_ptm 0.50 cmap_loss_binder 1.65
61 models [1] recycles 0 hard 0 soft 0.61 temp 1 loss 1.82 plddt 0.80 ptm 0.66 i_ptm 0.39 cmap_loss_binder 1.82
62 models [1] recycles 0 hard 0 soft 0.62 temp 1 loss 1.74 plddt 0.76 ptm 0.69 i_ptm 0.48 cmap_loss_binder 1.74
63 models [0] recycles 0 hard 0 soft 0.63 temp 1 loss 1.58 plddt 0.80 ptm 0.72 i_ptm 0.48 cmap_loss_binder 1.58
64 models [0] recycles 0 hard 0 soft 0.64 temp 1 loss 1.57 plddt 0.78 ptm 0.73 i_ptm 0.53 cmap_loss_binder 1.57
65 models [1] recycles 0 hard 0 soft 0.65 temp 1 loss 2.15 plddt 0.79 ptm 0.54 i_ptm 0.11 cmap_loss_binder 2.15
66 models [1] recycles 0 hard 0 soft 0.66 temp 1 loss 1.66 plddt 0.83 ptm 0.70 i_ptm 0.49 cmap_loss_binder 1.66
67 models [1] recycles 0 hard 0 soft 0.67 temp 1 loss 2.12 plddt 0.84 ptm 0.53 i_ptm 0.10 cmap_loss_binder 2.12
68 models [1] recycles 0 hard 0 soft 0.68 temp 1 loss 1.72 plddt 0.80 ptm 0.67 i_ptm 0.43 cmap_loss_binder 1.72
69 models [0] recycles 0 hard 0 soft 0.69 temp 1 loss 1.59 plddt 0.79 ptm 0.72 i_ptm 0.49 cmap_loss_binder 1.59
70 models [0] recycles 0 hard 0 soft 0.70 temp 1 loss 1.60 plddt 0.81 ptm 0.69 i_ptm 0.43 cmap_loss_binder 1.60
71 models [0] recycles 0 hard 0 soft 0.71 temp 1 loss 1.60 plddt 0.82 ptm 0.71 i_ptm 0.49 cmap_loss_binder 1.60
72 models [0] recycles 0 hard 0 soft 0.72 temp 1 loss 1.61 plddt 0.81 ptm 0.71 i_ptm 0.48 cmap_loss_binder 1.61
73 models [1] recycles 0 hard 0 soft 0.73 temp 1 loss 1.71 plddt 0.80 ptm 0.67 i_ptm 0.48 cmap_loss_binder 1.71
74 models [0] recycles 0 hard 0 soft 0.74 temp 1 loss 1.55 plddt 0.79 ptm 0.75 i_ptm 0.56 cmap_loss_binder 1.55
75 models [1] recycles 0 hard 0 soft 0.75 temp 1 loss 1.77 plddt 0.82 ptm 0.66 i_ptm 0.40 cmap_loss_binder 1.77
76 models [1] recycles 0 hard 0 soft 0.76 temp 1 loss 1.63 plddt 0.79 ptm 0.69 i_ptm 0.49 cmap_loss_binder 1.63
77 models [1] recycles 0 hard 0 soft 0.77 temp 1 loss 2.50 plddt 0.73 ptm 0.52 i_ptm 0.06 cmap_loss_binder 2.50
78 models [0] recycles 0 hard 0 soft 0.78 temp 1 loss 1.58 plddt 0.83 ptm 0.71 i_ptm 0.47 cmap_loss_binder 1.58
79 models [0] recycles 0 hard 0 soft 0.79 temp 1 loss 1.64 plddt 0.77 ptm 0.70 i_ptm 0.45 cmap_loss_binder 1.64
80 models [1] recycles 0 hard 0 soft 0.80 temp 1 loss 2.55 plddt 0.72 ptm 0.53 i_ptm 0.06 cmap_loss_binder 2.55
81 models [1] recycles 0 hard 0 soft 0.81 temp 1 loss 2.17 plddt 0.82 ptm 0.54 i_ptm 0.09 cmap_loss_binder 2.17
82 models [0] recycles 0 hard 0 soft 0.82 temp 1 loss 1.71 plddt 0.78 ptm 0.69 i_ptm 0.42 cmap_loss_binder 1.71
83 models [0] recycles 0 hard 0 soft 0.83 temp 1 loss 1.71 plddt 0.78 ptm 0.67 i_ptm 0.40 cmap_loss_binder 1.71
84 models [1] recycles 0 hard 0 soft 0.84 temp 1 loss 2.00 plddt 0.83 ptm 0.57 i_ptm 0.21 cmap_loss_binder 2.00
85 models [0] recycles 0 hard 0 soft 0.85 temp 1 loss 1.66 plddt 0.80 ptm 0.68 i_ptm 0.43 cmap_loss_binder 1.66
86 models [0] recycles 0 hard 0 soft 0.86 temp 1 loss 1.71 plddt 0.80 ptm 0.66 i_ptm 0.39 cmap_loss_binder 1.71
87 models [0] recycles 0 hard 0 soft 0.87 temp 1 loss 1.59 plddt 0.76 ptm 0.69 i_ptm 0.43 cmap_loss_binder 1.59
88 models [1] recycles 0 hard 0 soft 0.88 temp 1 loss 1.76 plddt 0.81 ptm 0.68 i_ptm 0.42 cmap_loss_binder 1.76
89 models [1] recycles 0 hard 0 soft 0.89 temp 1 loss 2.04 plddt 0.80 ptm 0.56 i_ptm 0.16 cmap_loss_binder 2.04
90 models [1] recycles 0 hard 0 soft 0.90 temp 1 loss 1.79 plddt 0.80 ptm 0.68 i_ptm 0.46 cmap_loss_binder 1.79
91 models [0] recycles 0 hard 0 soft 0.91 temp 1 loss 1.68 plddt 0.74 ptm 0.70 i_ptm 0.47 cmap_loss_binder 1.68
92 models [1] recycles 0 hard 0 soft 0.92 temp 1 loss 1.73 plddt 0.81 ptm 0.66 i_ptm 0.40 cmap_loss_binder 1.73
93 models [0] recycles 0 hard 0 soft 0.93 temp 1 loss 1.67 plddt 0.71 ptm 0.69 i_ptm 0.44 cmap_loss_binder 1.67
94 models [1] recycles 0 hard 0 soft 0.94 temp 1 loss 1.77 plddt 0.80 ptm 0.66 i_ptm 0.42 cmap_loss_binder 1.77
95 models [0] recycles 0 hard 0 soft 0.95 temp 1 loss 1.78 plddt 0.80 ptm 0.66 i_ptm 0.35 cmap_loss_binder 1.78
96 models [1] recycles 0 hard 0 soft 0.96 temp 1 loss 1.95 plddt 0.81 ptm 0.61 i_ptm 0.28 cmap_loss_binder 1.95
97 models [0] recycles 0 hard 0 soft 0.97 temp 1 loss 1.62 plddt 0.75 ptm 0.68 i_ptm 0.41 cmap_loss_binder 1.62
98 models [1] recycles 0 hard 0 soft 0.98 temp 1 loss 1.94 plddt 0.83 ptm 0.58 i_ptm 0.21 cmap_loss_binder 1.94
99 models [0] recycles 0 hard 0 soft 0.99 temp 1 loss 1.66 plddt 0.76 ptm 0.69 i_ptm 0.43 cmap_loss_binder 1.66
100 models [0] recycles 0 hard 0 soft 1 temp 1 loss 1.77 plddt 0.76 ptm 0.66 i_ptm 0.37 cmap_loss_binder 1.77
Stage 2: running (soft → hard)
101 models [1] recycles 0 hard 0 soft 1 temp 0.98 loss 1.83 plddt 0.79 ptm 0.63 i_ptm 0.35 cmap_loss_binder 1.83
102 models [1] recycles 0 hard 0 soft 1 temp 0.96 loss 2.02 plddt 0.75 ptm 0.58 i_ptm 0.20 cmap_loss_binder 2.02
103 models [1] recycles 0 hard 0 soft 1 temp 0.94 loss 1.83 plddt 0.83 ptm 0.64 i_ptm 0.33 cmap_loss_binder 1.83
104 models [1] recycles 0 hard 0 soft 1 temp 0.92 loss 1.70 plddt 0.80 ptm 0.68 i_ptm 0.41 cmap_loss_binder 1.70
105 models [1] recycles 0 hard 0 soft 1 temp 0.90 loss 1.86 plddt 0.81 ptm 0.64 i_ptm 0.31 cmap_loss_binder 1.86
106 models [0] recycles 0 hard 0 soft 1 temp 0.88 loss 1.86 plddt 0.77 ptm 0.64 i_ptm 0.30 cmap_loss_binder 1.86
107 models [0] recycles 0 hard 0 soft 1 temp 0.87 loss 1.51 plddt 0.80 ptm 0.70 i_ptm 0.45 cmap_loss_binder 1.51
108 models [1] recycles 0 hard 0 soft 1 temp 0.85 loss 1.68 plddt 0.82 ptm 0.68 i_ptm 0.42 cmap_loss_binder 1.68
109 models [1] recycles 0 hard 0 soft 1 temp 0.83 loss 1.92 plddt 0.85 ptm 0.60 i_ptm 0.22 cmap_loss_binder 1.92
110 models [1] recycles 0 hard 0 soft 1 temp 0.81 loss 1.69 plddt 0.85 ptm 0.66 i_ptm 0.37 cmap_loss_binder 1.69
111 models [0] recycles 0 hard 0 soft 1 temp 0.79 loss 1.54 plddt 0.77 ptm 0.72 i_ptm 0.50 cmap_loss_binder 1.54
112 models [1] recycles 0 hard 0 soft 1 temp 0.78 loss 1.62 plddt 0.86 ptm 0.69 i_ptm 0.43 cmap_loss_binder 1.62
113 models [1] recycles 0 hard 0 soft 1 temp 0.76 loss 1.61 plddt 0.82 ptm 0.70 i_ptm 0.44 cmap_loss_binder 1.61
114 models [0] recycles 0 hard 0 soft 1 temp 0.74 loss 1.57 plddt 0.78 ptm 0.68 i_ptm 0.41 cmap_loss_binder 1.57
115 models [0] recycles 0 hard 0 soft 1 temp 0.73 loss 1.51 plddt 0.78 ptm 0.69 i_ptm 0.43 cmap_loss_binder 1.51
116 models [1] recycles 0 hard 0 soft 1 temp 0.71 loss 1.60 plddt 0.84 ptm 0.69 i_ptm 0.42 cmap_loss_binder 1.60
117 models [0] recycles 0 hard 0 soft 1 temp 0.69 loss 1.59 plddt 0.75 ptm 0.69 i_ptm 0.44 cmap_loss_binder 1.59
118 models [0] recycles 0 hard 0 soft 1 temp 0.68 loss 1.57 plddt 0.81 ptm 0.69 i_ptm 0.43 cmap_loss_binder 1.57
119 models [0] recycles 0 hard 0 soft 1 temp 0.66 loss 1.48 plddt 0.79 ptm 0.72 i_ptm 0.49 cmap_loss_binder 1.48
120 models [1] recycles 0 hard 0 soft 1 temp 0.64 loss 1.53 plddt 0.86 ptm 0.70 i_ptm 0.45 cmap_loss_binder 1.53
121 models [1] recycles 0 hard 0 soft 1 temp 0.63 loss 1.59 plddt 0.85 ptm 0.66 i_ptm 0.36 cmap_loss_binder 1.59
122 models [1] recycles 0 hard 0 soft 1 temp 0.61 loss 1.59 plddt 0.84 ptm 0.71 i_ptm 0.46 cmap_loss_binder 1.59
123 models [1] recycles 0 hard 0 soft 1 temp 0.60 loss 1.61 plddt 0.87 ptm 0.68 i_ptm 0.40 cmap_loss_binder 1.61
124 models [0] recycles 0 hard 0 soft 1 temp 0.58 loss 1.52 plddt 0.80 ptm 0.72 i_ptm 0.48 cmap_loss_binder 1.52
125 models [0] recycles 0 hard 0 soft 1 temp 0.57 loss 1.49 plddt 0.82 ptm 0.74 i_ptm 0.53 cmap_loss_binder 1.49
126 models [0] recycles 0 hard 0 soft 1 temp 0.55 loss 1.47 plddt 0.83 ptm 0.75 i_ptm 0.56 cmap_loss_binder 1.47
127 models [0] recycles 0 hard 0 soft 1 temp 0.54 loss 1.44 plddt 0.84 ptm 0.75 i_ptm 0.55 cmap_loss_binder 1.44
128 models [1] recycles 0 hard 0 soft 1 temp 0.52 loss 1.57 plddt 0.85 ptm 0.71 i_ptm 0.47 cmap_loss_binder 1.57
129 models [0] recycles 0 hard 0 soft 1 temp 0.51 loss 1.48 plddt 0.82 ptm 0.74 i_ptm 0.52 cmap_loss_binder 1.48
130 models [1] recycles 0 hard 0 soft 1 temp 0.50 loss 1.51 plddt 0.87 ptm 0.72 i_ptm 0.50 cmap_loss_binder 1.51
131 models [1] recycles 0 hard 0 soft 1 temp 0.48 loss 1.55 plddt 0.83 ptm 0.70 i_ptm 0.42 cmap_loss_binder 1.55
132 models [1] recycles 0 hard 0 soft 1 temp 0.47 loss 1.57 plddt 0.81 ptm 0.69 i_ptm 0.42 cmap_loss_binder 1.57
133 models [1] recycles 0 hard 0 soft 1 temp 0.45 loss 1.51 plddt 0.86 ptm 0.71 i_ptm 0.47 cmap_loss_binder 1.51
134 models [0] recycles 0 hard 0 soft 1 temp 0.44 loss 1.49 plddt 0.78 ptm 0.73 i_ptm 0.50 cmap_loss_binder 1.49
135 models [0] recycles 0 hard 0 soft 1 temp 0.43 loss 1.54 plddt 0.80 ptm 0.71 i_ptm 0.45 cmap_loss_binder 1.54
136 models [1] recycles 0 hard 0 soft 1 temp 0.42 loss 1.53 plddt 0.87 ptm 0.72 i_ptm 0.48 cmap_loss_binder 1.53
137 models [1] recycles 0 hard 0 soft 1 temp 0.40 loss 1.56 plddt 0.85 ptm 0.72 i_ptm 0.47 cmap_loss_binder 1.56
138 models [0] recycles 0 hard 0 soft 1 temp 0.39 loss 1.52 plddt 0.80 ptm 0.73 i_ptm 0.50 cmap_loss_binder 1.52
139 models [0] recycles 0 hard 0 soft 1 temp 0.38 loss 1.49 plddt 0.79 ptm 0.71 i_ptm 0.46 cmap_loss_binder 1.49
140 models [1] recycles 0 hard 0 soft 1 temp 0.37 loss 1.52 plddt 0.86 ptm 0.75 i_ptm 0.54 cmap_loss_binder 1.52
141 models [0] recycles 0 hard 0 soft 1 temp 0.35 loss 1.49 plddt 0.81 ptm 0.73 i_ptm 0.53 cmap_loss_binder 1.49
142 models [1] recycles 0 hard 0 soft 1 temp 0.34 loss 1.56 plddt 0.86 ptm 0.69 i_ptm 0.44 cmap_loss_binder 1.56
143 models [0] recycles 0 hard 0 soft 1 temp 0.33 loss 1.47 plddt 0.78 ptm 0.72 i_ptm 0.49 cmap_loss_binder 1.47
144 models [0] recycles 0 hard 0 soft 1 temp 0.32 loss 1.44 plddt 0.80 ptm 0.75 i_ptm 0.55 cmap_loss_binder 1.44
145 models [0] recycles 0 hard 0 soft 1 temp 0.31 loss 1.51 plddt 0.82 ptm 0.73 i_ptm 0.51 cmap_loss_binder 1.51
146 models [1] recycles 0 hard 0 soft 1 temp 0.30 loss 1.54 plddt 0.86 ptm 0.69 i_ptm 0.42 cmap_loss_binder 1.54
147 models [1] recycles 0 hard 0 soft 1 temp 0.29 loss 1.60 plddt 0.79 ptm 0.70 i_ptm 0.45 cmap_loss_binder 1.60
148 models [0] recycles 0 hard 0 soft 1 temp 0.28 loss 1.46 plddt 0.83 ptm 0.75 i_ptm 0.54 cmap_loss_binder 1.46
149 models [1] recycles 0 hard 0 soft 1 temp 0.27 loss 1.57 plddt 0.79 ptm 0.70 i_ptm 0.47 cmap_loss_binder 1.57
150 models [1] recycles 0 hard 0 soft 1 temp 0.26 loss 1.52 plddt 0.85 ptm 0.73 i_ptm 0.50 cmap_loss_binder 1.52
151 models [0] recycles 0 hard 0 soft 1 temp 0.25 loss 1.50 plddt 0.79 ptm 0.71 i_ptm 0.47 cmap_loss_binder 1.50
152 models [1] recycles 0 hard 0 soft 1 temp 0.24 loss 1.52 plddt 0.84 ptm 0.72 i_ptm 0.47 cmap_loss_binder 1.52
153 models [0] recycles 0 hard 0 soft 1 temp 0.23 loss 1.52 plddt 0.79 ptm 0.70 i_ptm 0.43 cmap_loss_binder 1.52
154 models [1] recycles 0 hard 0 soft 1 temp 0.22 loss 1.54 plddt 0.83 ptm 0.72 i_ptm 0.49 cmap_loss_binder 1.54
155 models [1] recycles 0 hard 0 soft 1 temp 0.21 loss 1.47 plddt 0.85 ptm 0.73 i_ptm 0.51 cmap_loss_binder 1.47
156 models [1] recycles 0 hard 0 soft 1 temp 0.20 loss 1.53 plddt 0.83 ptm 0.72 i_ptm 0.51 cmap_loss_binder 1.53
157 models [1] recycles 0 hard 0 soft 1 temp 0.19 loss 1.59 plddt 0.84 ptm 0.69 i_ptm 0.47 cmap_loss_binder 1.59
158 models [1] recycles 0 hard 0 soft 1 temp 0.18 loss 1.58 plddt 0.85 ptm 0.70 i_ptm 0.47 cmap_loss_binder 1.58
159 models [0] recycles 0 hard 0 soft 1 temp 0.18 loss 1.54 plddt 0.76 ptm 0.71 i_ptm 0.47 cmap_loss_binder 1.54
160 models [1] recycles 0 hard 0 soft 1 temp 0.17 loss 1.56 plddt 0.84 ptm 0.69 i_ptm 0.44 cmap_loss_binder 1.56
161 models [0] recycles 0 hard 0 soft 1 temp 0.16 loss 1.52 plddt 0.74 ptm 0.71 i_ptm 0.46 cmap_loss_binder 1.52
162 models [1] recycles 0 hard 0 soft 1 temp 0.15 loss 1.58 plddt 0.82 ptm 0.70 i_ptm 0.47 cmap_loss_binder 1.58
163 models [1] recycles 0 hard 0 soft 1 temp 0.15 loss 1.53 plddt 0.80 ptm 0.73 i_ptm 0.52 cmap_loss_binder 1.53
164 models [0] recycles 0 hard 0 soft 1 temp 0.14 loss 1.50 plddt 0.77 ptm 0.74 i_ptm 0.53 cmap_loss_binder 1.50
165 models [1] recycles 0 hard 0 soft 1 temp 0.13 loss 1.53 plddt 0.84 ptm 0.73 i_ptm 0.50 cmap_loss_binder 1.53
166 models [0] recycles 0 hard 0 soft 1 temp 0.12 loss 1.52 plddt 0.77 ptm 0.70 i_ptm 0.44 cmap_loss_binder 1.52
167 models [0] recycles 0 hard 0 soft 1 temp 0.12 loss 1.52 plddt 0.75 ptm 0.73 i_ptm 0.50 cmap_loss_binder 1.52
168 models [0] recycles 0 hard 0 soft 1 temp 0.11 loss 1.48 plddt 0.81 ptm 0.75 i_ptm 0.55 cmap_loss_binder 1.48
169 models [1] recycles 0 hard 0 soft 1 temp 0.11 loss 1.58 plddt 0.84 ptm 0.70 i_ptm 0.45 cmap_loss_binder 1.58
170 models [0] recycles 0 hard 0 soft 1 temp 0.10 loss 1.52 plddt 0.75 ptm 0.72 i_ptm 0.49 cmap_loss_binder 1.52
171 models [1] recycles 0 hard 0 soft 1 temp 0.09 loss 1.54 plddt 0.83 ptm 0.70 i_ptm 0.47 cmap_loss_binder 1.54
172 models [1] recycles 0 hard 0 soft 1 temp 0.09 loss 1.55 plddt 0.82 ptm 0.73 i_ptm 0.51 cmap_loss_binder 1.55
173 models [1] recycles 0 hard 0 soft 1 temp 0.08 loss 1.52 plddt 0.84 ptm 0.72 i_ptm 0.47 cmap_loss_binder 1.52
174 models [1] recycles 0 hard 0 soft 1 temp 0.08 loss 1.53 plddt 0.83 ptm 0.73 i_ptm 0.53 cmap_loss_binder 1.53
175 models [1] recycles 0 hard 0 soft 1 temp 0.07 loss 1.53 plddt 0.82 ptm 0.71 i_ptm 0.47 cmap_loss_binder 1.53
176 models [0] recycles 0 hard 0 soft 1 temp 0.07 loss 1.64 plddt 0.74 ptm 0.67 i_ptm 0.39 cmap_loss_binder 1.64
177 models [1] recycles 0 hard 0 soft 1 temp 0.06 loss 1.49 plddt 0.83 ptm 0.73 i_ptm 0.54 cmap_loss_binder 1.49
178 models [1] recycles 0 hard 0 soft 1 temp 0.06 loss 1.51 plddt 0.83 ptm 0.73 i_ptm 0.54 cmap_loss_binder 1.51
179 models [1] recycles 0 hard 0 soft 1 temp 0.05 loss 1.53 plddt 0.78 ptm 0.74 i_ptm 0.53 cmap_loss_binder 1.53
180 models [1] recycles 0 hard 0 soft 1 temp 0.05 loss 1.54 plddt 0.83 ptm 0.73 i_ptm 0.49 cmap_loss_binder 1.54
181 models [1] recycles 0 hard 0 soft 1 temp 0.05 loss 1.57 plddt 0.76 ptm 0.72 i_ptm 0.57 cmap_loss_binder 1.57
182 models [0] recycles 0 hard 0 soft 1 temp 0.04 loss 1.56 plddt 0.71 ptm 0.71 i_ptm 0.45 cmap_loss_binder 1.56
183 models [0] recycles 0 hard 0 soft 1 temp 0.04 loss 1.52 plddt 0.75 ptm 0.71 i_ptm 0.46 cmap_loss_binder 1.52
184 models [0] recycles 0 hard 0 soft 1 temp 0.04 loss 1.60 plddt 0.75 ptm 0.69 i_ptm 0.42 cmap_loss_binder 1.60
185 models [1] recycles 0 hard 0 soft 1 temp 0.03 loss 1.57 plddt 0.84 ptm 0.71 i_ptm 0.45 cmap_loss_binder 1.57
186 models [0] recycles 0 hard 0 soft 1 temp 0.03 loss 1.77 plddt 0.72 ptm 0.65 i_ptm 0.32 cmap_loss_binder 1.77
187 models [0] recycles 0 hard 0 soft 1 temp 0.03 loss 1.60 plddt 0.78 ptm 0.68 i_ptm 0.40 cmap_loss_binder 1.60
188 models [1] recycles 0 hard 0 soft 1 temp 0.02 loss 1.65 plddt 0.74 ptm 0.66 i_ptm 0.42 cmap_loss_binder 1.65
189 models [1] recycles 0 hard 0 soft 1 temp 0.02 loss 1.60 plddt 0.82 ptm 0.73 i_ptm 0.54 cmap_loss_binder 1.60
190 models [0] recycles 0 hard 0 soft 1 temp 0.02 loss 1.52 plddt 0.74 ptm 0.72 i_ptm 0.49 cmap_loss_binder 1.52
191 models [0] recycles 0 hard 0 soft 1 temp 0.02 loss 1.53 plddt 0.77 ptm 0.71 i_ptm 0.47 cmap_loss_binder 1.53
192 models [1] recycles 0 hard 0 soft 1 temp 0.02 loss 1.55 plddt 0.80 ptm 0.71 i_ptm 0.51 cmap_loss_binder 1.55
193 models [0] recycles 0 hard 0 soft 1 temp 0.01 loss 1.51 plddt 0.74 ptm 0.73 i_ptm 0.49 cmap_loss_binder 1.51
194 models [1] recycles 0 hard 0 soft 1 temp 0.01 loss 1.58 plddt 0.84 ptm 0.71 i_ptm 0.45 cmap_loss_binder 1.58
195 models [1] recycles 0 hard 0 soft 1 temp 0.01 loss 1.55 plddt 0.80 ptm 0.71 i_ptm 0.46 cmap_loss_binder 1.55
196 models [1] recycles 0 hard 0 soft 1 temp 0.01 loss 1.50 plddt 0.79 ptm 0.70 i_ptm 0.49 cmap_loss_binder 1.50
197 models [0] recycles 0 hard 0 soft 1 temp 0.01 loss 1.56 plddt 0.75 ptm 0.73 i_ptm 0.51 cmap_loss_binder 1.56
198 models [1] recycles 0 hard 0 soft 1 temp 0.01 loss 1.51 plddt 0.80 ptm 0.72 i_ptm 0.51 cmap_loss_binder 1.51
199 models [0] recycles 0 hard 0 soft 1 temp 0.01 loss 1.58 plddt 0.73 ptm 0.68 i_ptm 0.40 cmap_loss_binder 1.58
200 models [1] recycles 0 hard 0 soft 1 temp 0.01 loss 1.58 plddt 0.83 ptm 0.68 i_ptm 0.41 cmap_loss_binder 1.58
Stage 3: running (hard)
201 models [0, 1] recycles 0 hard 1 soft 1 temp 0.01 loss 1.51 plddt 0.83 ptm 0.75 i_ptm 0.55 cmap_loss_binder 1.51
202 models [0, 1] recycles 0 hard 1 soft 1 temp 0.01 loss 1.51 plddt 0.78 ptm 0.76 i_ptm 0.56 cmap_loss_binder 1.51
203 models [0, 1] recycles 0 hard 1 soft 1 temp 0.01 loss 1.50 plddt 0.81 ptm 0.76 i_ptm 0.57 cmap_loss_binder 1.50
204 models [0, 1] recycles 0 hard 1 soft 1 temp 0.01 loss 1.52 plddt 0.81 ptm 0.76 i_ptm 0.56 cmap_loss_binder 1.52
205 models [0, 1] recycles 0 hard 1 soft 1 temp 0.01 loss 1.51 plddt 0.83 ptm 0.75 i_ptm 0.55 cmap_loss_binder 1.51
206 models [0, 1] recycles 0 hard 1 soft 1 temp 0.01 loss 1.52 plddt 0.78 ptm 0.76 i_ptm 0.56 cmap_loss_binder 1.52
207 models [0, 1] recycles 0 hard 1 soft 1 temp 0.01 loss 1.50 plddt 0.81 ptm 0.76 i_ptm 0.57 cmap_loss_binder 1.50
208 models [0, 1] recycles 0 hard 1 soft 1 temp 0.01 loss 1.52 plddt 0.78 ptm 0.76 i_ptm 0.56 cmap_loss_binder 1.52
209 models [0, 1] recycles 0 hard 1 soft 1 temp 0.01 loss 1.50 plddt 0.81 ptm 0.76 i_ptm 0.57 cmap_loss_binder 1.50
210 models [0, 1] recycles 0 hard 1 soft 1 temp 0.01 loss 1.52 plddt 0.81 ptm 0.75 i_ptm 0.55 cmap_loss_binder 1.52
211 models [0, 1] recycles 0 hard 1 soft 1 temp 0.01 loss 1.49 plddt 0.81 ptm 0.76 i_ptm 0.57 cmap_loss_binder 1.49
212 models [0, 1] recycles 0 hard 1 soft 1 temp 0.01 loss 1.51 plddt 0.79 ptm 0.75 i_ptm 0.55 cmap_loss_binder 1.51
213 models [0, 1] recycles 0 hard 1 soft 1 temp 0.01 loss 1.51 plddt 0.78 ptm 0.76 i_ptm 0.56 cmap_loss_binder 1.51
214 models [0, 1] recycles 0 hard 1 soft 1 temp 0.01 loss 1.50 plddt 0.81 ptm 0.76 i_ptm 0.57 cmap_loss_binder 1.50
215 models [0, 1] recycles 0 hard 1 soft 1 temp 0.01 loss 1.52 plddt 0.81 ptm 0.75 i_ptm 0.55 cmap_loss_binder 1.52
216 models [0, 1] recycles 0 hard 1 soft 1 temp 0.01 loss 1.49 plddt 0.81 ptm 0.76 i_ptm 0.57 cmap_loss_binder 1.49
217 models [0, 1] recycles 0 hard 1 soft 1 temp 0.01 loss 1.51 plddt 0.80 ptm 0.75 i_ptm 0.56 cmap_loss_binder 1.51
218 models [0, 1] recycles 0 hard 1 soft 1 temp 0.01 loss 1.50 plddt 0.81 ptm 0.76 i_ptm 0.57 cmap_loss_binder 1.50
219 models [0, 1] recycles 0 hard 1 soft 1 temp 0.01 loss 1.52 plddt 0.78 ptm 0.76 i_ptm 0.56 cmap_loss_binder 1.52
220 models [0, 1] recycles 0 hard 1 soft 1 temp 0.01 loss 1.50 plddt 0.83 ptm 0.76 i_ptm 0.56 cmap_loss_binder 1.50
Predicting sequences with AF2_ptm...
predict: traj_1_0 plddt: 0.847, i_pae: 0.451, i_ptm: 0.443, cmap_loss: 1.725
predict: traj_1_1 plddt: 0.836, i_pae: 0.481, i_ptm: 0.424, cmap_loss: 1.714
predict: traj_1_2 plddt: 0.899, i_pae: 0.405, i_ptm: 0.491, cmap_loss: 1.794
predict: traj_1_3 plddt: 0.878, i_pae: 0.391, i_ptm: 0.506, cmap_loss: 1.700
predict: traj_1_4 plddt: 0.835, i_pae: 0.423, i_ptm: 0.490, cmap_loss: 1.782
