CMAP of binder (monomer plddt: 0.908)
Stage 1: running (logits → soft)
1 models [1] recycles 0 hard 0 soft 0.01 temp 1 loss 1.49 plddt 0.46 ptm 0.63 i_ptm 0.07 cmap_loss_binder 1.49
2 models [1] recycles 0 hard 0 soft 0.02 temp 1 loss 1.48 plddt 0.90 ptm 0.63 i_ptm 0.08 cmap_loss_binder 1.48
3 models [0] recycles 0 hard 0 soft 0.03 temp 1 loss 1.47 plddt 0.82 ptm 0.63 i_ptm 0.11 cmap_loss_binder 1.47
4 models [1] recycles 0 hard 0 soft 0.04 temp 1 loss 1.47 plddt 0.51 ptm 0.64 i_ptm 0.08 cmap_loss_binder 1.47
5 models [0] recycles 0 hard 0 soft 0.05 temp 1 loss 1.46 plddt 0.70 ptm 0.63 i_ptm 0.10 cmap_loss_binder 1.46
6 models [1] recycles 0 hard 0 soft 0.06 temp 1 loss 1.48 plddt 0.64 ptm 0.64 i_ptm 0.08 cmap_loss_binder 1.48
7 models [0] recycles 0 hard 0 soft 0.07 temp 1 loss 1.41 plddt 0.53 ptm 0.64 i_ptm 0.13 cmap_loss_binder 1.41
8 models [0] recycles 0 hard 0 soft 0.08 temp 1 loss 1.35 plddt 0.58 ptm 0.65 i_ptm 0.14 cmap_loss_binder 1.35
9 models [1] recycles 0 hard 0 soft 0.09 temp 1 loss 1.39 plddt 0.46 ptm 0.64 i_ptm 0.09 cmap_loss_binder 1.39
10 models [1] recycles 0 hard 0 soft 0.10 temp 1 loss 1.38 plddt 0.58 ptm 0.64 i_ptm 0.12 cmap_loss_binder 1.38
11 models [0] recycles 0 hard 0 soft 0.11 temp 1 loss 1.18 plddt 0.49 ptm 0.66 i_ptm 0.33 cmap_loss_binder 1.18
12 models [0] recycles 0 hard 0 soft 0.12 temp 1 loss 1.16 plddt 0.48 ptm 0.67 i_ptm 0.34 cmap_loss_binder 1.16
13 models [1] recycles 0 hard 0 soft 0.13 temp 1 loss 1.25 plddt 0.51 ptm 0.66 i_ptm 0.22 cmap_loss_binder 1.25
14 models [0] recycles 0 hard 0 soft 0.14 temp 1 loss 1.12 plddt 0.53 ptm 0.68 i_ptm 0.36 cmap_loss_binder 1.12
15 models [1] recycles 0 hard 0 soft 0.15 temp 1 loss 1.19 plddt 0.50 ptm 0.66 i_ptm 0.26 cmap_loss_binder 1.19
16 models [0] recycles 0 hard 0 soft 0.16 temp 1 loss 1.11 plddt 0.47 ptm 0.69 i_ptm 0.36 cmap_loss_binder 1.11
17 models [1] recycles 0 hard 0 soft 0.17 temp 1 loss 1.15 plddt 0.49 ptm 0.67 i_ptm 0.28 cmap_loss_binder 1.15
18 models [0] recycles 0 hard 0 soft 0.18 temp 1 loss 1.04 plddt 0.49 ptm 0.68 i_ptm 0.32 cmap_loss_binder 1.04
19 models [0] recycles 0 hard 0 soft 0.19 temp 1 loss 1.02 plddt 0.53 ptm 0.69 i_ptm 0.47 cmap_loss_binder 1.02
20 models [1] recycles 0 hard 0 soft 0.20 temp 1 loss 1.07 plddt 0.49 ptm 0.67 i_ptm 0.26 cmap_loss_binder 1.07
21 models [0] recycles 0 hard 0 soft 0.21 temp 1 loss 1.01 plddt 0.47 ptm 0.68 i_ptm 0.26 cmap_loss_binder 1.01
22 models [1] recycles 0 hard 0 soft 0.22 temp 1 loss 1.11 plddt 0.47 ptm 0.66 i_ptm 0.13 cmap_loss_binder 1.11
23 models [1] recycles 0 hard 0 soft 0.23 temp 1 loss 1.04 plddt 0.51 ptm 0.68 i_ptm 0.33 cmap_loss_binder 1.04
24 models [0] recycles 0 hard 0 soft 0.24 temp 1 loss 0.99 plddt 0.50 ptm 0.68 i_ptm 0.40 cmap_loss_binder 0.99
25 models [1] recycles 0 hard 0 soft 0.25 temp 1 loss 1.04 plddt 0.48 ptm 0.67 i_ptm 0.22 cmap_loss_binder 1.04
26 models [1] recycles 0 hard 0 soft 0.26 temp 1 loss 1.03 plddt 0.49 ptm 0.68 i_ptm 0.30 cmap_loss_binder 1.03
27 models [0] recycles 0 hard 0 soft 0.27 temp 1 loss 0.98 plddt 0.46 ptm 0.67 i_ptm 0.28 cmap_loss_binder 0.98
28 models [0] recycles 0 hard 0 soft 0.28 temp 1 loss 0.98 plddt 0.52 ptm 0.69 i_ptm 0.51 cmap_loss_binder 0.98
29 models [0] recycles 0 hard 0 soft 0.29 temp 1 loss 0.98 plddt 0.47 ptm 0.68 i_ptm 0.29 cmap_loss_binder 0.98
30 models [1] recycles 0 hard 0 soft 0.30 temp 1 loss 1.01 plddt 0.48 ptm 0.68 i_ptm 0.25 cmap_loss_binder 1.01
31 models [1] recycles 0 hard 0 soft 0.31 temp 1 loss 0.98 plddt 0.50 ptm 0.69 i_ptm 0.42 cmap_loss_binder 0.98
32 models [0] recycles 0 hard 0 soft 0.32 temp 1 loss 0.96 plddt 0.45 ptm 0.67 i_ptm 0.30 cmap_loss_binder 0.96
33 models [1] recycles 0 hard 0 soft 0.33 temp 1 loss 1.01 plddt 0.46 ptm 0.66 i_ptm 0.16 cmap_loss_binder 1.01
34 models [0] recycles 0 hard 0 soft 0.34 temp 1 loss 0.93 plddt 0.44 ptm 0.67 i_ptm 0.24 cmap_loss_binder 0.93
35 models [0] recycles 0 hard 0 soft 0.35 temp 1 loss 0.92 plddt 0.45 ptm 0.68 i_ptm 0.24 cmap_loss_binder 0.92
36 models [0] recycles 0 hard 0 soft 0.36 temp 1 loss 0.88 plddt 0.43 ptm 0.66 i_ptm 0.19 cmap_loss_binder 0.88
37 models [0] recycles 0 hard 0 soft 0.37 temp 1 loss 0.89 plddt 0.42 ptm 0.66 i_ptm 0.20 cmap_loss_binder 0.89
38 models [0] recycles 0 hard 0 soft 0.38 temp 1 loss 0.93 plddt 0.42 ptm 0.65 i_ptm 0.17 cmap_loss_binder 0.93
39 models [1] recycles 0 hard 0 soft 0.39 temp 1 loss 1.00 plddt 0.45 ptm 0.66 i_ptm 0.15 cmap_loss_binder 1.00
40 models [1] recycles 0 hard 0 soft 0.40 temp 1 loss 0.96 plddt 0.44 ptm 0.67 i_ptm 0.17 cmap_loss_binder 0.96
41 models [0] recycles 0 hard 0 soft 0.41 temp 1 loss 0.88 plddt 0.42 ptm 0.68 i_ptm 0.27 cmap_loss_binder 0.88
42 models [0] recycles 0 hard 0 soft 0.42 temp 1 loss 0.89 plddt 0.43 ptm 0.67 i_ptm 0.21 cmap_loss_binder 0.89
43 models [1] recycles 0 hard 0 soft 0.43 temp 1 loss 0.93 plddt 0.44 ptm 0.67 i_ptm 0.17 cmap_loss_binder 0.93
44 models [1] recycles 0 hard 0 soft 0.44 temp 1 loss 0.94 plddt 0.42 ptm 0.67 i_ptm 0.17 cmap_loss_binder 0.94
45 models [1] recycles 0 hard 0 soft 0.45 temp 1 loss 0.91 plddt 0.44 ptm 0.68 i_ptm 0.20 cmap_loss_binder 0.91
46 models [1] recycles 0 hard 0 soft 0.46 temp 1 loss 0.91 plddt 0.43 ptm 0.67 i_ptm 0.20 cmap_loss_binder 0.91
47 models [0] recycles 0 hard 0 soft 0.47 temp 1 loss 0.90 plddt 0.41 ptm 0.67 i_ptm 0.22 cmap_loss_binder 0.90
48 models [0] recycles 0 hard 0 soft 0.48 temp 1 loss 0.85 plddt 0.42 ptm 0.68 i_ptm 0.25 cmap_loss_binder 0.85
49 models [0] recycles 0 hard 0 soft 0.49 temp 1 loss 0.84 plddt 0.41 ptm 0.68 i_ptm 0.24 cmap_loss_binder 0.84
50 models [0] recycles 0 hard 0 soft 0.50 temp 1 loss 0.85 plddt 0.41 ptm 0.67 i_ptm 0.22 cmap_loss_binder 0.85
51 models [0] recycles 0 hard 0 soft 0.51 temp 1 loss 0.84 plddt 0.42 ptm 0.68 i_ptm 0.23 cmap_loss_binder 0.84
52 models [1] recycles 0 hard 0 soft 0.52 temp 1 loss 0.92 plddt 0.43 ptm 0.67 i_ptm 0.17 cmap_loss_binder 0.92
53 models [1] recycles 0 hard 0 soft 0.53 temp 1 loss 0.88 plddt 0.41 ptm 0.68 i_ptm 0.19 cmap_loss_binder 0.88
54 models [1] recycles 0 hard 0 soft 0.54 temp 1 loss 0.88 plddt 0.40 ptm 0.67 i_ptm 0.18 cmap_loss_binder 0.88
55 models [0] recycles 0 hard 0 soft 0.55 temp 1 loss 0.83 plddt 0.42 ptm 0.68 i_ptm 0.24 cmap_loss_binder 0.83
56 models [1] recycles 0 hard 0 soft 0.56 temp 1 loss 0.88 plddt 0.43 ptm 0.67 i_ptm 0.18 cmap_loss_binder 0.88
57 models [0] recycles 0 hard 0 soft 0.57 temp 1 loss 0.80 plddt 0.41 ptm 0.68 i_ptm 0.26 cmap_loss_binder 0.80
58 models [0] recycles 0 hard 0 soft 0.58 temp 1 loss 0.81 plddt 0.41 ptm 0.68 i_ptm 0.24 cmap_loss_binder 0.81
59 models [1] recycles 0 hard 0 soft 0.59 temp 1 loss 0.89 plddt 0.45 ptm 0.68 i_ptm 0.19 cmap_loss_binder 0.89
60 models [1] recycles 0 hard 0 soft 0.60 temp 1 loss 0.86 plddt 0.41 ptm 0.68 i_ptm 0.24 cmap_loss_binder 0.86
61 models [1] recycles 0 hard 0 soft 0.61 temp 1 loss 0.85 plddt 0.42 ptm 0.69 i_ptm 0.31 cmap_loss_binder 0.85
62 models [1] recycles 0 hard 0 soft 0.62 temp 1 loss 0.85 plddt 0.40 ptm 0.68 i_ptm 0.20 cmap_loss_binder 0.85
63 models [1] recycles 0 hard 0 soft 0.63 temp 1 loss 0.86 plddt 0.42 ptm 0.68 i_ptm 0.20 cmap_loss_binder 0.86
64 models [1] recycles 0 hard 0 soft 0.64 temp 1 loss 0.88 plddt 0.41 ptm 0.68 i_ptm 0.18 cmap_loss_binder 0.88
65 models [1] recycles 0 hard 0 soft 0.65 temp 1 loss 0.86 plddt 0.42 ptm 0.68 i_ptm 0.20 cmap_loss_binder 0.86
66 models [1] recycles 0 hard 0 soft 0.66 temp 1 loss 0.83 plddt 0.42 ptm 0.69 i_ptm 0.22 cmap_loss_binder 0.83
67 models [0] recycles 0 hard 0 soft 0.67 temp 1 loss 0.81 plddt 0.40 ptm 0.68 i_ptm 0.25 cmap_loss_binder 0.81
68 models [1] recycles 0 hard 0 soft 0.68 temp 1 loss 0.83 plddt 0.41 ptm 0.68 i_ptm 0.25 cmap_loss_binder 0.83
69 models [1] recycles 0 hard 0 soft 0.69 temp 1 loss 0.83 plddt 0.41 ptm 0.68 i_ptm 0.21 cmap_loss_binder 0.83
70 models [1] recycles 0 hard 0 soft 0.70 temp 1 loss 0.81 plddt 0.40 ptm 0.69 i_ptm 0.27 cmap_loss_binder 0.81
71 models [0] recycles 0 hard 0 soft 0.71 temp 1 loss 0.82 plddt 0.42 ptm 0.68 i_ptm 0.26 cmap_loss_binder 0.82
72 models [1] recycles 0 hard 0 soft 0.72 temp 1 loss 0.84 plddt 0.41 ptm 0.68 i_ptm 0.18 cmap_loss_binder 0.84
73 models [1] recycles 0 hard 0 soft 0.73 temp 1 loss 0.82 plddt 0.41 ptm 0.68 i_ptm 0.27 cmap_loss_binder 0.82
74 models [1] recycles 0 hard 0 soft 0.74 temp 1 loss 0.87 plddt 0.41 ptm 0.68 i_ptm 0.26 cmap_loss_binder 0.87
75 models [0] recycles 0 hard 0 soft 0.75 temp 1 loss 0.81 plddt 0.40 ptm 0.68 i_ptm 0.23 cmap_loss_binder 0.81
76 models [0] recycles 0 hard 0 soft 0.76 temp 1 loss 0.83 plddt 0.40 ptm 0.68 i_ptm 0.24 cmap_loss_binder 0.83
77 models [1] recycles 0 hard 0 soft 0.77 temp 1 loss 0.83 plddt 0.42 ptm 0.68 i_ptm 0.23 cmap_loss_binder 0.83
78 models [0] recycles 0 hard 0 soft 0.78 temp 1 loss 0.79 plddt 0.40 ptm 0.68 i_ptm 0.25 cmap_loss_binder 0.79
79 models [1] recycles 0 hard 0 soft 0.79 temp 1 loss 0.85 plddt 0.42 ptm 0.69 i_ptm 0.40 cmap_loss_binder 0.85
80 models [0] recycles 0 hard 0 soft 0.80 temp 1 loss 0.80 plddt 0.40 ptm 0.69 i_ptm 0.25 cmap_loss_binder 0.80
81 models [0] recycles 0 hard 0 soft 0.81 temp 1 loss 0.79 plddt 0.39 ptm 0.68 i_ptm 0.23 cmap_loss_binder 0.79
82 models [1] recycles 0 hard 0 soft 0.82 temp 1 loss 0.88 plddt 0.40 ptm 0.67 i_ptm 0.18 cmap_loss_binder 0.88
83 models [0] recycles 0 hard 0 soft 0.83 temp 1 loss 0.80 plddt 0.40 ptm 0.69 i_ptm 0.26 cmap_loss_binder 0.80
84 models [1] recycles 0 hard 0 soft 0.84 temp 1 loss 0.84 plddt 0.41 ptm 0.68 i_ptm 0.20 cmap_loss_binder 0.84
85 models [0] recycles 0 hard 0 soft 0.85 temp 1 loss 0.83 plddt 0.38 ptm 0.67 i_ptm 0.22 cmap_loss_binder 0.83
86 models [1] recycles 0 hard 0 soft 0.86 temp 1 loss 0.83 plddt 0.43 ptm 0.69 i_ptm 0.32 cmap_loss_binder 0.83
87 models [0] recycles 0 hard 0 soft 0.87 temp 1 loss 0.81 plddt 0.40 ptm 0.68 i_ptm 0.33 cmap_loss_binder 0.81
88 models [0] recycles 0 hard 0 soft 0.88 temp 1 loss 0.80 plddt 0.40 ptm 0.68 i_ptm 0.27 cmap_loss_binder 0.80
89 models [0] recycles 0 hard 0 soft 0.89 temp 1 loss 0.81 plddt 0.39 ptm 0.68 i_ptm 0.23 cmap_loss_binder 0.81
90 models [1] recycles 0 hard 0 soft 0.90 temp 1 loss 0.92 plddt 0.41 ptm 0.67 i_ptm 0.15 cmap_loss_binder 0.92
91 models [0] recycles 0 hard 0 soft 0.91 temp 1 loss 0.90 plddt 0.37 ptm 0.67 i_ptm 0.21 cmap_loss_binder 0.90
92 models [1] recycles 0 hard 0 soft 0.92 temp 1 loss 0.86 plddt 0.43 ptm 0.67 i_ptm 0.19 cmap_loss_binder 0.86
93 models [1] recycles 0 hard 0 soft 0.93 temp 1 loss 0.90 plddt 0.43 ptm 0.66 i_ptm 0.16 cmap_loss_binder 0.90
94 models [1] recycles 0 hard 0 soft 0.94 temp 1 loss 0.87 plddt 0.43 ptm 0.68 i_ptm 0.20 cmap_loss_binder 0.87
95 models [1] recycles 0 hard 0 soft 0.95 temp 1 loss 0.86 plddt 0.42 ptm 0.68 i_ptm 0.19 cmap_loss_binder 0.86
96 models [1] recycles 0 hard 0 soft 0.96 temp 1 loss 0.89 plddt 0.43 ptm 0.67 i_ptm 0.18 cmap_loss_binder 0.89
97 models [1] recycles 0 hard 0 soft 0.97 temp 1 loss 0.87 plddt 0.42 ptm 0.67 i_ptm 0.18 cmap_loss_binder 0.87
98 models [1] recycles 0 hard 0 soft 0.98 temp 1 loss 0.89 plddt 0.44 ptm 0.68 i_ptm 0.18 cmap_loss_binder 0.89
99 models [0] recycles 0 hard 0 soft 0.99 temp 1 loss 0.93 plddt 0.39 ptm 0.66 i_ptm 0.19 cmap_loss_binder 0.93
100 models [1] recycles 0 hard 0 soft 1 temp 1 loss 0.88 plddt 0.44 ptm 0.68 i_ptm 0.29 cmap_loss_binder 0.88
Stage 2: running (soft → hard)
101 models [0] recycles 0 hard 0 soft 1 temp 0.98 loss 0.90 plddt 0.38 ptm 0.67 i_ptm 0.20 cmap_loss_binder 0.90
102 models [1] recycles 0 hard 0 soft 1 temp 0.96 loss 0.90 plddt 0.44 ptm 0.68 i_ptm 0.28 cmap_loss_binder 0.90
103 models [0] recycles 0 hard 0 soft 1 temp 0.94 loss 0.89 plddt 0.38 ptm 0.67 i_ptm 0.22 cmap_loss_binder 0.89
104 models [0] recycles 0 hard 0 soft 1 temp 0.92 loss 0.84 plddt 0.38 ptm 0.67 i_ptm 0.21 cmap_loss_binder 0.84
105 models [1] recycles 0 hard 0 soft 1 temp 0.90 loss 0.91 plddt 0.43 ptm 0.67 i_ptm 0.18 cmap_loss_binder 0.91
106 models [1] recycles 0 hard 0 soft 1 temp 0.88 loss 0.92 plddt 0.42 ptm 0.67 i_ptm 0.22 cmap_loss_binder 0.92
107 models [1] recycles 0 hard 0 soft 1 temp 0.87 loss 0.88 plddt 0.43 ptm 0.68 i_ptm 0.20 cmap_loss_binder 0.88
108 models [0] recycles 0 hard 0 soft 1 temp 0.85 loss 0.87 plddt 0.37 ptm 0.67 i_ptm 0.20 cmap_loss_binder 0.87
109 models [1] recycles 0 hard 0 soft 1 temp 0.83 loss 0.89 plddt 0.42 ptm 0.67 i_ptm 0.19 cmap_loss_binder 0.89
110 models [1] recycles 0 hard 0 soft 1 temp 0.81 loss 0.88 plddt 0.42 ptm 0.68 i_ptm 0.23 cmap_loss_binder 0.88
111 models [1] recycles 0 hard 0 soft 1 temp 0.79 loss 0.88 plddt 0.43 ptm 0.67 i_ptm 0.18 cmap_loss_binder 0.88
112 models [0] recycles 0 hard 0 soft 1 temp 0.78 loss 0.86 plddt 0.38 ptm 0.66 i_ptm 0.19 cmap_loss_binder 0.86
113 models [1] recycles 0 hard 0 soft 1 temp 0.76 loss 0.90 plddt 0.42 ptm 0.67 i_ptm 0.18 cmap_loss_binder 0.90
114 models [1] recycles 0 hard 0 soft 1 temp 0.74 loss 0.88 plddt 0.41 ptm 0.67 i_ptm 0.18 cmap_loss_binder 0.88
115 models [0] recycles 0 hard 0 soft 1 temp 0.73 loss 0.85 plddt 0.36 ptm 0.67 i_ptm 0.21 cmap_loss_binder 0.85
116 models [1] recycles 0 hard 0 soft 1 temp 0.71 loss 0.86 plddt 0.42 ptm 0.68 i_ptm 0.21 cmap_loss_binder 0.86
117 models [1] recycles 0 hard 0 soft 1 temp 0.69 loss 0.90 plddt 0.40 ptm 0.67 i_ptm 0.17 cmap_loss_binder 0.90
118 models [0] recycles 0 hard 0 soft 1 temp 0.68 loss 0.83 plddt 0.38 ptm 0.68 i_ptm 0.23 cmap_loss_binder 0.83
119 models [0] recycles 0 hard 0 soft 1 temp 0.66 loss 0.82 plddt 0.37 ptm 0.67 i_ptm 0.22 cmap_loss_binder 0.82
120 models [0] recycles 0 hard 0 soft 1 temp 0.64 loss 0.84 plddt 0.36 ptm 0.67 i_ptm 0.22 cmap_loss_binder 0.84
121 models [1] recycles 0 hard 0 soft 1 temp 0.63 loss 0.86 plddt 0.39 ptm 0.67 i_ptm 0.18 cmap_loss_binder 0.86
122 models [1] recycles 0 hard 0 soft 1 temp 0.61 loss 0.88 plddt 0.42 ptm 0.68 i_ptm 0.18 cmap_loss_binder 0.88
123 models [0] recycles 0 hard 0 soft 1 temp 0.60 loss 0.84 plddt 0.38 ptm 0.67 i_ptm 0.23 cmap_loss_binder 0.84
124 models [0] recycles 0 hard 0 soft 1 temp 0.58 loss 0.82 plddt 0.37 ptm 0.67 i_ptm 0.21 cmap_loss_binder 0.82
125 models [1] recycles 0 hard 0 soft 1 temp 0.57 loss 0.88 plddt 0.40 ptm 0.68 i_ptm 0.20 cmap_loss_binder 0.88
126 models [1] recycles 0 hard 0 soft 1 temp 0.55 loss 0.88 plddt 0.42 ptm 0.67 i_ptm 0.22 cmap_loss_binder 0.88
127 models [1] recycles 0 hard 0 soft 1 temp 0.54 loss 0.90 plddt 0.39 ptm 0.67 i_ptm 0.18 cmap_loss_binder 0.90
128 models [0] recycles 0 hard 0 soft 1 temp 0.52 loss 0.86 plddt 0.37 ptm 0.67 i_ptm 0.20 cmap_loss_binder 0.86
129 models [0] recycles 0 hard 0 soft 1 temp 0.51 loss 0.81 plddt 0.37 ptm 0.68 i_ptm 0.24 cmap_loss_binder 0.81
130 models [1] recycles 0 hard 0 soft 1 temp 0.50 loss 0.88 plddt 0.40 ptm 0.68 i_ptm 0.23 cmap_loss_binder 0.88
131 models [1] recycles 0 hard 0 soft 1 temp 0.48 loss 0.89 plddt 0.40 ptm 0.68 i_ptm 0.22 cmap_loss_binder 0.89
132 models [1] recycles 0 hard 0 soft 1 temp 0.47 loss 0.87 plddt 0.39 ptm 0.68 i_ptm 0.19 cmap_loss_binder 0.87
133 models [0] recycles 0 hard 0 soft 1 temp 0.45 loss 0.86 plddt 0.37 ptm 0.67 i_ptm 0.21 cmap_loss_binder 0.86
134 models [0] recycles 0 hard 0 soft 1 temp 0.44 loss 0.82 plddt 0.37 ptm 0.67 i_ptm 0.21 cmap_loss_binder 0.82
135 models [1] recycles 0 hard 0 soft 1 temp 0.43 loss 0.91 plddt 0.40 ptm 0.67 i_ptm 0.17 cmap_loss_binder 0.91
136 models [0] recycles 0 hard 0 soft 1 temp 0.42 loss 0.82 plddt 0.36 ptm 0.68 i_ptm 0.23 cmap_loss_binder 0.82
137 models [1] recycles 0 hard 0 soft 1 temp 0.40 loss 0.89 plddt 0.41 ptm 0.68 i_ptm 0.19 cmap_loss_binder 0.89
138 models [0] recycles 0 hard 0 soft 1 temp 0.39 loss 0.82 plddt 0.37 ptm 0.68 i_ptm 0.22 cmap_loss_binder 0.82
139 models [0] recycles 0 hard 0 soft 1 temp 0.38 loss 0.82 plddt 0.36 ptm 0.68 i_ptm 0.22 cmap_loss_binder 0.82
140 models [0] recycles 0 hard 0 soft 1 temp 0.37 loss 0.82 plddt 0.36 ptm 0.67 i_ptm 0.21 cmap_loss_binder 0.82
141 models [0] recycles 0 hard 0 soft 1 temp 0.35 loss 0.82 plddt 0.38 ptm 0.68 i_ptm 0.24 cmap_loss_binder 0.82
142 models [1] recycles 0 hard 0 soft 1 temp 0.34 loss 0.91 plddt 0.40 ptm 0.67 i_ptm 0.20 cmap_loss_binder 0.91
143 models [1] recycles 0 hard 0 soft 1 temp 0.33 loss 0.86 plddt 0.40 ptm 0.68 i_ptm 0.20 cmap_loss_binder 0.86
144 models [1] recycles 0 hard 0 soft 1 temp 0.32 loss 0.88 plddt 0.39 ptm 0.68 i_ptm 0.24 cmap_loss_binder 0.88
145 models [1] recycles 0 hard 0 soft 1 temp 0.31 loss 0.88 plddt 0.39 ptm 0.68 i_ptm 0.19 cmap_loss_binder 0.88
146 models [1] recycles 0 hard 0 soft 1 temp 0.30 loss 0.90 plddt 0.40 ptm 0.68 i_ptm 0.19 cmap_loss_binder 0.90
147 models [1] recycles 0 hard 0 soft 1 temp 0.29 loss 0.90 plddt 0.41 ptm 0.67 i_ptm 0.20 cmap_loss_binder 0.90
148 models [1] recycles 0 hard 0 soft 1 temp 0.28 loss 0.90 plddt 0.39 ptm 0.67 i_ptm 0.17 cmap_loss_binder 0.90
149 models [0] recycles 0 hard 0 soft 1 temp 0.27 loss 0.84 plddt 0.36 ptm 0.67 i_ptm 0.21 cmap_loss_binder 0.84
150 models [1] recycles 0 hard 0 soft 1 temp 0.26 loss 0.92 plddt 0.39 ptm 0.67 i_ptm 0.16 cmap_loss_binder 0.92
151 models [0] recycles 0 hard 0 soft 1 temp 0.25 loss 0.86 plddt 0.37 ptm 0.67 i_ptm 0.21 cmap_loss_binder 0.86
152 models [0] recycles 0 hard 0 soft 1 temp 0.24 loss 0.82 plddt 0.38 ptm 0.68 i_ptm 0.22 cmap_loss_binder 0.82
153 models [1] recycles 0 hard 0 soft 1 temp 0.23 loss 0.88 plddt 0.40 ptm 0.67 i_ptm 0.18 cmap_loss_binder 0.88
154 models [1] recycles 0 hard 0 soft 1 temp 0.22 loss 0.89 plddt 0.41 ptm 0.69 i_ptm 0.28 cmap_loss_binder 0.89
155 models [0] recycles 0 hard 0 soft 1 temp 0.21 loss 0.84 plddt 0.38 ptm 0.69 i_ptm 0.25 cmap_loss_binder 0.84
156 models [1] recycles 0 hard 0 soft 1 temp 0.20 loss 0.88 plddt 0.41 ptm 0.68 i_ptm 0.24 cmap_loss_binder 0.88
157 models [1] recycles 0 hard 0 soft 1 temp 0.19 loss 0.90 plddt 0.40 ptm 0.68 i_ptm 0.22 cmap_loss_binder 0.90
158 models [1] recycles 0 hard 0 soft 1 temp 0.18 loss 0.90 plddt 0.42 ptm 0.68 i_ptm 0.20 cmap_loss_binder 0.90
159 models [1] recycles 0 hard 0 soft 1 temp 0.18 loss 0.91 plddt 0.42 ptm 0.67 i_ptm 0.18 cmap_loss_binder 0.91
160 models [1] recycles 0 hard 0 soft 1 temp 0.17 loss 0.87 plddt 0.41 ptm 0.68 i_ptm 0.20 cmap_loss_binder 0.87
161 models [0] recycles 0 hard 0 soft 1 temp 0.16 loss 0.85 plddt 0.35 ptm 0.67 i_ptm 0.22 cmap_loss_binder 0.85
162 models [1] recycles 0 hard 0 soft 1 temp 0.15 loss 0.88 plddt 0.39 ptm 0.68 i_ptm 0.21 cmap_loss_binder 0.88
163 models [0] recycles 0 hard 0 soft 1 temp 0.15 loss 0.84 plddt 0.36 ptm 0.68 i_ptm 0.23 cmap_loss_binder 0.84
164 models [0] recycles 0 hard 0 soft 1 temp 0.14 loss 0.83 plddt 0.38 ptm 0.68 i_ptm 0.23 cmap_loss_binder 0.83
165 models [0] recycles 0 hard 0 soft 1 temp 0.13 loss 0.84 plddt 0.38 ptm 0.68 i_ptm 0.23 cmap_loss_binder 0.84
166 models [0] recycles 0 hard 0 soft 1 temp 0.12 loss 0.84 plddt 0.36 ptm 0.68 i_ptm 0.22 cmap_loss_binder 0.84
167 models [0] recycles 0 hard 0 soft 1 temp 0.12 loss 0.86 plddt 0.36 ptm 0.67 i_ptm 0.21 cmap_loss_binder 0.86
168 models [1] recycles 0 hard 0 soft 1 temp 0.11 loss 0.90 plddt 0.40 ptm 0.67 i_ptm 0.20 cmap_loss_binder 0.90
169 models [0] recycles 0 hard 0 soft 1 temp 0.11 loss 0.86 plddt 0.37 ptm 0.67 i_ptm 0.22 cmap_loss_binder 0.86
170 models [0] recycles 0 hard 0 soft 1 temp 0.10 loss 0.82 plddt 0.38 ptm 0.68 i_ptm 0.23 cmap_loss_binder 0.82
171 models [0] recycles 0 hard 0 soft 1 temp 0.09 loss 0.83 plddt 0.37 ptm 0.68 i_ptm 0.22 cmap_loss_binder 0.83
172 models [0] recycles 0 hard 0 soft 1 temp 0.09 loss 0.87 plddt 0.36 ptm 0.67 i_ptm 0.21 cmap_loss_binder 0.87
173 models [0] recycles 0 hard 0 soft 1 temp 0.08 loss 0.87 plddt 0.36 ptm 0.68 i_ptm 0.22 cmap_loss_binder 0.87
174 models [0] recycles 0 hard 0 soft 1 temp 0.08 loss 0.85 plddt 0.36 ptm 0.67 i_ptm 0.21 cmap_loss_binder 0.85
175 models [0] recycles 0 hard 0 soft 1 temp 0.07 loss 0.81 plddt 0.36 ptm 0.68 i_ptm 0.23 cmap_loss_binder 0.81
176 models [1] recycles 0 hard 0 soft 1 temp 0.07 loss 0.92 plddt 0.40 ptm 0.67 i_ptm 0.18 cmap_loss_binder 0.92
177 models [1] recycles 0 hard 0 soft 1 temp 0.06 loss 0.90 plddt 0.41 ptm 0.68 i_ptm 0.22 cmap_loss_binder 0.90
178 models [0] recycles 0 hard 0 soft 1 temp 0.06 loss 0.85 plddt 0.36 ptm 0.67 i_ptm 0.21 cmap_loss_binder 0.85
179 models [0] recycles 0 hard 0 soft 1 temp 0.05 loss 0.85 plddt 0.36 ptm 0.67 i_ptm 0.22 cmap_loss_binder 0.85
180 models [0] recycles 0 hard 0 soft 1 temp 0.05 loss 0.85 plddt 0.36 ptm 0.68 i_ptm 0.23 cmap_loss_binder 0.85
181 models [1] recycles 0 hard 0 soft 1 temp 0.05 loss 0.91 plddt 0.40 ptm 0.68 i_ptm 0.24 cmap_loss_binder 0.91
182 models [0] recycles 0 hard 0 soft 1 temp 0.04 loss 0.83 plddt 0.37 ptm 0.68 i_ptm 0.24 cmap_loss_binder 0.83
183 models [1] recycles 0 hard 0 soft 1 temp 0.04 loss 0.89 plddt 0.40 ptm 0.68 i_ptm 0.25 cmap_loss_binder 0.89
184 models [1] recycles 0 hard 0 soft 1 temp 0.04 loss 0.95 plddt 0.40 ptm 0.66 i_ptm 0.16 cmap_loss_binder 0.95
185 models [0] recycles 0 hard 0 soft 1 temp 0.03 loss 0.86 plddt 0.36 ptm 0.67 i_ptm 0.21 cmap_loss_binder 0.86
186 models [1] recycles 0 hard 0 soft 1 temp 0.03 loss 0.89 plddt 0.40 ptm 0.68 i_ptm 0.24 cmap_loss_binder 0.89
187 models [0] recycles 0 hard 0 soft 1 temp 0.03 loss 0.84 plddt 0.36 ptm 0.67 i_ptm 0.21 cmap_loss_binder 0.84
188 models [0] recycles 0 hard 0 soft 1 temp 0.02 loss 0.85 plddt 0.35 ptm 0.68 i_ptm 0.24 cmap_loss_binder 0.85
189 models [1] recycles 0 hard 0 soft 1 temp 0.02 loss 0.87 plddt 0.39 ptm 0.68 i_ptm 0.21 cmap_loss_binder 0.87
190 models [1] recycles 0 hard 0 soft 1 temp 0.02 loss 0.93 plddt 0.39 ptm 0.67 i_ptm 0.17 cmap_loss_binder 0.93
191 models [1] recycles 0 hard 0 soft 1 temp 0.02 loss 0.88 plddt 0.40 ptm 0.68 i_ptm 0.26 cmap_loss_binder 0.88
192 models [1] recycles 0 hard 0 soft 1 temp 0.02 loss 0.89 plddt 0.40 ptm 0.68 i_ptm 0.19 cmap_loss_binder 0.89
193 models [0] recycles 0 hard 0 soft 1 temp 0.01 loss 0.86 plddt 0.35 ptm 0.67 i_ptm 0.22 cmap_loss_binder 0.86
194 models [0] recycles 0 hard 0 soft 1 temp 0.01 loss 0.84 plddt 0.36 ptm 0.68 i_ptm 0.23 cmap_loss_binder 0.84
195 models [0] recycles 0 hard 0 soft 1 temp 0.01 loss 0.81 plddt 0.35 ptm 0.68 i_ptm 0.24 cmap_loss_binder 0.81
196 models [0] recycles 0 hard 0 soft 1 temp 0.01 loss 0.83 plddt 0.37 ptm 0.68 i_ptm 0.24 cmap_loss_binder 0.83
197 models [1] recycles 0 hard 0 soft 1 temp 0.01 loss 0.89 plddt 0.40 ptm 0.67 i_ptm 0.19 cmap_loss_binder 0.89
198 models [0] recycles 0 hard 0 soft 1 temp 0.01 loss 0.85 plddt 0.36 ptm 0.67 i_ptm 0.22 cmap_loss_binder 0.85
199 models [0] recycles 0 hard 0 soft 1 temp 0.01 loss 0.83 plddt 0.36 ptm 0.68 i_ptm 0.24 cmap_loss_binder 0.83
200 models [0] recycles 0 hard 0 soft 1 temp 0.01 loss 0.86 plddt 0.34 ptm 0.67 i_ptm 0.21 cmap_loss_binder 0.86
Stage 3: running (hard)
201 models [0, 1] recycles 0 hard 1 soft 1 temp 0.01 loss 0.85 plddt 0.36 ptm 0.68 i_ptm 0.24 cmap_loss_binder 0.85
202 models [0, 1] recycles 0 hard 1 soft 1 temp 0.01 loss 0.85 plddt 0.35 ptm 0.68 i_ptm 0.24 cmap_loss_binder 0.85
203 models [0, 1] recycles 0 hard 1 soft 1 temp 0.01 loss 0.85 plddt 0.36 ptm 0.68 i_ptm 0.24 cmap_loss_binder 0.85
204 models [0, 1] recycles 0 hard 1 soft 1 temp 0.01 loss 0.85 plddt 0.36 ptm 0.69 i_ptm 0.24 cmap_loss_binder 0.85
205 models [0, 1] recycles 0 hard 1 soft 1 temp 0.01 loss 0.85 plddt 0.36 ptm 0.69 i_ptm 0.24 cmap_loss_binder 0.85
206 models [0, 1] recycles 0 hard 1 soft 1 temp 0.01 loss 0.85 plddt 0.37 ptm 0.68 i_ptm 0.23 cmap_loss_binder 0.85
207 models [0, 1] recycles 0 hard 1 soft 1 temp 0.01 loss 0.85 plddt 0.37 ptm 0.68 i_ptm 0.23 cmap_loss_binder 0.85
208 models [0, 1] recycles 0 hard 1 soft 1 temp 0.01 loss 0.86 plddt 0.37 ptm 0.69 i_ptm 0.23 cmap_loss_binder 0.86
209 models [0, 1] recycles 0 hard 1 soft 1 temp 0.01 loss 0.85 plddt 0.36 ptm 0.68 i_ptm 0.24 cmap_loss_binder 0.85
210 models [0, 1] recycles 0 hard 1 soft 1 temp 0.01 loss 0.85 plddt 0.38 ptm 0.69 i_ptm 0.24 cmap_loss_binder 0.85
211 models [0, 1] recycles 0 hard 1 soft 1 temp 0.01 loss 0.85 plddt 0.36 ptm 0.68 i_ptm 0.24 cmap_loss_binder 0.85
212 models [0, 1] recycles 0 hard 1 soft 1 temp 0.01 loss 0.86 plddt 0.39 ptm 0.68 i_ptm 0.23 cmap_loss_binder 0.86
213 models [0, 1] recycles 0 hard 1 soft 1 temp 0.01 loss 0.85 plddt 0.37 ptm 0.69 i_ptm 0.24 cmap_loss_binder 0.85
214 models [0, 1] recycles 0 hard 1 soft 1 temp 0.01 loss 0.85 plddt 0.39 ptm 0.68 i_ptm 0.23 cmap_loss_binder 0.85
215 models [0, 1] recycles 0 hard 1 soft 1 temp 0.01 loss 0.85 plddt 0.38 ptm 0.69 i_ptm 0.24 cmap_loss_binder 0.85
216 models [0, 1] recycles 0 hard 1 soft 1 temp 0.01 loss 0.85 plddt 0.36 ptm 0.69 i_ptm 0.24 cmap_loss_binder 0.85
217 models [0, 1] recycles 0 hard 1 soft 1 temp 0.01 loss 0.85 plddt 0.38 ptm 0.68 i_ptm 0.23 cmap_loss_binder 0.85
218 models [0, 1] recycles 0 hard 1 soft 1 temp 0.01 loss 0.85 plddt 0.37 ptm 0.69 i_ptm 0.24 cmap_loss_binder 0.85
219 models [0, 1] recycles 0 hard 1 soft 1 temp 0.01 loss 0.85 plddt 0.37 ptm 0.69 i_ptm 0.24 cmap_loss_binder 0.85
220 models [0, 1] recycles 0 hard 1 soft 1 temp 0.01 loss 0.85 plddt 0.38 ptm 0.69 i_ptm 0.24 cmap_loss_binder 0.85
Predicting sequences with AF2_ptm...
predict: traj_1_0 plddt: 0.513, i_pae: 0.752, i_ptm: 0.229, cmap_loss: 1.129
predict: traj_1_1 plddt: 0.491, i_pae: 0.724, i_ptm: 0.255, cmap_loss: 1.039
