CMAP of binder (monomer plddt: 0.908)
Stage 1: running (logits → soft)
1 models [0] recycles 0 hard 0 soft 0.01 temp 1 loss 1.48 plddt 0.48 ptm 0.63 i_ptm 0.12 cmap_loss_binder 1.48
2 models [1] recycles 0 hard 0 soft 0.02 temp 1 loss 1.48 plddt 0.90 ptm 0.63 i_ptm 0.08 cmap_loss_binder 1.48
3 models [1] recycles 0 hard 0 soft 0.03 temp 1 loss 1.47 plddt 0.78 ptm 0.64 i_ptm 0.07 cmap_loss_binder 1.47
4 models [0] recycles 0 hard 0 soft 0.04 temp 1 loss 1.47 plddt 0.75 ptm 0.63 i_ptm 0.10 cmap_loss_binder 1.47
5 models [0] recycles 0 hard 0 soft 0.05 temp 1 loss 1.43 plddt 0.53 ptm 0.64 i_ptm 0.13 cmap_loss_binder 1.43
6 models [0] recycles 0 hard 0 soft 0.06 temp 1 loss 1.37 plddt 0.47 ptm 0.65 i_ptm 0.14 cmap_loss_binder 1.37
7 models [0] recycles 0 hard 0 soft 0.07 temp 1 loss 1.32 plddt 0.45 ptm 0.65 i_ptm 0.16 cmap_loss_binder 1.32
8 models [1] recycles 0 hard 0 soft 0.08 temp 1 loss 1.40 plddt 0.51 ptm 0.64 i_ptm 0.10 cmap_loss_binder 1.40
9 models [0] recycles 0 hard 0 soft 0.09 temp 1 loss 1.25 plddt 0.44 ptm 0.66 i_ptm 0.17 cmap_loss_binder 1.25
10 models [1] recycles 0 hard 0 soft 0.10 temp 1 loss 1.34 plddt 0.46 ptm 0.65 i_ptm 0.13 cmap_loss_binder 1.34
11 models [0] recycles 0 hard 0 soft 0.11 temp 1 loss 1.28 plddt 0.56 ptm 0.66 i_ptm 0.18 cmap_loss_binder 1.28
12 models [1] recycles 0 hard 0 soft 0.12 temp 1 loss 1.26 plddt 0.51 ptm 0.65 i_ptm 0.20 cmap_loss_binder 1.26
13 models [1] recycles 0 hard 0 soft 0.13 temp 1 loss 1.20 plddt 0.46 ptm 0.66 i_ptm 0.17 cmap_loss_binder 1.20
14 models [1] recycles 0 hard 0 soft 0.14 temp 1 loss 1.15 plddt 0.45 ptm 0.66 i_ptm 0.18 cmap_loss_binder 1.15
15 models [1] recycles 0 hard 0 soft 0.15 temp 1 loss 1.21 plddt 0.48 ptm 0.66 i_ptm 0.15 cmap_loss_binder 1.21
16 models [1] recycles 0 hard 0 soft 0.16 temp 1 loss 1.19 plddt 0.47 ptm 0.65 i_ptm 0.12 cmap_loss_binder 1.19
17 models [0] recycles 0 hard 0 soft 0.17 temp 1 loss 1.14 plddt 0.50 ptm 0.67 i_ptm 0.28 cmap_loss_binder 1.14
18 models [1] recycles 0 hard 0 soft 0.18 temp 1 loss 1.12 plddt 0.47 ptm 0.66 i_ptm 0.16 cmap_loss_binder 1.12
19 models [1] recycles 0 hard 0 soft 0.19 temp 1 loss 1.11 plddt 0.47 ptm 0.66 i_ptm 0.15 cmap_loss_binder 1.11
20 models [1] recycles 0 hard 0 soft 0.20 temp 1 loss 1.13 plddt 0.48 ptm 0.67 i_ptm 0.22 cmap_loss_binder 1.13
21 models [0] recycles 0 hard 0 soft 0.21 temp 1 loss 1.04 plddt 0.49 ptm 0.68 i_ptm 0.25 cmap_loss_binder 1.04
22 models [1] recycles 0 hard 0 soft 0.22 temp 1 loss 1.07 plddt 0.46 ptm 0.68 i_ptm 0.37 cmap_loss_binder 1.07
23 models [0] recycles 0 hard 0 soft 0.23 temp 1 loss 0.99 plddt 0.46 ptm 0.67 i_ptm 0.22 cmap_loss_binder 0.99
24 models [1] recycles 0 hard 0 soft 0.24 temp 1 loss 1.04 plddt 0.47 ptm 0.68 i_ptm 0.33 cmap_loss_binder 1.04
25 models [1] recycles 0 hard 0 soft 0.25 temp 1 loss 1.04 plddt 0.46 ptm 0.68 i_ptm 0.32 cmap_loss_binder 1.04
26 models [0] recycles 0 hard 0 soft 0.26 temp 1 loss 0.96 plddt 0.47 ptm 0.68 i_ptm 0.26 cmap_loss_binder 0.96
27 models [1] recycles 0 hard 0 soft 0.27 temp 1 loss 1.02 plddt 0.43 ptm 0.68 i_ptm 0.20 cmap_loss_binder 1.02
28 models [1] recycles 0 hard 0 soft 0.28 temp 1 loss 1.02 plddt 0.46 ptm 0.69 i_ptm 0.40 cmap_loss_binder 1.02
29 models [0] recycles 0 hard 0 soft 0.29 temp 1 loss 0.99 plddt 0.44 ptm 0.67 i_ptm 0.23 cmap_loss_binder 0.99
30 models [0] recycles 0 hard 0 soft 0.30 temp 1 loss 0.98 plddt 0.47 ptm 0.68 i_ptm 0.24 cmap_loss_binder 0.98
31 models [0] recycles 0 hard 0 soft 0.31 temp 1 loss 0.98 plddt 0.47 ptm 0.68 i_ptm 0.30 cmap_loss_binder 0.98
32 models [0] recycles 0 hard 0 soft 0.32 temp 1 loss 0.96 plddt 0.43 ptm 0.67 i_ptm 0.22 cmap_loss_binder 0.96
33 models [0] recycles 0 hard 0 soft 0.33 temp 1 loss 0.96 plddt 0.45 ptm 0.68 i_ptm 0.28 cmap_loss_binder 0.96
34 models [1] recycles 0 hard 0 soft 0.34 temp 1 loss 1.00 plddt 0.44 ptm 0.67 i_ptm 0.18 cmap_loss_binder 1.00
35 models [1] recycles 0 hard 0 soft 0.35 temp 1 loss 0.98 plddt 0.43 ptm 0.68 i_ptm 0.33 cmap_loss_binder 0.98
36 models [0] recycles 0 hard 0 soft 0.36 temp 1 loss 0.93 plddt 0.45 ptm 0.68 i_ptm 0.27 cmap_loss_binder 0.93
37 models [1] recycles 0 hard 0 soft 0.37 temp 1 loss 0.99 plddt 0.44 ptm 0.67 i_ptm 0.18 cmap_loss_binder 0.99
38 models [1] recycles 0 hard 0 soft 0.38 temp 1 loss 0.94 plddt 0.43 ptm 0.69 i_ptm 0.28 cmap_loss_binder 0.94
39 models [1] recycles 0 hard 0 soft 0.39 temp 1 loss 0.94 plddt 0.42 ptm 0.68 i_ptm 0.22 cmap_loss_binder 0.94
40 models [1] recycles 0 hard 0 soft 0.40 temp 1 loss 0.94 plddt 0.42 ptm 0.68 i_ptm 0.27 cmap_loss_binder 0.94
41 models [1] recycles 0 hard 0 soft 0.41 temp 1 loss 0.96 plddt 0.45 ptm 0.68 i_ptm 0.27 cmap_loss_binder 0.96
42 models [0] recycles 0 hard 0 soft 0.42 temp 1 loss 1.00 plddt 0.43 ptm 0.67 i_ptm 0.23 cmap_loss_binder 1.00
43 models [0] recycles 0 hard 0 soft 0.43 temp 1 loss 0.91 plddt 0.44 ptm 0.68 i_ptm 0.24 cmap_loss_binder 0.91
44 models [1] recycles 0 hard 0 soft 0.44 temp 1 loss 0.94 plddt 0.44 ptm 0.67 i_ptm 0.17 cmap_loss_binder 0.94
45 models [1] recycles 0 hard 0 soft 0.45 temp 1 loss 0.93 plddt 0.45 ptm 0.69 i_ptm 0.22 cmap_loss_binder 0.93
46 models [1] recycles 0 hard 0 soft 0.46 temp 1 loss 0.91 plddt 0.41 ptm 0.67 i_ptm 0.19 cmap_loss_binder 0.91
47 models [0] recycles 0 hard 0 soft 0.47 temp 1 loss 0.88 plddt 0.40 ptm 0.68 i_ptm 0.25 cmap_loss_binder 0.88
48 models [0] recycles 0 hard 0 soft 0.48 temp 1 loss 0.86 plddt 0.44 ptm 0.68 i_ptm 0.26 cmap_loss_binder 0.86
49 models [0] recycles 0 hard 0 soft 0.49 temp 1 loss 0.86 plddt 0.43 ptm 0.69 i_ptm 0.37 cmap_loss_binder 0.86
50 models [1] recycles 0 hard 0 soft 0.50 temp 1 loss 0.91 plddt 0.43 ptm 0.68 i_ptm 0.22 cmap_loss_binder 0.91
51 models [1] recycles 0 hard 0 soft 0.51 temp 1 loss 0.89 plddt 0.43 ptm 0.68 i_ptm 0.22 cmap_loss_binder 0.89
52 models [0] recycles 0 hard 0 soft 0.52 temp 1 loss 0.88 plddt 0.41 ptm 0.68 i_ptm 0.40 cmap_loss_binder 0.88
53 models [0] recycles 0 hard 0 soft 0.53 temp 1 loss 0.89 plddt 0.44 ptm 0.68 i_ptm 0.31 cmap_loss_binder 0.89
54 models [0] recycles 0 hard 0 soft 0.54 temp 1 loss 0.86 plddt 0.40 ptm 0.68 i_ptm 0.31 cmap_loss_binder 0.86
55 models [0] recycles 0 hard 0 soft 0.55 temp 1 loss 0.84 plddt 0.42 ptm 0.69 i_ptm 0.38 cmap_loss_binder 0.84
56 models [1] recycles 0 hard 0 soft 0.56 temp 1 loss 0.90 plddt 0.48 ptm 0.70 i_ptm 0.42 cmap_loss_binder 0.90
57 models [0] recycles 0 hard 0 soft 0.57 temp 1 loss 0.85 plddt 0.39 ptm 0.68 i_ptm 0.26 cmap_loss_binder 0.85
58 models [0] recycles 0 hard 0 soft 0.58 temp 1 loss 0.85 plddt 0.43 ptm 0.69 i_ptm 0.32 cmap_loss_binder 0.85
59 models [1] recycles 0 hard 0 soft 0.59 temp 1 loss 0.88 plddt 0.40 ptm 0.69 i_ptm 0.23 cmap_loss_binder 0.88
60 models [0] recycles 0 hard 0 soft 0.60 temp 1 loss 0.84 plddt 0.43 ptm 0.69 i_ptm 0.39 cmap_loss_binder 0.84
61 models [1] recycles 0 hard 0 soft 0.61 temp 1 loss 0.92 plddt 0.40 ptm 0.68 i_ptm 0.21 cmap_loss_binder 0.92
62 models [0] recycles 0 hard 0 soft 0.62 temp 1 loss 0.85 plddt 0.45 ptm 0.69 i_ptm 0.41 cmap_loss_binder 0.85
63 models [1] recycles 0 hard 0 soft 0.63 temp 1 loss 0.85 plddt 0.44 ptm 0.70 i_ptm 0.39 cmap_loss_binder 0.85
64 models [1] recycles 0 hard 0 soft 0.64 temp 1 loss 0.88 plddt 0.44 ptm 0.69 i_ptm 0.34 cmap_loss_binder 0.88
65 models [1] recycles 0 hard 0 soft 0.65 temp 1 loss 0.86 plddt 0.48 ptm 0.71 i_ptm 0.43 cmap_loss_binder 0.86
66 models [1] recycles 0 hard 0 soft 0.66 temp 1 loss 0.86 plddt 0.43 ptm 0.70 i_ptm 0.33 cmap_loss_binder 0.86
67 models [1] recycles 0 hard 0 soft 0.67 temp 1 loss 0.85 plddt 0.45 ptm 0.71 i_ptm 0.47 cmap_loss_binder 0.85
68 models [0] recycles 0 hard 0 soft 0.68 temp 1 loss 0.84 plddt 0.39 ptm 0.69 i_ptm 0.42 cmap_loss_binder 0.84
69 models [1] recycles 0 hard 0 soft 0.69 temp 1 loss 0.93 plddt 0.39 ptm 0.68 i_ptm 0.25 cmap_loss_binder 0.93
70 models [1] recycles 0 hard 0 soft 0.70 temp 1 loss 0.88 plddt 0.47 ptm 0.71 i_ptm 0.47 cmap_loss_binder 0.88
71 models [0] recycles 0 hard 0 soft 0.71 temp 1 loss 0.84 plddt 0.43 ptm 0.69 i_ptm 0.44 cmap_loss_binder 0.84
72 models [1] recycles 0 hard 0 soft 0.72 temp 1 loss 0.89 plddt 0.45 ptm 0.69 i_ptm 0.38 cmap_loss_binder 0.89
73 models [1] recycles 0 hard 0 soft 0.73 temp 1 loss 0.86 plddt 0.46 ptm 0.70 i_ptm 0.41 cmap_loss_binder 0.86
74 models [0] recycles 0 hard 0 soft 0.74 temp 1 loss 0.83 plddt 0.43 ptm 0.69 i_ptm 0.45 cmap_loss_binder 0.83
75 models [1] recycles 0 hard 0 soft 0.75 temp 1 loss 0.87 plddt 0.42 ptm 0.68 i_ptm 0.25 cmap_loss_binder 0.87
76 models [0] recycles 0 hard 0 soft 0.76 temp 1 loss 0.82 plddt 0.42 ptm 0.70 i_ptm 0.50 cmap_loss_binder 0.82
77 models [1] recycles 0 hard 0 soft 0.77 temp 1 loss 0.87 plddt 0.46 ptm 0.70 i_ptm 0.33 cmap_loss_binder 0.87
78 models [0] recycles 0 hard 0 soft 0.78 temp 1 loss 0.83 plddt 0.43 ptm 0.69 i_ptm 0.38 cmap_loss_binder 0.83
79 models [0] recycles 0 hard 0 soft 0.79 temp 1 loss 0.84 plddt 0.40 ptm 0.68 i_ptm 0.27 cmap_loss_binder 0.84
80 models [1] recycles 0 hard 0 soft 0.80 temp 1 loss 0.86 plddt 0.44 ptm 0.69 i_ptm 0.26 cmap_loss_binder 0.86
81 models [1] recycles 0 hard 0 soft 0.81 temp 1 loss 0.85 plddt 0.45 ptm 0.69 i_ptm 0.31 cmap_loss_binder 0.85
82 models [0] recycles 0 hard 0 soft 0.82 temp 1 loss 0.83 plddt 0.43 ptm 0.69 i_ptm 0.40 cmap_loss_binder 0.83
83 models [1] recycles 0 hard 0 soft 0.83 temp 1 loss 0.89 plddt 0.42 ptm 0.68 i_ptm 0.20 cmap_loss_binder 0.89
84 models [0] recycles 0 hard 0 soft 0.84 temp 1 loss 0.83 plddt 0.44 ptm 0.70 i_ptm 0.44 cmap_loss_binder 0.83
85 models [0] recycles 0 hard 0 soft 0.85 temp 1 loss 0.84 plddt 0.40 ptm 0.69 i_ptm 0.34 cmap_loss_binder 0.84
86 models [1] recycles 0 hard 0 soft 0.86 temp 1 loss 0.86 plddt 0.45 ptm 0.68 i_ptm 0.24 cmap_loss_binder 0.86
87 models [0] recycles 0 hard 0 soft 0.87 temp 1 loss 0.90 plddt 0.39 ptm 0.68 i_ptm 0.31 cmap_loss_binder 0.90
88 models [0] recycles 0 hard 0 soft 0.88 temp 1 loss 0.83 plddt 0.42 ptm 0.68 i_ptm 0.26 cmap_loss_binder 0.83
89 models [0] recycles 0 hard 0 soft 0.89 temp 1 loss 0.82 plddt 0.41 ptm 0.68 i_ptm 0.26 cmap_loss_binder 0.82
90 models [0] recycles 0 hard 0 soft 0.90 temp 1 loss 0.84 plddt 0.38 ptm 0.68 i_ptm 0.25 cmap_loss_binder 0.84
91 models [1] recycles 0 hard 0 soft 0.91 temp 1 loss 0.88 plddt 0.45 ptm 0.69 i_ptm 0.24 cmap_loss_binder 0.88
92 models [0] recycles 0 hard 0 soft 0.92 temp 1 loss 0.84 plddt 0.39 ptm 0.68 i_ptm 0.26 cmap_loss_binder 0.84
93 models [1] recycles 0 hard 0 soft 0.93 temp 1 loss 0.93 plddt 0.45 ptm 0.67 i_ptm 0.21 cmap_loss_binder 0.93
94 models [0] recycles 0 hard 0 soft 0.94 temp 1 loss 0.83 plddt 0.40 ptm 0.68 i_ptm 0.25 cmap_loss_binder 0.83
95 models [0] recycles 0 hard 0 soft 0.95 temp 1 loss 0.83 plddt 0.40 ptm 0.68 i_ptm 0.25 cmap_loss_binder 0.83
96 models [0] recycles 0 hard 0 soft 0.96 temp 1 loss 0.83 plddt 0.41 ptm 0.69 i_ptm 0.27 cmap_loss_binder 0.83
97 models [0] recycles 0 hard 0 soft 0.97 temp 1 loss 0.81 plddt 0.40 ptm 0.68 i_ptm 0.25 cmap_loss_binder 0.81
98 models [1] recycles 0 hard 0 soft 0.98 temp 1 loss 0.93 plddt 0.45 ptm 0.67 i_ptm 0.21 cmap_loss_binder 0.93
99 models [0] recycles 0 hard 0 soft 0.99 temp 1 loss 0.85 plddt 0.42 ptm 0.67 i_ptm 0.24 cmap_loss_binder 0.85
100 models [1] recycles 0 hard 0 soft 1 temp 1 loss 0.93 plddt 0.45 ptm 0.68 i_ptm 0.21 cmap_loss_binder 0.93
Stage 2: running (soft → hard)
101 models [1] recycles 0 hard 0 soft 1 temp 0.98 loss 0.92 plddt 0.46 ptm 0.68 i_ptm 0.24 cmap_loss_binder 0.92
102 models [0] recycles 0 hard 0 soft 1 temp 0.96 loss 0.84 plddt 0.40 ptm 0.68 i_ptm 0.25 cmap_loss_binder 0.84
103 models [0] recycles 0 hard 0 soft 1 temp 0.94 loss 0.83 plddt 0.40 ptm 0.68 i_ptm 0.26 cmap_loss_binder 0.83
104 models [1] recycles 0 hard 0 soft 1 temp 0.92 loss 0.89 plddt 0.44 ptm 0.69 i_ptm 0.27 cmap_loss_binder 0.89
105 models [0] recycles 0 hard 0 soft 1 temp 0.90 loss 0.83 plddt 0.40 ptm 0.69 i_ptm 0.27 cmap_loss_binder 0.83
106 models [0] recycles 0 hard 0 soft 1 temp 0.88 loss 0.84 plddt 0.37 ptm 0.68 i_ptm 0.24 cmap_loss_binder 0.84
107 models [0] recycles 0 hard 0 soft 1 temp 0.87 loss 0.83 plddt 0.38 ptm 0.69 i_ptm 0.26 cmap_loss_binder 0.83
108 models [1] recycles 0 hard 0 soft 1 temp 0.85 loss 0.90 plddt 0.45 ptm 0.68 i_ptm 0.20 cmap_loss_binder 0.90
109 models [0] recycles 0 hard 0 soft 1 temp 0.83 loss 0.85 plddt 0.41 ptm 0.69 i_ptm 0.28 cmap_loss_binder 0.85
110 models [1] recycles 0 hard 0 soft 1 temp 0.81 loss 0.87 plddt 0.47 ptm 0.69 i_ptm 0.27 cmap_loss_binder 0.87
111 models [0] recycles 0 hard 0 soft 1 temp 0.79 loss 0.89 plddt 0.39 ptm 0.67 i_ptm 0.23 cmap_loss_binder 0.89
112 models [0] recycles 0 hard 0 soft 1 temp 0.78 loss 0.83 plddt 0.40 ptm 0.68 i_ptm 0.24 cmap_loss_binder 0.83
113 models [0] recycles 0 hard 0 soft 1 temp 0.76 loss 0.84 plddt 0.39 ptm 0.68 i_ptm 0.24 cmap_loss_binder 0.84
114 models [0] recycles 0 hard 0 soft 1 temp 0.74 loss 0.84 plddt 0.39 ptm 0.68 i_ptm 0.26 cmap_loss_binder 0.84
115 models [1] recycles 0 hard 0 soft 1 temp 0.73 loss 0.88 plddt 0.46 ptm 0.68 i_ptm 0.22 cmap_loss_binder 0.88
116 models [1] recycles 0 hard 0 soft 1 temp 0.71 loss 0.89 plddt 0.45 ptm 0.69 i_ptm 0.28 cmap_loss_binder 0.89
117 models [1] recycles 0 hard 0 soft 1 temp 0.69 loss 0.88 plddt 0.44 ptm 0.69 i_ptm 0.27 cmap_loss_binder 0.88
118 models [1] recycles 0 hard 0 soft 1 temp 0.68 loss 0.89 plddt 0.44 ptm 0.68 i_ptm 0.20 cmap_loss_binder 0.89
119 models [1] recycles 0 hard 0 soft 1 temp 0.66 loss 0.87 plddt 0.43 ptm 0.69 i_ptm 0.29 cmap_loss_binder 0.87
120 models [1] recycles 0 hard 0 soft 1 temp 0.64 loss 0.86 plddt 0.44 ptm 0.69 i_ptm 0.30 cmap_loss_binder 0.86
121 models [0] recycles 0 hard 0 soft 1 temp 0.63 loss 0.90 plddt 0.38 ptm 0.68 i_ptm 0.28 cmap_loss_binder 0.90
122 models [1] recycles 0 hard 0 soft 1 temp 0.61 loss 0.90 plddt 0.45 ptm 0.70 i_ptm 0.36 cmap_loss_binder 0.90
123 models [0] recycles 0 hard 0 soft 1 temp 0.60 loss 0.87 plddt 0.36 ptm 0.67 i_ptm 0.23 cmap_loss_binder 0.87
124 models [0] recycles 0 hard 0 soft 1 temp 0.58 loss 0.83 plddt 0.38 ptm 0.69 i_ptm 0.25 cmap_loss_binder 0.83
125 models [1] recycles 0 hard 0 soft 1 temp 0.57 loss 0.88 plddt 0.44 ptm 0.69 i_ptm 0.24 cmap_loss_binder 0.88
126 models [1] recycles 0 hard 0 soft 1 temp 0.55 loss 0.84 plddt 0.46 ptm 0.70 i_ptm 0.39 cmap_loss_binder 0.84
127 models [1] recycles 0 hard 0 soft 1 temp 0.54 loss 0.90 plddt 0.43 ptm 0.67 i_ptm 0.19 cmap_loss_binder 0.90
128 models [1] recycles 0 hard 0 soft 1 temp 0.52 loss 0.85 plddt 0.44 ptm 0.69 i_ptm 0.39 cmap_loss_binder 0.85
129 models [1] recycles 0 hard 0 soft 1 temp 0.51 loss 0.90 plddt 0.41 ptm 0.68 i_ptm 0.20 cmap_loss_binder 0.90
130 models [0] recycles 0 hard 0 soft 1 temp 0.50 loss 0.85 plddt 0.36 ptm 0.68 i_ptm 0.26 cmap_loss_binder 0.85
131 models [1] recycles 0 hard 0 soft 1 temp 0.48 loss 0.88 plddt 0.44 ptm 0.70 i_ptm 0.35 cmap_loss_binder 0.88
132 models [1] recycles 0 hard 0 soft 1 temp 0.47 loss 0.86 plddt 0.44 ptm 0.70 i_ptm 0.45 cmap_loss_binder 0.86
133 models [1] recycles 0 hard 0 soft 1 temp 0.45 loss 0.86 plddt 0.44 ptm 0.70 i_ptm 0.33 cmap_loss_binder 0.86
134 models [0] recycles 0 hard 0 soft 1 temp 0.44 loss 0.85 plddt 0.34 ptm 0.68 i_ptm 0.24 cmap_loss_binder 0.85
135 models [1] recycles 0 hard 0 soft 1 temp 0.43 loss 0.91 plddt 0.41 ptm 0.68 i_ptm 0.19 cmap_loss_binder 0.91
136 models [0] recycles 0 hard 0 soft 1 temp 0.42 loss 0.86 plddt 0.39 ptm 0.69 i_ptm 0.38 cmap_loss_binder 0.86
137 models [1] recycles 0 hard 0 soft 1 temp 0.40 loss 0.87 plddt 0.43 ptm 0.68 i_ptm 0.22 cmap_loss_binder 0.87
138 models [0] recycles 0 hard 0 soft 1 temp 0.39 loss 0.85 plddt 0.38 ptm 0.68 i_ptm 0.24 cmap_loss_binder 0.85
139 models [1] recycles 0 hard 0 soft 1 temp 0.38 loss 0.87 plddt 0.43 ptm 0.70 i_ptm 0.33 cmap_loss_binder 0.87
140 models [0] recycles 0 hard 0 soft 1 temp 0.37 loss 0.84 plddt 0.35 ptm 0.68 i_ptm 0.25 cmap_loss_binder 0.84
141 models [1] recycles 0 hard 0 soft 1 temp 0.35 loss 0.87 plddt 0.43 ptm 0.70 i_ptm 0.33 cmap_loss_binder 0.87
142 models [0] recycles 0 hard 0 soft 1 temp 0.34 loss 0.83 plddt 0.35 ptm 0.68 i_ptm 0.24 cmap_loss_binder 0.83
143 models [1] recycles 0 hard 0 soft 1 temp 0.33 loss 0.88 plddt 0.42 ptm 0.68 i_ptm 0.22 cmap_loss_binder 0.88
144 models [1] recycles 0 hard 0 soft 1 temp 0.32 loss 0.89 plddt 0.41 ptm 0.69 i_ptm 0.28 cmap_loss_binder 0.89
145 models [1] recycles 0 hard 0 soft 1 temp 0.31 loss 0.87 plddt 0.43 ptm 0.70 i_ptm 0.33 cmap_loss_binder 0.87
146 models [1] recycles 0 hard 0 soft 1 temp 0.30 loss 0.88 plddt 0.44 ptm 0.70 i_ptm 0.31 cmap_loss_binder 0.88
147 models [0] recycles 0 hard 0 soft 1 temp 0.29 loss 0.86 plddt 0.35 ptm 0.68 i_ptm 0.24 cmap_loss_binder 0.86
148 models [0] recycles 0 hard 0 soft 1 temp 0.28 loss 0.87 plddt 0.36 ptm 0.68 i_ptm 0.24 cmap_loss_binder 0.87
149 models [1] recycles 0 hard 0 soft 1 temp 0.27 loss 0.88 plddt 0.43 ptm 0.69 i_ptm 0.34 cmap_loss_binder 0.88
150 models [1] recycles 0 hard 0 soft 1 temp 0.26 loss 0.88 plddt 0.44 ptm 0.70 i_ptm 0.33 cmap_loss_binder 0.88
151 models [0] recycles 0 hard 0 soft 1 temp 0.25 loss 0.87 plddt 0.37 ptm 0.68 i_ptm 0.24 cmap_loss_binder 0.87
152 models [0] recycles 0 hard 0 soft 1 temp 0.24 loss 0.85 plddt 0.37 ptm 0.69 i_ptm 0.26 cmap_loss_binder 0.85
153 models [1] recycles 0 hard 0 soft 1 temp 0.23 loss 0.88 plddt 0.43 ptm 0.70 i_ptm 0.28 cmap_loss_binder 0.88
154 models [1] recycles 0 hard 0 soft 1 temp 0.22 loss 0.87 plddt 0.43 ptm 0.69 i_ptm 0.24 cmap_loss_binder 0.87
155 models [1] recycles 0 hard 0 soft 1 temp 0.21 loss 0.88 plddt 0.43 ptm 0.70 i_ptm 0.34 cmap_loss_binder 0.88
156 models [0] recycles 0 hard 0 soft 1 temp 0.20 loss 0.87 plddt 0.37 ptm 0.68 i_ptm 0.24 cmap_loss_binder 0.87
157 models [1] recycles 0 hard 0 soft 1 temp 0.19 loss 0.88 plddt 0.44 ptm 0.70 i_ptm 0.31 cmap_loss_binder 0.88
158 models [1] recycles 0 hard 0 soft 1 temp 0.18 loss 0.88 plddt 0.43 ptm 0.69 i_ptm 0.26 cmap_loss_binder 0.88
159 models [0] recycles 0 hard 0 soft 1 temp 0.18 loss 0.86 plddt 0.37 ptm 0.68 i_ptm 0.24 cmap_loss_binder 0.86
160 models [1] recycles 0 hard 0 soft 1 temp 0.17 loss 0.88 plddt 0.43 ptm 0.69 i_ptm 0.25 cmap_loss_binder 0.88
161 models [1] recycles 0 hard 0 soft 1 temp 0.16 loss 0.89 plddt 0.41 ptm 0.68 i_ptm 0.23 cmap_loss_binder 0.89
162 models [0] recycles 0 hard 0 soft 1 temp 0.15 loss 0.85 plddt 0.37 ptm 0.68 i_ptm 0.26 cmap_loss_binder 0.85
163 models [1] recycles 0 hard 0 soft 1 temp 0.15 loss 0.88 plddt 0.44 ptm 0.69 i_ptm 0.32 cmap_loss_binder 0.88
164 models [0] recycles 0 hard 0 soft 1 temp 0.14 loss 0.85 plddt 0.37 ptm 0.68 i_ptm 0.23 cmap_loss_binder 0.85
165 models [1] recycles 0 hard 0 soft 1 temp 0.13 loss 0.89 plddt 0.43 ptm 0.69 i_ptm 0.26 cmap_loss_binder 0.89
166 models [0] recycles 0 hard 0 soft 1 temp 0.12 loss 0.83 plddt 0.38 ptm 0.69 i_ptm 0.26 cmap_loss_binder 0.83
167 models [1] recycles 0 hard 0 soft 1 temp 0.12 loss 0.90 plddt 0.43 ptm 0.69 i_ptm 0.25 cmap_loss_binder 0.90
168 models [0] recycles 0 hard 0 soft 1 temp 0.11 loss 0.86 plddt 0.37 ptm 0.68 i_ptm 0.23 cmap_loss_binder 0.86
169 models [1] recycles 0 hard 0 soft 1 temp 0.11 loss 0.89 plddt 0.43 ptm 0.69 i_ptm 0.32 cmap_loss_binder 0.89
170 models [1] recycles 0 hard 0 soft 1 temp 0.10 loss 0.88 plddt 0.43 ptm 0.69 i_ptm 0.32 cmap_loss_binder 0.88
171 models [1] recycles 0 hard 0 soft 1 temp 0.09 loss 0.88 plddt 0.45 ptm 0.70 i_ptm 0.37 cmap_loss_binder 0.88
172 models [1] recycles 0 hard 0 soft 1 temp 0.09 loss 0.89 plddt 0.43 ptm 0.69 i_ptm 0.31 cmap_loss_binder 0.89
173 models [0] recycles 0 hard 0 soft 1 temp 0.08 loss 0.87 plddt 0.36 ptm 0.67 i_ptm 0.22 cmap_loss_binder 0.87
174 models [0] recycles 0 hard 0 soft 1 temp 0.08 loss 0.85 plddt 0.39 ptm 0.68 i_ptm 0.26 cmap_loss_binder 0.85
175 models [0] recycles 0 hard 0 soft 1 temp 0.07 loss 0.85 plddt 0.39 ptm 0.69 i_ptm 0.26 cmap_loss_binder 0.85
176 models [0] recycles 0 hard 0 soft 1 temp 0.07 loss 0.86 plddt 0.38 ptm 0.68 i_ptm 0.22 cmap_loss_binder 0.86
177 models [1] recycles 0 hard 0 soft 1 temp 0.06 loss 0.90 plddt 0.44 ptm 0.69 i_ptm 0.27 cmap_loss_binder 0.90
178 models [0] recycles 0 hard 0 soft 1 temp 0.06 loss 0.85 plddt 0.38 ptm 0.68 i_ptm 0.26 cmap_loss_binder 0.85
179 models [1] recycles 0 hard 0 soft 1 temp 0.05 loss 0.89 plddt 0.43 ptm 0.68 i_ptm 0.24 cmap_loss_binder 0.89
180 models [0] recycles 0 hard 0 soft 1 temp 0.05 loss 0.85 plddt 0.38 ptm 0.69 i_ptm 0.29 cmap_loss_binder 0.85
181 models [1] recycles 0 hard 0 soft 1 temp 0.05 loss 0.91 plddt 0.42 ptm 0.68 i_ptm 0.21 cmap_loss_binder 0.91
182 models [1] recycles 0 hard 0 soft 1 temp 0.04 loss 0.91 plddt 0.42 ptm 0.68 i_ptm 0.19 cmap_loss_binder 0.91
183 models [1] recycles 0 hard 0 soft 1 temp 0.04 loss 0.94 plddt 0.40 ptm 0.67 i_ptm 0.18 cmap_loss_binder 0.94
184 models [1] recycles 0 hard 0 soft 1 temp 0.04 loss 0.89 plddt 0.43 ptm 0.69 i_ptm 0.28 cmap_loss_binder 0.89
185 models [0] recycles 0 hard 0 soft 1 temp 0.03 loss 0.84 plddt 0.38 ptm 0.69 i_ptm 0.26 cmap_loss_binder 0.84
186 models [1] recycles 0 hard 0 soft 1 temp 0.03 loss 0.90 plddt 0.44 ptm 0.68 i_ptm 0.20 cmap_loss_binder 0.90
187 models [1] recycles 0 hard 0 soft 1 temp 0.03 loss 0.88 plddt 0.44 ptm 0.70 i_ptm 0.31 cmap_loss_binder 0.88
188 models [0] recycles 0 hard 0 soft 1 temp 0.02 loss 0.83 plddt 0.37 ptm 0.69 i_ptm 0.26 cmap_loss_binder 0.83
189 models [0] recycles 0 hard 0 soft 1 temp 0.02 loss 0.85 plddt 0.40 ptm 0.69 i_ptm 0.31 cmap_loss_binder 0.85
190 models [1] recycles 0 hard 0 soft 1 temp 0.02 loss 0.89 plddt 0.43 ptm 0.68 i_ptm 0.21 cmap_loss_binder 0.89
191 models [0] recycles 0 hard 0 soft 1 temp 0.02 loss 0.84 plddt 0.38 ptm 0.68 i_ptm 0.25 cmap_loss_binder 0.84
192 models [1] recycles 0 hard 0 soft 1 temp 0.02 loss 0.89 plddt 0.44 ptm 0.69 i_ptm 0.27 cmap_loss_binder 0.89
193 models [1] recycles 0 hard 0 soft 1 temp 0.01 loss 0.88 plddt 0.44 ptm 0.69 i_ptm 0.30 cmap_loss_binder 0.88
194 models [1] recycles 0 hard 0 soft 1 temp 0.01 loss 0.89 plddt 0.42 ptm 0.68 i_ptm 0.21 cmap_loss_binder 0.89
195 models [0] recycles 0 hard 0 soft 1 temp 0.01 loss 0.87 plddt 0.40 ptm 0.69 i_ptm 0.35 cmap_loss_binder 0.87
196 models [1] recycles 0 hard 0 soft 1 temp 0.01 loss 0.91 plddt 0.41 ptm 0.68 i_ptm 0.19 cmap_loss_binder 0.91
197 models [1] recycles 0 hard 0 soft 1 temp 0.01 loss 0.91 plddt 0.43 ptm 0.69 i_ptm 0.30 cmap_loss_binder 0.91
198 models [1] recycles 0 hard 0 soft 1 temp 0.01 loss 0.90 plddt 0.43 ptm 0.68 i_ptm 0.23 cmap_loss_binder 0.90
199 models [1] recycles 0 hard 0 soft 1 temp 0.01 loss 0.89 plddt 0.43 ptm 0.69 i_ptm 0.28 cmap_loss_binder 0.89
200 models [0] recycles 0 hard 0 soft 1 temp 0.01 loss 0.87 plddt 0.39 ptm 0.68 i_ptm 0.28 cmap_loss_binder 0.87
Stage 3: running (hard)
201 models [0, 1] recycles 0 hard 1 soft 1 temp 0.01 loss 0.84 plddt 0.40 ptm 0.70 i_ptm 0.40 cmap_loss_binder 0.84
202 models [0, 1] recycles 0 hard 1 soft 1 temp 0.01 loss 0.84 plddt 0.39 ptm 0.70 i_ptm 0.34 cmap_loss_binder 0.84
203 models [0, 1] recycles 0 hard 1 soft 1 temp 0.01 loss 0.84 plddt 0.40 ptm 0.70 i_ptm 0.38 cmap_loss_binder 0.84
204 models [0, 1] recycles 0 hard 1 soft 1 temp 0.01 loss 0.84 plddt 0.39 ptm 0.70 i_ptm 0.35 cmap_loss_binder 0.84
205 models [0, 1] recycles 0 hard 1 soft 1 temp 0.01 loss 0.84 plddt 0.38 ptm 0.70 i_ptm 0.36 cmap_loss_binder 0.84
206 models [0, 1] recycles 0 hard 1 soft 1 temp 0.01 loss 0.84 plddt 0.39 ptm 0.70 i_ptm 0.34 cmap_loss_binder 0.84
207 models [0, 1] recycles 0 hard 1 soft 1 temp 0.01 loss 0.84 plddt 0.39 ptm 0.70 i_ptm 0.35 cmap_loss_binder 0.84
208 models [0, 1] recycles 0 hard 1 soft 1 temp 0.01 loss 0.84 plddt 0.39 ptm 0.70 i_ptm 0.37 cmap_loss_binder 0.84
209 models [0, 1] recycles 0 hard 1 soft 1 temp 0.01 loss 0.84 plddt 0.38 ptm 0.70 i_ptm 0.34 cmap_loss_binder 0.84
210 models [0, 1] recycles 0 hard 1 soft 1 temp 0.01 loss 0.84 plddt 0.40 ptm 0.70 i_ptm 0.37 cmap_loss_binder 0.84
211 models [0, 1] recycles 0 hard 1 soft 1 temp 0.01 loss 0.84 plddt 0.39 ptm 0.70 i_ptm 0.37 cmap_loss_binder 0.84
212 models [0, 1] recycles 0 hard 1 soft 1 temp 0.01 loss 0.84 plddt 0.38 ptm 0.70 i_ptm 0.34 cmap_loss_binder 0.84
213 models [0, 1] recycles 0 hard 1 soft 1 temp 0.01 loss 0.84 plddt 0.39 ptm 0.70 i_ptm 0.34 cmap_loss_binder 0.84
214 models [0, 1] recycles 0 hard 1 soft 1 temp 0.01 loss 0.84 plddt 0.39 ptm 0.70 i_ptm 0.39 cmap_loss_binder 0.84
215 models [0, 1] recycles 0 hard 1 soft 1 temp 0.01 loss 0.84 plddt 0.38 ptm 0.70 i_ptm 0.34 cmap_loss_binder 0.84
216 models [0, 1] recycles 0 hard 1 soft 1 temp 0.01 loss 0.84 plddt 0.39 ptm 0.70 i_ptm 0.39 cmap_loss_binder 0.84
217 models [0, 1] recycles 0 hard 1 soft 1 temp 0.01 loss 0.84 plddt 0.40 ptm 0.70 i_ptm 0.36 cmap_loss_binder 0.84
218 models [0, 1] recycles 0 hard 1 soft 1 temp 0.01 loss 0.84 plddt 0.39 ptm 0.70 i_ptm 0.36 cmap_loss_binder 0.84
219 models [0, 1] recycles 0 hard 1 soft 1 temp 0.01 loss 0.84 plddt 0.39 ptm 0.70 i_ptm 0.38 cmap_loss_binder 0.84
220 models [0, 1] recycles 0 hard 1 soft 1 temp 0.01 loss 0.84 plddt 0.39 ptm 0.70 i_ptm 0.34 cmap_loss_binder 0.84
Predicting sequences with AF2_ptm...
predict: traj_1_0 plddt: 0.533, i_pae: 0.662, i_ptm: 0.523, cmap_loss: 0.972
predict: traj_1_1 plddt: 0.516, i_pae: 0.722, i_ptm: 0.271, cmap_loss: 1.191
