CMAP of binder (monomer plddt: 0.908)
Stage 1: running (logits → soft)
1 models [1] recycles 0 hard 0 soft 0.01 temp 1 loss 3.57 plddt 0.46 ptm 0.63 i_ptm 0.07 cmap_loss_binder 3.57
2 models [1] recycles 0 hard 0 soft 0.02 temp 1 loss 3.52 plddt 0.90 ptm 0.63 i_ptm 0.08 cmap_loss_binder 3.52
3 models [0] recycles 0 hard 0 soft 0.03 temp 1 loss 3.47 plddt 0.75 ptm 0.63 i_ptm 0.10 cmap_loss_binder 3.47
4 models [1] recycles 0 hard 0 soft 0.04 temp 1 loss 3.47 plddt 0.49 ptm 0.64 i_ptm 0.08 cmap_loss_binder 3.47
5 models [0] recycles 0 hard 0 soft 0.05 temp 1 loss 3.47 plddt 0.68 ptm 0.63 i_ptm 0.11 cmap_loss_binder 3.47
6 models [1] recycles 0 hard 0 soft 0.06 temp 1 loss 3.47 plddt 0.59 ptm 0.64 i_ptm 0.07 cmap_loss_binder 3.47
7 models [0] recycles 0 hard 0 soft 0.07 temp 1 loss 3.44 plddt 0.67 ptm 0.63 i_ptm 0.10 cmap_loss_binder 3.44
8 models [0] recycles 0 hard 0 soft 0.08 temp 1 loss 3.43 plddt 0.56 ptm 0.63 i_ptm 0.11 cmap_loss_binder 3.43
9 models [1] recycles 0 hard 0 soft 0.09 temp 1 loss 3.43 plddt 0.65 ptm 0.64 i_ptm 0.08 cmap_loss_binder 3.43
10 models [1] recycles 0 hard 0 soft 0.10 temp 1 loss 3.37 plddt 0.57 ptm 0.63 i_ptm 0.08 cmap_loss_binder 3.37
11 models [0] recycles 0 hard 0 soft 0.11 temp 1 loss 3.40 plddt 0.64 ptm 0.64 i_ptm 0.12 cmap_loss_binder 3.40
12 models [0] recycles 0 hard 0 soft 0.12 temp 1 loss 3.30 plddt 0.54 ptm 0.64 i_ptm 0.14 cmap_loss_binder 3.30
13 models [1] recycles 0 hard 0 soft 0.13 temp 1 loss 3.25 plddt 0.58 ptm 0.64 i_ptm 0.08 cmap_loss_binder 3.25
14 models [0] recycles 0 hard 0 soft 0.14 temp 1 loss 3.11 plddt 0.52 ptm 0.64 i_ptm 0.13 cmap_loss_binder 3.11
15 models [1] recycles 0 hard 0 soft 0.15 temp 1 loss 3.32 plddt 0.47 ptm 0.64 i_ptm 0.08 cmap_loss_binder 3.32
16 models [0] recycles 0 hard 0 soft 0.16 temp 1 loss 3.04 plddt 0.49 ptm 0.66 i_ptm 0.19 cmap_loss_binder 3.04
17 models [1] recycles 0 hard 0 soft 0.17 temp 1 loss 3.02 plddt 0.39 ptm 0.64 i_ptm 0.09 cmap_loss_binder 3.02
18 models [0] recycles 0 hard 0 soft 0.18 temp 1 loss 2.89 plddt 0.47 ptm 0.65 i_ptm 0.16 cmap_loss_binder 2.89
19 models [0] recycles 0 hard 0 soft 0.19 temp 1 loss 2.83 plddt 0.41 ptm 0.65 i_ptm 0.18 cmap_loss_binder 2.83
20 models [1] recycles 0 hard 0 soft 0.20 temp 1 loss 2.82 plddt 0.43 ptm 0.64 i_ptm 0.11 cmap_loss_binder 2.82
21 models [0] recycles 0 hard 0 soft 0.21 temp 1 loss 2.55 plddt 0.50 ptm 0.67 i_ptm 0.21 cmap_loss_binder 2.55
22 models [1] recycles 0 hard 0 soft 0.22 temp 1 loss 2.37 plddt 0.62 ptm 0.64 i_ptm 0.10 cmap_loss_binder 2.37
23 models [1] recycles 0 hard 0 soft 0.23 temp 1 loss 2.26 plddt 0.68 ptm 0.65 i_ptm 0.14 cmap_loss_binder 2.26
24 models [0] recycles 0 hard 0 soft 0.24 temp 1 loss 2.25 plddt 0.54 ptm 0.68 i_ptm 0.24 cmap_loss_binder 2.25
25 models [1] recycles 0 hard 0 soft 0.25 temp 1 loss 2.22 plddt 0.72 ptm 0.65 i_ptm 0.12 cmap_loss_binder 2.22
26 models [1] recycles 0 hard 0 soft 0.26 temp 1 loss 2.13 plddt 0.74 ptm 0.66 i_ptm 0.18 cmap_loss_binder 2.13
27 models [0] recycles 0 hard 0 soft 0.27 temp 1 loss 2.10 plddt 0.63 ptm 0.71 i_ptm 0.33 cmap_loss_binder 2.10
28 models [0] recycles 0 hard 0 soft 0.28 temp 1 loss 2.00 plddt 0.71 ptm 0.74 i_ptm 0.42 cmap_loss_binder 2.00
29 models [0] recycles 0 hard 0 soft 0.29 temp 1 loss 1.94 plddt 0.72 ptm 0.76 i_ptm 0.47 cmap_loss_binder 1.94
30 models [1] recycles 0 hard 0 soft 0.30 temp 1 loss 2.09 plddt 0.74 ptm 0.67 i_ptm 0.18 cmap_loss_binder 2.09
31 models [1] recycles 0 hard 0 soft 0.31 temp 1 loss 2.05 plddt 0.80 ptm 0.71 i_ptm 0.30 cmap_loss_binder 2.05
32 models [0] recycles 0 hard 0 soft 0.32 temp 1 loss 1.91 plddt 0.69 ptm 0.78 i_ptm 0.54 cmap_loss_binder 1.91
33 models [1] recycles 0 hard 0 soft 0.33 temp 1 loss 1.94 plddt 0.76 ptm 0.75 i_ptm 0.41 cmap_loss_binder 1.94
34 models [0] recycles 0 hard 0 soft 0.34 temp 1 loss 1.87 plddt 0.76 ptm 0.81 i_ptm 0.63 cmap_loss_binder 1.87
35 models [0] recycles 0 hard 0 soft 0.35 temp 1 loss 1.89 plddt 0.71 ptm 0.80 i_ptm 0.58 cmap_loss_binder 1.89
36 models [0] recycles 0 hard 0 soft 0.36 temp 1 loss 1.87 plddt 0.75 ptm 0.80 i_ptm 0.59 cmap_loss_binder 1.87
37 models [0] recycles 0 hard 0 soft 0.37 temp 1 loss 1.87 plddt 0.74 ptm 0.83 i_ptm 0.65 cmap_loss_binder 1.87
38 models [0] recycles 0 hard 0 soft 0.38 temp 1 loss 1.87 plddt 0.72 ptm 0.80 i_ptm 0.60 cmap_loss_binder 1.87
39 models [1] recycles 0 hard 0 soft 0.39 temp 1 loss 1.92 plddt 0.83 ptm 0.78 i_ptm 0.55 cmap_loss_binder 1.92
40 models [1] recycles 0 hard 0 soft 0.40 temp 1 loss 1.90 plddt 0.77 ptm 0.76 i_ptm 0.43 cmap_loss_binder 1.90
41 models [0] recycles 0 hard 0 soft 0.41 temp 1 loss 1.84 plddt 0.76 ptm 0.83 i_ptm 0.67 cmap_loss_binder 1.84
42 models [0] recycles 0 hard 0 soft 0.42 temp 1 loss 1.82 plddt 0.75 ptm 0.80 i_ptm 0.59 cmap_loss_binder 1.82
43 models [1] recycles 0 hard 0 soft 0.43 temp 1 loss 1.92 plddt 0.78 ptm 0.75 i_ptm 0.41 cmap_loss_binder 1.92
44 models [1] recycles 0 hard 0 soft 0.44 temp 1 loss 1.84 plddt 0.78 ptm 0.83 i_ptm 0.64 cmap_loss_binder 1.84
45 models [1] recycles 0 hard 0 soft 0.45 temp 1 loss 1.85 plddt 0.75 ptm 0.79 i_ptm 0.64 cmap_loss_binder 1.85
46 models [1] recycles 0 hard 0 soft 0.46 temp 1 loss 1.83 plddt 0.78 ptm 0.83 i_ptm 0.65 cmap_loss_binder 1.83
47 models [0] recycles 0 hard 0 soft 0.47 temp 1 loss 1.83 plddt 0.76 ptm 0.80 i_ptm 0.59 cmap_loss_binder 1.83
48 models [0] recycles 0 hard 0 soft 0.48 temp 1 loss 1.83 plddt 0.82 ptm 0.85 i_ptm 0.73 cmap_loss_binder 1.83
49 models [0] recycles 0 hard 0 soft 0.49 temp 1 loss 1.81 plddt 0.82 ptm 0.84 i_ptm 0.69 cmap_loss_binder 1.81
50 models [0] recycles 0 hard 0 soft 0.50 temp 1 loss 1.89 plddt 0.75 ptm 0.76 i_ptm 0.47 cmap_loss_binder 1.89
51 models [0] recycles 0 hard 0 soft 0.51 temp 1 loss 1.81 plddt 0.80 ptm 0.83 i_ptm 0.68 cmap_loss_binder 1.81
52 models [1] recycles 0 hard 0 soft 0.52 temp 1 loss 1.88 plddt 0.84 ptm 0.78 i_ptm 0.51 cmap_loss_binder 1.88
53 models [1] recycles 0 hard 0 soft 0.53 temp 1 loss 1.84 plddt 0.84 ptm 0.82 i_ptm 0.65 cmap_loss_binder 1.84
54 models [1] recycles 0 hard 0 soft 0.54 temp 1 loss 1.80 plddt 0.82 ptm 0.84 i_ptm 0.67 cmap_loss_binder 1.80
55 models [0] recycles 0 hard 0 soft 0.55 temp 1 loss 1.81 plddt 0.75 ptm 0.81 i_ptm 0.61 cmap_loss_binder 1.81
56 models [1] recycles 0 hard 0 soft 0.56 temp 1 loss 1.82 plddt 0.83 ptm 0.84 i_ptm 0.67 cmap_loss_binder 1.82
57 models [0] recycles 0 hard 0 soft 0.57 temp 1 loss 1.78 plddt 0.80 ptm 0.82 i_ptm 0.64 cmap_loss_binder 1.78
58 models [0] recycles 0 hard 0 soft 0.58 temp 1 loss 1.82 plddt 0.76 ptm 0.80 i_ptm 0.59 cmap_loss_binder 1.82
59 models [1] recycles 0 hard 0 soft 0.59 temp 1 loss 1.85 plddt 0.82 ptm 0.78 i_ptm 0.54 cmap_loss_binder 1.85
60 models [1] recycles 0 hard 0 soft 0.60 temp 1 loss 1.84 plddt 0.82 ptm 0.77 i_ptm 0.53 cmap_loss_binder 1.84
61 models [1] recycles 0 hard 0 soft 0.61 temp 1 loss 1.80 plddt 0.84 ptm 0.86 i_ptm 0.73 cmap_loss_binder 1.80
62 models [1] recycles 0 hard 0 soft 0.62 temp 1 loss 1.80 plddt 0.85 ptm 0.84 i_ptm 0.69 cmap_loss_binder 1.80
63 models [1] recycles 0 hard 0 soft 0.63 temp 1 loss 1.95 plddt 0.75 ptm 0.72 i_ptm 0.36 cmap_loss_binder 1.95
64 models [1] recycles 0 hard 0 soft 0.64 temp 1 loss 1.80 plddt 0.80 ptm 0.82 i_ptm 0.65 cmap_loss_binder 1.80
65 models [1] recycles 0 hard 0 soft 0.65 temp 1 loss 1.80 plddt 0.82 ptm 0.85 i_ptm 0.72 cmap_loss_binder 1.80
66 models [1] recycles 0 hard 0 soft 0.66 temp 1 loss 1.80 plddt 0.84 ptm 0.83 i_ptm 0.66 cmap_loss_binder 1.80
67 models [0] recycles 0 hard 0 soft 0.67 temp 1 loss 1.76 plddt 0.80 ptm 0.83 i_ptm 0.68 cmap_loss_binder 1.76
68 models [1] recycles 0 hard 0 soft 0.68 temp 1 loss 1.81 plddt 0.84 ptm 0.81 i_ptm 0.61 cmap_loss_binder 1.81
69 models [1] recycles 0 hard 0 soft 0.69 temp 1 loss 1.77 plddt 0.82 ptm 0.84 i_ptm 0.69 cmap_loss_binder 1.77
70 models [1] recycles 0 hard 0 soft 0.70 temp 1 loss 1.79 plddt 0.84 ptm 0.85 i_ptm 0.71 cmap_loss_binder 1.79
71 models [0] recycles 0 hard 0 soft 0.71 temp 1 loss 1.78 plddt 0.77 ptm 0.82 i_ptm 0.65 cmap_loss_binder 1.78
72 models [1] recycles 0 hard 0 soft 0.72 temp 1 loss 1.81 plddt 0.85 ptm 0.80 i_ptm 0.62 cmap_loss_binder 1.81
73 models [1] recycles 0 hard 0 soft 0.73 temp 1 loss 1.79 plddt 0.83 ptm 0.83 i_ptm 0.70 cmap_loss_binder 1.79
74 models [1] recycles 0 hard 0 soft 0.74 temp 1 loss 1.80 plddt 0.82 ptm 0.80 i_ptm 0.61 cmap_loss_binder 1.80
75 models [0] recycles 0 hard 0 soft 0.75 temp 1 loss 1.77 plddt 0.77 ptm 0.83 i_ptm 0.68 cmap_loss_binder 1.77
76 models [0] recycles 0 hard 0 soft 0.76 temp 1 loss 1.77 plddt 0.83 ptm 0.84 i_ptm 0.72 cmap_loss_binder 1.77
77 models [1] recycles 0 hard 0 soft 0.77 temp 1 loss 1.78 plddt 0.88 ptm 0.85 i_ptm 0.71 cmap_loss_binder 1.78
78 models [0] recycles 0 hard 0 soft 0.78 temp 1 loss 1.76 plddt 0.81 ptm 0.82 i_ptm 0.66 cmap_loss_binder 1.76
79 models [1] recycles 0 hard 0 soft 0.79 temp 1 loss 1.78 plddt 0.84 ptm 0.84 i_ptm 0.69 cmap_loss_binder 1.78
80 models [0] recycles 0 hard 0 soft 0.80 temp 1 loss 1.77 plddt 0.82 ptm 0.84 i_ptm 0.69 cmap_loss_binder 1.77
81 models [0] recycles 0 hard 0 soft 0.81 temp 1 loss 1.75 plddt 0.81 ptm 0.83 i_ptm 0.68 cmap_loss_binder 1.75
82 models [1] recycles 0 hard 0 soft 0.82 temp 1 loss 1.80 plddt 0.84 ptm 0.83 i_ptm 0.70 cmap_loss_binder 1.80
83 models [0] recycles 0 hard 0 soft 0.83 temp 1 loss 1.76 plddt 0.78 ptm 0.83 i_ptm 0.66 cmap_loss_binder 1.76
84 models [1] recycles 0 hard 0 soft 0.84 temp 1 loss 1.78 plddt 0.85 ptm 0.82 i_ptm 0.65 cmap_loss_binder 1.78
85 models [0] recycles 0 hard 0 soft 0.85 temp 1 loss 1.77 plddt 0.82 ptm 0.82 i_ptm 0.63 cmap_loss_binder 1.77
86 models [1] recycles 0 hard 0 soft 0.86 temp 1 loss 1.80 plddt 0.84 ptm 0.80 i_ptm 0.59 cmap_loss_binder 1.80
87 models [0] recycles 0 hard 0 soft 0.87 temp 1 loss 1.77 plddt 0.80 ptm 0.84 i_ptm 0.70 cmap_loss_binder 1.77
88 models [0] recycles 0 hard 0 soft 0.88 temp 1 loss 1.76 plddt 0.80 ptm 0.84 i_ptm 0.70 cmap_loss_binder 1.76
89 models [0] recycles 0 hard 0 soft 0.89 temp 1 loss 1.75 plddt 0.80 ptm 0.83 i_ptm 0.68 cmap_loss_binder 1.75
90 models [1] recycles 0 hard 0 soft 0.90 temp 1 loss 1.83 plddt 0.84 ptm 0.79 i_ptm 0.57 cmap_loss_binder 1.83
91 models [0] recycles 0 hard 0 soft 0.91 temp 1 loss 1.76 plddt 0.82 ptm 0.84 i_ptm 0.69 cmap_loss_binder 1.76
92 models [1] recycles 0 hard 0 soft 0.92 temp 1 loss 1.80 plddt 0.84 ptm 0.83 i_ptm 0.68 cmap_loss_binder 1.80
93 models [1] recycles 0 hard 0 soft 0.93 temp 1 loss 1.79 plddt 0.83 ptm 0.82 i_ptm 0.66 cmap_loss_binder 1.79
94 models [1] recycles 0 hard 0 soft 0.94 temp 1 loss 1.82 plddt 0.76 ptm 0.79 i_ptm 0.62 cmap_loss_binder 1.82
95 models [1] recycles 0 hard 0 soft 0.95 temp 1 loss 1.83 plddt 0.77 ptm 0.77 i_ptm 0.57 cmap_loss_binder 1.83
96 models [1] recycles 0 hard 0 soft 0.96 temp 1 loss 1.80 plddt 0.82 ptm 0.83 i_ptm 0.69 cmap_loss_binder 1.80
97 models [1] recycles 0 hard 0 soft 0.97 temp 1 loss 1.86 plddt 0.79 ptm 0.76 i_ptm 0.51 cmap_loss_binder 1.86
98 models [1] recycles 0 hard 0 soft 0.98 temp 1 loss 1.79 plddt 0.79 ptm 0.83 i_ptm 0.66 cmap_loss_binder 1.79
99 models [0] recycles 0 hard 0 soft 0.99 temp 1 loss 1.80 plddt 0.73 ptm 0.78 i_ptm 0.58 cmap_loss_binder 1.80
100 models [1] recycles 0 hard 0 soft 1 temp 1 loss 1.81 plddt 0.80 ptm 0.79 i_ptm 0.56 cmap_loss_binder 1.81
Stage 2: running (soft → hard)
101 models [0] recycles 0 hard 0 soft 1 temp 0.98 loss 1.78 plddt 0.78 ptm 0.81 i_ptm 0.61 cmap_loss_binder 1.78
102 models [1] recycles 0 hard 0 soft 1 temp 0.96 loss 1.78 plddt 0.82 ptm 0.82 i_ptm 0.68 cmap_loss_binder 1.78
103 models [0] recycles 0 hard 0 soft 1 temp 0.94 loss 1.78 plddt 0.79 ptm 0.83 i_ptm 0.68 cmap_loss_binder 1.78
104 models [0] recycles 0 hard 0 soft 1 temp 0.92 loss 1.79 plddt 0.81 ptm 0.82 i_ptm 0.66 cmap_loss_binder 1.79
105 models [1] recycles 0 hard 0 soft 1 temp 0.90 loss 1.78 plddt 0.82 ptm 0.83 i_ptm 0.69 cmap_loss_binder 1.78
106 models [1] recycles 0 hard 0 soft 1 temp 0.88 loss 1.76 plddt 0.82 ptm 0.83 i_ptm 0.68 cmap_loss_binder 1.76
107 models [1] recycles 0 hard 0 soft 1 temp 0.87 loss 1.76 plddt 0.83 ptm 0.85 i_ptm 0.71 cmap_loss_binder 1.76
108 models [0] recycles 0 hard 0 soft 1 temp 0.85 loss 1.76 plddt 0.81 ptm 0.82 i_ptm 0.66 cmap_loss_binder 1.76
109 models [1] recycles 0 hard 0 soft 1 temp 0.83 loss 1.77 plddt 0.81 ptm 0.83 i_ptm 0.65 cmap_loss_binder 1.77
110 models [1] recycles 0 hard 0 soft 1 temp 0.81 loss 1.76 plddt 0.82 ptm 0.83 i_ptm 0.69 cmap_loss_binder 1.76
111 models [1] recycles 0 hard 0 soft 1 temp 0.79 loss 1.77 plddt 0.79 ptm 0.83 i_ptm 0.65 cmap_loss_binder 1.77
112 models [0] recycles 0 hard 0 soft 1 temp 0.78 loss 1.76 plddt 0.82 ptm 0.83 i_ptm 0.68 cmap_loss_binder 1.76
113 models [1] recycles 0 hard 0 soft 1 temp 0.76 loss 1.75 plddt 0.83 ptm 0.84 i_ptm 0.68 cmap_loss_binder 1.75
114 models [1] recycles 0 hard 0 soft 1 temp 0.74 loss 1.74 plddt 0.82 ptm 0.85 i_ptm 0.72 cmap_loss_binder 1.74
115 models [0] recycles 0 hard 0 soft 1 temp 0.73 loss 1.77 plddt 0.81 ptm 0.82 i_ptm 0.65 cmap_loss_binder 1.77
116 models [1] recycles 0 hard 0 soft 1 temp 0.71 loss 1.75 plddt 0.81 ptm 0.83 i_ptm 0.68 cmap_loss_binder 1.75
117 models [1] recycles 0 hard 0 soft 1 temp 0.69 loss 1.91 plddt 0.79 ptm 0.73 i_ptm 0.37 cmap_loss_binder 1.91
118 models [0] recycles 0 hard 0 soft 1 temp 0.68 loss 1.75 plddt 0.79 ptm 0.84 i_ptm 0.71 cmap_loss_binder 1.75
119 models [0] recycles 0 hard 0 soft 1 temp 0.66 loss 1.75 plddt 0.79 ptm 0.83 i_ptm 0.68 cmap_loss_binder 1.75
120 models [0] recycles 0 hard 0 soft 1 temp 0.64 loss 1.75 plddt 0.80 ptm 0.84 i_ptm 0.69 cmap_loss_binder 1.75
121 models [1] recycles 0 hard 0 soft 1 temp 0.63 loss 1.76 plddt 0.84 ptm 0.84 i_ptm 0.69 cmap_loss_binder 1.76
122 models [1] recycles 0 hard 0 soft 1 temp 0.61 loss 1.76 plddt 0.82 ptm 0.82 i_ptm 0.64 cmap_loss_binder 1.76
123 models [0] recycles 0 hard 0 soft 1 temp 0.60 loss 1.74 plddt 0.79 ptm 0.84 i_ptm 0.69 cmap_loss_binder 1.74
124 models [0] recycles 0 hard 0 soft 1 temp 0.58 loss 1.76 plddt 0.79 ptm 0.83 i_ptm 0.67 cmap_loss_binder 1.76
125 models [1] recycles 0 hard 0 soft 1 temp 0.57 loss 1.75 plddt 0.83 ptm 0.85 i_ptm 0.69 cmap_loss_binder 1.75
126 models [1] recycles 0 hard 0 soft 1 temp 0.55 loss 1.77 plddt 0.82 ptm 0.81 i_ptm 0.60 cmap_loss_binder 1.77
127 models [1] recycles 0 hard 0 soft 1 temp 0.54 loss 1.75 plddt 0.85 ptm 0.86 i_ptm 0.72 cmap_loss_binder 1.75
128 models [0] recycles 0 hard 0 soft 1 temp 0.52 loss 1.83 plddt 0.77 ptm 0.78 i_ptm 0.52 cmap_loss_binder 1.83
129 models [0] recycles 0 hard 0 soft 1 temp 0.51 loss 1.75 plddt 0.81 ptm 0.84 i_ptm 0.70 cmap_loss_binder 1.75
130 models [1] recycles 0 hard 0 soft 1 temp 0.50 loss 1.77 plddt 0.81 ptm 0.84 i_ptm 0.68 cmap_loss_binder 1.77
131 models [1] recycles 0 hard 0 soft 1 temp 0.48 loss 1.75 plddt 0.81 ptm 0.84 i_ptm 0.69 cmap_loss_binder 1.75
132 models [1] recycles 0 hard 0 soft 1 temp 0.47 loss 1.76 plddt 0.82 ptm 0.84 i_ptm 0.68 cmap_loss_binder 1.76
133 models [0] recycles 0 hard 0 soft 1 temp 0.45 loss 1.75 plddt 0.79 ptm 0.83 i_ptm 0.66 cmap_loss_binder 1.75
134 models [0] recycles 0 hard 0 soft 1 temp 0.44 loss 1.76 plddt 0.75 ptm 0.80 i_ptm 0.61 cmap_loss_binder 1.76
135 models [1] recycles 0 hard 0 soft 1 temp 0.43 loss 1.80 plddt 0.82 ptm 0.80 i_ptm 0.56 cmap_loss_binder 1.80
136 models [0] recycles 0 hard 0 soft 1 temp 0.42 loss 1.77 plddt 0.78 ptm 0.83 i_ptm 0.68 cmap_loss_binder 1.77
137 models [1] recycles 0 hard 0 soft 1 temp 0.40 loss 1.78 plddt 0.81 ptm 0.85 i_ptm 0.70 cmap_loss_binder 1.78
138 models [0] recycles 0 hard 0 soft 1 temp 0.39 loss 1.75 plddt 0.78 ptm 0.82 i_ptm 0.64 cmap_loss_binder 1.75
139 models [0] recycles 0 hard 0 soft 1 temp 0.38 loss 1.77 plddt 0.77 ptm 0.82 i_ptm 0.64 cmap_loss_binder 1.77
140 models [0] recycles 0 hard 0 soft 1 temp 0.37 loss 1.75 plddt 0.80 ptm 0.83 i_ptm 0.67 cmap_loss_binder 1.75
141 models [0] recycles 0 hard 0 soft 1 temp 0.35 loss 1.76 plddt 0.79 ptm 0.83 i_ptm 0.66 cmap_loss_binder 1.76
142 models [1] recycles 0 hard 0 soft 1 temp 0.34 loss 1.76 plddt 0.83 ptm 0.86 i_ptm 0.73 cmap_loss_binder 1.76
143 models [1] recycles 0 hard 0 soft 1 temp 0.33 loss 1.78 plddt 0.82 ptm 0.85 i_ptm 0.69 cmap_loss_binder 1.78
144 models [1] recycles 0 hard 0 soft 1 temp 0.32 loss 1.77 plddt 0.81 ptm 0.84 i_ptm 0.66 cmap_loss_binder 1.77
145 models [1] recycles 0 hard 0 soft 1 temp 0.31 loss 1.76 plddt 0.82 ptm 0.84 i_ptm 0.68 cmap_loss_binder 1.76
146 models [1] recycles 0 hard 0 soft 1 temp 0.30 loss 1.77 plddt 0.82 ptm 0.85 i_ptm 0.70 cmap_loss_binder 1.77
147 models [1] recycles 0 hard 0 soft 1 temp 0.29 loss 1.78 plddt 0.79 ptm 0.85 i_ptm 0.71 cmap_loss_binder 1.78
148 models [1] recycles 0 hard 0 soft 1 temp 0.28 loss 1.82 plddt 0.80 ptm 0.80 i_ptm 0.55 cmap_loss_binder 1.82
149 models [0] recycles 0 hard 0 soft 1 temp 0.27 loss 1.76 plddt 0.79 ptm 0.82 i_ptm 0.65 cmap_loss_binder 1.76
150 models [1] recycles 0 hard 0 soft 1 temp 0.26 loss 1.76 plddt 0.81 ptm 0.84 i_ptm 0.68 cmap_loss_binder 1.76
151 models [0] recycles 0 hard 0 soft 1 temp 0.25 loss 1.75 plddt 0.77 ptm 0.83 i_ptm 0.66 cmap_loss_binder 1.75
152 models [0] recycles 0 hard 0 soft 1 temp 0.24 loss 1.77 plddt 0.79 ptm 0.84 i_ptm 0.71 cmap_loss_binder 1.77
153 models [1] recycles 0 hard 0 soft 1 temp 0.23 loss 1.86 plddt 0.69 ptm 0.83 i_ptm 0.70 cmap_loss_binder 1.86
154 models [1] recycles 0 hard 0 soft 1 temp 0.22 loss 1.77 plddt 0.83 ptm 0.85 i_ptm 0.71 cmap_loss_binder 1.77
155 models [0] recycles 0 hard 0 soft 1 temp 0.21 loss 1.75 plddt 0.78 ptm 0.83 i_ptm 0.66 cmap_loss_binder 1.75
156 models [1] recycles 0 hard 0 soft 1 temp 0.20 loss 1.76 plddt 0.80 ptm 0.84 i_ptm 0.69 cmap_loss_binder 1.76
157 models [1] recycles 0 hard 0 soft 1 temp 0.19 loss 1.79 plddt 0.80 ptm 0.81 i_ptm 0.58 cmap_loss_binder 1.79
158 models [1] recycles 0 hard 0 soft 1 temp 0.18 loss 1.78 plddt 0.78 ptm 0.82 i_ptm 0.63 cmap_loss_binder 1.78
159 models [1] recycles 0 hard 0 soft 1 temp 0.18 loss 1.76 plddt 0.82 ptm 0.84 i_ptm 0.69 cmap_loss_binder 1.76
160 models [1] recycles 0 hard 0 soft 1 temp 0.17 loss 1.78 plddt 0.80 ptm 0.82 i_ptm 0.62 cmap_loss_binder 1.78
161 models [0] recycles 0 hard 0 soft 1 temp 0.16 loss 1.78 plddt 0.78 ptm 0.84 i_ptm 0.69 cmap_loss_binder 1.78
162 models [1] recycles 0 hard 0 soft 1 temp 0.15 loss 1.81 plddt 0.79 ptm 0.78 i_ptm 0.50 cmap_loss_binder 1.81
163 models [0] recycles 0 hard 0 soft 1 temp 0.15 loss 1.79 plddt 0.77 ptm 0.80 i_ptm 0.58 cmap_loss_binder 1.79
164 models [0] recycles 0 hard 0 soft 1 temp 0.14 loss 1.78 plddt 0.75 ptm 0.82 i_ptm 0.64 cmap_loss_binder 1.78
165 models [0] recycles 0 hard 0 soft 1 temp 0.13 loss 1.78 plddt 0.78 ptm 0.83 i_ptm 0.66 cmap_loss_binder 1.78
166 models [0] recycles 0 hard 0 soft 1 temp 0.12 loss 1.77 plddt 0.77 ptm 0.83 i_ptm 0.67 cmap_loss_binder 1.77
167 models [0] recycles 0 hard 0 soft 1 temp 0.12 loss 1.76 plddt 0.76 ptm 0.82 i_ptm 0.64 cmap_loss_binder 1.76
168 models [1] recycles 0 hard 0 soft 1 temp 0.11 loss 1.76 plddt 0.81 ptm 0.81 i_ptm 0.60 cmap_loss_binder 1.76
169 models [0] recycles 0 hard 0 soft 1 temp 0.11 loss 1.75 plddt 0.78 ptm 0.82 i_ptm 0.68 cmap_loss_binder 1.75
170 models [0] recycles 0 hard 0 soft 1 temp 0.10 loss 1.74 plddt 0.77 ptm 0.83 i_ptm 0.67 cmap_loss_binder 1.74
171 models [0] recycles 0 hard 0 soft 1 temp 0.09 loss 1.77 plddt 0.78 ptm 0.81 i_ptm 0.61 cmap_loss_binder 1.77
172 models [0] recycles 0 hard 0 soft 1 temp 0.09 loss 1.76 plddt 0.77 ptm 0.80 i_ptm 0.57 cmap_loss_binder 1.76
173 models [0] recycles 0 hard 0 soft 1 temp 0.08 loss 1.79 plddt 0.77 ptm 0.82 i_ptm 0.63 cmap_loss_binder 1.79
174 models [0] recycles 0 hard 0 soft 1 temp 0.08 loss 1.75 plddt 0.80 ptm 0.84 i_ptm 0.69 cmap_loss_binder 1.75
175 models [0] recycles 0 hard 0 soft 1 temp 0.07 loss 1.76 plddt 0.76 ptm 0.81 i_ptm 0.65 cmap_loss_binder 1.76
176 models [1] recycles 0 hard 0 soft 1 temp 0.07 loss 1.78 plddt 0.82 ptm 0.82 i_ptm 0.62 cmap_loss_binder 1.78
177 models [1] recycles 0 hard 0 soft 1 temp 0.06 loss 1.78 plddt 0.80 ptm 0.82 i_ptm 0.60 cmap_loss_binder 1.78
178 models [0] recycles 0 hard 0 soft 1 temp 0.06 loss 1.79 plddt 0.76 ptm 0.79 i_ptm 0.55 cmap_loss_binder 1.79
179 models [0] recycles 0 hard 0 soft 1 temp 0.05 loss 1.79 plddt 0.77 ptm 0.80 i_ptm 0.58 cmap_loss_binder 1.79
180 models [0] recycles 0 hard 0 soft 1 temp 0.05 loss 1.75 plddt 0.78 ptm 0.83 i_ptm 0.68 cmap_loss_binder 1.75
181 models [1] recycles 0 hard 0 soft 1 temp 0.05 loss 1.81 plddt 0.81 ptm 0.80 i_ptm 0.56 cmap_loss_binder 1.81
182 models [0] recycles 0 hard 0 soft 1 temp 0.04 loss 1.77 plddt 0.76 ptm 0.81 i_ptm 0.63 cmap_loss_binder 1.77
183 models [1] recycles 0 hard 0 soft 1 temp 0.04 loss 1.77 plddt 0.81 ptm 0.82 i_ptm 0.61 cmap_loss_binder 1.77
184 models [1] recycles 0 hard 0 soft 1 temp 0.04 loss 1.75 plddt 0.84 ptm 0.85 i_ptm 0.69 cmap_loss_binder 1.75
185 models [0] recycles 0 hard 0 soft 1 temp 0.03 loss 1.78 plddt 0.76 ptm 0.79 i_ptm 0.57 cmap_loss_binder 1.78
186 models [1] recycles 0 hard 0 soft 1 temp 0.03 loss 1.78 plddt 0.82 ptm 0.85 i_ptm 0.69 cmap_loss_binder 1.78
187 models [0] recycles 0 hard 0 soft 1 temp 0.03 loss 1.76 plddt 0.78 ptm 0.82 i_ptm 0.63 cmap_loss_binder 1.76
188 models [0] recycles 0 hard 0 soft 1 temp 0.02 loss 1.77 plddt 0.77 ptm 0.81 i_ptm 0.65 cmap_loss_binder 1.77
189 models [1] recycles 0 hard 0 soft 1 temp 0.02 loss 1.76 plddt 0.81 ptm 0.84 i_ptm 0.66 cmap_loss_binder 1.76
190 models [1] recycles 0 hard 0 soft 1 temp 0.02 loss 1.78 plddt 0.83 ptm 0.84 i_ptm 0.68 cmap_loss_binder 1.78
191 models [1] recycles 0 hard 0 soft 1 temp 0.02 loss 1.77 plddt 0.81 ptm 0.82 i_ptm 0.61 cmap_loss_binder 1.77
192 models [1] recycles 0 hard 0 soft 1 temp 0.02 loss 1.78 plddt 0.83 ptm 0.82 i_ptm 0.62 cmap_loss_binder 1.78
193 models [0] recycles 0 hard 0 soft 1 temp 0.01 loss 1.77 plddt 0.79 ptm 0.82 i_ptm 0.66 cmap_loss_binder 1.77
194 models [0] recycles 0 hard 0 soft 1 temp 0.01 loss 1.76 plddt 0.78 ptm 0.82 i_ptm 0.66 cmap_loss_binder 1.76
195 models [0] recycles 0 hard 0 soft 1 temp 0.01 loss 1.77 plddt 0.77 ptm 0.83 i_ptm 0.68 cmap_loss_binder 1.77
196 models [0] recycles 0 hard 0 soft 1 temp 0.01 loss 1.77 plddt 0.78 ptm 0.83 i_ptm 0.66 cmap_loss_binder 1.77
197 models [1] recycles 0 hard 0 soft 1 temp 0.01 loss 1.96 plddt 0.82 ptm 0.72 i_ptm 0.33 cmap_loss_binder 1.96
198 models [0] recycles 0 hard 0 soft 1 temp 0.01 loss 1.76 plddt 0.80 ptm 0.82 i_ptm 0.67 cmap_loss_binder 1.76
199 models [0] recycles 0 hard 0 soft 1 temp 0.01 loss 1.74 plddt 0.76 ptm 0.82 i_ptm 0.66 cmap_loss_binder 1.74
200 models [0] recycles 0 hard 0 soft 1 temp 0.01 loss 1.76 plddt 0.78 ptm 0.82 i_ptm 0.67 cmap_loss_binder 1.76
Stage 3: running (hard)
201 models [0, 1] recycles 0 hard 1 soft 1 temp 0.01 loss 1.76 plddt 0.81 ptm 0.86 i_ptm 0.74 cmap_loss_binder 1.76
202 models [0, 1] recycles 0 hard 1 soft 1 temp 0.01 loss 1.76 plddt 0.81 ptm 0.86 i_ptm 0.74 cmap_loss_binder 1.76
203 models [0, 1] recycles 0 hard 1 soft 1 temp 0.01 loss 1.76 plddt 0.81 ptm 0.86 i_ptm 0.74 cmap_loss_binder 1.76
204 models [0, 1] recycles 0 hard 1 soft 1 temp 0.01 loss 1.76 plddt 0.81 ptm 0.86 i_ptm 0.72 cmap_loss_binder 1.76
205 models [0, 1] recycles 0 hard 1 soft 1 temp 0.01 loss 1.76 plddt 0.81 ptm 0.86 i_ptm 0.74 cmap_loss_binder 1.76
206 models [0, 1] recycles 0 hard 1 soft 1 temp 0.01 loss 1.76 plddt 0.81 ptm 0.86 i_ptm 0.72 cmap_loss_binder 1.76
207 models [0, 1] recycles 0 hard 1 soft 1 temp 0.01 loss 1.76 plddt 0.81 ptm 0.86 i_ptm 0.74 cmap_loss_binder 1.76
208 models [0, 1] recycles 0 hard 1 soft 1 temp 0.01 loss 1.76 plddt 0.82 ptm 0.86 i_ptm 0.73 cmap_loss_binder 1.76
209 models [0, 1] recycles 0 hard 1 soft 1 temp 0.01 loss 1.76 plddt 0.81 ptm 0.86 i_ptm 0.74 cmap_loss_binder 1.76
210 models [0, 1] recycles 0 hard 1 soft 1 temp 0.01 loss 1.76 plddt 0.82 ptm 0.86 i_ptm 0.73 cmap_loss_binder 1.76
211 models [0, 1] recycles 0 hard 1 soft 1 temp 0.01 loss 1.77 plddt 0.81 ptm 0.86 i_ptm 0.73 cmap_loss_binder 1.77
212 models [0, 1] recycles 0 hard 1 soft 1 temp 0.01 loss 1.76 plddt 0.81 ptm 0.86 i_ptm 0.72 cmap_loss_binder 1.76
213 models [0, 1] recycles 0 hard 1 soft 1 temp 0.01 loss 1.76 plddt 0.81 ptm 0.86 i_ptm 0.74 cmap_loss_binder 1.76
214 models [0, 1] recycles 0 hard 1 soft 1 temp 0.01 loss 1.76 plddt 0.81 ptm 0.86 i_ptm 0.74 cmap_loss_binder 1.76
215 models [0, 1] recycles 0 hard 1 soft 1 temp 0.01 loss 1.76 plddt 0.81 ptm 0.86 i_ptm 0.72 cmap_loss_binder 1.76
216 models [0, 1] recycles 0 hard 1 soft 1 temp 0.01 loss 1.76 plddt 0.81 ptm 0.86 i_ptm 0.74 cmap_loss_binder 1.76
217 models [0, 1] recycles 0 hard 1 soft 1 temp 0.01 loss 1.76 plddt 0.81 ptm 0.86 i_ptm 0.74 cmap_loss_binder 1.76
218 models [0, 1] recycles 0 hard 1 soft 1 temp 0.01 loss 1.76 plddt 0.81 ptm 0.86 i_ptm 0.72 cmap_loss_binder 1.76
219 models [0, 1] recycles 0 hard 1 soft 1 temp 0.01 loss 1.76 plddt 0.81 ptm 0.86 i_ptm 0.74 cmap_loss_binder 1.76
220 models [0, 1] recycles 0 hard 1 soft 1 temp 0.01 loss 1.76 plddt 0.81 ptm 0.86 i_ptm 0.74 cmap_loss_binder 1.76
Predicting sequences with AF2_ptm...
predict: traj_1_0 plddt: 0.919, i_pae: 0.163, i_ptm: 0.831, cmap_loss: 1.865
predict: traj_1_1 plddt: 0.882, i_pae: 0.175, i_ptm: 0.826, cmap_loss: 1.809
