CMAP of binder (monomer plddt: 0.908)
Stage 1: running (logits → soft)
1 models [1] recycles 0 hard 0 soft 0.01 temp 1 loss 3.94 plddt 0.49 ptm 0.52 i_ptm 0.06 cmap_loss_binder 3.94
2 models [1] recycles 0 hard 0 soft 0.02 temp 1 loss 3.88 plddt 0.90 ptm 0.52 i_ptm 0.06 cmap_loss_binder 3.88
3 models [0] recycles 0 hard 0 soft 0.03 temp 1 loss 3.82 plddt 0.75 ptm 0.53 i_ptm 0.09 cmap_loss_binder 3.82
4 models [1] recycles 0 hard 0 soft 0.04 temp 1 loss 3.87 plddt 0.60 ptm 0.53 i_ptm 0.06 cmap_loss_binder 3.87
5 models [0] recycles 0 hard 0 soft 0.05 temp 1 loss 3.84 plddt 0.74 ptm 0.53 i_ptm 0.10 cmap_loss_binder 3.84
6 models [1] recycles 0 hard 0 soft 0.06 temp 1 loss 3.84 plddt 0.81 ptm 0.53 i_ptm 0.08 cmap_loss_binder 3.84
7 models [0] recycles 0 hard 0 soft 0.07 temp 1 loss 3.82 plddt 0.71 ptm 0.53 i_ptm 0.10 cmap_loss_binder 3.82
8 models [0] recycles 0 hard 0 soft 0.08 temp 1 loss 3.80 plddt 0.81 ptm 0.53 i_ptm 0.09 cmap_loss_binder 3.80
9 models [1] recycles 0 hard 0 soft 0.09 temp 1 loss 3.82 plddt 0.71 ptm 0.53 i_ptm 0.07 cmap_loss_binder 3.82
10 models [1] recycles 0 hard 0 soft 0.10 temp 1 loss 3.80 plddt 0.76 ptm 0.53 i_ptm 0.08 cmap_loss_binder 3.80
11 models [0] recycles 0 hard 0 soft 0.11 temp 1 loss 3.78 plddt 0.78 ptm 0.53 i_ptm 0.09 cmap_loss_binder 3.78
12 models [0] recycles 0 hard 0 soft 0.12 temp 1 loss 3.75 plddt 0.68 ptm 0.53 i_ptm 0.10 cmap_loss_binder 3.75
13 models [1] recycles 0 hard 0 soft 0.13 temp 1 loss 3.75 plddt 0.69 ptm 0.53 i_ptm 0.07 cmap_loss_binder 3.75
14 models [0] recycles 0 hard 0 soft 0.14 temp 1 loss 3.69 plddt 0.71 ptm 0.55 i_ptm 0.16 cmap_loss_binder 3.69
15 models [1] recycles 0 hard 0 soft 0.15 temp 1 loss 3.73 plddt 0.62 ptm 0.54 i_ptm 0.10 cmap_loss_binder 3.73
16 models [0] recycles 0 hard 0 soft 0.16 temp 1 loss 3.68 plddt 0.63 ptm 0.56 i_ptm 0.28 cmap_loss_binder 3.68
17 models [1] recycles 0 hard 0 soft 0.17 temp 1 loss 3.67 plddt 0.71 ptm 0.57 i_ptm 0.27 cmap_loss_binder 3.67
18 models [0] recycles 0 hard 0 soft 0.18 temp 1 loss 3.60 plddt 0.66 ptm 0.60 i_ptm 0.47 cmap_loss_binder 3.60
19 models [0] recycles 0 hard 0 soft 0.19 temp 1 loss 3.59 plddt 0.68 ptm 0.59 i_ptm 0.42 cmap_loss_binder 3.59
20 models [1] recycles 0 hard 0 soft 0.20 temp 1 loss 3.66 plddt 0.61 ptm 0.56 i_ptm 0.20 cmap_loss_binder 3.66
21 models [0] recycles 0 hard 0 soft 0.21 temp 1 loss 3.58 plddt 0.53 ptm 0.59 i_ptm 0.47 cmap_loss_binder 3.58
22 models [1] recycles 0 hard 0 soft 0.22 temp 1 loss 3.73 plddt 0.67 ptm 0.54 i_ptm 0.14 cmap_loss_binder 3.73
23 models [1] recycles 0 hard 0 soft 0.23 temp 1 loss 3.61 plddt 0.58 ptm 0.61 i_ptm 0.58 cmap_loss_binder 3.61
24 models [0] recycles 0 hard 0 soft 0.24 temp 1 loss 3.56 plddt 0.60 ptm 0.58 i_ptm 0.23 cmap_loss_binder 3.56
25 models [1] recycles 0 hard 0 soft 0.25 temp 1 loss 3.58 plddt 0.60 ptm 0.62 i_ptm 0.60 cmap_loss_binder 3.58
26 models [1] recycles 0 hard 0 soft 0.26 temp 1 loss 3.57 plddt 0.61 ptm 0.61 i_ptm 0.62 cmap_loss_binder 3.57
27 models [0] recycles 0 hard 0 soft 0.27 temp 1 loss 3.53 plddt 0.65 ptm 0.58 i_ptm 0.28 cmap_loss_binder 3.53
28 models [0] recycles 0 hard 0 soft 0.28 temp 1 loss 3.60 plddt 0.55 ptm 0.59 i_ptm 0.39 cmap_loss_binder 3.60
29 models [0] recycles 0 hard 0 soft 0.29 temp 1 loss 3.52 plddt 0.55 ptm 0.58 i_ptm 0.37 cmap_loss_binder 3.52
30 models [1] recycles 0 hard 0 soft 0.30 temp 1 loss 3.62 plddt 0.60 ptm 0.56 i_ptm 0.32 cmap_loss_binder 3.62
31 models [1] recycles 0 hard 0 soft 0.31 temp 1 loss 3.58 plddt 0.56 ptm 0.59 i_ptm 0.46 cmap_loss_binder 3.58
32 models [0] recycles 0 hard 0 soft 0.32 temp 1 loss 3.50 plddt 0.56 ptm 0.60 i_ptm 0.42 cmap_loss_binder 3.50
33 models [1] recycles 0 hard 0 soft 0.33 temp 1 loss 3.49 plddt 0.57 ptm 0.59 i_ptm 0.47 cmap_loss_binder 3.49
34 models [0] recycles 0 hard 0 soft 0.34 temp 1 loss 3.39 plddt 0.51 ptm 0.60 i_ptm 0.40 cmap_loss_binder 3.39
35 models [0] recycles 0 hard 0 soft 0.35 temp 1 loss 3.27 plddt 0.50 ptm 0.63 i_ptm 0.47 cmap_loss_binder 3.27
36 models [0] recycles 0 hard 0 soft 0.36 temp 1 loss 3.26 plddt 0.53 ptm 0.63 i_ptm 0.58 cmap_loss_binder 3.26
37 models [0] recycles 0 hard 0 soft 0.37 temp 1 loss 3.18 plddt 0.52 ptm 0.64 i_ptm 0.57 cmap_loss_binder 3.18
38 models [0] recycles 0 hard 0 soft 0.38 temp 1 loss 3.10 plddt 0.52 ptm 0.65 i_ptm 0.55 cmap_loss_binder 3.10
39 models [1] recycles 0 hard 0 soft 0.39 temp 1 loss 3.22 plddt 0.50 ptm 0.61 i_ptm 0.43 cmap_loss_binder 3.22
40 models [1] recycles 0 hard 0 soft 0.40 temp 1 loss 3.12 plddt 0.51 ptm 0.63 i_ptm 0.57 cmap_loss_binder 3.12
41 models [0] recycles 0 hard 0 soft 0.41 temp 1 loss 3.01 plddt 0.50 ptm 0.65 i_ptm 0.64 cmap_loss_binder 3.01
42 models [0] recycles 0 hard 0 soft 0.42 temp 1 loss 3.10 plddt 0.49 ptm 0.62 i_ptm 0.51 cmap_loss_binder 3.10
43 models [1] recycles 0 hard 0 soft 0.43 temp 1 loss 3.17 plddt 0.45 ptm 0.59 i_ptm 0.35 cmap_loss_binder 3.17
44 models [1] recycles 0 hard 0 soft 0.44 temp 1 loss 3.01 plddt 0.51 ptm 0.64 i_ptm 0.57 cmap_loss_binder 3.01
45 models [1] recycles 0 hard 0 soft 0.45 temp 1 loss 3.00 plddt 0.54 ptm 0.65 i_ptm 0.61 cmap_loss_binder 3.00
46 models [1] recycles 0 hard 0 soft 0.46 temp 1 loss 2.90 plddt 0.51 ptm 0.65 i_ptm 0.65 cmap_loss_binder 2.90
47 models [0] recycles 0 hard 0 soft 0.47 temp 1 loss 2.84 plddt 0.50 ptm 0.66 i_ptm 0.59 cmap_loss_binder 2.84
48 models [0] recycles 0 hard 0 soft 0.48 temp 1 loss 2.82 plddt 0.54 ptm 0.65 i_ptm 0.50 cmap_loss_binder 2.82
49 models [0] recycles 0 hard 0 soft 0.49 temp 1 loss 2.69 plddt 0.48 ptm 0.67 i_ptm 0.59 cmap_loss_binder 2.69
50 models [0] recycles 0 hard 0 soft 0.50 temp 1 loss 2.56 plddt 0.51 ptm 0.69 i_ptm 0.62 cmap_loss_binder 2.56
51 models [0] recycles 0 hard 0 soft 0.51 temp 1 loss 2.53 plddt 0.56 ptm 0.72 i_ptm 0.63 cmap_loss_binder 2.53
52 models [1] recycles 0 hard 0 soft 0.52 temp 1 loss 2.70 plddt 0.51 ptm 0.61 i_ptm 0.40 cmap_loss_binder 2.70
53 models [1] recycles 0 hard 0 soft 0.53 temp 1 loss 2.62 plddt 0.61 ptm 0.70 i_ptm 0.64 cmap_loss_binder 2.62
54 models [1] recycles 0 hard 0 soft 0.54 temp 1 loss 2.61 plddt 0.55 ptm 0.66 i_ptm 0.51 cmap_loss_binder 2.61
55 models [0] recycles 0 hard 0 soft 0.55 temp 1 loss 2.48 plddt 0.58 ptm 0.73 i_ptm 0.64 cmap_loss_binder 2.48
56 models [1] recycles 0 hard 0 soft 0.56 temp 1 loss 2.60 plddt 0.54 ptm 0.66 i_ptm 0.53 cmap_loss_binder 2.60
57 models [0] recycles 0 hard 0 soft 0.57 temp 1 loss 2.44 plddt 0.59 ptm 0.74 i_ptm 0.67 cmap_loss_binder 2.44
58 models [0] recycles 0 hard 0 soft 0.58 temp 1 loss 2.46 plddt 0.56 ptm 0.70 i_ptm 0.59 cmap_loss_binder 2.46
59 models [1] recycles 0 hard 0 soft 0.59 temp 1 loss 2.57 plddt 0.61 ptm 0.69 i_ptm 0.56 cmap_loss_binder 2.57
60 models [1] recycles 0 hard 0 soft 0.60 temp 1 loss 2.51 plddt 0.57 ptm 0.69 i_ptm 0.57 cmap_loss_binder 2.51
61 models [1] recycles 0 hard 0 soft 0.61 temp 1 loss 2.51 plddt 0.60 ptm 0.71 i_ptm 0.63 cmap_loss_binder 2.51
62 models [1] recycles 0 hard 0 soft 0.62 temp 1 loss 2.48 plddt 0.61 ptm 0.70 i_ptm 0.58 cmap_loss_binder 2.48
63 models [1] recycles 0 hard 0 soft 0.63 temp 1 loss 2.46 plddt 0.60 ptm 0.73 i_ptm 0.66 cmap_loss_binder 2.46
64 models [1] recycles 0 hard 0 soft 0.64 temp 1 loss 2.42 plddt 0.62 ptm 0.73 i_ptm 0.65 cmap_loss_binder 2.42
65 models [1] recycles 0 hard 0 soft 0.65 temp 1 loss 2.40 plddt 0.60 ptm 0.72 i_ptm 0.64 cmap_loss_binder 2.40
66 models [1] recycles 0 hard 0 soft 0.66 temp 1 loss 2.43 plddt 0.63 ptm 0.72 i_ptm 0.59 cmap_loss_binder 2.43
67 models [0] recycles 0 hard 0 soft 0.67 temp 1 loss 2.45 plddt 0.60 ptm 0.73 i_ptm 0.65 cmap_loss_binder 2.45
68 models [1] recycles 0 hard 0 soft 0.68 temp 1 loss 2.39 plddt 0.60 ptm 0.72 i_ptm 0.61 cmap_loss_binder 2.39
69 models [1] recycles 0 hard 0 soft 0.69 temp 1 loss 2.38 plddt 0.60 ptm 0.71 i_ptm 0.63 cmap_loss_binder 2.38
70 models [1] recycles 0 hard 0 soft 0.70 temp 1 loss 2.41 plddt 0.60 ptm 0.74 i_ptm 0.65 cmap_loss_binder 2.41
71 models [0] recycles 0 hard 0 soft 0.71 temp 1 loss 2.40 plddt 0.61 ptm 0.73 i_ptm 0.59 cmap_loss_binder 2.40
72 models [1] recycles 0 hard 0 soft 0.72 temp 1 loss 2.38 plddt 0.61 ptm 0.72 i_ptm 0.60 cmap_loss_binder 2.38
73 models [1] recycles 0 hard 0 soft 0.73 temp 1 loss 2.41 plddt 0.57 ptm 0.68 i_ptm 0.56 cmap_loss_binder 2.41
74 models [1] recycles 0 hard 0 soft 0.74 temp 1 loss 2.38 plddt 0.60 ptm 0.71 i_ptm 0.62 cmap_loss_binder 2.38
75 models [0] recycles 0 hard 0 soft 0.75 temp 1 loss 2.38 plddt 0.63 ptm 0.76 i_ptm 0.65 cmap_loss_binder 2.38
76 models [0] recycles 0 hard 0 soft 0.76 temp 1 loss 2.37 plddt 0.60 ptm 0.73 i_ptm 0.62 cmap_loss_binder 2.37
77 models [1] recycles 0 hard 0 soft 0.77 temp 1 loss 2.56 plddt 0.53 ptm 0.66 i_ptm 0.59 cmap_loss_binder 2.56
78 models [0] recycles 0 hard 0 soft 0.78 temp 1 loss 2.38 plddt 0.60 ptm 0.70 i_ptm 0.55 cmap_loss_binder 2.38
79 models [1] recycles 0 hard 0 soft 0.79 temp 1 loss 2.42 plddt 0.57 ptm 0.68 i_ptm 0.52 cmap_loss_binder 2.42
80 models [0] recycles 0 hard 0 soft 0.80 temp 1 loss 2.39 plddt 0.59 ptm 0.71 i_ptm 0.61 cmap_loss_binder 2.39
81 models [0] recycles 0 hard 0 soft 0.81 temp 1 loss 2.32 plddt 0.57 ptm 0.71 i_ptm 0.61 cmap_loss_binder 2.32
82 models [1] recycles 0 hard 0 soft 0.82 temp 1 loss 2.39 plddt 0.63 ptm 0.70 i_ptm 0.57 cmap_loss_binder 2.39
83 models [0] recycles 0 hard 0 soft 0.83 temp 1 loss 2.34 plddt 0.56 ptm 0.70 i_ptm 0.58 cmap_loss_binder 2.34
84 models [1] recycles 0 hard 0 soft 0.84 temp 1 loss 2.52 plddt 0.46 ptm 0.64 i_ptm 0.59 cmap_loss_binder 2.52
85 models [0] recycles 0 hard 0 soft 0.85 temp 1 loss 2.38 plddt 0.58 ptm 0.71 i_ptm 0.63 cmap_loss_binder 2.38
86 models [1] recycles 0 hard 0 soft 0.86 temp 1 loss 2.49 plddt 0.47 ptm 0.64 i_ptm 0.55 cmap_loss_binder 2.49
87 models [0] recycles 0 hard 0 soft 0.87 temp 1 loss 2.41 plddt 0.61 ptm 0.69 i_ptm 0.50 cmap_loss_binder 2.41
88 models [0] recycles 0 hard 0 soft 0.88 temp 1 loss 2.33 plddt 0.58 ptm 0.71 i_ptm 0.63 cmap_loss_binder 2.33
89 models [0] recycles 0 hard 0 soft 0.89 temp 1 loss 2.36 plddt 0.55 ptm 0.67 i_ptm 0.52 cmap_loss_binder 2.36
90 models [1] recycles 0 hard 0 soft 0.90 temp 1 loss 2.50 plddt 0.53 ptm 0.64 i_ptm 0.49 cmap_loss_binder 2.50
91 models [0] recycles 0 hard 0 soft 0.91 temp 1 loss 2.36 plddt 0.62 ptm 0.72 i_ptm 0.61 cmap_loss_binder 2.36
92 models [1] recycles 0 hard 0 soft 0.92 temp 1 loss 2.51 plddt 0.52 ptm 0.62 i_ptm 0.42 cmap_loss_binder 2.51
93 models [1] recycles 0 hard 0 soft 0.93 temp 1 loss 2.40 plddt 0.60 ptm 0.68 i_ptm 0.54 cmap_loss_binder 2.40
94 models [1] recycles 0 hard 0 soft 0.94 temp 1 loss 2.74 plddt 0.53 ptm 0.56 i_ptm 0.14 cmap_loss_binder 2.74
95 models [1] recycles 0 hard 0 soft 0.95 temp 1 loss 2.58 plddt 0.60 ptm 0.62 i_ptm 0.33 cmap_loss_binder 2.58
96 models [1] recycles 0 hard 0 soft 0.96 temp 1 loss 2.59 plddt 0.53 ptm 0.60 i_ptm 0.30 cmap_loss_binder 2.59
97 models [1] recycles 0 hard 0 soft 0.97 temp 1 loss 2.53 plddt 0.53 ptm 0.63 i_ptm 0.46 cmap_loss_binder 2.53
98 models [1] recycles 0 hard 0 soft 0.98 temp 1 loss 2.54 plddt 0.53 ptm 0.62 i_ptm 0.36 cmap_loss_binder 2.54
99 models [0] recycles 0 hard 0 soft 0.99 temp 1 loss 2.40 plddt 0.58 ptm 0.70 i_ptm 0.57 cmap_loss_binder 2.40
100 models [1] recycles 0 hard 0 soft 1 temp 1 loss 2.70 plddt 0.52 ptm 0.57 i_ptm 0.17 cmap_loss_binder 2.70
Stage 2: running (soft → hard)
101 models [0] recycles 0 hard 0 soft 1 temp 0.98 loss 2.42 plddt 0.57 ptm 0.68 i_ptm 0.53 cmap_loss_binder 2.42
102 models [1] recycles 0 hard 0 soft 1 temp 0.96 loss 2.52 plddt 0.56 ptm 0.65 i_ptm 0.44 cmap_loss_binder 2.52
103 models [0] recycles 0 hard 0 soft 1 temp 0.94 loss 2.41 plddt 0.57 ptm 0.68 i_ptm 0.49 cmap_loss_binder 2.41
104 models [0] recycles 0 hard 0 soft 1 temp 0.92 loss 2.36 plddt 0.59 ptm 0.70 i_ptm 0.53 cmap_loss_binder 2.36
105 models [1] recycles 0 hard 0 soft 1 temp 0.90 loss 2.47 plddt 0.63 ptm 0.68 i_ptm 0.52 cmap_loss_binder 2.47
106 models [1] recycles 0 hard 0 soft 1 temp 0.88 loss 2.62 plddt 0.47 ptm 0.62 i_ptm 0.42 cmap_loss_binder 2.62
107 models [1] recycles 0 hard 0 soft 1 temp 0.87 loss 2.50 plddt 0.51 ptm 0.66 i_ptm 0.56 cmap_loss_binder 2.50
108 models [0] recycles 0 hard 0 soft 1 temp 0.85 loss 2.38 plddt 0.57 ptm 0.71 i_ptm 0.54 cmap_loss_binder 2.38
109 models [1] recycles 0 hard 0 soft 1 temp 0.83 loss 2.47 plddt 0.60 ptm 0.65 i_ptm 0.44 cmap_loss_binder 2.47
110 models [1] recycles 0 hard 0 soft 1 temp 0.81 loss 2.46 plddt 0.54 ptm 0.66 i_ptm 0.50 cmap_loss_binder 2.46
111 models [1] recycles 0 hard 0 soft 1 temp 0.79 loss 2.42 plddt 0.58 ptm 0.68 i_ptm 0.55 cmap_loss_binder 2.42
112 models [0] recycles 0 hard 0 soft 1 temp 0.78 loss 2.37 plddt 0.58 ptm 0.70 i_ptm 0.51 cmap_loss_binder 2.37
113 models [1] recycles 0 hard 0 soft 1 temp 0.76 loss 2.44 plddt 0.57 ptm 0.64 i_ptm 0.41 cmap_loss_binder 2.44
114 models [1] recycles 0 hard 0 soft 1 temp 0.74 loss 2.47 plddt 0.61 ptm 0.67 i_ptm 0.51 cmap_loss_binder 2.47
115 models [0] recycles 0 hard 0 soft 1 temp 0.73 loss 2.37 plddt 0.57 ptm 0.72 i_ptm 0.58 cmap_loss_binder 2.37
116 models [1] recycles 0 hard 0 soft 1 temp 0.71 loss 2.38 plddt 0.56 ptm 0.68 i_ptm 0.56 cmap_loss_binder 2.38
117 models [1] recycles 0 hard 0 soft 1 temp 0.69 loss 2.43 plddt 0.56 ptm 0.66 i_ptm 0.44 cmap_loss_binder 2.43
118 models [0] recycles 0 hard 0 soft 1 temp 0.68 loss 2.33 plddt 0.59 ptm 0.73 i_ptm 0.62 cmap_loss_binder 2.33
119 models [0] recycles 0 hard 0 soft 1 temp 0.66 loss 2.36 plddt 0.56 ptm 0.69 i_ptm 0.53 cmap_loss_binder 2.36
120 models [0] recycles 0 hard 0 soft 1 temp 0.64 loss 2.36 plddt 0.61 ptm 0.70 i_ptm 0.55 cmap_loss_binder 2.36
121 models [1] recycles 0 hard 0 soft 1 temp 0.63 loss 2.42 plddt 0.56 ptm 0.67 i_ptm 0.57 cmap_loss_binder 2.42
122 models [1] recycles 0 hard 0 soft 1 temp 0.61 loss 2.45 plddt 0.55 ptm 0.66 i_ptm 0.48 cmap_loss_binder 2.45
123 models [0] recycles 0 hard 0 soft 1 temp 0.60 loss 2.34 plddt 0.55 ptm 0.71 i_ptm 0.57 cmap_loss_binder 2.34
124 models [0] recycles 0 hard 0 soft 1 temp 0.58 loss 2.33 plddt 0.56 ptm 0.72 i_ptm 0.61 cmap_loss_binder 2.33
125 models [1] recycles 0 hard 0 soft 1 temp 0.57 loss 2.36 plddt 0.57 ptm 0.67 i_ptm 0.53 cmap_loss_binder 2.36
126 models [1] recycles 0 hard 0 soft 1 temp 0.55 loss 2.41 plddt 0.57 ptm 0.66 i_ptm 0.49 cmap_loss_binder 2.41
127 models [1] recycles 0 hard 0 soft 1 temp 0.54 loss 2.38 plddt 0.61 ptm 0.71 i_ptm 0.62 cmap_loss_binder 2.38
128 models [0] recycles 0 hard 0 soft 1 temp 0.52 loss 2.34 plddt 0.56 ptm 0.70 i_ptm 0.54 cmap_loss_binder 2.34
129 models [0] recycles 0 hard 0 soft 1 temp 0.51 loss 2.38 plddt 0.53 ptm 0.66 i_ptm 0.39 cmap_loss_binder 2.38
130 models [1] recycles 0 hard 0 soft 1 temp 0.50 loss 2.38 plddt 0.57 ptm 0.68 i_ptm 0.52 cmap_loss_binder 2.38
131 models [1] recycles 0 hard 0 soft 1 temp 0.48 loss 2.40 plddt 0.55 ptm 0.67 i_ptm 0.52 cmap_loss_binder 2.40
132 models [1] recycles 0 hard 0 soft 1 temp 0.47 loss 2.42 plddt 0.61 ptm 0.69 i_ptm 0.58 cmap_loss_binder 2.42
133 models [0] recycles 0 hard 0 soft 1 temp 0.45 loss 2.35 plddt 0.60 ptm 0.73 i_ptm 0.56 cmap_loss_binder 2.35
134 models [0] recycles 0 hard 0 soft 1 temp 0.44 loss 2.35 plddt 0.60 ptm 0.72 i_ptm 0.55 cmap_loss_binder 2.35
135 models [1] recycles 0 hard 0 soft 1 temp 0.43 loss 2.37 plddt 0.58 ptm 0.69 i_ptm 0.56 cmap_loss_binder 2.37
136 models [0] recycles 0 hard 0 soft 1 temp 0.42 loss 2.33 plddt 0.57 ptm 0.70 i_ptm 0.53 cmap_loss_binder 2.33
137 models [1] recycles 0 hard 0 soft 1 temp 0.40 loss 2.49 plddt 0.55 ptm 0.62 i_ptm 0.39 cmap_loss_binder 2.49
138 models [0] recycles 0 hard 0 soft 1 temp 0.39 loss 2.34 plddt 0.58 ptm 0.70 i_ptm 0.53 cmap_loss_binder 2.34
139 models [0] recycles 0 hard 0 soft 1 temp 0.38 loss 2.30 plddt 0.59 ptm 0.72 i_ptm 0.59 cmap_loss_binder 2.30
140 models [0] recycles 0 hard 0 soft 1 temp 0.37 loss 2.35 plddt 0.53 ptm 0.68 i_ptm 0.52 cmap_loss_binder 2.35
141 models [0] recycles 0 hard 0 soft 1 temp 0.35 loss 2.33 plddt 0.57 ptm 0.71 i_ptm 0.54 cmap_loss_binder 2.33
142 models [1] recycles 0 hard 0 soft 1 temp 0.34 loss 2.38 plddt 0.58 ptm 0.67 i_ptm 0.50 cmap_loss_binder 2.38
143 models [1] recycles 0 hard 0 soft 1 temp 0.33 loss 2.41 plddt 0.58 ptm 0.68 i_ptm 0.60 cmap_loss_binder 2.41
144 models [1] recycles 0 hard 0 soft 1 temp 0.32 loss 2.38 plddt 0.56 ptm 0.67 i_ptm 0.55 cmap_loss_binder 2.38
145 models [1] recycles 0 hard 0 soft 1 temp 0.31 loss 2.53 plddt 0.61 ptm 0.63 i_ptm 0.35 cmap_loss_binder 2.53
146 models [1] recycles 0 hard 0 soft 1 temp 0.30 loss 2.39 plddt 0.61 ptm 0.69 i_ptm 0.51 cmap_loss_binder 2.39
147 models [1] recycles 0 hard 0 soft 1 temp 0.29 loss 2.42 plddt 0.63 ptm 0.69 i_ptm 0.54 cmap_loss_binder 2.42
148 models [1] recycles 0 hard 0 soft 1 temp 0.28 loss 2.51 plddt 0.49 ptm 0.63 i_ptm 0.45 cmap_loss_binder 2.51
149 models [0] recycles 0 hard 0 soft 1 temp 0.27 loss 2.32 plddt 0.60 ptm 0.73 i_ptm 0.59 cmap_loss_binder 2.32
150 models [1] recycles 0 hard 0 soft 1 temp 0.26 loss 2.42 plddt 0.53 ptm 0.67 i_ptm 0.56 cmap_loss_binder 2.42
151 models [0] recycles 0 hard 0 soft 1 temp 0.25 loss 2.37 plddt 0.55 ptm 0.67 i_ptm 0.42 cmap_loss_binder 2.37
152 models [0] recycles 0 hard 0 soft 1 temp 0.24 loss 2.32 plddt 0.57 ptm 0.70 i_ptm 0.58 cmap_loss_binder 2.32
153 models [1] recycles 0 hard 0 soft 1 temp 0.23 loss 2.36 plddt 0.56 ptm 0.68 i_ptm 0.54 cmap_loss_binder 2.36
154 models [1] recycles 0 hard 0 soft 1 temp 0.22 loss 2.41 plddt 0.56 ptm 0.65 i_ptm 0.43 cmap_loss_binder 2.41
155 models [0] recycles 0 hard 0 soft 1 temp 0.21 loss 2.32 plddt 0.56 ptm 0.69 i_ptm 0.47 cmap_loss_binder 2.32
156 models [1] recycles 0 hard 0 soft 1 temp 0.20 loss 2.40 plddt 0.56 ptm 0.67 i_ptm 0.53 cmap_loss_binder 2.40
157 models [1] recycles 0 hard 0 soft 1 temp 0.19 loss 2.39 plddt 0.63 ptm 0.70 i_ptm 0.57 cmap_loss_binder 2.39
158 models [1] recycles 0 hard 0 soft 1 temp 0.18 loss 2.52 plddt 0.53 ptm 0.62 i_ptm 0.36 cmap_loss_binder 2.52
159 models [1] recycles 0 hard 0 soft 1 temp 0.18 loss 2.38 plddt 0.56 ptm 0.67 i_ptm 0.58 cmap_loss_binder 2.38
160 models [1] recycles 0 hard 0 soft 1 temp 0.17 loss 2.44 plddt 0.53 ptm 0.65 i_ptm 0.51 cmap_loss_binder 2.44
161 models [0] recycles 0 hard 0 soft 1 temp 0.16 loss 2.35 plddt 0.57 ptm 0.68 i_ptm 0.41 cmap_loss_binder 2.35
162 models [1] recycles 0 hard 0 soft 1 temp 0.15 loss 2.38 plddt 0.58 ptm 0.69 i_ptm 0.51 cmap_loss_binder 2.38
163 models [0] recycles 0 hard 0 soft 1 temp 0.15 loss 2.37 plddt 0.58 ptm 0.69 i_ptm 0.46 cmap_loss_binder 2.37
164 models [0] recycles 0 hard 0 soft 1 temp 0.14 loss 2.40 plddt 0.51 ptm 0.68 i_ptm 0.48 cmap_loss_binder 2.40
165 models [0] recycles 0 hard 0 soft 1 temp 0.13 loss 2.36 plddt 0.60 ptm 0.71 i_ptm 0.55 cmap_loss_binder 2.36
166 models [0] recycles 0 hard 0 soft 1 temp 0.12 loss 2.36 plddt 0.53 ptm 0.67 i_ptm 0.52 cmap_loss_binder 2.36
167 models [0] recycles 0 hard 0 soft 1 temp 0.12 loss 2.34 plddt 0.58 ptm 0.70 i_ptm 0.53 cmap_loss_binder 2.34
168 models [1] recycles 0 hard 0 soft 1 temp 0.11 loss 2.45 plddt 0.52 ptm 0.66 i_ptm 0.53 cmap_loss_binder 2.45
169 models [0] recycles 0 hard 0 soft 1 temp 0.11 loss 2.37 plddt 0.56 ptm 0.67 i_ptm 0.41 cmap_loss_binder 2.37
170 models [0] recycles 0 hard 0 soft 1 temp 0.10 loss 2.35 plddt 0.57 ptm 0.70 i_ptm 0.57 cmap_loss_binder 2.35
171 models [0] recycles 0 hard 0 soft 1 temp 0.09 loss 2.35 plddt 0.58 ptm 0.70 i_ptm 0.50 cmap_loss_binder 2.35
172 models [0] recycles 0 hard 0 soft 1 temp 0.09 loss 2.42 plddt 0.51 ptm 0.67 i_ptm 0.51 cmap_loss_binder 2.42
173 models [0] recycles 0 hard 0 soft 1 temp 0.08 loss 2.40 plddt 0.52 ptm 0.67 i_ptm 0.49 cmap_loss_binder 2.40
174 models [0] recycles 0 hard 0 soft 1 temp 0.08 loss 2.39 plddt 0.55 ptm 0.68 i_ptm 0.50 cmap_loss_binder 2.39
175 models [0] recycles 0 hard 0 soft 1 temp 0.07 loss 2.37 plddt 0.59 ptm 0.70 i_ptm 0.52 cmap_loss_binder 2.37
176 models [1] recycles 0 hard 0 soft 1 temp 0.07 loss 2.48 plddt 0.54 ptm 0.63 i_ptm 0.46 cmap_loss_binder 2.48
177 models [1] recycles 0 hard 0 soft 1 temp 0.06 loss 2.39 plddt 0.56 ptm 0.67 i_ptm 0.53 cmap_loss_binder 2.39
178 models [0] recycles 0 hard 0 soft 1 temp 0.06 loss 2.37 plddt 0.55 ptm 0.67 i_ptm 0.44 cmap_loss_binder 2.37
179 models [0] recycles 0 hard 0 soft 1 temp 0.05 loss 2.36 plddt 0.57 ptm 0.70 i_ptm 0.54 cmap_loss_binder 2.36
180 models [0] recycles 0 hard 0 soft 1 temp 0.05 loss 2.37 plddt 0.55 ptm 0.67 i_ptm 0.50 cmap_loss_binder 2.37
181 models [1] recycles 0 hard 0 soft 1 temp 0.05 loss 2.41 plddt 0.56 ptm 0.68 i_ptm 0.57 cmap_loss_binder 2.41
182 models [0] recycles 0 hard 0 soft 1 temp 0.04 loss 2.37 plddt 0.57 ptm 0.69 i_ptm 0.54 cmap_loss_binder 2.37
183 models [1] recycles 0 hard 0 soft 1 temp 0.04 loss 2.45 plddt 0.53 ptm 0.65 i_ptm 0.43 cmap_loss_binder 2.45
184 models [1] recycles 0 hard 0 soft 1 temp 0.04 loss 2.38 plddt 0.60 ptm 0.70 i_ptm 0.63 cmap_loss_binder 2.38
185 models [0] recycles 0 hard 0 soft 1 temp 0.03 loss 2.33 plddt 0.57 ptm 0.68 i_ptm 0.50 cmap_loss_binder 2.33
186 models [1] recycles 0 hard 0 soft 1 temp 0.03 loss 2.38 plddt 0.55 ptm 0.67 i_ptm 0.57 cmap_loss_binder 2.38
187 models [0] recycles 0 hard 0 soft 1 temp 0.03 loss 2.35 plddt 0.55 ptm 0.67 i_ptm 0.50 cmap_loss_binder 2.35
188 models [0] recycles 0 hard 0 soft 1 temp 0.02 loss 2.38 plddt 0.59 ptm 0.68 i_ptm 0.44 cmap_loss_binder 2.38
189 models [1] recycles 0 hard 0 soft 1 temp 0.02 loss 2.45 plddt 0.53 ptm 0.66 i_ptm 0.52 cmap_loss_binder 2.45
190 models [1] recycles 0 hard 0 soft 1 temp 0.02 loss 2.46 plddt 0.54 ptm 0.64 i_ptm 0.41 cmap_loss_binder 2.46
191 models [1] recycles 0 hard 0 soft 1 temp 0.02 loss 2.39 plddt 0.57 ptm 0.68 i_ptm 0.56 cmap_loss_binder 2.39
192 models [1] recycles 0 hard 0 soft 1 temp 0.02 loss 2.43 plddt 0.53 ptm 0.65 i_ptm 0.49 cmap_loss_binder 2.43
193 models [0] recycles 0 hard 0 soft 1 temp 0.01 loss 2.36 plddt 0.59 ptm 0.68 i_ptm 0.46 cmap_loss_binder 2.36
194 models [0] recycles 0 hard 0 soft 1 temp 0.01 loss 2.37 plddt 0.57 ptm 0.68 i_ptm 0.47 cmap_loss_binder 2.37
195 models [0] recycles 0 hard 0 soft 1 temp 0.01 loss 2.37 plddt 0.56 ptm 0.67 i_ptm 0.48 cmap_loss_binder 2.37
196 models [0] recycles 0 hard 0 soft 1 temp 0.01 loss 2.39 plddt 0.55 ptm 0.69 i_ptm 0.58 cmap_loss_binder 2.39
197 models [1] recycles 0 hard 0 soft 1 temp 0.01 loss 2.44 plddt 0.55 ptm 0.66 i_ptm 0.54 cmap_loss_binder 2.44
198 models [0] recycles 0 hard 0 soft 1 temp 0.01 loss 2.36 plddt 0.56 ptm 0.68 i_ptm 0.47 cmap_loss_binder 2.36
199 models [0] recycles 0 hard 0 soft 1 temp 0.01 loss 2.35 plddt 0.56 ptm 0.67 i_ptm 0.39 cmap_loss_binder 2.35
200 models [0] recycles 0 hard 0 soft 1 temp 0.01 loss 2.38 plddt 0.59 ptm 0.70 i_ptm 0.53 cmap_loss_binder 2.38
Stage 3: running (hard)
201 models [0, 1] recycles 0 hard 1 soft 1 temp 0.01 loss 2.37 plddt 0.60 ptm 0.72 i_ptm 0.60 cmap_loss_binder 2.37
202 models [0, 1] recycles 0 hard 1 soft 1 temp 0.01 loss 2.37 plddt 0.59 ptm 0.72 i_ptm 0.61 cmap_loss_binder 2.37
203 models [0, 1] recycles 0 hard 1 soft 1 temp 0.01 loss 2.36 plddt 0.58 ptm 0.71 i_ptm 0.59 cmap_loss_binder 2.36
204 models [0, 1] recycles 0 hard 1 soft 1 temp 0.01 loss 2.36 plddt 0.59 ptm 0.72 i_ptm 0.61 cmap_loss_binder 2.36
205 models [0, 1] recycles 0 hard 1 soft 1 temp 0.01 loss 2.35 plddt 0.58 ptm 0.71 i_ptm 0.59 cmap_loss_binder 2.35
206 models [0, 1] recycles 0 hard 1 soft 1 temp 0.01 loss 2.36 plddt 0.59 ptm 0.72 i_ptm 0.61 cmap_loss_binder 2.36
207 models [0, 1] recycles 0 hard 1 soft 1 temp 0.01 loss 2.36 plddt 0.59 ptm 0.71 i_ptm 0.57 cmap_loss_binder 2.36
208 models [0, 1] recycles 0 hard 1 soft 1 temp 0.01 loss 2.36 plddt 0.60 ptm 0.72 i_ptm 0.61 cmap_loss_binder 2.36
209 models [0, 1] recycles 0 hard 1 soft 1 temp 0.01 loss 2.36 plddt 0.59 ptm 0.72 i_ptm 0.61 cmap_loss_binder 2.36
210 models [0, 1] recycles 0 hard 1 soft 1 temp 0.01 loss 2.36 plddt 0.58 ptm 0.71 i_ptm 0.59 cmap_loss_binder 2.36
211 models [0, 1] recycles 0 hard 1 soft 1 temp 0.01 loss 2.35 plddt 0.58 ptm 0.71 i_ptm 0.59 cmap_loss_binder 2.35
212 models [0, 1] recycles 0 hard 1 soft 1 temp 0.01 loss 2.36 plddt 0.59 ptm 0.72 i_ptm 0.61 cmap_loss_binder 2.36
213 models [0, 1] recycles 0 hard 1 soft 1 temp 0.01 loss 2.36 plddt 0.59 ptm 0.71 i_ptm 0.57 cmap_loss_binder 2.36
214 models [0, 1] recycles 0 hard 1 soft 1 temp 0.01 loss 2.36 plddt 0.60 ptm 0.72 i_ptm 0.61 cmap_loss_binder 2.36
215 models [0, 1] recycles 0 hard 1 soft 1 temp 0.01 loss 2.35 plddt 0.58 ptm 0.71 i_ptm 0.59 cmap_loss_binder 2.35
216 models [0, 1] recycles 0 hard 1 soft 1 temp 0.01 loss 2.36 plddt 0.59 ptm 0.72 i_ptm 0.61 cmap_loss_binder 2.36
217 models [0, 1] recycles 0 hard 1 soft 1 temp 0.01 loss 2.36 plddt 0.60 ptm 0.72 i_ptm 0.61 cmap_loss_binder 2.36
218 models [0, 1] recycles 0 hard 1 soft 1 temp 0.01 loss 2.35 plddt 0.58 ptm 0.71 i_ptm 0.59 cmap_loss_binder 2.35
219 models [0, 1] recycles 0 hard 1 soft 1 temp 0.01 loss 2.36 plddt 0.59 ptm 0.72 i_ptm 0.61 cmap_loss_binder 2.36
220 models [0, 1] recycles 0 hard 1 soft 1 temp 0.01 loss 2.36 plddt 0.59 ptm 0.71 i_ptm 0.57 cmap_loss_binder 2.36
Predicting sequences with AF2_ptm...
predict: traj_1_0 plddt: 0.450, i_pae: 0.635, i_ptm: 0.345, cmap_loss: 3.190
predict: traj_1_1 plddt: 0.438, i_pae: 0.675, i_ptm: 0.278, cmap_loss: 2.799
