CMAP of binder (monomer plddt: 0.981)
Stage 1: running (logits → soft)
1 models [0] recycles 0 hard 0 soft 0.01 temp 1 loss 4.31 plddt 0.49 ptm 0.58 i_ptm 0.13 cmap_loss_binder 4.31
2 models [1] recycles 0 hard 0 soft 0.02 temp 1 loss 4.27 plddt 0.90 ptm 0.57 i_ptm 0.09 cmap_loss_binder 4.27
3 models [0] recycles 0 hard 0 soft 0.03 temp 1 loss 4.32 plddt 0.75 ptm 0.57 i_ptm 0.11 cmap_loss_binder 4.32
4 models [1] recycles 0 hard 0 soft 0.04 temp 1 loss 4.25 plddt 0.76 ptm 0.58 i_ptm 0.09 cmap_loss_binder 4.25
5 models [1] recycles 0 hard 0 soft 0.05 temp 1 loss 4.27 plddt 0.74 ptm 0.57 i_ptm 0.08 cmap_loss_binder 4.27
6 models [1] recycles 0 hard 0 soft 0.06 temp 1 loss 4.21 plddt 0.70 ptm 0.58 i_ptm 0.09 cmap_loss_binder 4.21
7 models [1] recycles 0 hard 0 soft 0.07 temp 1 loss 4.11 plddt 0.65 ptm 0.58 i_ptm 0.09 cmap_loss_binder 4.11
8 models [0] recycles 0 hard 0 soft 0.08 temp 1 loss 4.15 plddt 0.65 ptm 0.58 i_ptm 0.11 cmap_loss_binder 4.15
9 models [1] recycles 0 hard 0 soft 0.09 temp 1 loss 4.12 plddt 0.58 ptm 0.58 i_ptm 0.08 cmap_loss_binder 4.12
10 models [0] recycles 0 hard 0 soft 0.10 temp 1 loss 4.11 plddt 0.59 ptm 0.58 i_ptm 0.13 cmap_loss_binder 4.11
11 models [1] recycles 0 hard 0 soft 0.11 temp 1 loss 4.09 plddt 0.59 ptm 0.58 i_ptm 0.09 cmap_loss_binder 4.09
12 models [1] recycles 0 hard 0 soft 0.12 temp 1 loss 4.06 plddt 0.60 ptm 0.58 i_ptm 0.09 cmap_loss_binder 4.06
13 models [1] recycles 0 hard 0 soft 0.13 temp 1 loss 4.01 plddt 0.49 ptm 0.58 i_ptm 0.10 cmap_loss_binder 4.01
14 models [1] recycles 0 hard 0 soft 0.14 temp 1 loss 3.96 plddt 0.52 ptm 0.58 i_ptm 0.09 cmap_loss_binder 3.96
15 models [0] recycles 0 hard 0 soft 0.15 temp 1 loss 3.96 plddt 0.50 ptm 0.60 i_ptm 0.14 cmap_loss_binder 3.96
16 models [0] recycles 0 hard 0 soft 0.16 temp 1 loss 3.89 plddt 0.49 ptm 0.59 i_ptm 0.14 cmap_loss_binder 3.89
17 models [1] recycles 0 hard 0 soft 0.17 temp 1 loss 3.92 plddt 0.37 ptm 0.59 i_ptm 0.10 cmap_loss_binder 3.92
18 models [0] recycles 0 hard 0 soft 0.18 temp 1 loss 3.87 plddt 0.51 ptm 0.59 i_ptm 0.13 cmap_loss_binder 3.87
19 models [0] recycles 0 hard 0 soft 0.19 temp 1 loss 3.83 plddt 0.46 ptm 0.59 i_ptm 0.14 cmap_loss_binder 3.83
20 models [1] recycles 0 hard 0 soft 0.20 temp 1 loss 3.80 plddt 0.44 ptm 0.58 i_ptm 0.10 cmap_loss_binder 3.80
21 models [1] recycles 0 hard 0 soft 0.21 temp 1 loss 3.74 plddt 0.42 ptm 0.58 i_ptm 0.10 cmap_loss_binder 3.74
22 models [0] recycles 0 hard 0 soft 0.22 temp 1 loss 3.74 plddt 0.47 ptm 0.60 i_ptm 0.15 cmap_loss_binder 3.74
23 models [1] recycles 0 hard 0 soft 0.23 temp 1 loss 3.66 plddt 0.43 ptm 0.58 i_ptm 0.09 cmap_loss_binder 3.66
24 models [1] recycles 0 hard 0 soft 0.24 temp 1 loss 3.64 plddt 0.39 ptm 0.58 i_ptm 0.10 cmap_loss_binder 3.64
25 models [0] recycles 0 hard 0 soft 0.25 temp 1 loss 3.62 plddt 0.47 ptm 0.59 i_ptm 0.13 cmap_loss_binder 3.62
26 models [1] recycles 0 hard 0 soft 0.26 temp 1 loss 3.56 plddt 0.43 ptm 0.58 i_ptm 0.10 cmap_loss_binder 3.56
27 models [0] recycles 0 hard 0 soft 0.27 temp 1 loss 3.56 plddt 0.51 ptm 0.59 i_ptm 0.12 cmap_loss_binder 3.56
28 models [0] recycles 0 hard 0 soft 0.28 temp 1 loss 3.50 plddt 0.47 ptm 0.59 i_ptm 0.12 cmap_loss_binder 3.50
29 models [0] recycles 0 hard 0 soft 0.29 temp 1 loss 3.49 plddt 0.50 ptm 0.59 i_ptm 0.12 cmap_loss_binder 3.49
30 models [0] recycles 0 hard 0 soft 0.30 temp 1 loss 3.50 plddt 0.54 ptm 0.59 i_ptm 0.12 cmap_loss_binder 3.50
31 models [1] recycles 0 hard 0 soft 0.31 temp 1 loss 3.55 plddt 0.43 ptm 0.58 i_ptm 0.10 cmap_loss_binder 3.55
32 models [1] recycles 0 hard 0 soft 0.32 temp 1 loss 3.46 plddt 0.50 ptm 0.58 i_ptm 0.08 cmap_loss_binder 3.46
33 models [0] recycles 0 hard 0 soft 0.33 temp 1 loss 3.45 plddt 0.56 ptm 0.59 i_ptm 0.12 cmap_loss_binder 3.45
34 models [1] recycles 0 hard 0 soft 0.34 temp 1 loss 3.42 plddt 0.53 ptm 0.58 i_ptm 0.09 cmap_loss_binder 3.42
35 models [1] recycles 0 hard 0 soft 0.35 temp 1 loss 3.39 plddt 0.58 ptm 0.58 i_ptm 0.08 cmap_loss_binder 3.39
36 models [0] recycles 0 hard 0 soft 0.36 temp 1 loss 3.38 plddt 0.54 ptm 0.59 i_ptm 0.12 cmap_loss_binder 3.38
37 models [0] recycles 0 hard 0 soft 0.37 temp 1 loss 3.34 plddt 0.58 ptm 0.58 i_ptm 0.12 cmap_loss_binder 3.34
38 models [1] recycles 0 hard 0 soft 0.38 temp 1 loss 3.34 plddt 0.57 ptm 0.58 i_ptm 0.09 cmap_loss_binder 3.34
39 models [1] recycles 0 hard 0 soft 0.39 temp 1 loss 3.32 plddt 0.56 ptm 0.58 i_ptm 0.09 cmap_loss_binder 3.32
40 models [1] recycles 0 hard 0 soft 0.40 temp 1 loss 3.31 plddt 0.58 ptm 0.58 i_ptm 0.09 cmap_loss_binder 3.31
41 models [1] recycles 0 hard 0 soft 0.41 temp 1 loss 3.27 plddt 0.67 ptm 0.58 i_ptm 0.09 cmap_loss_binder 3.27
42 models [0] recycles 0 hard 0 soft 0.42 temp 1 loss 3.29 plddt 0.64 ptm 0.59 i_ptm 0.12 cmap_loss_binder 3.29
43 models [1] recycles 0 hard 0 soft 0.43 temp 1 loss 3.20 plddt 0.66 ptm 0.58 i_ptm 0.09 cmap_loss_binder 3.20
44 models [0] recycles 0 hard 0 soft 0.44 temp 1 loss 3.20 plddt 0.65 ptm 0.58 i_ptm 0.12 cmap_loss_binder 3.20
45 models [1] recycles 0 hard 0 soft 0.45 temp 1 loss 3.21 plddt 0.67 ptm 0.58 i_ptm 0.09 cmap_loss_binder 3.21
46 models [1] recycles 0 hard 0 soft 0.46 temp 1 loss 3.21 plddt 0.75 ptm 0.58 i_ptm 0.09 cmap_loss_binder 3.21
47 models [0] recycles 0 hard 0 soft 0.47 temp 1 loss 3.20 plddt 0.73 ptm 0.58 i_ptm 0.12 cmap_loss_binder 3.20
48 models [0] recycles 0 hard 0 soft 0.48 temp 1 loss 3.19 plddt 0.67 ptm 0.58 i_ptm 0.13 cmap_loss_binder 3.19
49 models [1] recycles 0 hard 0 soft 0.49 temp 1 loss 3.17 plddt 0.70 ptm 0.58 i_ptm 0.08 cmap_loss_binder 3.17
50 models [0] recycles 0 hard 0 soft 0.50 temp 1 loss 3.17 plddt 0.74 ptm 0.59 i_ptm 0.12 cmap_loss_binder 3.17
51 models [1] recycles 0 hard 0 soft 0.51 temp 1 loss 3.13 plddt 0.70 ptm 0.58 i_ptm 0.09 cmap_loss_binder 3.13
52 models [1] recycles 0 hard 0 soft 0.52 temp 1 loss 3.19 plddt 0.62 ptm 0.58 i_ptm 0.09 cmap_loss_binder 3.19
53 models [0] recycles 0 hard 0 soft 0.53 temp 1 loss 3.15 plddt 0.73 ptm 0.58 i_ptm 0.12 cmap_loss_binder 3.15
54 models [0] recycles 0 hard 0 soft 0.54 temp 1 loss 3.13 plddt 0.70 ptm 0.59 i_ptm 0.13 cmap_loss_binder 3.13
55 models [1] recycles 0 hard 0 soft 0.55 temp 1 loss 3.11 plddt 0.69 ptm 0.58 i_ptm 0.09 cmap_loss_binder 3.11
56 models [1] recycles 0 hard 0 soft 0.56 temp 1 loss 3.11 plddt 0.74 ptm 0.58 i_ptm 0.08 cmap_loss_binder 3.11
57 models [0] recycles 0 hard 0 soft 0.57 temp 1 loss 3.18 plddt 0.77 ptm 0.58 i_ptm 0.12 cmap_loss_binder 3.18
58 models [0] recycles 0 hard 0 soft 0.58 temp 1 loss 3.12 plddt 0.71 ptm 0.58 i_ptm 0.12 cmap_loss_binder 3.12
59 models [0] recycles 0 hard 0 soft 0.59 temp 1 loss 3.10 plddt 0.66 ptm 0.58 i_ptm 0.13 cmap_loss_binder 3.10
60 models [0] recycles 0 hard 0 soft 0.60 temp 1 loss 3.12 plddt 0.71 ptm 0.58 i_ptm 0.12 cmap_loss_binder 3.12
61 models [1] recycles 0 hard 0 soft 0.61 temp 1 loss 3.13 plddt 0.71 ptm 0.58 i_ptm 0.09 cmap_loss_binder 3.13
62 models [0] recycles 0 hard 0 soft 0.62 temp 1 loss 3.07 plddt 0.73 ptm 0.58 i_ptm 0.12 cmap_loss_binder 3.07
63 models [0] recycles 0 hard 0 soft 0.63 temp 1 loss 3.21 plddt 0.58 ptm 0.59 i_ptm 0.13 cmap_loss_binder 3.21
64 models [1] recycles 0 hard 0 soft 0.64 temp 1 loss 3.12 plddt 0.68 ptm 0.58 i_ptm 0.09 cmap_loss_binder 3.12
65 models [0] recycles 0 hard 0 soft 0.65 temp 1 loss 3.06 plddt 0.74 ptm 0.58 i_ptm 0.13 cmap_loss_binder 3.06
66 models [1] recycles 0 hard 0 soft 0.66 temp 1 loss 3.12 plddt 0.61 ptm 0.58 i_ptm 0.10 cmap_loss_binder 3.12
67 models [1] recycles 0 hard 0 soft 0.67 temp 1 loss 3.08 plddt 0.73 ptm 0.58 i_ptm 0.10 cmap_loss_binder 3.08
68 models [1] recycles 0 hard 0 soft 0.68 temp 1 loss 3.07 plddt 0.73 ptm 0.58 i_ptm 0.09 cmap_loss_binder 3.07
69 models [1] recycles 0 hard 0 soft 0.69 temp 1 loss 3.10 plddt 0.69 ptm 0.58 i_ptm 0.10 cmap_loss_binder 3.10
70 models [1] recycles 0 hard 0 soft 0.70 temp 1 loss 3.05 plddt 0.75 ptm 0.58 i_ptm 0.10 cmap_loss_binder 3.05
71 models [0] recycles 0 hard 0 soft 0.71 temp 1 loss 3.04 plddt 0.69 ptm 0.59 i_ptm 0.13 cmap_loss_binder 3.04
72 models [1] recycles 0 hard 0 soft 0.72 temp 1 loss 3.06 plddt 0.69 ptm 0.58 i_ptm 0.09 cmap_loss_binder 3.06
73 models [0] recycles 0 hard 0 soft 0.73 temp 1 loss 3.04 plddt 0.72 ptm 0.58 i_ptm 0.12 cmap_loss_binder 3.04
74 models [0] recycles 0 hard 0 soft 0.74 temp 1 loss 3.03 plddt 0.71 ptm 0.58 i_ptm 0.12 cmap_loss_binder 3.03
75 models [1] recycles 0 hard 0 soft 0.75 temp 1 loss 3.05 plddt 0.70 ptm 0.58 i_ptm 0.09 cmap_loss_binder 3.05
76 models [0] recycles 0 hard 0 soft 0.76 temp 1 loss 3.03 plddt 0.71 ptm 0.59 i_ptm 0.12 cmap_loss_binder 3.03
77 models [0] recycles 0 hard 0 soft 0.77 temp 1 loss 3.03 plddt 0.76 ptm 0.58 i_ptm 0.13 cmap_loss_binder 3.03
78 models [1] recycles 0 hard 0 soft 0.78 temp 1 loss 3.05 plddt 0.73 ptm 0.58 i_ptm 0.09 cmap_loss_binder 3.05
79 models [1] recycles 0 hard 0 soft 0.79 temp 1 loss 3.04 plddt 0.75 ptm 0.58 i_ptm 0.09 cmap_loss_binder 3.04
80 models [1] recycles 0 hard 0 soft 0.80 temp 1 loss 3.03 plddt 0.74 ptm 0.58 i_ptm 0.10 cmap_loss_binder 3.03
81 models [1] recycles 0 hard 0 soft 0.81 temp 1 loss 3.02 plddt 0.76 ptm 0.58 i_ptm 0.10 cmap_loss_binder 3.02
82 models [1] recycles 0 hard 0 soft 0.82 temp 1 loss 3.02 plddt 0.76 ptm 0.58 i_ptm 0.09 cmap_loss_binder 3.02
83 models [0] recycles 0 hard 0 soft 0.83 temp 1 loss 3.01 plddt 0.70 ptm 0.59 i_ptm 0.15 cmap_loss_binder 3.01
84 models [0] recycles 0 hard 0 soft 0.84 temp 1 loss 3.00 plddt 0.72 ptm 0.59 i_ptm 0.14 cmap_loss_binder 3.00
85 models [0] recycles 0 hard 0 soft 0.85 temp 1 loss 3.01 plddt 0.71 ptm 0.60 i_ptm 0.15 cmap_loss_binder 3.01
86 models [0] recycles 0 hard 0 soft 0.86 temp 1 loss 3.01 plddt 0.73 ptm 0.60 i_ptm 0.16 cmap_loss_binder 3.01
87 models [1] recycles 0 hard 0 soft 0.87 temp 1 loss 3.04 plddt 0.67 ptm 0.58 i_ptm 0.09 cmap_loss_binder 3.04
88 models [0] recycles 0 hard 0 soft 0.88 temp 1 loss 3.14 plddt 0.59 ptm 0.60 i_ptm 0.16 cmap_loss_binder 3.14
89 models [1] recycles 0 hard 0 soft 0.89 temp 1 loss 3.02 plddt 0.72 ptm 0.59 i_ptm 0.11 cmap_loss_binder 3.02
90 models [1] recycles 0 hard 0 soft 0.90 temp 1 loss 3.02 plddt 0.76 ptm 0.58 i_ptm 0.10 cmap_loss_binder 3.02
91 models [1] recycles 0 hard 0 soft 0.91 temp 1 loss 3.04 plddt 0.72 ptm 0.59 i_ptm 0.11 cmap_loss_binder 3.04
92 models [0] recycles 0 hard 0 soft 0.92 temp 1 loss 3.10 plddt 0.68 ptm 0.60 i_ptm 0.16 cmap_loss_binder 3.10
93 models [1] recycles 0 hard 0 soft 0.93 temp 1 loss 3.02 plddt 0.75 ptm 0.58 i_ptm 0.10 cmap_loss_binder 3.02
94 models [1] recycles 0 hard 0 soft 0.94 temp 1 loss 3.09 plddt 0.68 ptm 0.59 i_ptm 0.11 cmap_loss_binder 3.09
95 models [1] recycles 0 hard 0 soft 0.95 temp 1 loss 3.16 plddt 0.62 ptm 0.58 i_ptm 0.09 cmap_loss_binder 3.16
96 models [1] recycles 0 hard 0 soft 0.96 temp 1 loss 3.05 plddt 0.70 ptm 0.58 i_ptm 0.09 cmap_loss_binder 3.05
97 models [0] recycles 0 hard 0 soft 0.97 temp 1 loss 3.36 plddt 0.54 ptm 0.59 i_ptm 0.14 cmap_loss_binder 3.36
98 models [1] recycles 0 hard 0 soft 0.98 temp 1 loss 3.05 plddt 0.69 ptm 0.58 i_ptm 0.09 cmap_loss_binder 3.05
99 models [0] recycles 0 hard 0 soft 0.99 temp 1 loss 3.38 plddt 0.57 ptm 0.59 i_ptm 0.14 cmap_loss_binder 3.38
100 models [0] recycles 0 hard 0 soft 1 temp 1 loss 3.11 plddt 0.64 ptm 0.59 i_ptm 0.14 cmap_loss_binder 3.11
Stage 2: running (soft → hard)
101 models [0] recycles 0 hard 0 soft 1 temp 0.98 loss 3.05 plddt 0.70 ptm 0.61 i_ptm 0.17 cmap_loss_binder 3.05
102 models [0] recycles 0 hard 0 soft 1 temp 0.96 loss 3.04 plddt 0.72 ptm 0.60 i_ptm 0.16 cmap_loss_binder 3.04
103 models [1] recycles 0 hard 0 soft 1 temp 0.94 loss 3.20 plddt 0.58 ptm 0.58 i_ptm 0.10 cmap_loss_binder 3.20
104 models [0] recycles 0 hard 0 soft 1 temp 0.92 loss 3.06 plddt 0.74 ptm 0.60 i_ptm 0.16 cmap_loss_binder 3.06
105 models [0] recycles 0 hard 0 soft 1 temp 0.90 loss 3.00 plddt 0.78 ptm 0.60 i_ptm 0.18 cmap_loss_binder 3.00
106 models [1] recycles 0 hard 0 soft 1 temp 0.88 loss 3.06 plddt 0.71 ptm 0.59 i_ptm 0.11 cmap_loss_binder 3.06
107 models [0] recycles 0 hard 0 soft 1 temp 0.87 loss 3.03 plddt 0.68 ptm 0.59 i_ptm 0.14 cmap_loss_binder 3.03
108 models [0] recycles 0 hard 0 soft 1 temp 0.85 loss 3.01 plddt 0.76 ptm 0.59 i_ptm 0.15 cmap_loss_binder 3.01
109 models [1] recycles 0 hard 0 soft 1 temp 0.83 loss 3.00 plddt 0.76 ptm 0.58 i_ptm 0.11 cmap_loss_binder 3.00
110 models [1] recycles 0 hard 0 soft 1 temp 0.81 loss 3.52 plddt 0.45 ptm 0.58 i_ptm 0.09 cmap_loss_binder 3.52
111 models [0] recycles 0 hard 0 soft 1 temp 0.79 loss 3.30 plddt 0.55 ptm 0.60 i_ptm 0.16 cmap_loss_binder 3.30
112 models [1] recycles 0 hard 0 soft 1 temp 0.78 loss 3.01 plddt 0.79 ptm 0.59 i_ptm 0.12 cmap_loss_binder 3.01
113 models [0] recycles 0 hard 0 soft 1 temp 0.76 loss 3.03 plddt 0.65 ptm 0.60 i_ptm 0.17 cmap_loss_binder 3.03
114 models [0] recycles 0 hard 0 soft 1 temp 0.74 loss 3.00 plddt 0.75 ptm 0.61 i_ptm 0.18 cmap_loss_binder 3.00
115 models [1] recycles 0 hard 0 soft 1 temp 0.73 loss 3.02 plddt 0.73 ptm 0.59 i_ptm 0.11 cmap_loss_binder 3.02
116 models [0] recycles 0 hard 0 soft 1 temp 0.71 loss 3.00 plddt 0.74 ptm 0.60 i_ptm 0.18 cmap_loss_binder 3.00
117 models [0] recycles 0 hard 0 soft 1 temp 0.69 loss 3.03 plddt 0.71 ptm 0.61 i_ptm 0.17 cmap_loss_binder 3.03
118 models [0] recycles 0 hard 0 soft 1 temp 0.68 loss 2.99 plddt 0.72 ptm 0.61 i_ptm 0.18 cmap_loss_binder 2.99
119 models [0] recycles 0 hard 0 soft 1 temp 0.66 loss 2.96 plddt 0.71 ptm 0.61 i_ptm 0.19 cmap_loss_binder 2.96
120 models [0] recycles 0 hard 0 soft 1 temp 0.64 loss 2.96 plddt 0.70 ptm 0.62 i_ptm 0.22 cmap_loss_binder 2.96
121 models [1] recycles 0 hard 0 soft 1 temp 0.63 loss 3.01 plddt 0.73 ptm 0.59 i_ptm 0.13 cmap_loss_binder 3.01
122 models [0] recycles 0 hard 0 soft 1 temp 0.61 loss 2.98 plddt 0.74 ptm 0.61 i_ptm 0.18 cmap_loss_binder 2.98
123 models [1] recycles 0 hard 0 soft 1 temp 0.60 loss 2.96 plddt 0.70 ptm 0.60 i_ptm 0.16 cmap_loss_binder 2.96
124 models [1] recycles 0 hard 0 soft 1 temp 0.58 loss 2.95 plddt 0.74 ptm 0.60 i_ptm 0.16 cmap_loss_binder 2.95
125 models [0] recycles 0 hard 0 soft 1 temp 0.57 loss 2.93 plddt 0.72 ptm 0.62 i_ptm 0.22 cmap_loss_binder 2.93
126 models [1] recycles 0 hard 0 soft 1 temp 0.55 loss 2.99 plddt 0.68 ptm 0.60 i_ptm 0.15 cmap_loss_binder 2.99
127 models [1] recycles 0 hard 0 soft 1 temp 0.54 loss 2.99 plddt 0.66 ptm 0.61 i_ptm 0.15 cmap_loss_binder 2.99
128 models [1] recycles 0 hard 0 soft 1 temp 0.52 loss 2.96 plddt 0.71 ptm 0.61 i_ptm 0.17 cmap_loss_binder 2.96
129 models [1] recycles 0 hard 0 soft 1 temp 0.51 loss 2.95 plddt 0.73 ptm 0.60 i_ptm 0.15 cmap_loss_binder 2.95
130 models [1] recycles 0 hard 0 soft 1 temp 0.50 loss 2.98 plddt 0.71 ptm 0.60 i_ptm 0.15 cmap_loss_binder 2.98
131 models [1] recycles 0 hard 0 soft 1 temp 0.48 loss 2.95 plddt 0.68 ptm 0.61 i_ptm 0.17 cmap_loss_binder 2.95
132 models [1] recycles 0 hard 0 soft 1 temp 0.47 loss 2.93 plddt 0.71 ptm 0.60 i_ptm 0.16 cmap_loss_binder 2.93
133 models [0] recycles 0 hard 0 soft 1 temp 0.45 loss 2.95 plddt 0.66 ptm 0.62 i_ptm 0.21 cmap_loss_binder 2.95
134 models [1] recycles 0 hard 0 soft 1 temp 0.44 loss 2.95 plddt 0.71 ptm 0.60 i_ptm 0.15 cmap_loss_binder 2.95
135 models [1] recycles 0 hard 0 soft 1 temp 0.43 loss 2.96 plddt 0.68 ptm 0.60 i_ptm 0.14 cmap_loss_binder 2.96
136 models [1] recycles 0 hard 0 soft 1 temp 0.42 loss 2.94 plddt 0.72 ptm 0.60 i_ptm 0.15 cmap_loss_binder 2.94
137 models [0] recycles 0 hard 0 soft 1 temp 0.40 loss 3.08 plddt 0.56 ptm 0.62 i_ptm 0.20 cmap_loss_binder 3.08
138 models [1] recycles 0 hard 0 soft 1 temp 0.39 loss 2.91 plddt 0.71 ptm 0.61 i_ptm 0.19 cmap_loss_binder 2.91
139 models [0] recycles 0 hard 0 soft 1 temp 0.38 loss 2.94 plddt 0.67 ptm 0.62 i_ptm 0.20 cmap_loss_binder 2.94
140 models [1] recycles 0 hard 0 soft 1 temp 0.37 loss 2.92 plddt 0.72 ptm 0.61 i_ptm 0.18 cmap_loss_binder 2.92
141 models [0] recycles 0 hard 0 soft 1 temp 0.35 loss 2.90 plddt 0.68 ptm 0.63 i_ptm 0.24 cmap_loss_binder 2.90
142 models [0] recycles 0 hard 0 soft 1 temp 0.34 loss 2.92 plddt 0.67 ptm 0.62 i_ptm 0.20 cmap_loss_binder 2.92
143 models [0] recycles 0 hard 0 soft 1 temp 0.33 loss 2.93 plddt 0.70 ptm 0.61 i_ptm 0.18 cmap_loss_binder 2.93
144 models [1] recycles 0 hard 0 soft 1 temp 0.32 loss 2.92 plddt 0.71 ptm 0.62 i_ptm 0.19 cmap_loss_binder 2.92
145 models [1] recycles 0 hard 0 soft 1 temp 0.31 loss 2.90 plddt 0.69 ptm 0.61 i_ptm 0.17 cmap_loss_binder 2.90
146 models [0] recycles 0 hard 0 soft 1 temp 0.30 loss 2.92 plddt 0.71 ptm 0.63 i_ptm 0.23 cmap_loss_binder 2.92
147 models [1] recycles 0 hard 0 soft 1 temp 0.29 loss 2.92 plddt 0.70 ptm 0.60 i_ptm 0.15 cmap_loss_binder 2.92
148 models [1] recycles 0 hard 0 soft 1 temp 0.28 loss 2.91 plddt 0.71 ptm 0.61 i_ptm 0.17 cmap_loss_binder 2.91
149 models [1] recycles 0 hard 0 soft 1 temp 0.27 loss 2.94 plddt 0.68 ptm 0.60 i_ptm 0.16 cmap_loss_binder 2.94
150 models [0] recycles 0 hard 0 soft 1 temp 0.26 loss 2.94 plddt 0.65 ptm 0.63 i_ptm 0.24 cmap_loss_binder 2.94
151 models [1] recycles 0 hard 0 soft 1 temp 0.25 loss 3.00 plddt 0.60 ptm 0.60 i_ptm 0.14 cmap_loss_binder 3.00
152 models [0] recycles 0 hard 0 soft 1 temp 0.24 loss 2.91 plddt 0.69 ptm 0.63 i_ptm 0.22 cmap_loss_binder 2.91
153 models [0] recycles 0 hard 0 soft 1 temp 0.23 loss 2.88 plddt 0.69 ptm 0.63 i_ptm 0.22 cmap_loss_binder 2.88
154 models [1] recycles 0 hard 0 soft 1 temp 0.22 loss 2.93 plddt 0.72 ptm 0.60 i_ptm 0.17 cmap_loss_binder 2.93
155 models [0] recycles 0 hard 0 soft 1 temp 0.21 loss 2.90 plddt 0.71 ptm 0.63 i_ptm 0.24 cmap_loss_binder 2.90
156 models [0] recycles 0 hard 0 soft 1 temp 0.20 loss 2.90 plddt 0.67 ptm 0.62 i_ptm 0.22 cmap_loss_binder 2.90
157 models [1] recycles 0 hard 0 soft 1 temp 0.19 loss 2.91 plddt 0.68 ptm 0.61 i_ptm 0.16 cmap_loss_binder 2.91
158 models [1] recycles 0 hard 0 soft 1 temp 0.18 loss 2.92 plddt 0.73 ptm 0.60 i_ptm 0.15 cmap_loss_binder 2.92
159 models [1] recycles 0 hard 0 soft 1 temp 0.18 loss 2.93 plddt 0.75 ptm 0.60 i_ptm 0.16 cmap_loss_binder 2.93
160 models [1] recycles 0 hard 0 soft 1 temp 0.17 loss 2.93 plddt 0.66 ptm 0.61 i_ptm 0.16 cmap_loss_binder 2.93
161 models [1] recycles 0 hard 0 soft 1 temp 0.16 loss 2.95 plddt 0.69 ptm 0.60 i_ptm 0.15 cmap_loss_binder 2.95
162 models [0] recycles 0 hard 0 soft 1 temp 0.15 loss 2.89 plddt 0.72 ptm 0.63 i_ptm 0.22 cmap_loss_binder 2.89
163 models [1] recycles 0 hard 0 soft 1 temp 0.15 loss 2.92 plddt 0.69 ptm 0.60 i_ptm 0.16 cmap_loss_binder 2.92
164 models [1] recycles 0 hard 0 soft 1 temp 0.14 loss 2.95 plddt 0.68 ptm 0.60 i_ptm 0.15 cmap_loss_binder 2.95
165 models [0] recycles 0 hard 0 soft 1 temp 0.13 loss 2.92 plddt 0.69 ptm 0.62 i_ptm 0.21 cmap_loss_binder 2.92
166 models [0] recycles 0 hard 0 soft 1 temp 0.12 loss 2.92 plddt 0.72 ptm 0.62 i_ptm 0.22 cmap_loss_binder 2.92
167 models [1] recycles 0 hard 0 soft 1 temp 0.12 loss 2.91 plddt 0.76 ptm 0.60 i_ptm 0.15 cmap_loss_binder 2.91
168 models [1] recycles 0 hard 0 soft 1 temp 0.11 loss 3.00 plddt 0.61 ptm 0.60 i_ptm 0.13 cmap_loss_binder 3.00
169 models [0] recycles 0 hard 0 soft 1 temp 0.11 loss 2.89 plddt 0.69 ptm 0.63 i_ptm 0.22 cmap_loss_binder 2.89
170 models [1] recycles 0 hard 0 soft 1 temp 0.10 loss 2.95 plddt 0.68 ptm 0.60 i_ptm 0.13 cmap_loss_binder 2.95
171 models [1] recycles 0 hard 0 soft 1 temp 0.09 loss 2.94 plddt 0.76 ptm 0.60 i_ptm 0.15 cmap_loss_binder 2.94
172 models [0] recycles 0 hard 0 soft 1 temp 0.09 loss 2.98 plddt 0.58 ptm 0.62 i_ptm 0.20 cmap_loss_binder 2.98
173 models [0] recycles 0 hard 0 soft 1 temp 0.08 loss 2.93 plddt 0.62 ptm 0.62 i_ptm 0.20 cmap_loss_binder 2.93
174 models [0] recycles 0 hard 0 soft 1 temp 0.08 loss 2.89 plddt 0.70 ptm 0.63 i_ptm 0.23 cmap_loss_binder 2.89
175 models [1] recycles 0 hard 0 soft 1 temp 0.07 loss 2.95 plddt 0.66 ptm 0.60 i_ptm 0.15 cmap_loss_binder 2.95
176 models [1] recycles 0 hard 0 soft 1 temp 0.07 loss 2.95 plddt 0.71 ptm 0.60 i_ptm 0.16 cmap_loss_binder 2.95
177 models [0] recycles 0 hard 0 soft 1 temp 0.06 loss 2.94 plddt 0.65 ptm 0.62 i_ptm 0.19 cmap_loss_binder 2.94
178 models [0] recycles 0 hard 0 soft 1 temp 0.06 loss 3.03 plddt 0.59 ptm 0.61 i_ptm 0.19 cmap_loss_binder 3.03
179 models [1] recycles 0 hard 0 soft 1 temp 0.05 loss 2.94 plddt 0.69 ptm 0.60 i_ptm 0.14 cmap_loss_binder 2.94
180 models [1] recycles 0 hard 0 soft 1 temp 0.05 loss 2.94 plddt 0.69 ptm 0.60 i_ptm 0.15 cmap_loss_binder 2.94
181 models [0] recycles 0 hard 0 soft 1 temp 0.05 loss 3.04 plddt 0.60 ptm 0.62 i_ptm 0.20 cmap_loss_binder 3.04
182 models [0] recycles 0 hard 0 soft 1 temp 0.04 loss 2.93 plddt 0.68 ptm 0.62 i_ptm 0.20 cmap_loss_binder 2.93
183 models [1] recycles 0 hard 0 soft 1 temp 0.04 loss 2.98 plddt 0.61 ptm 0.61 i_ptm 0.16 cmap_loss_binder 2.98
184 models [1] recycles 0 hard 0 soft 1 temp 0.04 loss 2.95 plddt 0.68 ptm 0.60 i_ptm 0.16 cmap_loss_binder 2.95
185 models [1] recycles 0 hard 0 soft 1 temp 0.03 loss 2.95 plddt 0.68 ptm 0.60 i_ptm 0.15 cmap_loss_binder 2.95
186 models [1] recycles 0 hard 0 soft 1 temp 0.03 loss 2.93 plddt 0.69 ptm 0.60 i_ptm 0.14 cmap_loss_binder 2.93
187 models [1] recycles 0 hard 0 soft 1 temp 0.03 loss 2.95 plddt 0.70 ptm 0.61 i_ptm 0.15 cmap_loss_binder 2.95
188 models [1] recycles 0 hard 0 soft 1 temp 0.02 loss 3.00 plddt 0.61 ptm 0.60 i_ptm 0.15 cmap_loss_binder 3.00
189 models [0] recycles 0 hard 0 soft 1 temp 0.02 loss 3.10 plddt 0.54 ptm 0.62 i_ptm 0.19 cmap_loss_binder 3.10
190 models [1] recycles 0 hard 0 soft 1 temp 0.02 loss 2.94 plddt 0.72 ptm 0.60 i_ptm 0.15 cmap_loss_binder 2.94
191 models [0] recycles 0 hard 0 soft 1 temp 0.02 loss 2.98 plddt 0.62 ptm 0.61 i_ptm 0.19 cmap_loss_binder 2.98
192 models [0] recycles 0 hard 0 soft 1 temp 0.02 loss 2.94 plddt 0.65 ptm 0.61 i_ptm 0.19 cmap_loss_binder 2.94
193 models [0] recycles 0 hard 0 soft 1 temp 0.01 loss 2.93 plddt 0.68 ptm 0.62 i_ptm 0.20 cmap_loss_binder 2.93
194 models [1] recycles 0 hard 0 soft 1 temp 0.01 loss 2.96 plddt 0.71 ptm 0.59 i_ptm 0.12 cmap_loss_binder 2.96
195 models [0] recycles 0 hard 0 soft 1 temp 0.01 loss 2.95 plddt 0.63 ptm 0.61 i_ptm 0.17 cmap_loss_binder 2.95
196 models [1] recycles 0 hard 0 soft 1 temp 0.01 loss 2.99 plddt 0.66 ptm 0.60 i_ptm 0.13 cmap_loss_binder 2.99
197 models [1] recycles 0 hard 0 soft 1 temp 0.01 loss 2.93 plddt 0.67 ptm 0.61 i_ptm 0.16 cmap_loss_binder 2.93
198 models [1] recycles 0 hard 0 soft 1 temp 0.01 loss 2.97 plddt 0.63 ptm 0.60 i_ptm 0.15 cmap_loss_binder 2.97
199 models [0] recycles 0 hard 0 soft 1 temp 0.01 loss 2.99 plddt 0.58 ptm 0.63 i_ptm 0.22 cmap_loss_binder 2.99
200 models [0] recycles 0 hard 0 soft 1 temp 0.01 loss 2.96 plddt 0.62 ptm 0.61 i_ptm 0.19 cmap_loss_binder 2.96
Stage 3: running (hard)
201 models [0, 1] recycles 0 hard 1 soft 1 temp 0.01 loss 3.01 plddt 0.57 ptm 0.61 i_ptm 0.18 cmap_loss_binder 3.01
202 models [0, 1] recycles 0 hard 1 soft 1 temp 0.01 loss 2.92 plddt 0.68 ptm 0.62 i_ptm 0.19 cmap_loss_binder 2.92
203 models [0, 1] recycles 0 hard 1 soft 1 temp 0.01 loss 2.93 plddt 0.65 ptm 0.61 i_ptm 0.18 cmap_loss_binder 2.93
204 models [0, 1] recycles 0 hard 1 soft 1 temp 0.01 loss 2.92 plddt 0.67 ptm 0.62 i_ptm 0.19 cmap_loss_binder 2.92
205 models [0, 1] recycles 0 hard 1 soft 1 temp 0.01 loss 2.94 plddt 0.62 ptm 0.62 i_ptm 0.18 cmap_loss_binder 2.94
206 models [0, 1] recycles 0 hard 1 soft 1 temp 0.01 loss 2.93 plddt 0.63 ptm 0.62 i_ptm 0.18 cmap_loss_binder 2.93
207 models [0, 1] recycles 0 hard 1 soft 1 temp 0.01 loss 2.94 plddt 0.62 ptm 0.62 i_ptm 0.18 cmap_loss_binder 2.94
208 models [0, 1] recycles 0 hard 1 soft 1 temp 0.01 loss 2.93 plddt 0.62 ptm 0.62 i_ptm 0.18 cmap_loss_binder 2.93
209 models [0, 1] recycles 0 hard 1 soft 1 temp 0.01 loss 2.92 plddt 0.67 ptm 0.62 i_ptm 0.19 cmap_loss_binder 2.92
210 models [0, 1] recycles 0 hard 1 soft 1 temp 0.01 loss 2.92 plddt 0.68 ptm 0.62 i_ptm 0.19 cmap_loss_binder 2.92
211 models [0, 1] recycles 0 hard 1 soft 1 temp 0.01 loss 2.92 plddt 0.67 ptm 0.62 i_ptm 0.19 cmap_loss_binder 2.92
212 models [0, 1] recycles 0 hard 1 soft 1 temp 0.01 loss 2.97 plddt 0.58 ptm 0.62 i_ptm 0.18 cmap_loss_binder 2.97
213 models [0, 1] recycles 0 hard 1 soft 1 temp 0.01 loss 3.03 plddt 0.54 ptm 0.61 i_ptm 0.17 cmap_loss_binder 3.03
214 models [0, 1] recycles 0 hard 1 soft 1 temp 0.01 loss 2.94 plddt 0.62 ptm 0.61 i_ptm 0.17 cmap_loss_binder 2.94
215 models [0, 1] recycles 0 hard 1 soft 1 temp 0.01 loss 2.92 plddt 0.66 ptm 0.62 i_ptm 0.19 cmap_loss_binder 2.92
216 models [0, 1] recycles 0 hard 1 soft 1 temp 0.01 loss 2.92 plddt 0.67 ptm 0.62 i_ptm 0.19 cmap_loss_binder 2.92
217 models [0, 1] recycles 0 hard 1 soft 1 temp 0.01 loss 3.14 plddt 0.50 ptm 0.61 i_ptm 0.17 cmap_loss_binder 3.14
218 models [0, 1] recycles 0 hard 1 soft 1 temp 0.01 loss 3.08 plddt 0.52 ptm 0.61 i_ptm 0.18 cmap_loss_binder 3.08
219 models [0, 1] recycles 0 hard 1 soft 1 temp 0.01 loss 2.91 plddt 0.67 ptm 0.62 i_ptm 0.19 cmap_loss_binder 2.91
220 models [0, 1] recycles 0 hard 1 soft 1 temp 0.01 loss 2.97 plddt 0.56 ptm 0.61 i_ptm 0.17 cmap_loss_binder 2.97
Predicting sequences with AF2_ptm...
predict: traj_1_0 plddt: 0.771, i_pae: 0.754, i_ptm: 0.201, cmap_loss: 3.093
predict: traj_1_1 plddt: 0.733, i_pae: 0.759, i_ptm: 0.204, cmap_loss: 3.063
