CMAP of binder (monomer plddt: 0.908)
Stage 1: running (logits → soft)
1 models [0] recycles 0 hard 0 soft 0.01 temp 1 loss 3.50 plddt 0.45 ptm 0.63 i_ptm 0.13 cmap_loss_binder 3.50
2 models [0] recycles 0 hard 0 soft 0.02 temp 1 loss 3.54 plddt 0.93 ptm 0.62 i_ptm 0.10 cmap_loss_binder 3.54
3 models [1] recycles 0 hard 0 soft 0.03 temp 1 loss 3.51 plddt 0.88 ptm 0.63 i_ptm 0.08 cmap_loss_binder 3.51
4 models [1] recycles 0 hard 0 soft 0.04 temp 1 loss 3.48 plddt 0.68 ptm 0.64 i_ptm 0.07 cmap_loss_binder 3.48
5 models [0] recycles 0 hard 0 soft 0.05 temp 1 loss 3.50 plddt 0.86 ptm 0.63 i_ptm 0.10 cmap_loss_binder 3.50
6 models [1] recycles 0 hard 0 soft 0.06 temp 1 loss 3.46 plddt 0.71 ptm 0.64 i_ptm 0.07 cmap_loss_binder 3.46
7 models [0] recycles 0 hard 0 soft 0.07 temp 1 loss 3.42 plddt 0.61 ptm 0.63 i_ptm 0.10 cmap_loss_binder 3.42
8 models [1] recycles 0 hard 0 soft 0.08 temp 1 loss 3.47 plddt 0.45 ptm 0.64 i_ptm 0.08 cmap_loss_binder 3.47
9 models [1] recycles 0 hard 0 soft 0.09 temp 1 loss 3.42 plddt 0.46 ptm 0.64 i_ptm 0.08 cmap_loss_binder 3.42
10 models [0] recycles 0 hard 0 soft 0.10 temp 1 loss 3.40 plddt 0.59 ptm 0.64 i_ptm 0.11 cmap_loss_binder 3.40
11 models [0] recycles 0 hard 0 soft 0.11 temp 1 loss 3.39 plddt 0.59 ptm 0.64 i_ptm 0.12 cmap_loss_binder 3.39
12 models [1] recycles 0 hard 0 soft 0.12 temp 1 loss 3.36 plddt 0.47 ptm 0.64 i_ptm 0.08 cmap_loss_binder 3.36
13 models [0] recycles 0 hard 0 soft 0.13 temp 1 loss 3.33 plddt 0.58 ptm 0.64 i_ptm 0.12 cmap_loss_binder 3.33
14 models [0] recycles 0 hard 0 soft 0.14 temp 1 loss 3.30 plddt 0.49 ptm 0.64 i_ptm 0.13 cmap_loss_binder 3.30
15 models [0] recycles 0 hard 0 soft 0.15 temp 1 loss 3.22 plddt 0.53 ptm 0.64 i_ptm 0.12 cmap_loss_binder 3.22
16 models [0] recycles 0 hard 0 soft 0.16 temp 1 loss 3.12 plddt 0.45 ptm 0.64 i_ptm 0.13 cmap_loss_binder 3.12
17 models [0] recycles 0 hard 0 soft 0.17 temp 1 loss 2.99 plddt 0.42 ptm 0.65 i_ptm 0.13 cmap_loss_binder 2.99
18 models [1] recycles 0 hard 0 soft 0.18 temp 1 loss 2.97 plddt 0.40 ptm 0.64 i_ptm 0.08 cmap_loss_binder 2.97
19 models [1] recycles 0 hard 0 soft 0.19 temp 1 loss 2.92 plddt 0.54 ptm 0.64 i_ptm 0.09 cmap_loss_binder 2.92
20 models [0] recycles 0 hard 0 soft 0.20 temp 1 loss 2.88 plddt 0.53 ptm 0.64 i_ptm 0.12 cmap_loss_binder 2.88
21 models [0] recycles 0 hard 0 soft 0.21 temp 1 loss 2.85 plddt 0.45 ptm 0.64 i_ptm 0.14 cmap_loss_binder 2.85
22 models [1] recycles 0 hard 0 soft 0.22 temp 1 loss 2.82 plddt 0.49 ptm 0.63 i_ptm 0.08 cmap_loss_binder 2.82
23 models [0] recycles 0 hard 0 soft 0.23 temp 1 loss 2.60 plddt 0.56 ptm 0.64 i_ptm 0.13 cmap_loss_binder 2.60
24 models [1] recycles 0 hard 0 soft 0.24 temp 1 loss 2.57 plddt 0.64 ptm 0.63 i_ptm 0.07 cmap_loss_binder 2.57
25 models [1] recycles 0 hard 0 soft 0.25 temp 1 loss 2.73 plddt 0.49 ptm 0.63 i_ptm 0.08 cmap_loss_binder 2.73
26 models [0] recycles 0 hard 0 soft 0.26 temp 1 loss 2.46 plddt 0.64 ptm 0.64 i_ptm 0.13 cmap_loss_binder 2.46
27 models [0] recycles 0 hard 0 soft 0.27 temp 1 loss 2.56 plddt 0.53 ptm 0.64 i_ptm 0.14 cmap_loss_binder 2.56
28 models [0] recycles 0 hard 0 soft 0.28 temp 1 loss 2.34 plddt 0.66 ptm 0.64 i_ptm 0.12 cmap_loss_binder 2.34
29 models [1] recycles 0 hard 0 soft 0.29 temp 1 loss 2.34 plddt 0.68 ptm 0.63 i_ptm 0.08 cmap_loss_binder 2.34
30 models [1] recycles 0 hard 0 soft 0.30 temp 1 loss 2.64 plddt 0.56 ptm 0.63 i_ptm 0.08 cmap_loss_binder 2.64
31 models [1] recycles 0 hard 0 soft 0.31 temp 1 loss 2.37 plddt 0.65 ptm 0.64 i_ptm 0.09 cmap_loss_binder 2.37
32 models [1] recycles 0 hard 0 soft 0.32 temp 1 loss 2.27 plddt 0.72 ptm 0.64 i_ptm 0.09 cmap_loss_binder 2.27
33 models [0] recycles 0 hard 0 soft 0.33 temp 1 loss 2.21 plddt 0.69 ptm 0.64 i_ptm 0.14 cmap_loss_binder 2.21
34 models [1] recycles 0 hard 0 soft 0.34 temp 1 loss 2.27 plddt 0.71 ptm 0.64 i_ptm 0.08 cmap_loss_binder 2.27
35 models [0] recycles 0 hard 0 soft 0.35 temp 1 loss 2.20 plddt 0.69 ptm 0.64 i_ptm 0.14 cmap_loss_binder 2.20
36 models [1] recycles 0 hard 0 soft 0.36 temp 1 loss 2.15 plddt 0.79 ptm 0.64 i_ptm 0.09 cmap_loss_binder 2.15
37 models [1] recycles 0 hard 0 soft 0.37 temp 1 loss 2.12 plddt 0.77 ptm 0.64 i_ptm 0.10 cmap_loss_binder 2.12
38 models [0] recycles 0 hard 0 soft 0.38 temp 1 loss 2.10 plddt 0.77 ptm 0.65 i_ptm 0.17 cmap_loss_binder 2.10
39 models [1] recycles 0 hard 0 soft 0.39 temp 1 loss 2.07 plddt 0.82 ptm 0.65 i_ptm 0.12 cmap_loss_binder 2.07
40 models [1] recycles 0 hard 0 soft 0.40 temp 1 loss 2.08 plddt 0.78 ptm 0.65 i_ptm 0.12 cmap_loss_binder 2.08
41 models [0] recycles 0 hard 0 soft 0.41 temp 1 loss 1.95 plddt 0.74 ptm 0.68 i_ptm 0.24 cmap_loss_binder 1.95
42 models [1] recycles 0 hard 0 soft 0.42 temp 1 loss 2.04 plddt 0.84 ptm 0.65 i_ptm 0.14 cmap_loss_binder 2.04
43 models [0] recycles 0 hard 0 soft 0.43 temp 1 loss 1.86 plddt 0.71 ptm 0.71 i_ptm 0.32 cmap_loss_binder 1.86
44 models [1] recycles 0 hard 0 soft 0.44 temp 1 loss 2.06 plddt 0.81 ptm 0.65 i_ptm 0.14 cmap_loss_binder 2.06
45 models [0] recycles 0 hard 0 soft 0.45 temp 1 loss 1.83 plddt 0.74 ptm 0.72 i_ptm 0.34 cmap_loss_binder 1.83
46 models [0] recycles 0 hard 0 soft 0.46 temp 1 loss 1.78 plddt 0.78 ptm 0.73 i_ptm 0.39 cmap_loss_binder 1.78
47 models [0] recycles 0 hard 0 soft 0.47 temp 1 loss 1.70 plddt 0.70 ptm 0.74 i_ptm 0.41 cmap_loss_binder 1.70
48 models [0] recycles 0 hard 0 soft 0.48 temp 1 loss 1.65 plddt 0.62 ptm 0.77 i_ptm 0.48 cmap_loss_binder 1.65
49 models [1] recycles 0 hard 0 soft 0.49 temp 1 loss 1.79 plddt 0.76 ptm 0.71 i_ptm 0.28 cmap_loss_binder 1.79
50 models [1] recycles 0 hard 0 soft 0.50 temp 1 loss 1.88 plddt 0.80 ptm 0.67 i_ptm 0.20 cmap_loss_binder 1.88
51 models [0] recycles 0 hard 0 soft 0.51 temp 1 loss 1.68 plddt 0.75 ptm 0.76 i_ptm 0.45 cmap_loss_binder 1.68
52 models [1] recycles 0 hard 0 soft 0.52 temp 1 loss 1.76 plddt 0.75 ptm 0.73 i_ptm 0.35 cmap_loss_binder 1.76
53 models [0] recycles 0 hard 0 soft 0.53 temp 1 loss 1.59 plddt 0.56 ptm 0.77 i_ptm 0.50 cmap_loss_binder 1.59
54 models [0] recycles 0 hard 0 soft 0.54 temp 1 loss 1.57 plddt 0.59 ptm 0.81 i_ptm 0.61 cmap_loss_binder 1.57
55 models [0] recycles 0 hard 0 soft 0.55 temp 1 loss 1.58 plddt 0.72 ptm 0.79 i_ptm 0.54 cmap_loss_binder 1.58
56 models [1] recycles 0 hard 0 soft 0.56 temp 1 loss 1.72 plddt 0.60 ptm 0.73 i_ptm 0.35 cmap_loss_binder 1.72
57 models [0] recycles 0 hard 0 soft 0.57 temp 1 loss 1.54 plddt 0.61 ptm 0.81 i_ptm 0.62 cmap_loss_binder 1.54
58 models [0] recycles 0 hard 0 soft 0.58 temp 1 loss 1.53 plddt 0.72 ptm 0.79 i_ptm 0.56 cmap_loss_binder 1.53
59 models [0] recycles 0 hard 0 soft 0.59 temp 1 loss 1.52 plddt 0.54 ptm 0.79 i_ptm 0.56 cmap_loss_binder 1.52
60 models [0] recycles 0 hard 0 soft 0.60 temp 1 loss 1.53 plddt 0.56 ptm 0.76 i_ptm 0.47 cmap_loss_binder 1.53
61 models [1] recycles 0 hard 0 soft 0.61 temp 1 loss 1.70 plddt 0.77 ptm 0.73 i_ptm 0.36 cmap_loss_binder 1.70
62 models [1] recycles 0 hard 0 soft 0.62 temp 1 loss 1.63 plddt 0.79 ptm 0.76 i_ptm 0.45 cmap_loss_binder 1.63
63 models [0] recycles 0 hard 0 soft 0.63 temp 1 loss 1.59 plddt 0.59 ptm 0.82 i_ptm 0.64 cmap_loss_binder 1.59
64 models [0] recycles 0 hard 0 soft 0.64 temp 1 loss 1.50 plddt 0.68 ptm 0.81 i_ptm 0.61 cmap_loss_binder 1.50
65 models [1] recycles 0 hard 0 soft 0.65 temp 1 loss 1.73 plddt 0.69 ptm 0.72 i_ptm 0.33 cmap_loss_binder 1.73
66 models [0] recycles 0 hard 0 soft 0.66 temp 1 loss 1.51 plddt 0.58 ptm 0.83 i_ptm 0.66 cmap_loss_binder 1.51
67 models [1] recycles 0 hard 0 soft 0.67 temp 1 loss 1.75 plddt 0.68 ptm 0.71 i_ptm 0.29 cmap_loss_binder 1.75
68 models [1] recycles 0 hard 0 soft 0.68 temp 1 loss 1.56 plddt 0.57 ptm 0.77 i_ptm 0.48 cmap_loss_binder 1.56
69 models [1] recycles 0 hard 0 soft 0.69 temp 1 loss 1.72 plddt 0.66 ptm 0.70 i_ptm 0.28 cmap_loss_binder 1.72
70 models [0] recycles 0 hard 0 soft 0.70 temp 1 loss 1.55 plddt 0.55 ptm 0.77 i_ptm 0.50 cmap_loss_binder 1.55
71 models [0] recycles 0 hard 0 soft 0.71 temp 1 loss 1.51 plddt 0.61 ptm 0.83 i_ptm 0.66 cmap_loss_binder 1.51
72 models [0] recycles 0 hard 0 soft 0.72 temp 1 loss 1.49 plddt 0.59 ptm 0.80 i_ptm 0.59 cmap_loss_binder 1.49
73 models [1] recycles 0 hard 0 soft 0.73 temp 1 loss 1.62 plddt 0.68 ptm 0.76 i_ptm 0.45 cmap_loss_binder 1.62
74 models [1] recycles 0 hard 0 soft 0.74 temp 1 loss 1.59 plddt 0.60 ptm 0.77 i_ptm 0.48 cmap_loss_binder 1.59
75 models [0] recycles 0 hard 0 soft 0.75 temp 1 loss 1.48 plddt 0.58 ptm 0.81 i_ptm 0.60 cmap_loss_binder 1.48
76 models [1] recycles 0 hard 0 soft 0.76 temp 1 loss 1.56 plddt 0.55 ptm 0.79 i_ptm 0.53 cmap_loss_binder 1.56
77 models [1] recycles 0 hard 0 soft 0.77 temp 1 loss 1.66 plddt 0.75 ptm 0.73 i_ptm 0.37 cmap_loss_binder 1.66
78 models [1] recycles 0 hard 0 soft 0.78 temp 1 loss 1.58 plddt 0.65 ptm 0.77 i_ptm 0.47 cmap_loss_binder 1.58
79 models [0] recycles 0 hard 0 soft 0.79 temp 1 loss 1.49 plddt 0.66 ptm 0.81 i_ptm 0.60 cmap_loss_binder 1.49
80 models [0] recycles 0 hard 0 soft 0.80 temp 1 loss 1.52 plddt 0.58 ptm 0.80 i_ptm 0.57 cmap_loss_binder 1.52
81 models [0] recycles 0 hard 0 soft 0.81 temp 1 loss 1.49 plddt 0.63 ptm 0.80 i_ptm 0.57 cmap_loss_binder 1.49
82 models [1] recycles 0 hard 0 soft 0.82 temp 1 loss 1.54 plddt 0.58 ptm 0.81 i_ptm 0.59 cmap_loss_binder 1.54
83 models [1] recycles 0 hard 0 soft 0.83 temp 1 loss 1.55 plddt 0.59 ptm 0.81 i_ptm 0.58 cmap_loss_binder 1.55
84 models [0] recycles 0 hard 0 soft 0.84 temp 1 loss 1.52 plddt 0.68 ptm 0.79 i_ptm 0.55 cmap_loss_binder 1.52
85 models [0] recycles 0 hard 0 soft 0.85 temp 1 loss 1.47 plddt 0.59 ptm 0.82 i_ptm 0.63 cmap_loss_binder 1.47
86 models [0] recycles 0 hard 0 soft 0.86 temp 1 loss 1.54 plddt 0.53 ptm 0.78 i_ptm 0.52 cmap_loss_binder 1.54
87 models [1] recycles 0 hard 0 soft 0.87 temp 1 loss 1.71 plddt 0.65 ptm 0.72 i_ptm 0.32 cmap_loss_binder 1.71
88 models [1] recycles 0 hard 0 soft 0.88 temp 1 loss 1.60 plddt 0.72 ptm 0.77 i_ptm 0.47 cmap_loss_binder 1.60
89 models [1] recycles 0 hard 0 soft 0.89 temp 1 loss 1.54 plddt 0.59 ptm 0.78 i_ptm 0.51 cmap_loss_binder 1.54
90 models [0] recycles 0 hard 0 soft 0.90 temp 1 loss 1.55 plddt 0.57 ptm 0.80 i_ptm 0.59 cmap_loss_binder 1.55
91 models [0] recycles 0 hard 0 soft 0.91 temp 1 loss 1.50 plddt 0.57 ptm 0.81 i_ptm 0.62 cmap_loss_binder 1.50
92 models [1] recycles 0 hard 0 soft 0.92 temp 1 loss 1.88 plddt 0.69 ptm 0.68 i_ptm 0.22 cmap_loss_binder 1.88
93 models [1] recycles 0 hard 0 soft 0.93 temp 1 loss 1.73 plddt 0.62 ptm 0.73 i_ptm 0.34 cmap_loss_binder 1.73
94 models [0] recycles 0 hard 0 soft 0.94 temp 1 loss 1.56 plddt 0.57 ptm 0.77 i_ptm 0.49 cmap_loss_binder 1.56
95 models [1] recycles 0 hard 0 soft 0.95 temp 1 loss 1.78 plddt 0.71 ptm 0.70 i_ptm 0.28 cmap_loss_binder 1.78
96 models [0] recycles 0 hard 0 soft 0.96 temp 1 loss 1.52 plddt 0.72 ptm 0.77 i_ptm 0.51 cmap_loss_binder 1.52
97 models [1] recycles 0 hard 0 soft 0.97 temp 1 loss 1.88 plddt 0.70 ptm 0.67 i_ptm 0.21 cmap_loss_binder 1.88
98 models [1] recycles 0 hard 0 soft 0.98 temp 1 loss 1.87 plddt 0.71 ptm 0.69 i_ptm 0.23 cmap_loss_binder 1.87
99 models [1] recycles 0 hard 0 soft 0.99 temp 1 loss 1.83 plddt 0.69 ptm 0.68 i_ptm 0.22 cmap_loss_binder 1.83
100 models [0] recycles 0 hard 0 soft 1 temp 1 loss 1.67 plddt 0.72 ptm 0.73 i_ptm 0.38 cmap_loss_binder 1.67
Stage 2: running (soft → hard)
101 models [0] recycles 0 hard 0 soft 1 temp 0.98 loss 1.53 plddt 0.71 ptm 0.78 i_ptm 0.52 cmap_loss_binder 1.53
102 models [0] recycles 0 hard 0 soft 1 temp 0.96 loss 1.57 plddt 0.70 ptm 0.77 i_ptm 0.49 cmap_loss_binder 1.57
103 models [0] recycles 0 hard 0 soft 1 temp 0.94 loss 1.54 plddt 0.73 ptm 0.79 i_ptm 0.55 cmap_loss_binder 1.54
104 models [1] recycles 0 hard 0 soft 1 temp 0.92 loss 1.72 plddt 0.76 ptm 0.72 i_ptm 0.34 cmap_loss_binder 1.72
105 models [0] recycles 0 hard 0 soft 1 temp 0.90 loss 1.55 plddt 0.67 ptm 0.79 i_ptm 0.55 cmap_loss_binder 1.55
106 models [1] recycles 0 hard 0 soft 1 temp 0.88 loss 1.80 plddt 0.69 ptm 0.69 i_ptm 0.23 cmap_loss_binder 1.80
107 models [0] recycles 0 hard 0 soft 1 temp 0.87 loss 1.49 plddt 0.67 ptm 0.82 i_ptm 0.63 cmap_loss_binder 1.49
108 models [1] recycles 0 hard 0 soft 1 temp 0.85 loss 1.73 plddt 0.72 ptm 0.73 i_ptm 0.35 cmap_loss_binder 1.73
109 models [0] recycles 0 hard 0 soft 1 temp 0.83 loss 1.53 plddt 0.75 ptm 0.78 i_ptm 0.53 cmap_loss_binder 1.53
110 models [0] recycles 0 hard 0 soft 1 temp 0.81 loss 1.51 plddt 0.64 ptm 0.83 i_ptm 0.67 cmap_loss_binder 1.51
111 models [1] recycles 0 hard 0 soft 1 temp 0.79 loss 1.77 plddt 0.77 ptm 0.71 i_ptm 0.30 cmap_loss_binder 1.77
112 models [1] recycles 0 hard 0 soft 1 temp 0.78 loss 1.69 plddt 0.74 ptm 0.74 i_ptm 0.39 cmap_loss_binder 1.69
113 models [1] recycles 0 hard 0 soft 1 temp 0.76 loss 1.71 plddt 0.65 ptm 0.74 i_ptm 0.40 cmap_loss_binder 1.71
114 models [1] recycles 0 hard 0 soft 1 temp 0.74 loss 1.76 plddt 0.78 ptm 0.71 i_ptm 0.31 cmap_loss_binder 1.76
115 models [0] recycles 0 hard 0 soft 1 temp 0.73 loss 1.50 plddt 0.57 ptm 0.82 i_ptm 0.64 cmap_loss_binder 1.50
116 models [0] recycles 0 hard 0 soft 1 temp 0.71 loss 1.48 plddt 0.63 ptm 0.82 i_ptm 0.65 cmap_loss_binder 1.48
117 models [1] recycles 0 hard 0 soft 1 temp 0.69 loss 1.80 plddt 0.71 ptm 0.69 i_ptm 0.26 cmap_loss_binder 1.80
118 models [0] recycles 0 hard 0 soft 1 temp 0.68 loss 1.50 plddt 0.70 ptm 0.80 i_ptm 0.59 cmap_loss_binder 1.50
119 models [0] recycles 0 hard 0 soft 1 temp 0.66 loss 1.56 plddt 0.74 ptm 0.76 i_ptm 0.47 cmap_loss_binder 1.56
120 models [1] recycles 0 hard 0 soft 1 temp 0.64 loss 1.68 plddt 0.78 ptm 0.75 i_ptm 0.39 cmap_loss_binder 1.68
121 models [0] recycles 0 hard 0 soft 1 temp 0.63 loss 1.49 plddt 0.71 ptm 0.83 i_ptm 0.69 cmap_loss_binder 1.49
122 models [0] recycles 0 hard 0 soft 1 temp 0.61 loss 1.58 plddt 0.68 ptm 0.75 i_ptm 0.43 cmap_loss_binder 1.58
123 models [0] recycles 0 hard 0 soft 1 temp 0.60 loss 1.50 plddt 0.69 ptm 0.83 i_ptm 0.66 cmap_loss_binder 1.50
124 models [0] recycles 0 hard 0 soft 1 temp 0.58 loss 1.49 plddt 0.69 ptm 0.82 i_ptm 0.62 cmap_loss_binder 1.49
125 models [0] recycles 0 hard 0 soft 1 temp 0.57 loss 1.61 plddt 0.54 ptm 0.79 i_ptm 0.57 cmap_loss_binder 1.61
126 models [1] recycles 0 hard 0 soft 1 temp 0.55 loss 1.82 plddt 0.74 ptm 0.70 i_ptm 0.28 cmap_loss_binder 1.82
127 models [0] recycles 0 hard 0 soft 1 temp 0.54 loss 1.53 plddt 0.71 ptm 0.78 i_ptm 0.51 cmap_loss_binder 1.53
128 models [1] recycles 0 hard 0 soft 1 temp 0.52 loss 1.63 plddt 0.63 ptm 0.77 i_ptm 0.46 cmap_loss_binder 1.63
129 models [1] recycles 0 hard 0 soft 1 temp 0.51 loss 1.58 plddt 0.75 ptm 0.79 i_ptm 0.52 cmap_loss_binder 1.58
130 models [1] recycles 0 hard 0 soft 1 temp 0.50 loss 1.78 plddt 0.75 ptm 0.71 i_ptm 0.29 cmap_loss_binder 1.78
131 models [1] recycles 0 hard 0 soft 1 temp 0.48 loss 1.73 plddt 0.76 ptm 0.73 i_ptm 0.34 cmap_loss_binder 1.73
132 models [1] recycles 0 hard 0 soft 1 temp 0.47 loss 1.70 plddt 0.79 ptm 0.74 i_ptm 0.39 cmap_loss_binder 1.70
133 models [1] recycles 0 hard 0 soft 1 temp 0.45 loss 1.58 plddt 0.69 ptm 0.79 i_ptm 0.52 cmap_loss_binder 1.58
134 models [1] recycles 0 hard 0 soft 1 temp 0.44 loss 1.61 plddt 0.71 ptm 0.75 i_ptm 0.41 cmap_loss_binder 1.61
135 models [0] recycles 0 hard 0 soft 1 temp 0.43 loss 1.53 plddt 0.69 ptm 0.80 i_ptm 0.59 cmap_loss_binder 1.53
136 models [1] recycles 0 hard 0 soft 1 temp 0.42 loss 1.67 plddt 0.67 ptm 0.75 i_ptm 0.40 cmap_loss_binder 1.67
137 models [1] recycles 0 hard 0 soft 1 temp 0.40 loss 1.64 plddt 0.67 ptm 0.77 i_ptm 0.47 cmap_loss_binder 1.64
138 models [0] recycles 0 hard 0 soft 1 temp 0.39 loss 1.55 plddt 0.67 ptm 0.78 i_ptm 0.53 cmap_loss_binder 1.55
139 models [1] recycles 0 hard 0 soft 1 temp 0.38 loss 1.73 plddt 0.75 ptm 0.74 i_ptm 0.39 cmap_loss_binder 1.73
140 models [0] recycles 0 hard 0 soft 1 temp 0.37 loss 1.48 plddt 0.70 ptm 0.81 i_ptm 0.60 cmap_loss_binder 1.48
141 models [1] recycles 0 hard 0 soft 1 temp 0.35 loss 1.61 plddt 0.74 ptm 0.76 i_ptm 0.45 cmap_loss_binder 1.61
142 models [0] recycles 0 hard 0 soft 1 temp 0.34 loss 1.50 plddt 0.74 ptm 0.80 i_ptm 0.59 cmap_loss_binder 1.50
143 models [0] recycles 0 hard 0 soft 1 temp 0.33 loss 1.44 plddt 0.58 ptm 0.81 i_ptm 0.62 cmap_loss_binder 1.44
144 models [0] recycles 0 hard 0 soft 1 temp 0.32 loss 1.50 plddt 0.76 ptm 0.79 i_ptm 0.55 cmap_loss_binder 1.50
145 models [0] recycles 0 hard 0 soft 1 temp 0.31 loss 1.47 plddt 0.70 ptm 0.82 i_ptm 0.65 cmap_loss_binder 1.47
146 models [1] recycles 0 hard 0 soft 1 temp 0.30 loss 1.61 plddt 0.67 ptm 0.75 i_ptm 0.41 cmap_loss_binder 1.61
147 models [0] recycles 0 hard 0 soft 1 temp 0.29 loss 1.50 plddt 0.70 ptm 0.79 i_ptm 0.57 cmap_loss_binder 1.50
148 models [0] recycles 0 hard 0 soft 1 temp 0.28 loss 1.46 plddt 0.60 ptm 0.83 i_ptm 0.65 cmap_loss_binder 1.46
149 models [1] recycles 0 hard 0 soft 1 temp 0.27 loss 1.66 plddt 0.71 ptm 0.76 i_ptm 0.42 cmap_loss_binder 1.66
150 models [1] recycles 0 hard 0 soft 1 temp 0.26 loss 1.72 plddt 0.76 ptm 0.72 i_ptm 0.31 cmap_loss_binder 1.72
151 models [0] recycles 0 hard 0 soft 1 temp 0.25 loss 1.50 plddt 0.62 ptm 0.79 i_ptm 0.55 cmap_loss_binder 1.50
152 models [0] recycles 0 hard 0 soft 1 temp 0.24 loss 1.54 plddt 0.71 ptm 0.79 i_ptm 0.55 cmap_loss_binder 1.54
153 models [0] recycles 0 hard 0 soft 1 temp 0.23 loss 1.47 plddt 0.72 ptm 0.81 i_ptm 0.59 cmap_loss_binder 1.47
154 models [0] recycles 0 hard 0 soft 1 temp 0.22 loss 1.46 plddt 0.74 ptm 0.82 i_ptm 0.62 cmap_loss_binder 1.46
155 models [1] recycles 0 hard 0 soft 1 temp 0.21 loss 1.74 plddt 0.79 ptm 0.72 i_ptm 0.32 cmap_loss_binder 1.74
156 models [1] recycles 0 hard 0 soft 1 temp 0.20 loss 1.63 plddt 0.77 ptm 0.75 i_ptm 0.41 cmap_loss_binder 1.63
157 models [1] recycles 0 hard 0 soft 1 temp 0.19 loss 1.60 plddt 0.62 ptm 0.78 i_ptm 0.51 cmap_loss_binder 1.60
158 models [0] recycles 0 hard 0 soft 1 temp 0.18 loss 1.50 plddt 0.60 ptm 0.83 i_ptm 0.65 cmap_loss_binder 1.50
159 models [0] recycles 0 hard 0 soft 1 temp 0.18 loss 1.47 plddt 0.72 ptm 0.83 i_ptm 0.65 cmap_loss_binder 1.47
160 models [1] recycles 0 hard 0 soft 1 temp 0.17 loss 1.57 plddt 0.60 ptm 0.81 i_ptm 0.58 cmap_loss_binder 1.57
161 models [1] recycles 0 hard 0 soft 1 temp 0.16 loss 1.60 plddt 0.72 ptm 0.78 i_ptm 0.51 cmap_loss_binder 1.60
162 models [1] recycles 0 hard 0 soft 1 temp 0.15 loss 1.63 plddt 0.69 ptm 0.78 i_ptm 0.49 cmap_loss_binder 1.63
163 models [0] recycles 0 hard 0 soft 1 temp 0.15 loss 1.53 plddt 0.73 ptm 0.78 i_ptm 0.52 cmap_loss_binder 1.53
164 models [0] recycles 0 hard 0 soft 1 temp 0.14 loss 1.51 plddt 0.66 ptm 0.80 i_ptm 0.58 cmap_loss_binder 1.51
165 models [1] recycles 0 hard 0 soft 1 temp 0.13 loss 1.68 plddt 0.67 ptm 0.76 i_ptm 0.44 cmap_loss_binder 1.68
166 models [0] recycles 0 hard 0 soft 1 temp 0.12 loss 1.51 plddt 0.72 ptm 0.82 i_ptm 0.62 cmap_loss_binder 1.51
167 models [0] recycles 0 hard 0 soft 1 temp 0.12 loss 1.50 plddt 0.71 ptm 0.79 i_ptm 0.56 cmap_loss_binder 1.50
168 models [1] recycles 0 hard 0 soft 1 temp 0.11 loss 1.66 plddt 0.67 ptm 0.74 i_ptm 0.39 cmap_loss_binder 1.66
169 models [1] recycles 0 hard 0 soft 1 temp 0.11 loss 1.59 plddt 0.75 ptm 0.79 i_ptm 0.53 cmap_loss_binder 1.59
170 models [0] recycles 0 hard 0 soft 1 temp 0.10 loss 1.50 plddt 0.72 ptm 0.79 i_ptm 0.55 cmap_loss_binder 1.50
171 models [1] recycles 0 hard 0 soft 1 temp 0.09 loss 1.65 plddt 0.71 ptm 0.76 i_ptm 0.45 cmap_loss_binder 1.65
172 models [0] recycles 0 hard 0 soft 1 temp 0.09 loss 1.53 plddt 0.56 ptm 0.81 i_ptm 0.59 cmap_loss_binder 1.53
173 models [1] recycles 0 hard 0 soft 1 temp 0.08 loss 1.58 plddt 0.72 ptm 0.81 i_ptm 0.57 cmap_loss_binder 1.58
174 models [1] recycles 0 hard 0 soft 1 temp 0.08 loss 1.61 plddt 0.70 ptm 0.76 i_ptm 0.45 cmap_loss_binder 1.61
175 models [0] recycles 0 hard 0 soft 1 temp 0.07 loss 1.49 plddt 0.70 ptm 0.80 i_ptm 0.58 cmap_loss_binder 1.49
176 models [1] recycles 0 hard 0 soft 1 temp 0.07 loss 1.56 plddt 0.72 ptm 0.80 i_ptm 0.55 cmap_loss_binder 1.56
177 models [0] recycles 0 hard 0 soft 1 temp 0.06 loss 1.51 plddt 0.71 ptm 0.80 i_ptm 0.57 cmap_loss_binder 1.51
178 models [1] recycles 0 hard 0 soft 1 temp 0.06 loss 1.59 plddt 0.61 ptm 0.78 i_ptm 0.50 cmap_loss_binder 1.59
179 models [1] recycles 0 hard 0 soft 1 temp 0.05 loss 1.69 plddt 0.61 ptm 0.74 i_ptm 0.38 cmap_loss_binder 1.69
180 models [0] recycles 0 hard 0 soft 1 temp 0.05 loss 1.48 plddt 0.72 ptm 0.80 i_ptm 0.59 cmap_loss_binder 1.48
181 models [1] recycles 0 hard 0 soft 1 temp 0.05 loss 1.67 plddt 0.74 ptm 0.75 i_ptm 0.41 cmap_loss_binder 1.67
182 models [1] recycles 0 hard 0 soft 1 temp 0.04 loss 1.53 plddt 0.59 ptm 0.82 i_ptm 0.60 cmap_loss_binder 1.53
183 models [0] recycles 0 hard 0 soft 1 temp 0.04 loss 1.50 plddt 0.70 ptm 0.83 i_ptm 0.68 cmap_loss_binder 1.50
184 models [0] recycles 0 hard 0 soft 1 temp 0.04 loss 1.48 plddt 0.66 ptm 0.82 i_ptm 0.65 cmap_loss_binder 1.48
185 models [0] recycles 0 hard 0 soft 1 temp 0.03 loss 1.48 plddt 0.72 ptm 0.79 i_ptm 0.56 cmap_loss_binder 1.48
186 models [1] recycles 0 hard 0 soft 1 temp 0.03 loss 1.73 plddt 0.65 ptm 0.73 i_ptm 0.36 cmap_loss_binder 1.73
187 models [0] recycles 0 hard 0 soft 1 temp 0.03 loss 1.52 plddt 0.73 ptm 0.77 i_ptm 0.48 cmap_loss_binder 1.52
188 models [1] recycles 0 hard 0 soft 1 temp 0.02 loss 1.69 plddt 0.75 ptm 0.74 i_ptm 0.39 cmap_loss_binder 1.69
189 models [0] recycles 0 hard 0 soft 1 temp 0.02 loss 1.51 plddt 0.71 ptm 0.80 i_ptm 0.58 cmap_loss_binder 1.51
190 models [1] recycles 0 hard 0 soft 1 temp 0.02 loss 1.66 plddt 0.62 ptm 0.75 i_ptm 0.41 cmap_loss_binder 1.66
191 models [1] recycles 0 hard 0 soft 1 temp 0.02 loss 1.61 plddt 0.67 ptm 0.77 i_ptm 0.45 cmap_loss_binder 1.61
192 models [1] recycles 0 hard 0 soft 1 temp 0.02 loss 1.65 plddt 0.71 ptm 0.78 i_ptm 0.50 cmap_loss_binder 1.65
193 models [1] recycles 0 hard 0 soft 1 temp 0.01 loss 1.68 plddt 0.76 ptm 0.75 i_ptm 0.41 cmap_loss_binder 1.68
194 models [0] recycles 0 hard 0 soft 1 temp 0.01 loss 1.50 plddt 0.70 ptm 0.82 i_ptm 0.63 cmap_loss_binder 1.50
195 models [1] recycles 0 hard 0 soft 1 temp 0.01 loss 1.63 plddt 0.61 ptm 0.78 i_ptm 0.50 cmap_loss_binder 1.63
196 models [1] recycles 0 hard 0 soft 1 temp 0.01 loss 1.77 plddt 0.69 ptm 0.72 i_ptm 0.33 cmap_loss_binder 1.77
197 models [1] recycles 0 hard 0 soft 1 temp 0.01 loss 1.66 plddt 0.70 ptm 0.76 i_ptm 0.44 cmap_loss_binder 1.66
198 models [0] recycles 0 hard 0 soft 1 temp 0.01 loss 1.48 plddt 0.61 ptm 0.81 i_ptm 0.62 cmap_loss_binder 1.48
199 models [0] recycles 0 hard 0 soft 1 temp 0.01 loss 1.55 plddt 0.73 ptm 0.79 i_ptm 0.55 cmap_loss_binder 1.55
200 models [1] recycles 0 hard 0 soft 1 temp 0.01 loss 1.63 plddt 0.64 ptm 0.77 i_ptm 0.48 cmap_loss_binder 1.63
Stage 3: running (hard)
201 models [0, 1] recycles 0 hard 1 soft 1 temp 0.01 loss 1.52 plddt 0.55 ptm 0.83 i_ptm 0.66 cmap_loss_binder 1.52
202 models [0, 1] recycles 0 hard 1 soft 1 temp 0.01 loss 1.51 plddt 0.55 ptm 0.84 i_ptm 0.67 cmap_loss_binder 1.51
203 models [0, 1] recycles 0 hard 1 soft 1 temp 0.01 loss 1.53 plddt 0.58 ptm 0.83 i_ptm 0.64 cmap_loss_binder 1.53
204 models [0, 1] recycles 0 hard 1 soft 1 temp 0.01 loss 1.52 plddt 0.60 ptm 0.84 i_ptm 0.66 cmap_loss_binder 1.52
205 models [0, 1] recycles 0 hard 1 soft 1 temp 0.01 loss 1.52 plddt 0.55 ptm 0.83 i_ptm 0.63 cmap_loss_binder 1.52
206 models [0, 1] recycles 0 hard 1 soft 1 temp 0.01 loss 1.51 plddt 0.59 ptm 0.82 i_ptm 0.63 cmap_loss_binder 1.51
207 models [0, 1] recycles 0 hard 1 soft 1 temp 0.01 loss 1.51 plddt 0.57 ptm 0.83 i_ptm 0.65 cmap_loss_binder 1.51
208 models [0, 1] recycles 0 hard 1 soft 1 temp 0.01 loss 1.51 plddt 0.60 ptm 0.83 i_ptm 0.63 cmap_loss_binder 1.51
209 models [0, 1] recycles 0 hard 1 soft 1 temp 0.01 loss 1.52 plddt 0.55 ptm 0.83 i_ptm 0.63 cmap_loss_binder 1.52
210 models [0, 1] recycles 0 hard 1 soft 1 temp 0.01 loss 1.52 plddt 0.57 ptm 0.83 i_ptm 0.64 cmap_loss_binder 1.52
211 models [0, 1] recycles 0 hard 1 soft 1 temp 0.01 loss 1.53 plddt 0.58 ptm 0.82 i_ptm 0.63 cmap_loss_binder 1.53
212 models [0, 1] recycles 0 hard 1 soft 1 temp 0.01 loss 1.50 plddt 0.55 ptm 0.83 i_ptm 0.64 cmap_loss_binder 1.50
213 models [0, 1] recycles 0 hard 1 soft 1 temp 0.01 loss 1.52 plddt 0.55 ptm 0.83 i_ptm 0.63 cmap_loss_binder 1.52
214 models [0, 1] recycles 0 hard 1 soft 1 temp 0.01 loss 1.53 plddt 0.67 ptm 0.82 i_ptm 0.63 cmap_loss_binder 1.53
215 models [0, 1] recycles 0 hard 1 soft 1 temp 0.01 loss 1.52 plddt 0.55 ptm 0.83 i_ptm 0.63 cmap_loss_binder 1.52
216 models [0, 1] recycles 0 hard 1 soft 1 temp 0.01 loss 1.52 plddt 0.59 ptm 0.82 i_ptm 0.63 cmap_loss_binder 1.52
217 models [0, 1] recycles 0 hard 1 soft 1 temp 0.01 loss 1.53 plddt 0.62 ptm 0.83 i_ptm 0.64 cmap_loss_binder 1.53
218 models [0, 1] recycles 0 hard 1 soft 1 temp 0.01 loss 1.52 plddt 0.59 ptm 0.83 i_ptm 0.63 cmap_loss_binder 1.52
219 models [0, 1] recycles 0 hard 1 soft 1 temp 0.01 loss 1.52 plddt 0.61 ptm 0.83 i_ptm 0.66 cmap_loss_binder 1.52
220 models [0, 1] recycles 0 hard 1 soft 1 temp 0.01 loss 1.51 plddt 0.60 ptm 0.82 i_ptm 0.62 cmap_loss_binder 1.51
Predicting sequences with AF2_ptm...
predict: traj_1_0 plddt: 0.679, i_pae: 0.747, i_ptm: 0.211, cmap_loss: 2.152
predict: traj_1_1 plddt: 0.680, i_pae: 0.763, i_ptm: 0.185, cmap_loss: 2.177
