CMAP of binder (monomer plddt: 0.927)
Stage 1: running (logits → soft)
1 models [0] recycles 0 hard 0 soft 0.01 temp 1 loss 3.49 plddt 0.45 ptm 0.60 i_ptm 0.14 cmap_loss_binder 3.49
2 models [0] recycles 0 hard 0 soft 0.02 temp 1 loss 3.51 plddt 0.52 ptm 0.61 i_ptm 0.13 cmap_loss_binder 3.51
3 models [0] recycles 0 hard 0 soft 0.03 temp 1 loss 3.46 plddt 0.49 ptm 0.61 i_ptm 0.13 cmap_loss_binder 3.46
4 models [1] recycles 0 hard 0 soft 0.04 temp 1 loss 3.51 plddt 0.47 ptm 0.60 i_ptm 0.08 cmap_loss_binder 3.51
5 models [0] recycles 0 hard 0 soft 0.05 temp 1 loss 3.45 plddt 0.50 ptm 0.61 i_ptm 0.14 cmap_loss_binder 3.45
6 models [0] recycles 0 hard 0 soft 0.06 temp 1 loss 3.41 plddt 0.56 ptm 0.60 i_ptm 0.12 cmap_loss_binder 3.41
7 models [1] recycles 0 hard 0 soft 0.07 temp 1 loss 3.33 plddt 0.40 ptm 0.60 i_ptm 0.08 cmap_loss_binder 3.33
8 models [1] recycles 0 hard 0 soft 0.08 temp 1 loss 3.42 plddt 0.62 ptm 0.60 i_ptm 0.09 cmap_loss_binder 3.42
9 models [1] recycles 0 hard 0 soft 0.09 temp 1 loss 3.28 plddt 0.42 ptm 0.60 i_ptm 0.09 cmap_loss_binder 3.28
10 models [0] recycles 0 hard 0 soft 0.10 temp 1 loss 3.18 plddt 0.40 ptm 0.61 i_ptm 0.14 cmap_loss_binder 3.18
11 models [1] recycles 0 hard 0 soft 0.11 temp 1 loss 3.02 plddt 0.40 ptm 0.61 i_ptm 0.09 cmap_loss_binder 3.02
12 models [1] recycles 0 hard 0 soft 0.12 temp 1 loss 2.87 plddt 0.42 ptm 0.61 i_ptm 0.09 cmap_loss_binder 2.87
13 models [1] recycles 0 hard 0 soft 0.13 temp 1 loss 2.72 plddt 0.48 ptm 0.60 i_ptm 0.08 cmap_loss_binder 2.72
14 models [1] recycles 0 hard 0 soft 0.14 temp 1 loss 2.63 plddt 0.47 ptm 0.60 i_ptm 0.08 cmap_loss_binder 2.63
15 models [0] recycles 0 hard 0 soft 0.15 temp 1 loss 2.69 plddt 0.38 ptm 0.62 i_ptm 0.13 cmap_loss_binder 2.69
16 models [1] recycles 0 hard 0 soft 0.16 temp 1 loss 2.57 plddt 0.45 ptm 0.60 i_ptm 0.09 cmap_loss_binder 2.57
17 models [1] recycles 0 hard 0 soft 0.17 temp 1 loss 2.53 plddt 0.49 ptm 0.60 i_ptm 0.08 cmap_loss_binder 2.53
18 models [0] recycles 0 hard 0 soft 0.18 temp 1 loss 2.41 plddt 0.53 ptm 0.61 i_ptm 0.12 cmap_loss_binder 2.41
19 models [0] recycles 0 hard 0 soft 0.19 temp 1 loss 2.39 plddt 0.48 ptm 0.61 i_ptm 0.13 cmap_loss_binder 2.39
20 models [0] recycles 0 hard 0 soft 0.20 temp 1 loss 2.38 plddt 0.53 ptm 0.61 i_ptm 0.12 cmap_loss_binder 2.38
21 models [0] recycles 0 hard 0 soft 0.21 temp 1 loss 2.32 plddt 0.61 ptm 0.60 i_ptm 0.12 cmap_loss_binder 2.32
22 models [0] recycles 0 hard 0 soft 0.22 temp 1 loss 2.50 plddt 0.46 ptm 0.61 i_ptm 0.12 cmap_loss_binder 2.50
23 models [1] recycles 0 hard 0 soft 0.23 temp 1 loss 2.31 plddt 0.53 ptm 0.60 i_ptm 0.08 cmap_loss_binder 2.31
24 models [1] recycles 0 hard 0 soft 0.24 temp 1 loss 2.33 plddt 0.53 ptm 0.60 i_ptm 0.09 cmap_loss_binder 2.33
25 models [0] recycles 0 hard 0 soft 0.25 temp 1 loss 2.27 plddt 0.56 ptm 0.61 i_ptm 0.12 cmap_loss_binder 2.27
26 models [0] recycles 0 hard 0 soft 0.26 temp 1 loss 2.25 plddt 0.57 ptm 0.60 i_ptm 0.12 cmap_loss_binder 2.25
27 models [1] recycles 0 hard 0 soft 0.27 temp 1 loss 2.25 plddt 0.54 ptm 0.60 i_ptm 0.08 cmap_loss_binder 2.25
28 models [1] recycles 0 hard 0 soft 0.28 temp 1 loss 2.15 plddt 0.58 ptm 0.61 i_ptm 0.09 cmap_loss_binder 2.15
29 models [0] recycles 0 hard 0 soft 0.29 temp 1 loss 2.12 plddt 0.64 ptm 0.62 i_ptm 0.16 cmap_loss_binder 2.12
30 models [0] recycles 0 hard 0 soft 0.30 temp 1 loss 2.11 plddt 0.65 ptm 0.61 i_ptm 0.12 cmap_loss_binder 2.11
31 models [0] recycles 0 hard 0 soft 0.31 temp 1 loss 2.06 plddt 0.67 ptm 0.61 i_ptm 0.13 cmap_loss_binder 2.06
32 models [1] recycles 0 hard 0 soft 0.32 temp 1 loss 2.09 plddt 0.63 ptm 0.60 i_ptm 0.09 cmap_loss_binder 2.09
33 models [1] recycles 0 hard 0 soft 0.33 temp 1 loss 2.09 plddt 0.69 ptm 0.60 i_ptm 0.09 cmap_loss_binder 2.09
34 models [1] recycles 0 hard 0 soft 0.34 temp 1 loss 2.04 plddt 0.70 ptm 0.61 i_ptm 0.10 cmap_loss_binder 2.04
35 models [1] recycles 0 hard 0 soft 0.35 temp 1 loss 2.07 plddt 0.66 ptm 0.60 i_ptm 0.08 cmap_loss_binder 2.07
36 models [0] recycles 0 hard 0 soft 0.36 temp 1 loss 2.03 plddt 0.68 ptm 0.62 i_ptm 0.16 cmap_loss_binder 2.03
37 models [1] recycles 0 hard 0 soft 0.37 temp 1 loss 2.03 plddt 0.70 ptm 0.60 i_ptm 0.09 cmap_loss_binder 2.03
38 models [1] recycles 0 hard 0 soft 0.38 temp 1 loss 1.98 plddt 0.69 ptm 0.60 i_ptm 0.08 cmap_loss_binder 1.98
39 models [0] recycles 0 hard 0 soft 0.39 temp 1 loss 1.94 plddt 0.69 ptm 0.62 i_ptm 0.15 cmap_loss_binder 1.94
40 models [0] recycles 0 hard 0 soft 0.40 temp 1 loss 1.90 plddt 0.73 ptm 0.62 i_ptm 0.14 cmap_loss_binder 1.90
41 models [1] recycles 0 hard 0 soft 0.41 temp 1 loss 1.85 plddt 0.71 ptm 0.61 i_ptm 0.09 cmap_loss_binder 1.85
42 models [0] recycles 0 hard 0 soft 0.42 temp 1 loss 1.86 plddt 0.70 ptm 0.63 i_ptm 0.18 cmap_loss_binder 1.86
43 models [1] recycles 0 hard 0 soft 0.43 temp 1 loss 1.87 plddt 0.75 ptm 0.61 i_ptm 0.09 cmap_loss_binder 1.87
44 models [1] recycles 0 hard 0 soft 0.44 temp 1 loss 1.87 plddt 0.66 ptm 0.61 i_ptm 0.10 cmap_loss_binder 1.87
45 models [1] recycles 0 hard 0 soft 0.45 temp 1 loss 1.83 plddt 0.77 ptm 0.61 i_ptm 0.09 cmap_loss_binder 1.83
46 models [0] recycles 0 hard 0 soft 0.46 temp 1 loss 1.79 plddt 0.69 ptm 0.63 i_ptm 0.16 cmap_loss_binder 1.79
47 models [0] recycles 0 hard 0 soft 0.47 temp 1 loss 1.75 plddt 0.66 ptm 0.64 i_ptm 0.22 cmap_loss_binder 1.75
48 models [0] recycles 0 hard 0 soft 0.48 temp 1 loss 1.72 plddt 0.76 ptm 0.64 i_ptm 0.20 cmap_loss_binder 1.72
49 models [0] recycles 0 hard 0 soft 0.49 temp 1 loss 2.26 plddt 0.49 ptm 0.64 i_ptm 0.19 cmap_loss_binder 2.26
50 models [0] recycles 0 hard 0 soft 0.50 temp 1 loss 1.89 plddt 0.63 ptm 0.63 i_ptm 0.19 cmap_loss_binder 1.89
51 models [0] recycles 0 hard 0 soft 0.51 temp 1 loss 1.83 plddt 0.68 ptm 0.63 i_ptm 0.19 cmap_loss_binder 1.83
52 models [0] recycles 0 hard 0 soft 0.52 temp 1 loss 1.81 plddt 0.68 ptm 0.64 i_ptm 0.20 cmap_loss_binder 1.81
53 models [1] recycles 0 hard 0 soft 0.53 temp 1 loss 1.74 plddt 0.76 ptm 0.62 i_ptm 0.13 cmap_loss_binder 1.74
54 models [1] recycles 0 hard 0 soft 0.54 temp 1 loss 1.79 plddt 0.67 ptm 0.61 i_ptm 0.12 cmap_loss_binder 1.79
55 models [0] recycles 0 hard 0 soft 0.55 temp 1 loss 1.71 plddt 0.76 ptm 0.64 i_ptm 0.20 cmap_loss_binder 1.71
56 models [0] recycles 0 hard 0 soft 0.56 temp 1 loss 1.67 plddt 0.74 ptm 0.65 i_ptm 0.24 cmap_loss_binder 1.67
57 models [1] recycles 0 hard 0 soft 0.57 temp 1 loss 1.73 plddt 0.76 ptm 0.61 i_ptm 0.12 cmap_loss_binder 1.73
58 models [1] recycles 0 hard 0 soft 0.58 temp 1 loss 1.68 plddt 0.72 ptm 0.63 i_ptm 0.15 cmap_loss_binder 1.68
59 models [0] recycles 0 hard 0 soft 0.59 temp 1 loss 1.62 plddt 0.78 ptm 0.64 i_ptm 0.23 cmap_loss_binder 1.62
60 models [0] recycles 0 hard 0 soft 0.60 temp 1 loss 1.62 plddt 0.80 ptm 0.66 i_ptm 0.26 cmap_loss_binder 1.62
61 models [1] recycles 0 hard 0 soft 0.61 temp 1 loss 1.65 plddt 0.78 ptm 0.63 i_ptm 0.16 cmap_loss_binder 1.65
62 models [0] recycles 0 hard 0 soft 0.62 temp 1 loss 1.61 plddt 0.71 ptm 0.65 i_ptm 0.24 cmap_loss_binder 1.61
63 models [1] recycles 0 hard 0 soft 0.63 temp 1 loss 1.62 plddt 0.75 ptm 0.63 i_ptm 0.18 cmap_loss_binder 1.62
64 models [0] recycles 0 hard 0 soft 0.64 temp 1 loss 1.58 plddt 0.78 ptm 0.65 i_ptm 0.23 cmap_loss_binder 1.58
65 models [0] recycles 0 hard 0 soft 0.65 temp 1 loss 1.57 plddt 0.76 ptm 0.66 i_ptm 0.27 cmap_loss_binder 1.57
66 models [1] recycles 0 hard 0 soft 0.66 temp 1 loss 1.63 plddt 0.83 ptm 0.64 i_ptm 0.17 cmap_loss_binder 1.63
67 models [1] recycles 0 hard 0 soft 0.67 temp 1 loss 1.61 plddt 0.78 ptm 0.64 i_ptm 0.19 cmap_loss_binder 1.61
68 models [1] recycles 0 hard 0 soft 0.68 temp 1 loss 1.57 plddt 0.78 ptm 0.64 i_ptm 0.20 cmap_loss_binder 1.57
69 models [1] recycles 0 hard 0 soft 0.69 temp 1 loss 1.56 plddt 0.79 ptm 0.64 i_ptm 0.20 cmap_loss_binder 1.56
70 models [1] recycles 0 hard 0 soft 0.70 temp 1 loss 1.56 plddt 0.77 ptm 0.65 i_ptm 0.21 cmap_loss_binder 1.56
71 models [0] recycles 0 hard 0 soft 0.71 temp 1 loss 1.56 plddt 0.79 ptm 0.66 i_ptm 0.27 cmap_loss_binder 1.56
72 models [1] recycles 0 hard 0 soft 0.72 temp 1 loss 1.54 plddt 0.79 ptm 0.65 i_ptm 0.21 cmap_loss_binder 1.54
73 models [1] recycles 0 hard 0 soft 0.73 temp 1 loss 1.51 plddt 0.77 ptm 0.66 i_ptm 0.24 cmap_loss_binder 1.51
74 models [1] recycles 0 hard 0 soft 0.74 temp 1 loss 1.49 plddt 0.81 ptm 0.65 i_ptm 0.23 cmap_loss_binder 1.49
75 models [1] recycles 0 hard 0 soft 0.75 temp 1 loss 1.54 plddt 0.80 ptm 0.66 i_ptm 0.23 cmap_loss_binder 1.54
76 models [1] recycles 0 hard 0 soft 0.76 temp 1 loss 1.54 plddt 0.73 ptm 0.67 i_ptm 0.29 cmap_loss_binder 1.54
77 models [1] recycles 0 hard 0 soft 0.77 temp 1 loss 1.49 plddt 0.81 ptm 0.68 i_ptm 0.29 cmap_loss_binder 1.49
78 models [0] recycles 0 hard 0 soft 0.78 temp 1 loss 1.49 plddt 0.75 ptm 0.70 i_ptm 0.36 cmap_loss_binder 1.49
79 models [0] recycles 0 hard 0 soft 0.79 temp 1 loss 1.45 plddt 0.76 ptm 0.73 i_ptm 0.44 cmap_loss_binder 1.45
80 models [1] recycles 0 hard 0 soft 0.80 temp 1 loss 1.52 plddt 0.81 ptm 0.65 i_ptm 0.23 cmap_loss_binder 1.52
81 models [0] recycles 0 hard 0 soft 0.81 temp 1 loss 1.47 plddt 0.76 ptm 0.71 i_ptm 0.38 cmap_loss_binder 1.47
82 models [1] recycles 0 hard 0 soft 0.82 temp 1 loss 1.49 plddt 0.78 ptm 0.67 i_ptm 0.28 cmap_loss_binder 1.49
83 models [0] recycles 0 hard 0 soft 0.83 temp 1 loss 1.47 plddt 0.83 ptm 0.67 i_ptm 0.31 cmap_loss_binder 1.47
84 models [1] recycles 0 hard 0 soft 0.84 temp 1 loss 1.47 plddt 0.79 ptm 0.67 i_ptm 0.27 cmap_loss_binder 1.47
85 models [1] recycles 0 hard 0 soft 0.85 temp 1 loss 1.52 plddt 0.74 ptm 0.67 i_ptm 0.27 cmap_loss_binder 1.52
86 models [0] recycles 0 hard 0 soft 0.86 temp 1 loss 1.46 plddt 0.77 ptm 0.72 i_ptm 0.41 cmap_loss_binder 1.46
87 models [1] recycles 0 hard 0 soft 0.87 temp 1 loss 1.47 plddt 0.77 ptm 0.68 i_ptm 0.30 cmap_loss_binder 1.47
88 models [1] recycles 0 hard 0 soft 0.88 temp 1 loss 1.50 plddt 0.78 ptm 0.67 i_ptm 0.26 cmap_loss_binder 1.50
89 models [0] recycles 0 hard 0 soft 0.89 temp 1 loss 1.43 plddt 0.75 ptm 0.72 i_ptm 0.42 cmap_loss_binder 1.43
90 models [1] recycles 0 hard 0 soft 0.90 temp 1 loss 1.49 plddt 0.79 ptm 0.68 i_ptm 0.29 cmap_loss_binder 1.49
91 models [0] recycles 0 hard 0 soft 0.91 temp 1 loss 1.42 plddt 0.79 ptm 0.74 i_ptm 0.46 cmap_loss_binder 1.42
92 models [0] recycles 0 hard 0 soft 0.92 temp 1 loss 1.44 plddt 0.79 ptm 0.72 i_ptm 0.40 cmap_loss_binder 1.44
93 models [0] recycles 0 hard 0 soft 0.93 temp 1 loss 1.42 plddt 0.78 ptm 0.73 i_ptm 0.44 cmap_loss_binder 1.42
94 models [1] recycles 0 hard 0 soft 0.94 temp 1 loss 1.57 plddt 0.72 ptm 0.64 i_ptm 0.21 cmap_loss_binder 1.57
95 models [1] recycles 0 hard 0 soft 0.95 temp 1 loss 1.54 plddt 0.80 ptm 0.66 i_ptm 0.24 cmap_loss_binder 1.54
96 models [0] recycles 0 hard 0 soft 0.96 temp 1 loss 1.44 plddt 0.76 ptm 0.71 i_ptm 0.40 cmap_loss_binder 1.44
97 models [0] recycles 0 hard 0 soft 0.97 temp 1 loss 1.50 plddt 0.78 ptm 0.69 i_ptm 0.35 cmap_loss_binder 1.50
98 models [1] recycles 0 hard 0 soft 0.98 temp 1 loss 1.53 plddt 0.75 ptm 0.65 i_ptm 0.23 cmap_loss_binder 1.53
99 models [0] recycles 0 hard 0 soft 0.99 temp 1 loss 1.48 plddt 0.75 ptm 0.71 i_ptm 0.38 cmap_loss_binder 1.48
100 models [1] recycles 0 hard 0 soft 1 temp 1 loss 1.58 plddt 0.73 ptm 0.64 i_ptm 0.20 cmap_loss_binder 1.58
Stage 2: running (soft → hard)
101 models [1] recycles 0 hard 0 soft 1 temp 0.98 loss 1.54 plddt 0.80 ptm 0.65 i_ptm 0.21 cmap_loss_binder 1.54
102 models [0] recycles 0 hard 0 soft 1 temp 0.96 loss 1.48 plddt 0.76 ptm 0.67 i_ptm 0.30 cmap_loss_binder 1.48
103 models [0] recycles 0 hard 0 soft 1 temp 0.94 loss 1.45 plddt 0.75 ptm 0.69 i_ptm 0.35 cmap_loss_binder 1.45
104 models [0] recycles 0 hard 0 soft 1 temp 0.92 loss 1.44 plddt 0.79 ptm 0.68 i_ptm 0.33 cmap_loss_binder 1.44
105 models [1] recycles 0 hard 0 soft 1 temp 0.90 loss 1.55 plddt 0.78 ptm 0.63 i_ptm 0.18 cmap_loss_binder 1.55
106 models [0] recycles 0 hard 0 soft 1 temp 0.88 loss 1.45 plddt 0.76 ptm 0.67 i_ptm 0.29 cmap_loss_binder 1.45
107 models [1] recycles 0 hard 0 soft 1 temp 0.87 loss 1.51 plddt 0.79 ptm 0.65 i_ptm 0.23 cmap_loss_binder 1.51
108 models [1] recycles 0 hard 0 soft 1 temp 0.85 loss 1.50 plddt 0.77 ptm 0.67 i_ptm 0.27 cmap_loss_binder 1.50
109 models [0] recycles 0 hard 0 soft 1 temp 0.83 loss 1.45 plddt 0.79 ptm 0.67 i_ptm 0.28 cmap_loss_binder 1.45
110 models [1] recycles 0 hard 0 soft 1 temp 0.81 loss 1.49 plddt 0.81 ptm 0.66 i_ptm 0.25 cmap_loss_binder 1.49
111 models [0] recycles 0 hard 0 soft 1 temp 0.79 loss 1.44 plddt 0.78 ptm 0.68 i_ptm 0.32 cmap_loss_binder 1.44
112 models [1] recycles 0 hard 0 soft 1 temp 0.78 loss 1.48 plddt 0.80 ptm 0.66 i_ptm 0.24 cmap_loss_binder 1.48
113 models [0] recycles 0 hard 0 soft 1 temp 0.76 loss 1.46 plddt 0.75 ptm 0.64 i_ptm 0.23 cmap_loss_binder 1.46
114 models [1] recycles 0 hard 0 soft 1 temp 0.74 loss 1.47 plddt 0.79 ptm 0.67 i_ptm 0.27 cmap_loss_binder 1.47
115 models [1] recycles 0 hard 0 soft 1 temp 0.73 loss 1.52 plddt 0.80 ptm 0.64 i_ptm 0.21 cmap_loss_binder 1.52
116 models [1] recycles 0 hard 0 soft 1 temp 0.71 loss 1.51 plddt 0.79 ptm 0.65 i_ptm 0.23 cmap_loss_binder 1.51
117 models [0] recycles 0 hard 0 soft 1 temp 0.69 loss 1.43 plddt 0.77 ptm 0.67 i_ptm 0.29 cmap_loss_binder 1.43
118 models [0] recycles 0 hard 0 soft 1 temp 0.68 loss 1.40 plddt 0.77 ptm 0.70 i_ptm 0.37 cmap_loss_binder 1.40
119 models [1] recycles 0 hard 0 soft 1 temp 0.66 loss 1.46 plddt 0.83 ptm 0.66 i_ptm 0.25 cmap_loss_binder 1.46
120 models [1] recycles 0 hard 0 soft 1 temp 0.64 loss 1.44 plddt 0.78 ptm 0.67 i_ptm 0.27 cmap_loss_binder 1.44
121 models [1] recycles 0 hard 0 soft 1 temp 0.63 loss 1.47 plddt 0.77 ptm 0.67 i_ptm 0.29 cmap_loss_binder 1.47
122 models [1] recycles 0 hard 0 soft 1 temp 0.61 loss 1.50 plddt 0.78 ptm 0.65 i_ptm 0.21 cmap_loss_binder 1.50
123 models [1] recycles 0 hard 0 soft 1 temp 0.60 loss 1.44 plddt 0.77 ptm 0.67 i_ptm 0.28 cmap_loss_binder 1.44
124 models [1] recycles 0 hard 0 soft 1 temp 0.58 loss 1.45 plddt 0.77 ptm 0.66 i_ptm 0.25 cmap_loss_binder 1.45
125 models [1] recycles 0 hard 0 soft 1 temp 0.57 loss 1.45 plddt 0.78 ptm 0.67 i_ptm 0.26 cmap_loss_binder 1.45
126 models [1] recycles 0 hard 0 soft 1 temp 0.55 loss 1.42 plddt 0.80 ptm 0.67 i_ptm 0.27 cmap_loss_binder 1.42
127 models [1] recycles 0 hard 0 soft 1 temp 0.54 loss 1.49 plddt 0.77 ptm 0.66 i_ptm 0.25 cmap_loss_binder 1.49
128 models [0] recycles 0 hard 0 soft 1 temp 0.52 loss 1.47 plddt 0.69 ptm 0.67 i_ptm 0.29 cmap_loss_binder 1.47
129 models [1] recycles 0 hard 0 soft 1 temp 0.51 loss 1.49 plddt 0.77 ptm 0.65 i_ptm 0.22 cmap_loss_binder 1.49
130 models [0] recycles 0 hard 0 soft 1 temp 0.50 loss 1.45 plddt 0.75 ptm 0.66 i_ptm 0.26 cmap_loss_binder 1.45
131 models [0] recycles 0 hard 0 soft 1 temp 0.48 loss 1.44 plddt 0.76 ptm 0.69 i_ptm 0.34 cmap_loss_binder 1.44
132 models [1] recycles 0 hard 0 soft 1 temp 0.47 loss 1.46 plddt 0.79 ptm 0.67 i_ptm 0.27 cmap_loss_binder 1.46
133 models [0] recycles 0 hard 0 soft 1 temp 0.45 loss 1.43 plddt 0.74 ptm 0.68 i_ptm 0.32 cmap_loss_binder 1.43
134 models [1] recycles 0 hard 0 soft 1 temp 0.44 loss 1.49 plddt 0.77 ptm 0.65 i_ptm 0.22 cmap_loss_binder 1.49
135 models [0] recycles 0 hard 0 soft 1 temp 0.43 loss 1.41 plddt 0.76 ptm 0.66 i_ptm 0.28 cmap_loss_binder 1.41
136 models [0] recycles 0 hard 0 soft 1 temp 0.42 loss 1.41 plddt 0.76 ptm 0.69 i_ptm 0.34 cmap_loss_binder 1.41
137 models [1] recycles 0 hard 0 soft 1 temp 0.40 loss 1.47 plddt 0.78 ptm 0.64 i_ptm 0.19 cmap_loss_binder 1.47
138 models [1] recycles 0 hard 0 soft 1 temp 0.39 loss 1.48 plddt 0.80 ptm 0.64 i_ptm 0.20 cmap_loss_binder 1.48
139 models [0] recycles 0 hard 0 soft 1 temp 0.38 loss 1.45 plddt 0.74 ptm 0.71 i_ptm 0.38 cmap_loss_binder 1.45
140 models [0] recycles 0 hard 0 soft 1 temp 0.37 loss 1.45 plddt 0.74 ptm 0.70 i_ptm 0.34 cmap_loss_binder 1.45
141 models [1] recycles 0 hard 0 soft 1 temp 0.35 loss 1.54 plddt 0.79 ptm 0.64 i_ptm 0.18 cmap_loss_binder 1.54
142 models [0] recycles 0 hard 0 soft 1 temp 0.34 loss 1.45 plddt 0.70 ptm 0.69 i_ptm 0.33 cmap_loss_binder 1.45
143 models [1] recycles 0 hard 0 soft 1 temp 0.33 loss 1.52 plddt 0.74 ptm 0.64 i_ptm 0.19 cmap_loss_binder 1.52
144 models [0] recycles 0 hard 0 soft 1 temp 0.32 loss 1.41 plddt 0.73 ptm 0.72 i_ptm 0.41 cmap_loss_binder 1.41
145 models [1] recycles 0 hard 0 soft 1 temp 0.31 loss 1.52 plddt 0.80 ptm 0.64 i_ptm 0.18 cmap_loss_binder 1.52
146 models [0] recycles 0 hard 0 soft 1 temp 0.30 loss 1.42 plddt 0.73 ptm 0.70 i_ptm 0.35 cmap_loss_binder 1.42
147 models [0] recycles 0 hard 0 soft 1 temp 0.29 loss 1.42 plddt 0.74 ptm 0.69 i_ptm 0.36 cmap_loss_binder 1.42
148 models [0] recycles 0 hard 0 soft 1 temp 0.28 loss 1.43 plddt 0.72 ptm 0.70 i_ptm 0.36 cmap_loss_binder 1.43
149 models [0] recycles 0 hard 0 soft 1 temp 0.27 loss 1.43 plddt 0.74 ptm 0.72 i_ptm 0.40 cmap_loss_binder 1.43
150 models [1] recycles 0 hard 0 soft 1 temp 0.26 loss 1.46 plddt 0.78 ptm 0.65 i_ptm 0.21 cmap_loss_binder 1.46
151 models [0] recycles 0 hard 0 soft 1 temp 0.25 loss 1.41 plddt 0.76 ptm 0.70 i_ptm 0.36 cmap_loss_binder 1.41
152 models [1] recycles 0 hard 0 soft 1 temp 0.24 loss 1.46 plddt 0.79 ptm 0.65 i_ptm 0.23 cmap_loss_binder 1.46
153 models [1] recycles 0 hard 0 soft 1 temp 0.23 loss 1.45 plddt 0.77 ptm 0.65 i_ptm 0.23 cmap_loss_binder 1.45
154 models [0] recycles 0 hard 0 soft 1 temp 0.22 loss 1.46 plddt 0.72 ptm 0.67 i_ptm 0.28 cmap_loss_binder 1.46
155 models [0] recycles 0 hard 0 soft 1 temp 0.21 loss 1.41 plddt 0.75 ptm 0.72 i_ptm 0.40 cmap_loss_binder 1.41
156 models [0] recycles 0 hard 0 soft 1 temp 0.20 loss 1.40 plddt 0.72 ptm 0.71 i_ptm 0.39 cmap_loss_binder 1.40
157 models [1] recycles 0 hard 0 soft 1 temp 0.19 loss 1.45 plddt 0.80 ptm 0.66 i_ptm 0.24 cmap_loss_binder 1.45
158 models [1] recycles 0 hard 0 soft 1 temp 0.18 loss 1.50 plddt 0.78 ptm 0.63 i_ptm 0.17 cmap_loss_binder 1.50
159 models [0] recycles 0 hard 0 soft 1 temp 0.18 loss 1.41 plddt 0.72 ptm 0.71 i_ptm 0.39 cmap_loss_binder 1.41
160 models [0] recycles 0 hard 0 soft 1 temp 0.17 loss 1.44 plddt 0.71 ptm 0.69 i_ptm 0.33 cmap_loss_binder 1.44
161 models [0] recycles 0 hard 0 soft 1 temp 0.16 loss 1.44 plddt 0.72 ptm 0.71 i_ptm 0.37 cmap_loss_binder 1.44
162 models [0] recycles 0 hard 0 soft 1 temp 0.15 loss 1.50 plddt 0.71 ptm 0.69 i_ptm 0.33 cmap_loss_binder 1.50
163 models [1] recycles 0 hard 0 soft 1 temp 0.15 loss 1.51 plddt 0.74 ptm 0.64 i_ptm 0.19 cmap_loss_binder 1.51
164 models [1] recycles 0 hard 0 soft 1 temp 0.14 loss 1.53 plddt 0.75 ptm 0.63 i_ptm 0.17 cmap_loss_binder 1.53
165 models [0] recycles 0 hard 0 soft 1 temp 0.13 loss 1.41 plddt 0.73 ptm 0.72 i_ptm 0.42 cmap_loss_binder 1.41
166 models [1] recycles 0 hard 0 soft 1 temp 0.12 loss 1.50 plddt 0.78 ptm 0.64 i_ptm 0.19 cmap_loss_binder 1.50
167 models [0] recycles 0 hard 0 soft 1 temp 0.12 loss 1.42 plddt 0.74 ptm 0.70 i_ptm 0.35 cmap_loss_binder 1.42
168 models [1] recycles 0 hard 0 soft 1 temp 0.11 loss 1.50 plddt 0.72 ptm 0.65 i_ptm 0.21 cmap_loss_binder 1.50
169 models [0] recycles 0 hard 0 soft 1 temp 0.11 loss 1.48 plddt 0.73 ptm 0.70 i_ptm 0.36 cmap_loss_binder 1.48
170 models [1] recycles 0 hard 0 soft 1 temp 0.10 loss 1.52 plddt 0.74 ptm 0.64 i_ptm 0.19 cmap_loss_binder 1.52
171 models [1] recycles 0 hard 0 soft 1 temp 0.09 loss 1.55 plddt 0.74 ptm 0.64 i_ptm 0.20 cmap_loss_binder 1.55
172 models [0] recycles 0 hard 0 soft 1 temp 0.09 loss 1.41 plddt 0.75 ptm 0.70 i_ptm 0.38 cmap_loss_binder 1.41
173 models [1] recycles 0 hard 0 soft 1 temp 0.08 loss 1.51 plddt 0.78 ptm 0.64 i_ptm 0.18 cmap_loss_binder 1.51
174 models [0] recycles 0 hard 0 soft 1 temp 0.08 loss 1.46 plddt 0.72 ptm 0.68 i_ptm 0.32 cmap_loss_binder 1.46
175 models [1] recycles 0 hard 0 soft 1 temp 0.07 loss 1.54 plddt 0.77 ptm 0.63 i_ptm 0.16 cmap_loss_binder 1.54
176 models [1] recycles 0 hard 0 soft 1 temp 0.07 loss 1.52 plddt 0.72 ptm 0.64 i_ptm 0.19 cmap_loss_binder 1.52
177 models [0] recycles 0 hard 0 soft 1 temp 0.06 loss 1.43 plddt 0.73 ptm 0.70 i_ptm 0.35 cmap_loss_binder 1.43
178 models [1] recycles 0 hard 0 soft 1 temp 0.06 loss 1.52 plddt 0.72 ptm 0.65 i_ptm 0.22 cmap_loss_binder 1.52
179 models [1] recycles 0 hard 0 soft 1 temp 0.05 loss 1.55 plddt 0.77 ptm 0.62 i_ptm 0.14 cmap_loss_binder 1.55
180 models [1] recycles 0 hard 0 soft 1 temp 0.05 loss 1.51 plddt 0.77 ptm 0.63 i_ptm 0.18 cmap_loss_binder 1.51
181 models [1] recycles 0 hard 0 soft 1 temp 0.05 loss 1.54 plddt 0.78 ptm 0.63 i_ptm 0.18 cmap_loss_binder 1.54
182 models [0] recycles 0 hard 0 soft 1 temp 0.04 loss 1.42 plddt 0.74 ptm 0.69 i_ptm 0.31 cmap_loss_binder 1.42
183 models [0] recycles 0 hard 0 soft 1 temp 0.04 loss 1.43 plddt 0.73 ptm 0.67 i_ptm 0.28 cmap_loss_binder 1.43
184 models [0] recycles 0 hard 0 soft 1 temp 0.04 loss 1.43 plddt 0.74 ptm 0.72 i_ptm 0.42 cmap_loss_binder 1.43
185 models [0] recycles 0 hard 0 soft 1 temp 0.03 loss 1.48 plddt 0.72 ptm 0.65 i_ptm 0.24 cmap_loss_binder 1.48
186 models [1] recycles 0 hard 0 soft 1 temp 0.03 loss 1.53 plddt 0.75 ptm 0.64 i_ptm 0.18 cmap_loss_binder 1.53
187 models [0] recycles 0 hard 0 soft 1 temp 0.03 loss 1.48 plddt 0.74 ptm 0.65 i_ptm 0.25 cmap_loss_binder 1.48
188 models [1] recycles 0 hard 0 soft 1 temp 0.02 loss 1.49 plddt 0.79 ptm 0.65 i_ptm 0.21 cmap_loss_binder 1.49
189 models [0] recycles 0 hard 0 soft 1 temp 0.02 loss 1.47 plddt 0.71 ptm 0.67 i_ptm 0.28 cmap_loss_binder 1.47
190 models [1] recycles 0 hard 0 soft 1 temp 0.02 loss 1.56 plddt 0.72 ptm 0.63 i_ptm 0.17 cmap_loss_binder 1.56
191 models [1] recycles 0 hard 0 soft 1 temp 0.02 loss 1.54 plddt 0.75 ptm 0.63 i_ptm 0.17 cmap_loss_binder 1.54
192 models [0] recycles 0 hard 0 soft 1 temp 0.02 loss 1.48 plddt 0.72 ptm 0.67 i_ptm 0.29 cmap_loss_binder 1.48
193 models [0] recycles 0 hard 0 soft 1 temp 0.01 loss 1.46 plddt 0.71 ptm 0.68 i_ptm 0.31 cmap_loss_binder 1.46
194 models [1] recycles 0 hard 0 soft 1 temp 0.01 loss 1.55 plddt 0.73 ptm 0.64 i_ptm 0.18 cmap_loss_binder 1.55
195 models [0] recycles 0 hard 0 soft 1 temp 0.01 loss 1.49 plddt 0.68 ptm 0.69 i_ptm 0.33 cmap_loss_binder 1.49
196 models [0] recycles 0 hard 0 soft 1 temp 0.01 loss 1.47 plddt 0.70 ptm 0.67 i_ptm 0.31 cmap_loss_binder 1.47
197 models [0] recycles 0 hard 0 soft 1 temp 0.01 loss 1.52 plddt 0.68 ptm 0.68 i_ptm 0.31 cmap_loss_binder 1.52
198 models [1] recycles 0 hard 0 soft 1 temp 0.01 loss 1.49 plddt 0.78 ptm 0.63 i_ptm 0.18 cmap_loss_binder 1.49
199 models [0] recycles 0 hard 0 soft 1 temp 0.01 loss 1.50 plddt 0.69 ptm 0.68 i_ptm 0.30 cmap_loss_binder 1.50
200 models [1] recycles 0 hard 0 soft 1 temp 0.01 loss 1.58 plddt 0.71 ptm 0.63 i_ptm 0.18 cmap_loss_binder 1.58
Stage 3: running (hard)
201 models [0, 1] recycles 0 hard 1 soft 1 temp 0.01 loss 1.43 plddt 0.74 ptm 0.68 i_ptm 0.30 cmap_loss_binder 1.43
202 models [0, 1] recycles 0 hard 1 soft 1 temp 0.01 loss 1.43 plddt 0.73 ptm 0.69 i_ptm 0.32 cmap_loss_binder 1.43
203 models [0, 1] recycles 0 hard 1 soft 1 temp 0.01 loss 1.44 plddt 0.74 ptm 0.69 i_ptm 0.31 cmap_loss_binder 1.44
204 models [0, 1] recycles 0 hard 1 soft 1 temp 0.01 loss 1.43 plddt 0.74 ptm 0.69 i_ptm 0.31 cmap_loss_binder 1.43
205 models [0, 1] recycles 0 hard 1 soft 1 temp 0.01 loss 1.43 plddt 0.73 ptm 0.69 i_ptm 0.31 cmap_loss_binder 1.43
206 models [0, 1] recycles 0 hard 1 soft 1 temp 0.01 loss 1.44 plddt 0.74 ptm 0.68 i_ptm 0.30 cmap_loss_binder 1.44
207 models [0, 1] recycles 0 hard 1 soft 1 temp 0.01 loss 1.43 plddt 0.73 ptm 0.69 i_ptm 0.31 cmap_loss_binder 1.43
208 models [0, 1] recycles 0 hard 1 soft 1 temp 0.01 loss 1.43 plddt 0.73 ptm 0.68 i_ptm 0.29 cmap_loss_binder 1.43
209 models [0, 1] recycles 0 hard 1 soft 1 temp 0.01 loss 1.44 plddt 0.72 ptm 0.68 i_ptm 0.30 cmap_loss_binder 1.44
210 models [0, 1] recycles 0 hard 1 soft 1 temp 0.01 loss 1.43 plddt 0.74 ptm 0.69 i_ptm 0.31 cmap_loss_binder 1.43
211 models [0, 1] recycles 0 hard 1 soft 1 temp 0.01 loss 1.44 plddt 0.74 ptm 0.68 i_ptm 0.29 cmap_loss_binder 1.44
212 models [0, 1] recycles 0 hard 1 soft 1 temp 0.01 loss 1.43 plddt 0.74 ptm 0.69 i_ptm 0.31 cmap_loss_binder 1.43
213 models [0, 1] recycles 0 hard 1 soft 1 temp 0.01 loss 1.43 plddt 0.73 ptm 0.69 i_ptm 0.31 cmap_loss_binder 1.43
214 models [0, 1] recycles 0 hard 1 soft 1 temp 0.01 loss 1.43 plddt 0.73 ptm 0.68 i_ptm 0.30 cmap_loss_binder 1.43
215 models [0, 1] recycles 0 hard 1 soft 1 temp 0.01 loss 1.43 plddt 0.74 ptm 0.69 i_ptm 0.31 cmap_loss_binder 1.43
216 models [0, 1] recycles 0 hard 1 soft 1 temp 0.01 loss 1.43 plddt 0.74 ptm 0.69 i_ptm 0.31 cmap_loss_binder 1.43
217 models [0, 1] recycles 0 hard 1 soft 1 temp 0.01 loss 1.43 plddt 0.73 ptm 0.69 i_ptm 0.31 cmap_loss_binder 1.43
218 models [0, 1] recycles 0 hard 1 soft 1 temp 0.01 loss 1.44 plddt 0.74 ptm 0.68 i_ptm 0.30 cmap_loss_binder 1.44
219 models [0, 1] recycles 0 hard 1 soft 1 temp 0.01 loss 1.43 plddt 0.73 ptm 0.68 i_ptm 0.31 cmap_loss_binder 1.43
220 models [0, 1] recycles 0 hard 1 soft 1 temp 0.01 loss 1.43 plddt 0.75 ptm 0.68 i_ptm 0.30 cmap_loss_binder 1.43
Predicting sequences with AF2_ptm...
predict: traj_1_0 plddt: 0.863, i_pae: 0.665, i_ptm: 0.357, cmap_loss: 1.582
predict: traj_1_1 plddt: 0.881, i_pae: 0.705, i_ptm: 0.285, cmap_loss: 1.633
