CMAP of binder (monomer plddt: 0.981)
Stage 1: running (logits → soft)
1 models [0] recycles 0 hard 0 soft 0.01 temp 1 loss 4.53 plddt 0.58 ptm 0.42 i_ptm 0.10 cmap_loss_binder 4.53
2 models [1] recycles 0 hard 0 soft 0.02 temp 1 loss 4.51 plddt 0.94 ptm 0.42 i_ptm 0.08 cmap_loss_binder 4.51
3 models [0] recycles 0 hard 0 soft 0.03 temp 1 loss 4.50 plddt 0.81 ptm 0.41 i_ptm 0.09 cmap_loss_binder 4.50
4 models [1] recycles 0 hard 0 soft 0.04 temp 1 loss 4.45 plddt 0.86 ptm 0.41 i_ptm 0.07 cmap_loss_binder 4.45
5 models [1] recycles 0 hard 0 soft 0.05 temp 1 loss 4.32 plddt 0.65 ptm 0.41 i_ptm 0.07 cmap_loss_binder 4.32
6 models [1] recycles 0 hard 0 soft 0.06 temp 1 loss 4.28 plddt 0.69 ptm 0.42 i_ptm 0.07 cmap_loss_binder 4.28
7 models [1] recycles 0 hard 0 soft 0.07 temp 1 loss 4.27 plddt 0.73 ptm 0.42 i_ptm 0.07 cmap_loss_binder 4.27
8 models [0] recycles 0 hard 0 soft 0.08 temp 1 loss 4.27 plddt 0.65 ptm 0.41 i_ptm 0.08 cmap_loss_binder 4.27
9 models [1] recycles 0 hard 0 soft 0.09 temp 1 loss 4.29 plddt 0.69 ptm 0.42 i_ptm 0.07 cmap_loss_binder 4.29
10 models [0] recycles 0 hard 0 soft 0.10 temp 1 loss 4.30 plddt 0.64 ptm 0.42 i_ptm 0.08 cmap_loss_binder 4.30
11 models [1] recycles 0 hard 0 soft 0.11 temp 1 loss 4.26 plddt 0.67 ptm 0.42 i_ptm 0.07 cmap_loss_binder 4.26
12 models [1] recycles 0 hard 0 soft 0.12 temp 1 loss 4.29 plddt 0.66 ptm 0.42 i_ptm 0.07 cmap_loss_binder 4.29
13 models [1] recycles 0 hard 0 soft 0.13 temp 1 loss 4.25 plddt 0.66 ptm 0.42 i_ptm 0.06 cmap_loss_binder 4.25
14 models [1] recycles 0 hard 0 soft 0.14 temp 1 loss 4.22 plddt 0.59 ptm 0.42 i_ptm 0.07 cmap_loss_binder 4.22
15 models [0] recycles 0 hard 0 soft 0.15 temp 1 loss 4.25 plddt 0.49 ptm 0.44 i_ptm 0.11 cmap_loss_binder 4.25
16 models [0] recycles 0 hard 0 soft 0.16 temp 1 loss 4.18 plddt 0.56 ptm 0.43 i_ptm 0.09 cmap_loss_binder 4.18
17 models [1] recycles 0 hard 0 soft 0.17 temp 1 loss 4.13 plddt 0.45 ptm 0.43 i_ptm 0.07 cmap_loss_binder 4.13
18 models [0] recycles 0 hard 0 soft 0.18 temp 1 loss 4.10 plddt 0.50 ptm 0.43 i_ptm 0.10 cmap_loss_binder 4.10
19 models [0] recycles 0 hard 0 soft 0.19 temp 1 loss 4.03 plddt 0.49 ptm 0.44 i_ptm 0.11 cmap_loss_binder 4.03
20 models [1] recycles 0 hard 0 soft 0.20 temp 1 loss 4.05 plddt 0.48 ptm 0.43 i_ptm 0.08 cmap_loss_binder 4.05
21 models [1] recycles 0 hard 0 soft 0.21 temp 1 loss 4.01 plddt 0.40 ptm 0.42 i_ptm 0.07 cmap_loss_binder 4.01
22 models [0] recycles 0 hard 0 soft 0.22 temp 1 loss 4.00 plddt 0.50 ptm 0.43 i_ptm 0.11 cmap_loss_binder 4.00
23 models [1] recycles 0 hard 0 soft 0.23 temp 1 loss 3.97 plddt 0.42 ptm 0.43 i_ptm 0.08 cmap_loss_binder 3.97
24 models [1] recycles 0 hard 0 soft 0.24 temp 1 loss 3.90 plddt 0.44 ptm 0.43 i_ptm 0.08 cmap_loss_binder 3.90
25 models [0] recycles 0 hard 0 soft 0.25 temp 1 loss 3.90 plddt 0.47 ptm 0.43 i_ptm 0.12 cmap_loss_binder 3.90
26 models [1] recycles 0 hard 0 soft 0.26 temp 1 loss 3.88 plddt 0.41 ptm 0.43 i_ptm 0.08 cmap_loss_binder 3.88
27 models [0] recycles 0 hard 0 soft 0.27 temp 1 loss 3.85 plddt 0.45 ptm 0.43 i_ptm 0.11 cmap_loss_binder 3.85
28 models [0] recycles 0 hard 0 soft 0.28 temp 1 loss 3.84 plddt 0.40 ptm 0.44 i_ptm 0.10 cmap_loss_binder 3.84
29 models [0] recycles 0 hard 0 soft 0.29 temp 1 loss 3.82 plddt 0.44 ptm 0.43 i_ptm 0.10 cmap_loss_binder 3.82
30 models [0] recycles 0 hard 0 soft 0.30 temp 1 loss 3.79 plddt 0.37 ptm 0.44 i_ptm 0.10 cmap_loss_binder 3.79
31 models [1] recycles 0 hard 0 soft 0.31 temp 1 loss 3.80 plddt 0.38 ptm 0.43 i_ptm 0.08 cmap_loss_binder 3.80
32 models [1] recycles 0 hard 0 soft 0.32 temp 1 loss 3.76 plddt 0.39 ptm 0.43 i_ptm 0.09 cmap_loss_binder 3.76
33 models [0] recycles 0 hard 0 soft 0.33 temp 1 loss 3.73 plddt 0.40 ptm 0.44 i_ptm 0.11 cmap_loss_binder 3.73
34 models [1] recycles 0 hard 0 soft 0.34 temp 1 loss 3.81 plddt 0.35 ptm 0.43 i_ptm 0.09 cmap_loss_binder 3.81
35 models [1] recycles 0 hard 0 soft 0.35 temp 1 loss 3.71 plddt 0.38 ptm 0.43 i_ptm 0.08 cmap_loss_binder 3.71
36 models [0] recycles 0 hard 0 soft 0.36 temp 1 loss 3.67 plddt 0.43 ptm 0.43 i_ptm 0.10 cmap_loss_binder 3.67
37 models [0] recycles 0 hard 0 soft 0.37 temp 1 loss 3.69 plddt 0.39 ptm 0.43 i_ptm 0.10 cmap_loss_binder 3.69
38 models [1] recycles 0 hard 0 soft 0.38 temp 1 loss 3.67 plddt 0.41 ptm 0.43 i_ptm 0.08 cmap_loss_binder 3.67
39 models [1] recycles 0 hard 0 soft 0.39 temp 1 loss 3.65 plddt 0.43 ptm 0.43 i_ptm 0.08 cmap_loss_binder 3.65
40 models [1] recycles 0 hard 0 soft 0.40 temp 1 loss 3.66 plddt 0.39 ptm 0.43 i_ptm 0.08 cmap_loss_binder 3.66
41 models [1] recycles 0 hard 0 soft 0.41 temp 1 loss 3.62 plddt 0.46 ptm 0.43 i_ptm 0.08 cmap_loss_binder 3.62
42 models [0] recycles 0 hard 0 soft 0.42 temp 1 loss 3.56 plddt 0.43 ptm 0.43 i_ptm 0.10 cmap_loss_binder 3.56
43 models [1] recycles 0 hard 0 soft 0.43 temp 1 loss 3.60 plddt 0.45 ptm 0.43 i_ptm 0.08 cmap_loss_binder 3.60
44 models [0] recycles 0 hard 0 soft 0.44 temp 1 loss 3.59 plddt 0.47 ptm 0.43 i_ptm 0.10 cmap_loss_binder 3.59
45 models [1] recycles 0 hard 0 soft 0.45 temp 1 loss 3.56 plddt 0.46 ptm 0.43 i_ptm 0.08 cmap_loss_binder 3.56
46 models [1] recycles 0 hard 0 soft 0.46 temp 1 loss 3.59 plddt 0.45 ptm 0.43 i_ptm 0.08 cmap_loss_binder 3.59
47 models [0] recycles 0 hard 0 soft 0.47 temp 1 loss 3.57 plddt 0.47 ptm 0.42 i_ptm 0.10 cmap_loss_binder 3.57
48 models [0] recycles 0 hard 0 soft 0.48 temp 1 loss 3.54 plddt 0.47 ptm 0.43 i_ptm 0.10 cmap_loss_binder 3.54
49 models [1] recycles 0 hard 0 soft 0.49 temp 1 loss 3.53 plddt 0.40 ptm 0.43 i_ptm 0.08 cmap_loss_binder 3.53
50 models [0] recycles 0 hard 0 soft 0.50 temp 1 loss 3.52 plddt 0.47 ptm 0.43 i_ptm 0.10 cmap_loss_binder 3.52
51 models [1] recycles 0 hard 0 soft 0.51 temp 1 loss 3.51 plddt 0.44 ptm 0.44 i_ptm 0.09 cmap_loss_binder 3.51
52 models [1] recycles 0 hard 0 soft 0.52 temp 1 loss 3.49 plddt 0.47 ptm 0.42 i_ptm 0.08 cmap_loss_binder 3.49
53 models [0] recycles 0 hard 0 soft 0.53 temp 1 loss 3.48 plddt 0.51 ptm 0.43 i_ptm 0.10 cmap_loss_binder 3.48
54 models [0] recycles 0 hard 0 soft 0.54 temp 1 loss 3.44 plddt 0.48 ptm 0.42 i_ptm 0.10 cmap_loss_binder 3.44
55 models [1] recycles 0 hard 0 soft 0.55 temp 1 loss 3.48 plddt 0.48 ptm 0.43 i_ptm 0.08 cmap_loss_binder 3.48
56 models [1] recycles 0 hard 0 soft 0.56 temp 1 loss 3.49 plddt 0.48 ptm 0.43 i_ptm 0.09 cmap_loss_binder 3.49
57 models [0] recycles 0 hard 0 soft 0.57 temp 1 loss 3.44 plddt 0.50 ptm 0.42 i_ptm 0.10 cmap_loss_binder 3.44
58 models [0] recycles 0 hard 0 soft 0.58 temp 1 loss 3.42 plddt 0.55 ptm 0.43 i_ptm 0.12 cmap_loss_binder 3.42
59 models [0] recycles 0 hard 0 soft 0.59 temp 1 loss 3.44 plddt 0.49 ptm 0.43 i_ptm 0.10 cmap_loss_binder 3.44
60 models [0] recycles 0 hard 0 soft 0.60 temp 1 loss 3.39 plddt 0.50 ptm 0.43 i_ptm 0.10 cmap_loss_binder 3.39
61 models [1] recycles 0 hard 0 soft 0.61 temp 1 loss 3.41 plddt 0.54 ptm 0.43 i_ptm 0.09 cmap_loss_binder 3.41
62 models [0] recycles 0 hard 0 soft 0.62 temp 1 loss 3.40 plddt 0.47 ptm 0.43 i_ptm 0.10 cmap_loss_binder 3.40
63 models [0] recycles 0 hard 0 soft 0.63 temp 1 loss 3.36 plddt 0.52 ptm 0.43 i_ptm 0.11 cmap_loss_binder 3.36
64 models [1] recycles 0 hard 0 soft 0.64 temp 1 loss 3.50 plddt 0.45 ptm 0.44 i_ptm 0.09 cmap_loss_binder 3.50
65 models [0] recycles 0 hard 0 soft 0.65 temp 1 loss 3.34 plddt 0.47 ptm 0.43 i_ptm 0.12 cmap_loss_binder 3.34
66 models [1] recycles 0 hard 0 soft 0.66 temp 1 loss 3.45 plddt 0.49 ptm 0.43 i_ptm 0.09 cmap_loss_binder 3.45
67 models [1] recycles 0 hard 0 soft 0.67 temp 1 loss 3.36 plddt 0.51 ptm 0.43 i_ptm 0.09 cmap_loss_binder 3.36
68 models [1] recycles 0 hard 0 soft 0.68 temp 1 loss 3.34 plddt 0.52 ptm 0.44 i_ptm 0.10 cmap_loss_binder 3.34
69 models [1] recycles 0 hard 0 soft 0.69 temp 1 loss 3.32 plddt 0.55 ptm 0.44 i_ptm 0.12 cmap_loss_binder 3.32
70 models [1] recycles 0 hard 0 soft 0.70 temp 1 loss 3.36 plddt 0.54 ptm 0.44 i_ptm 0.10 cmap_loss_binder 3.36
71 models [0] recycles 0 hard 0 soft 0.71 temp 1 loss 3.35 plddt 0.51 ptm 0.43 i_ptm 0.11 cmap_loss_binder 3.35
72 models [1] recycles 0 hard 0 soft 0.72 temp 1 loss 3.35 plddt 0.46 ptm 0.44 i_ptm 0.10 cmap_loss_binder 3.35
73 models [0] recycles 0 hard 0 soft 0.73 temp 1 loss 3.42 plddt 0.57 ptm 0.43 i_ptm 0.13 cmap_loss_binder 3.42
74 models [0] recycles 0 hard 0 soft 0.74 temp 1 loss 3.36 plddt 0.52 ptm 0.44 i_ptm 0.13 cmap_loss_binder 3.36
75 models [1] recycles 0 hard 0 soft 0.75 temp 1 loss 3.33 plddt 0.55 ptm 0.43 i_ptm 0.09 cmap_loss_binder 3.33
76 models [0] recycles 0 hard 0 soft 0.76 temp 1 loss 3.40 plddt 0.47 ptm 0.45 i_ptm 0.15 cmap_loss_binder 3.40
77 models [0] recycles 0 hard 0 soft 0.77 temp 1 loss 3.30 plddt 0.48 ptm 0.45 i_ptm 0.14 cmap_loss_binder 3.30
78 models [1] recycles 0 hard 0 soft 0.78 temp 1 loss 3.37 plddt 0.51 ptm 0.43 i_ptm 0.09 cmap_loss_binder 3.37
79 models [1] recycles 0 hard 0 soft 0.79 temp 1 loss 3.32 plddt 0.51 ptm 0.44 i_ptm 0.12 cmap_loss_binder 3.32
80 models [1] recycles 0 hard 0 soft 0.80 temp 1 loss 3.33 plddt 0.53 ptm 0.44 i_ptm 0.12 cmap_loss_binder 3.33
81 models [1] recycles 0 hard 0 soft 0.81 temp 1 loss 3.36 plddt 0.46 ptm 0.44 i_ptm 0.11 cmap_loss_binder 3.36
82 models [1] recycles 0 hard 0 soft 0.82 temp 1 loss 3.32 plddt 0.55 ptm 0.44 i_ptm 0.11 cmap_loss_binder 3.32
83 models [0] recycles 0 hard 0 soft 0.83 temp 1 loss 3.33 plddt 0.50 ptm 0.43 i_ptm 0.11 cmap_loss_binder 3.33
84 models [0] recycles 0 hard 0 soft 0.84 temp 1 loss 3.28 plddt 0.53 ptm 0.45 i_ptm 0.15 cmap_loss_binder 3.28
85 models [0] recycles 0 hard 0 soft 0.85 temp 1 loss 3.34 plddt 0.55 ptm 0.42 i_ptm 0.10 cmap_loss_binder 3.34
86 models [0] recycles 0 hard 0 soft 0.86 temp 1 loss 3.31 plddt 0.53 ptm 0.45 i_ptm 0.14 cmap_loss_binder 3.31
87 models [1] recycles 0 hard 0 soft 0.87 temp 1 loss 3.52 plddt 0.38 ptm 0.44 i_ptm 0.10 cmap_loss_binder 3.52
88 models [0] recycles 0 hard 0 soft 0.88 temp 1 loss 3.33 plddt 0.57 ptm 0.44 i_ptm 0.13 cmap_loss_binder 3.33
89 models [1] recycles 0 hard 0 soft 0.89 temp 1 loss 3.42 plddt 0.46 ptm 0.44 i_ptm 0.10 cmap_loss_binder 3.42
90 models [1] recycles 0 hard 0 soft 0.90 temp 1 loss 3.39 plddt 0.49 ptm 0.44 i_ptm 0.10 cmap_loss_binder 3.39
91 models [1] recycles 0 hard 0 soft 0.91 temp 1 loss 3.38 plddt 0.52 ptm 0.44 i_ptm 0.09 cmap_loss_binder 3.38
92 models [0] recycles 0 hard 0 soft 0.92 temp 1 loss 3.37 plddt 0.55 ptm 0.43 i_ptm 0.12 cmap_loss_binder 3.37
93 models [1] recycles 0 hard 0 soft 0.93 temp 1 loss 3.45 plddt 0.44 ptm 0.44 i_ptm 0.10 cmap_loss_binder 3.45
94 models [1] recycles 0 hard 0 soft 0.94 temp 1 loss 3.40 plddt 0.50 ptm 0.44 i_ptm 0.08 cmap_loss_binder 3.40
95 models [1] recycles 0 hard 0 soft 0.95 temp 1 loss 3.36 plddt 0.49 ptm 0.44 i_ptm 0.10 cmap_loss_binder 3.36
96 models [1] recycles 0 hard 0 soft 0.96 temp 1 loss 3.38 plddt 0.52 ptm 0.43 i_ptm 0.08 cmap_loss_binder 3.38
97 models [0] recycles 0 hard 0 soft 0.97 temp 1 loss 3.43 plddt 0.50 ptm 0.42 i_ptm 0.09 cmap_loss_binder 3.43
98 models [1] recycles 0 hard 0 soft 0.98 temp 1 loss 3.37 plddt 0.51 ptm 0.43 i_ptm 0.09 cmap_loss_binder 3.37
99 models [0] recycles 0 hard 0 soft 0.99 temp 1 loss 3.41 plddt 0.54 ptm 0.43 i_ptm 0.10 cmap_loss_binder 3.41
100 models [0] recycles 0 hard 0 soft 1 temp 1 loss 3.43 plddt 0.52 ptm 0.44 i_ptm 0.12 cmap_loss_binder 3.43
Stage 2: running (soft → hard)
101 models [0] recycles 0 hard 0 soft 1 temp 0.98 loss 3.46 plddt 0.54 ptm 0.42 i_ptm 0.09 cmap_loss_binder 3.46
102 models [0] recycles 0 hard 0 soft 1 temp 0.96 loss 3.40 plddt 0.50 ptm 0.42 i_ptm 0.09 cmap_loss_binder 3.40
103 models [1] recycles 0 hard 0 soft 1 temp 0.94 loss 3.48 plddt 0.44 ptm 0.43 i_ptm 0.08 cmap_loss_binder 3.48
104 models [0] recycles 0 hard 0 soft 1 temp 0.92 loss 3.37 plddt 0.54 ptm 0.43 i_ptm 0.10 cmap_loss_binder 3.37
105 models [0] recycles 0 hard 0 soft 1 temp 0.90 loss 3.35 plddt 0.57 ptm 0.43 i_ptm 0.13 cmap_loss_binder 3.35
106 models [1] recycles 0 hard 0 soft 1 temp 0.88 loss 3.36 plddt 0.50 ptm 0.44 i_ptm 0.10 cmap_loss_binder 3.36
107 models [0] recycles 0 hard 0 soft 1 temp 0.87 loss 3.37 plddt 0.57 ptm 0.41 i_ptm 0.08 cmap_loss_binder 3.37
108 models [0] recycles 0 hard 0 soft 1 temp 0.85 loss 3.36 plddt 0.52 ptm 0.42 i_ptm 0.09 cmap_loss_binder 3.36
109 models [1] recycles 0 hard 0 soft 1 temp 0.83 loss 3.35 plddt 0.49 ptm 0.43 i_ptm 0.10 cmap_loss_binder 3.35
110 models [1] recycles 0 hard 0 soft 1 temp 0.81 loss 3.30 plddt 0.52 ptm 0.44 i_ptm 0.11 cmap_loss_binder 3.30
111 models [0] recycles 0 hard 0 soft 1 temp 0.79 loss 3.30 plddt 0.56 ptm 0.44 i_ptm 0.12 cmap_loss_binder 3.30
112 models [1] recycles 0 hard 0 soft 1 temp 0.78 loss 3.32 plddt 0.47 ptm 0.44 i_ptm 0.10 cmap_loss_binder 3.32
113 models [0] recycles 0 hard 0 soft 1 temp 0.76 loss 3.32 plddt 0.55 ptm 0.44 i_ptm 0.13 cmap_loss_binder 3.32
114 models [0] recycles 0 hard 0 soft 1 temp 0.74 loss 3.33 plddt 0.54 ptm 0.43 i_ptm 0.13 cmap_loss_binder 3.33
115 models [1] recycles 0 hard 0 soft 1 temp 0.73 loss 3.38 plddt 0.52 ptm 0.43 i_ptm 0.09 cmap_loss_binder 3.38
116 models [0] recycles 0 hard 0 soft 1 temp 0.71 loss 3.25 plddt 0.54 ptm 0.46 i_ptm 0.16 cmap_loss_binder 3.25
117 models [0] recycles 0 hard 0 soft 1 temp 0.69 loss 3.27 plddt 0.53 ptm 0.45 i_ptm 0.15 cmap_loss_binder 3.27
118 models [0] recycles 0 hard 0 soft 1 temp 0.68 loss 3.29 plddt 0.50 ptm 0.44 i_ptm 0.13 cmap_loss_binder 3.29
119 models [0] recycles 0 hard 0 soft 1 temp 0.66 loss 3.25 plddt 0.50 ptm 0.45 i_ptm 0.15 cmap_loss_binder 3.25
120 models [0] recycles 0 hard 0 soft 1 temp 0.64 loss 3.23 plddt 0.52 ptm 0.45 i_ptm 0.16 cmap_loss_binder 3.23
121 models [1] recycles 0 hard 0 soft 1 temp 0.63 loss 3.40 plddt 0.45 ptm 0.44 i_ptm 0.11 cmap_loss_binder 3.40
122 models [0] recycles 0 hard 0 soft 1 temp 0.61 loss 3.26 plddt 0.51 ptm 0.45 i_ptm 0.15 cmap_loss_binder 3.26
123 models [1] recycles 0 hard 0 soft 1 temp 0.60 loss 3.32 plddt 0.49 ptm 0.44 i_ptm 0.12 cmap_loss_binder 3.32
124 models [1] recycles 0 hard 0 soft 1 temp 0.58 loss 3.32 plddt 0.46 ptm 0.44 i_ptm 0.10 cmap_loss_binder 3.32
125 models [0] recycles 0 hard 0 soft 1 temp 0.57 loss 3.20 plddt 0.51 ptm 0.46 i_ptm 0.16 cmap_loss_binder 3.20
126 models [1] recycles 0 hard 0 soft 1 temp 0.55 loss 3.32 plddt 0.42 ptm 0.44 i_ptm 0.11 cmap_loss_binder 3.32
127 models [1] recycles 0 hard 0 soft 1 temp 0.54 loss 3.32 plddt 0.50 ptm 0.44 i_ptm 0.10 cmap_loss_binder 3.32
128 models [1] recycles 0 hard 0 soft 1 temp 0.52 loss 3.30 plddt 0.50 ptm 0.43 i_ptm 0.10 cmap_loss_binder 3.30
129 models [1] recycles 0 hard 0 soft 1 temp 0.51 loss 3.28 plddt 0.47 ptm 0.45 i_ptm 0.14 cmap_loss_binder 3.28
130 models [1] recycles 0 hard 0 soft 1 temp 0.50 loss 3.34 plddt 0.48 ptm 0.44 i_ptm 0.11 cmap_loss_binder 3.34
131 models [1] recycles 0 hard 0 soft 1 temp 0.48 loss 3.29 plddt 0.54 ptm 0.44 i_ptm 0.10 cmap_loss_binder 3.29
132 models [1] recycles 0 hard 0 soft 1 temp 0.47 loss 3.28 plddt 0.48 ptm 0.44 i_ptm 0.11 cmap_loss_binder 3.28
133 models [0] recycles 0 hard 0 soft 1 temp 0.45 loss 3.25 plddt 0.48 ptm 0.45 i_ptm 0.15 cmap_loss_binder 3.25
134 models [1] recycles 0 hard 0 soft 1 temp 0.44 loss 3.25 plddt 0.50 ptm 0.45 i_ptm 0.12 cmap_loss_binder 3.25
135 models [1] recycles 0 hard 0 soft 1 temp 0.43 loss 3.31 plddt 0.43 ptm 0.45 i_ptm 0.12 cmap_loss_binder 3.31
136 models [1] recycles 0 hard 0 soft 1 temp 0.42 loss 3.30 plddt 0.48 ptm 0.45 i_ptm 0.11 cmap_loss_binder 3.30
137 models [0] recycles 0 hard 0 soft 1 temp 0.40 loss 3.17 plddt 0.48 ptm 0.47 i_ptm 0.18 cmap_loss_binder 3.17
138 models [1] recycles 0 hard 0 soft 1 temp 0.39 loss 3.27 plddt 0.51 ptm 0.45 i_ptm 0.12 cmap_loss_binder 3.27
139 models [0] recycles 0 hard 0 soft 1 temp 0.38 loss 3.22 plddt 0.50 ptm 0.46 i_ptm 0.18 cmap_loss_binder 3.22
140 models [1] recycles 0 hard 0 soft 1 temp 0.37 loss 3.33 plddt 0.43 ptm 0.45 i_ptm 0.12 cmap_loss_binder 3.33
141 models [0] recycles 0 hard 0 soft 1 temp 0.35 loss 3.19 plddt 0.48 ptm 0.47 i_ptm 0.17 cmap_loss_binder 3.19
142 models [0] recycles 0 hard 0 soft 1 temp 0.34 loss 3.20 plddt 0.53 ptm 0.47 i_ptm 0.17 cmap_loss_binder 3.20
143 models [0] recycles 0 hard 0 soft 1 temp 0.33 loss 3.16 plddt 0.47 ptm 0.48 i_ptm 0.20 cmap_loss_binder 3.16
144 models [1] recycles 0 hard 0 soft 1 temp 0.32 loss 3.31 plddt 0.48 ptm 0.43 i_ptm 0.11 cmap_loss_binder 3.31
145 models [1] recycles 0 hard 0 soft 1 temp 0.31 loss 3.29 plddt 0.49 ptm 0.44 i_ptm 0.11 cmap_loss_binder 3.29
146 models [0] recycles 0 hard 0 soft 1 temp 0.30 loss 3.19 plddt 0.50 ptm 0.47 i_ptm 0.19 cmap_loss_binder 3.19
147 models [1] recycles 0 hard 0 soft 1 temp 0.29 loss 3.23 plddt 0.47 ptm 0.45 i_ptm 0.12 cmap_loss_binder 3.23
148 models [1] recycles 0 hard 0 soft 1 temp 0.28 loss 3.32 plddt 0.48 ptm 0.44 i_ptm 0.11 cmap_loss_binder 3.32
149 models [1] recycles 0 hard 0 soft 1 temp 0.27 loss 3.31 plddt 0.50 ptm 0.44 i_ptm 0.11 cmap_loss_binder 3.31
150 models [0] recycles 0 hard 0 soft 1 temp 0.26 loss 3.25 plddt 0.45 ptm 0.46 i_ptm 0.16 cmap_loss_binder 3.25
151 models [1] recycles 0 hard 0 soft 1 temp 0.25 loss 3.28 plddt 0.46 ptm 0.45 i_ptm 0.12 cmap_loss_binder 3.28
152 models [0] recycles 0 hard 0 soft 1 temp 0.24 loss 3.22 plddt 0.50 ptm 0.46 i_ptm 0.18 cmap_loss_binder 3.22
153 models [0] recycles 0 hard 0 soft 1 temp 0.23 loss 3.18 plddt 0.52 ptm 0.46 i_ptm 0.17 cmap_loss_binder 3.18
154 models [1] recycles 0 hard 0 soft 1 temp 0.22 loss 3.30 plddt 0.48 ptm 0.45 i_ptm 0.11 cmap_loss_binder 3.30
155 models [0] recycles 0 hard 0 soft 1 temp 0.21 loss 3.16 plddt 0.52 ptm 0.48 i_ptm 0.20 cmap_loss_binder 3.16
156 models [0] recycles 0 hard 0 soft 1 temp 0.20 loss 3.25 plddt 0.53 ptm 0.46 i_ptm 0.16 cmap_loss_binder 3.25
157 models [1] recycles 0 hard 0 soft 1 temp 0.19 loss 3.26 plddt 0.49 ptm 0.45 i_ptm 0.13 cmap_loss_binder 3.26
158 models [1] recycles 0 hard 0 soft 1 temp 0.18 loss 3.32 plddt 0.47 ptm 0.45 i_ptm 0.11 cmap_loss_binder 3.32
159 models [1] recycles 0 hard 0 soft 1 temp 0.18 loss 3.27 plddt 0.47 ptm 0.45 i_ptm 0.12 cmap_loss_binder 3.27
160 models [1] recycles 0 hard 0 soft 1 temp 0.17 loss 3.34 plddt 0.49 ptm 0.44 i_ptm 0.11 cmap_loss_binder 3.34
161 models [1] recycles 0 hard 0 soft 1 temp 0.16 loss 3.28 plddt 0.50 ptm 0.45 i_ptm 0.12 cmap_loss_binder 3.28
162 models [0] recycles 0 hard 0 soft 1 temp 0.15 loss 3.16 plddt 0.53 ptm 0.48 i_ptm 0.21 cmap_loss_binder 3.16
163 models [1] recycles 0 hard 0 soft 1 temp 0.15 loss 3.35 plddt 0.47 ptm 0.45 i_ptm 0.11 cmap_loss_binder 3.35
164 models [1] recycles 0 hard 0 soft 1 temp 0.14 loss 3.30 plddt 0.50 ptm 0.45 i_ptm 0.12 cmap_loss_binder 3.30
165 models [0] recycles 0 hard 0 soft 1 temp 0.13 loss 3.25 plddt 0.48 ptm 0.46 i_ptm 0.16 cmap_loss_binder 3.25
166 models [0] recycles 0 hard 0 soft 1 temp 0.12 loss 3.24 plddt 0.50 ptm 0.47 i_ptm 0.16 cmap_loss_binder 3.24
167 models [1] recycles 0 hard 0 soft 1 temp 0.12 loss 3.28 plddt 0.45 ptm 0.45 i_ptm 0.12 cmap_loss_binder 3.28
168 models [1] recycles 0 hard 0 soft 1 temp 0.11 loss 3.28 plddt 0.49 ptm 0.45 i_ptm 0.13 cmap_loss_binder 3.28
169 models [0] recycles 0 hard 0 soft 1 temp 0.11 loss 3.16 plddt 0.53 ptm 0.48 i_ptm 0.20 cmap_loss_binder 3.16
170 models [1] recycles 0 hard 0 soft 1 temp 0.10 loss 3.30 plddt 0.46 ptm 0.45 i_ptm 0.13 cmap_loss_binder 3.30
171 models [1] recycles 0 hard 0 soft 1 temp 0.09 loss 3.30 plddt 0.51 ptm 0.44 i_ptm 0.11 cmap_loss_binder 3.30
172 models [0] recycles 0 hard 0 soft 1 temp 0.09 loss 3.28 plddt 0.48 ptm 0.45 i_ptm 0.15 cmap_loss_binder 3.28
173 models [0] recycles 0 hard 0 soft 1 temp 0.08 loss 3.29 plddt 0.48 ptm 0.45 i_ptm 0.15 cmap_loss_binder 3.29
174 models [0] recycles 0 hard 0 soft 1 temp 0.08 loss 3.23 plddt 0.52 ptm 0.46 i_ptm 0.17 cmap_loss_binder 3.23
175 models [1] recycles 0 hard 0 soft 1 temp 0.07 loss 3.35 plddt 0.46 ptm 0.45 i_ptm 0.11 cmap_loss_binder 3.35
176 models [1] recycles 0 hard 0 soft 1 temp 0.07 loss 3.37 plddt 0.45 ptm 0.44 i_ptm 0.11 cmap_loss_binder 3.37
177 models [0] recycles 0 hard 0 soft 1 temp 0.06 loss 3.24 plddt 0.49 ptm 0.46 i_ptm 0.17 cmap_loss_binder 3.24
178 models [0] recycles 0 hard 0 soft 1 temp 0.06 loss 3.23 plddt 0.47 ptm 0.46 i_ptm 0.17 cmap_loss_binder 3.23
179 models [1] recycles 0 hard 0 soft 1 temp 0.05 loss 3.34 plddt 0.48 ptm 0.45 i_ptm 0.11 cmap_loss_binder 3.34
180 models [1] recycles 0 hard 0 soft 1 temp 0.05 loss 3.28 plddt 0.47 ptm 0.45 i_ptm 0.13 cmap_loss_binder 3.28
181 models [0] recycles 0 hard 0 soft 1 temp 0.05 loss 3.26 plddt 0.51 ptm 0.46 i_ptm 0.15 cmap_loss_binder 3.26
182 models [0] recycles 0 hard 0 soft 1 temp 0.04 loss 3.28 plddt 0.49 ptm 0.44 i_ptm 0.15 cmap_loss_binder 3.28
183 models [1] recycles 0 hard 0 soft 1 temp 0.04 loss 3.35 plddt 0.48 ptm 0.44 i_ptm 0.11 cmap_loss_binder 3.35
184 models [1] recycles 0 hard 0 soft 1 temp 0.04 loss 3.36 plddt 0.43 ptm 0.45 i_ptm 0.10 cmap_loss_binder 3.36
185 models [1] recycles 0 hard 0 soft 1 temp 0.03 loss 3.31 plddt 0.47 ptm 0.45 i_ptm 0.12 cmap_loss_binder 3.31
186 models [1] recycles 0 hard 0 soft 1 temp 0.03 loss 3.35 plddt 0.43 ptm 0.44 i_ptm 0.10 cmap_loss_binder 3.35
187 models [1] recycles 0 hard 0 soft 1 temp 0.03 loss 3.26 plddt 0.48 ptm 0.46 i_ptm 0.13 cmap_loss_binder 3.26
188 models [1] recycles 0 hard 0 soft 1 temp 0.02 loss 3.34 plddt 0.47 ptm 0.44 i_ptm 0.11 cmap_loss_binder 3.34
189 models [0] recycles 0 hard 0 soft 1 temp 0.02 loss 3.26 plddt 0.49 ptm 0.47 i_ptm 0.16 cmap_loss_binder 3.26
190 models [1] recycles 0 hard 0 soft 1 temp 0.02 loss 3.33 plddt 0.47 ptm 0.44 i_ptm 0.11 cmap_loss_binder 3.33
191 models [0] recycles 0 hard 0 soft 1 temp 0.02 loss 3.22 plddt 0.48 ptm 0.47 i_ptm 0.18 cmap_loss_binder 3.22
192 models [0] recycles 0 hard 0 soft 1 temp 0.02 loss 3.26 plddt 0.49 ptm 0.46 i_ptm 0.16 cmap_loss_binder 3.26
193 models [0] recycles 0 hard 0 soft 1 temp 0.01 loss 3.29 plddt 0.48 ptm 0.45 i_ptm 0.16 cmap_loss_binder 3.29
194 models [1] recycles 0 hard 0 soft 1 temp 0.01 loss 3.29 plddt 0.47 ptm 0.45 i_ptm 0.12 cmap_loss_binder 3.29
195 models [0] recycles 0 hard 0 soft 1 temp 0.01 loss 3.27 plddt 0.47 ptm 0.46 i_ptm 0.15 cmap_loss_binder 3.27
196 models [1] recycles 0 hard 0 soft 1 temp 0.01 loss 3.33 plddt 0.46 ptm 0.44 i_ptm 0.11 cmap_loss_binder 3.33
197 models [1] recycles 0 hard 0 soft 1 temp 0.01 loss 3.31 plddt 0.48 ptm 0.45 i_ptm 0.12 cmap_loss_binder 3.31
198 models [1] recycles 0 hard 0 soft 1 temp 0.01 loss 3.30 plddt 0.47 ptm 0.44 i_ptm 0.11 cmap_loss_binder 3.30
199 models [0] recycles 0 hard 0 soft 1 temp 0.01 loss 3.28 plddt 0.47 ptm 0.45 i_ptm 0.16 cmap_loss_binder 3.28
200 models [0] recycles 0 hard 0 soft 1 temp 0.01 loss 3.30 plddt 0.46 ptm 0.46 i_ptm 0.15 cmap_loss_binder 3.30
Stage 3: running (hard)
201 models [0, 1] recycles 0 hard 1 soft 1 temp 0.01 loss 3.33 plddt 0.42 ptm 0.44 i_ptm 0.12 cmap_loss_binder 3.33
202 models [0, 1] recycles 0 hard 1 soft 1 temp 0.01 loss 3.37 plddt 0.40 ptm 0.44 i_ptm 0.12 cmap_loss_binder 3.37
203 models [0, 1] recycles 0 hard 1 soft 1 temp 0.01 loss 3.33 plddt 0.43 ptm 0.45 i_ptm 0.13 cmap_loss_binder 3.33
204 models [0, 1] recycles 0 hard 1 soft 1 temp 0.01 loss 3.40 plddt 0.40 ptm 0.44 i_ptm 0.12 cmap_loss_binder 3.40
205 models [0, 1] recycles 0 hard 1 soft 1 temp 0.01 loss 3.35 plddt 0.43 ptm 0.44 i_ptm 0.12 cmap_loss_binder 3.35
206 models [0, 1] recycles 0 hard 1 soft 1 temp 0.01 loss 3.36 plddt 0.43 ptm 0.44 i_ptm 0.12 cmap_loss_binder 3.36
207 models [0, 1] recycles 0 hard 1 soft 1 temp 0.01 loss 3.35 plddt 0.44 ptm 0.44 i_ptm 0.12 cmap_loss_binder 3.35
208 models [0, 1] recycles 0 hard 1 soft 1 temp 0.01 loss 3.35 plddt 0.44 ptm 0.44 i_ptm 0.11 cmap_loss_binder 3.35
209 models [0, 1] recycles 0 hard 1 soft 1 temp 0.01 loss 3.37 plddt 0.40 ptm 0.44 i_ptm 0.12 cmap_loss_binder 3.37
210 models [0, 1] recycles 0 hard 1 soft 1 temp 0.01 loss 3.39 plddt 0.44 ptm 0.44 i_ptm 0.11 cmap_loss_binder 3.39
211 models [0, 1] recycles 0 hard 1 soft 1 temp 0.01 loss 3.36 plddt 0.42 ptm 0.44 i_ptm 0.11 cmap_loss_binder 3.36
212 models [0, 1] recycles 0 hard 1 soft 1 temp 0.01 loss 3.39 plddt 0.42 ptm 0.44 i_ptm 0.12 cmap_loss_binder 3.39
213 models [0, 1] recycles 0 hard 1 soft 1 temp 0.01 loss 3.35 plddt 0.42 ptm 0.44 i_ptm 0.12 cmap_loss_binder 3.35
214 models [0, 1] recycles 0 hard 1 soft 1 temp 0.01 loss 3.36 plddt 0.42 ptm 0.44 i_ptm 0.11 cmap_loss_binder 3.36
215 models [0, 1] recycles 0 hard 1 soft 1 temp 0.01 loss 3.36 plddt 0.42 ptm 0.45 i_ptm 0.12 cmap_loss_binder 3.36
216 models [0, 1] recycles 0 hard 1 soft 1 temp 0.01 loss 3.48 plddt 0.40 ptm 0.43 i_ptm 0.11 cmap_loss_binder 3.48
217 models [0, 1] recycles 0 hard 1 soft 1 temp 0.01 loss 3.35 plddt 0.43 ptm 0.44 i_ptm 0.12 cmap_loss_binder 3.35
218 models [0, 1] recycles 0 hard 1 soft 1 temp 0.01 loss 3.38 plddt 0.41 ptm 0.44 i_ptm 0.11 cmap_loss_binder 3.38
219 models [0, 1] recycles 0 hard 1 soft 1 temp 0.01 loss 3.41 plddt 0.42 ptm 0.44 i_ptm 0.11 cmap_loss_binder 3.41
220 models [0, 1] recycles 0 hard 1 soft 1 temp 0.01 loss 3.34 plddt 0.43 ptm 0.44 i_ptm 0.12 cmap_loss_binder 3.34
Predicting sequences with AF2_ptm...
predict: traj_1_0 plddt: 0.490, i_pae: 0.904, i_ptm: 0.083, cmap_loss: 3.637
predict: traj_1_1 plddt: 0.522, i_pae: 0.836, i_ptm: 0.125, cmap_loss: 3.691
