CMAP of binder (monomer plddt: 0.927)
Stage 1: running (logits → soft)
1 models [0] recycles 0 hard 0 soft 0.01 temp 1 loss 3.88 plddt 0.57 ptm 0.44 i_ptm 0.09 cmap_loss_binder 3.88
2 models [0] recycles 0 hard 0 soft 0.02 temp 1 loss 3.87 plddt 0.56 ptm 0.45 i_ptm 0.11 cmap_loss_binder 3.87
3 models [0] recycles 0 hard 0 soft 0.03 temp 1 loss 3.85 plddt 0.56 ptm 0.46 i_ptm 0.11 cmap_loss_binder 3.85
4 models [1] recycles 0 hard 0 soft 0.04 temp 1 loss 3.88 plddt 0.46 ptm 0.45 i_ptm 0.07 cmap_loss_binder 3.88
5 models [0] recycles 0 hard 0 soft 0.05 temp 1 loss 3.93 plddt 0.67 ptm 0.44 i_ptm 0.09 cmap_loss_binder 3.93
6 models [0] recycles 0 hard 0 soft 0.06 temp 1 loss 3.85 plddt 0.56 ptm 0.45 i_ptm 0.10 cmap_loss_binder 3.85
7 models [1] recycles 0 hard 0 soft 0.07 temp 1 loss 3.89 plddt 0.47 ptm 0.44 i_ptm 0.07 cmap_loss_binder 3.89
8 models [1] recycles 0 hard 0 soft 0.08 temp 1 loss 3.86 plddt 0.45 ptm 0.45 i_ptm 0.08 cmap_loss_binder 3.86
9 models [1] recycles 0 hard 0 soft 0.09 temp 1 loss 3.85 plddt 0.46 ptm 0.45 i_ptm 0.08 cmap_loss_binder 3.85
10 models [0] recycles 0 hard 0 soft 0.10 temp 1 loss 3.81 plddt 0.55 ptm 0.45 i_ptm 0.11 cmap_loss_binder 3.81
11 models [1] recycles 0 hard 0 soft 0.11 temp 1 loss 3.79 plddt 0.46 ptm 0.45 i_ptm 0.07 cmap_loss_binder 3.79
12 models [1] recycles 0 hard 0 soft 0.12 temp 1 loss 3.50 plddt 0.46 ptm 0.45 i_ptm 0.07 cmap_loss_binder 3.50
13 models [1] recycles 0 hard 0 soft 0.13 temp 1 loss 3.60 plddt 0.45 ptm 0.45 i_ptm 0.08 cmap_loss_binder 3.60
14 models [1] recycles 0 hard 0 soft 0.14 temp 1 loss 3.24 plddt 0.46 ptm 0.45 i_ptm 0.07 cmap_loss_binder 3.24
15 models [0] recycles 0 hard 0 soft 0.15 temp 1 loss 2.93 plddt 0.42 ptm 0.45 i_ptm 0.09 cmap_loss_binder 2.93
16 models [1] recycles 0 hard 0 soft 0.16 temp 1 loss 2.78 plddt 0.46 ptm 0.44 i_ptm 0.06 cmap_loss_binder 2.78
17 models [1] recycles 0 hard 0 soft 0.17 temp 1 loss 2.66 plddt 0.52 ptm 0.44 i_ptm 0.06 cmap_loss_binder 2.66
18 models [0] recycles 0 hard 0 soft 0.18 temp 1 loss 2.70 plddt 0.47 ptm 0.44 i_ptm 0.08 cmap_loss_binder 2.70
19 models [0] recycles 0 hard 0 soft 0.19 temp 1 loss 2.60 plddt 0.54 ptm 0.44 i_ptm 0.09 cmap_loss_binder 2.60
20 models [0] recycles 0 hard 0 soft 0.20 temp 1 loss 2.54 plddt 0.49 ptm 0.45 i_ptm 0.09 cmap_loss_binder 2.54
21 models [0] recycles 0 hard 0 soft 0.21 temp 1 loss 2.48 plddt 0.52 ptm 0.45 i_ptm 0.10 cmap_loss_binder 2.48
22 models [0] recycles 0 hard 0 soft 0.22 temp 1 loss 2.42 plddt 0.52 ptm 0.45 i_ptm 0.10 cmap_loss_binder 2.42
23 models [1] recycles 0 hard 0 soft 0.23 temp 1 loss 2.54 plddt 0.55 ptm 0.44 i_ptm 0.07 cmap_loss_binder 2.54
24 models [1] recycles 0 hard 0 soft 0.24 temp 1 loss 2.55 plddt 0.55 ptm 0.44 i_ptm 0.06 cmap_loss_binder 2.55
25 models [0] recycles 0 hard 0 soft 0.25 temp 1 loss 2.42 plddt 0.56 ptm 0.44 i_ptm 0.09 cmap_loss_binder 2.42
26 models [0] recycles 0 hard 0 soft 0.26 temp 1 loss 2.48 plddt 0.54 ptm 0.45 i_ptm 0.10 cmap_loss_binder 2.48
27 models [1] recycles 0 hard 0 soft 0.27 temp 1 loss 2.48 plddt 0.51 ptm 0.44 i_ptm 0.07 cmap_loss_binder 2.48
28 models [1] recycles 0 hard 0 soft 0.28 temp 1 loss 2.38 plddt 0.57 ptm 0.44 i_ptm 0.06 cmap_loss_binder 2.38
29 models [0] recycles 0 hard 0 soft 0.29 temp 1 loss 2.31 plddt 0.58 ptm 0.45 i_ptm 0.11 cmap_loss_binder 2.31
30 models [0] recycles 0 hard 0 soft 0.30 temp 1 loss 2.30 plddt 0.59 ptm 0.44 i_ptm 0.09 cmap_loss_binder 2.30
31 models [0] recycles 0 hard 0 soft 0.31 temp 1 loss 2.26 plddt 0.59 ptm 0.45 i_ptm 0.11 cmap_loss_binder 2.26
32 models [1] recycles 0 hard 0 soft 0.32 temp 1 loss 2.32 plddt 0.57 ptm 0.44 i_ptm 0.07 cmap_loss_binder 2.32
33 models [1] recycles 0 hard 0 soft 0.33 temp 1 loss 2.36 plddt 0.56 ptm 0.44 i_ptm 0.07 cmap_loss_binder 2.36
34 models [1] recycles 0 hard 0 soft 0.34 temp 1 loss 2.32 plddt 0.58 ptm 0.44 i_ptm 0.07 cmap_loss_binder 2.32
35 models [1] recycles 0 hard 0 soft 0.35 temp 1 loss 2.22 plddt 0.67 ptm 0.44 i_ptm 0.07 cmap_loss_binder 2.22
36 models [0] recycles 0 hard 0 soft 0.36 temp 1 loss 2.14 plddt 0.56 ptm 0.45 i_ptm 0.11 cmap_loss_binder 2.14
37 models [1] recycles 0 hard 0 soft 0.37 temp 1 loss 2.22 plddt 0.58 ptm 0.45 i_ptm 0.07 cmap_loss_binder 2.22
38 models [1] recycles 0 hard 0 soft 0.38 temp 1 loss 2.12 plddt 0.59 ptm 0.45 i_ptm 0.08 cmap_loss_binder 2.12
39 models [0] recycles 0 hard 0 soft 0.39 temp 1 loss 2.04 plddt 0.63 ptm 0.48 i_ptm 0.16 cmap_loss_binder 2.04
40 models [0] recycles 0 hard 0 soft 0.40 temp 1 loss 1.91 plddt 0.60 ptm 0.52 i_ptm 0.23 cmap_loss_binder 1.91
41 models [1] recycles 0 hard 0 soft 0.41 temp 1 loss 2.03 plddt 0.61 ptm 0.47 i_ptm 0.13 cmap_loss_binder 2.03
42 models [0] recycles 0 hard 0 soft 0.42 temp 1 loss 1.77 plddt 0.60 ptm 0.59 i_ptm 0.36 cmap_loss_binder 1.77
43 models [1] recycles 0 hard 0 soft 0.43 temp 1 loss 1.90 plddt 0.62 ptm 0.50 i_ptm 0.17 cmap_loss_binder 1.90
44 models [1] recycles 0 hard 0 soft 0.44 temp 1 loss 1.90 plddt 0.66 ptm 0.49 i_ptm 0.17 cmap_loss_binder 1.90
45 models [1] recycles 0 hard 0 soft 0.45 temp 1 loss 1.86 plddt 0.60 ptm 0.51 i_ptm 0.20 cmap_loss_binder 1.86
46 models [0] recycles 0 hard 0 soft 0.46 temp 1 loss 1.73 plddt 0.62 ptm 0.59 i_ptm 0.37 cmap_loss_binder 1.73
47 models [0] recycles 0 hard 0 soft 0.47 temp 1 loss 1.66 plddt 0.66 ptm 0.60 i_ptm 0.39 cmap_loss_binder 1.66
48 models [0] recycles 0 hard 0 soft 0.48 temp 1 loss 1.68 plddt 0.63 ptm 0.61 i_ptm 0.40 cmap_loss_binder 1.68
49 models [0] recycles 0 hard 0 soft 0.49 temp 1 loss 1.66 plddt 0.63 ptm 0.61 i_ptm 0.40 cmap_loss_binder 1.66
50 models [0] recycles 0 hard 0 soft 0.50 temp 1 loss 1.58 plddt 0.67 ptm 0.65 i_ptm 0.48 cmap_loss_binder 1.58
51 models [0] recycles 0 hard 0 soft 0.51 temp 1 loss 1.57 plddt 0.63 ptm 0.64 i_ptm 0.47 cmap_loss_binder 1.57
52 models [0] recycles 0 hard 0 soft 0.52 temp 1 loss 1.58 plddt 0.63 ptm 0.62 i_ptm 0.41 cmap_loss_binder 1.58
53 models [1] recycles 0 hard 0 soft 0.53 temp 1 loss 1.65 plddt 0.65 ptm 0.57 i_ptm 0.29 cmap_loss_binder 1.65
54 models [1] recycles 0 hard 0 soft 0.54 temp 1 loss 1.57 plddt 0.67 ptm 0.58 i_ptm 0.33 cmap_loss_binder 1.57
55 models [0] recycles 0 hard 0 soft 0.55 temp 1 loss 1.49 plddt 0.67 ptm 0.65 i_ptm 0.49 cmap_loss_binder 1.49
56 models [0] recycles 0 hard 0 soft 0.56 temp 1 loss 1.45 plddt 0.67 ptm 0.61 i_ptm 0.41 cmap_loss_binder 1.45
57 models [1] recycles 0 hard 0 soft 0.57 temp 1 loss 1.53 plddt 0.65 ptm 0.59 i_ptm 0.35 cmap_loss_binder 1.53
58 models [1] recycles 0 hard 0 soft 0.58 temp 1 loss 1.48 plddt 0.68 ptm 0.61 i_ptm 0.38 cmap_loss_binder 1.48
59 models [0] recycles 0 hard 0 soft 0.59 temp 1 loss 1.44 plddt 0.71 ptm 0.66 i_ptm 0.51 cmap_loss_binder 1.44
60 models [0] recycles 0 hard 0 soft 0.60 temp 1 loss 1.39 plddt 0.72 ptm 0.70 i_ptm 0.57 cmap_loss_binder 1.39
61 models [1] recycles 0 hard 0 soft 0.61 temp 1 loss 1.46 plddt 0.68 ptm 0.64 i_ptm 0.45 cmap_loss_binder 1.46
62 models [0] recycles 0 hard 0 soft 0.62 temp 1 loss 1.39 plddt 0.66 ptm 0.65 i_ptm 0.48 cmap_loss_binder 1.39
63 models [1] recycles 0 hard 0 soft 0.63 temp 1 loss 1.39 plddt 0.73 ptm 0.69 i_ptm 0.52 cmap_loss_binder 1.39
64 models [0] recycles 0 hard 0 soft 0.64 temp 1 loss 1.35 plddt 0.72 ptm 0.68 i_ptm 0.54 cmap_loss_binder 1.35
65 models [0] recycles 0 hard 0 soft 0.65 temp 1 loss 1.34 plddt 0.71 ptm 0.70 i_ptm 0.56 cmap_loss_binder 1.34
66 models [1] recycles 0 hard 0 soft 0.66 temp 1 loss 1.42 plddt 0.71 ptm 0.61 i_ptm 0.37 cmap_loss_binder 1.42
67 models [1] recycles 0 hard 0 soft 0.67 temp 1 loss 1.39 plddt 0.70 ptm 0.64 i_ptm 0.43 cmap_loss_binder 1.39
68 models [1] recycles 0 hard 0 soft 0.68 temp 1 loss 1.33 plddt 0.78 ptm 0.71 i_ptm 0.58 cmap_loss_binder 1.33
69 models [1] recycles 0 hard 0 soft 0.69 temp 1 loss 1.32 plddt 0.70 ptm 0.68 i_ptm 0.50 cmap_loss_binder 1.32
70 models [1] recycles 0 hard 0 soft 0.70 temp 1 loss 1.31 plddt 0.76 ptm 0.71 i_ptm 0.58 cmap_loss_binder 1.31
71 models [0] recycles 0 hard 0 soft 0.71 temp 1 loss 1.37 plddt 0.74 ptm 0.71 i_ptm 0.59 cmap_loss_binder 1.37
72 models [1] recycles 0 hard 0 soft 0.72 temp 1 loss 1.38 plddt 0.74 ptm 0.63 i_ptm 0.42 cmap_loss_binder 1.38
73 models [1] recycles 0 hard 0 soft 0.73 temp 1 loss 1.28 plddt 0.75 ptm 0.65 i_ptm 0.47 cmap_loss_binder 1.28
74 models [1] recycles 0 hard 0 soft 0.74 temp 1 loss 1.24 plddt 0.77 ptm 0.69 i_ptm 0.54 cmap_loss_binder 1.24
75 models [1] recycles 0 hard 0 soft 0.75 temp 1 loss 1.24 plddt 0.78 ptm 0.71 i_ptm 0.57 cmap_loss_binder 1.24
76 models [1] recycles 0 hard 0 soft 0.76 temp 1 loss 1.22 plddt 0.78 ptm 0.65 i_ptm 0.45 cmap_loss_binder 1.22
77 models [1] recycles 0 hard 0 soft 0.77 temp 1 loss 1.21 plddt 0.74 ptm 0.70 i_ptm 0.55 cmap_loss_binder 1.21
78 models [0] recycles 0 hard 0 soft 0.78 temp 1 loss 1.21 plddt 0.78 ptm 0.72 i_ptm 0.61 cmap_loss_binder 1.21
79 models [0] recycles 0 hard 0 soft 0.79 temp 1 loss 1.14 plddt 0.80 ptm 0.73 i_ptm 0.64 cmap_loss_binder 1.14
80 models [1] recycles 0 hard 0 soft 0.80 temp 1 loss 1.15 plddt 0.80 ptm 0.68 i_ptm 0.51 cmap_loss_binder 1.15
81 models [0] recycles 0 hard 0 soft 0.81 temp 1 loss 1.19 plddt 0.78 ptm 0.73 i_ptm 0.63 cmap_loss_binder 1.19
82 models [1] recycles 0 hard 0 soft 0.82 temp 1 loss 1.14 plddt 0.79 ptm 0.69 i_ptm 0.53 cmap_loss_binder 1.14
83 models [0] recycles 0 hard 0 soft 0.83 temp 1 loss 1.07 plddt 0.80 ptm 0.72 i_ptm 0.60 cmap_loss_binder 1.07
84 models [1] recycles 0 hard 0 soft 0.84 temp 1 loss 1.08 plddt 0.83 ptm 0.74 i_ptm 0.63 cmap_loss_binder 1.08
85 models [1] recycles 0 hard 0 soft 0.85 temp 1 loss 1.14 plddt 0.78 ptm 0.71 i_ptm 0.58 cmap_loss_binder 1.14
86 models [0] recycles 0 hard 0 soft 0.86 temp 1 loss 1.11 plddt 0.83 ptm 0.72 i_ptm 0.62 cmap_loss_binder 1.11
87 models [1] recycles 0 hard 0 soft 0.87 temp 1 loss 1.13 plddt 0.80 ptm 0.64 i_ptm 0.45 cmap_loss_binder 1.13
88 models [1] recycles 0 hard 0 soft 0.88 temp 1 loss 1.29 plddt 0.77 ptm 0.57 i_ptm 0.29 cmap_loss_binder 1.29
89 models [0] recycles 0 hard 0 soft 0.89 temp 1 loss 1.11 plddt 0.76 ptm 0.70 i_ptm 0.57 cmap_loss_binder 1.11
90 models [1] recycles 0 hard 0 soft 0.90 temp 1 loss 1.09 plddt 0.80 ptm 0.68 i_ptm 0.51 cmap_loss_binder 1.09
91 models [0] recycles 0 hard 0 soft 0.91 temp 1 loss 1.12 plddt 0.78 ptm 0.71 i_ptm 0.58 cmap_loss_binder 1.12
92 models [0] recycles 0 hard 0 soft 0.92 temp 1 loss 1.14 plddt 0.75 ptm 0.68 i_ptm 0.54 cmap_loss_binder 1.14
93 models [0] recycles 0 hard 0 soft 0.93 temp 1 loss 1.09 plddt 0.79 ptm 0.70 i_ptm 0.57 cmap_loss_binder 1.09
94 models [1] recycles 0 hard 0 soft 0.94 temp 1 loss 1.11 plddt 0.78 ptm 0.66 i_ptm 0.48 cmap_loss_binder 1.11
95 models [1] recycles 0 hard 0 soft 0.95 temp 1 loss 1.09 plddt 0.78 ptm 0.71 i_ptm 0.57 cmap_loss_binder 1.09
96 models [0] recycles 0 hard 0 soft 0.96 temp 1 loss 1.11 plddt 0.80 ptm 0.71 i_ptm 0.60 cmap_loss_binder 1.11
97 models [0] recycles 0 hard 0 soft 0.97 temp 1 loss 1.17 plddt 0.76 ptm 0.65 i_ptm 0.48 cmap_loss_binder 1.17
98 models [1] recycles 0 hard 0 soft 0.98 temp 1 loss 1.24 plddt 0.76 ptm 0.61 i_ptm 0.38 cmap_loss_binder 1.24
99 models [0] recycles 0 hard 0 soft 0.99 temp 1 loss 1.12 plddt 0.78 ptm 0.67 i_ptm 0.53 cmap_loss_binder 1.12
100 models [1] recycles 0 hard 0 soft 1 temp 1 loss 1.20 plddt 0.76 ptm 0.61 i_ptm 0.39 cmap_loss_binder 1.20
Stage 2: running (soft → hard)
101 models [1] recycles 0 hard 0 soft 1 temp 0.98 loss 1.15 plddt 0.76 ptm 0.66 i_ptm 0.47 cmap_loss_binder 1.15
102 models [0] recycles 0 hard 0 soft 1 temp 0.96 loss 1.08 plddt 0.79 ptm 0.71 i_ptm 0.59 cmap_loss_binder 1.08
103 models [0] recycles 0 hard 0 soft 1 temp 0.94 loss 1.07 plddt 0.81 ptm 0.73 i_ptm 0.64 cmap_loss_binder 1.07
104 models [0] recycles 0 hard 0 soft 1 temp 0.92 loss 1.06 plddt 0.80 ptm 0.71 i_ptm 0.60 cmap_loss_binder 1.06
105 models [1] recycles 0 hard 0 soft 1 temp 0.90 loss 1.09 plddt 0.82 ptm 0.71 i_ptm 0.56 cmap_loss_binder 1.09
106 models [0] recycles 0 hard 0 soft 1 temp 0.88 loss 1.05 plddt 0.80 ptm 0.69 i_ptm 0.56 cmap_loss_binder 1.05
107 models [1] recycles 0 hard 0 soft 1 temp 0.87 loss 1.08 plddt 0.81 ptm 0.70 i_ptm 0.55 cmap_loss_binder 1.08
108 models [1] recycles 0 hard 0 soft 1 temp 0.85 loss 1.10 plddt 0.82 ptm 0.72 i_ptm 0.59 cmap_loss_binder 1.10
109 models [0] recycles 0 hard 0 soft 1 temp 0.83 loss 1.10 plddt 0.75 ptm 0.70 i_ptm 0.57 cmap_loss_binder 1.10
110 models [1] recycles 0 hard 0 soft 1 temp 0.81 loss 1.05 plddt 0.79 ptm 0.70 i_ptm 0.56 cmap_loss_binder 1.05
111 models [0] recycles 0 hard 0 soft 1 temp 0.79 loss 1.05 plddt 0.82 ptm 0.71 i_ptm 0.58 cmap_loss_binder 1.05
112 models [1] recycles 0 hard 0 soft 1 temp 0.78 loss 1.07 plddt 0.78 ptm 0.69 i_ptm 0.52 cmap_loss_binder 1.07
113 models [0] recycles 0 hard 0 soft 1 temp 0.76 loss 1.06 plddt 0.79 ptm 0.73 i_ptm 0.64 cmap_loss_binder 1.06
114 models [1] recycles 0 hard 0 soft 1 temp 0.74 loss 1.07 plddt 0.82 ptm 0.66 i_ptm 0.49 cmap_loss_binder 1.07
115 models [1] recycles 0 hard 0 soft 1 temp 0.73 loss 1.06 plddt 0.83 ptm 0.67 i_ptm 0.50 cmap_loss_binder 1.06
116 models [1] recycles 0 hard 0 soft 1 temp 0.71 loss 1.04 plddt 0.78 ptm 0.69 i_ptm 0.53 cmap_loss_binder 1.04
117 models [0] recycles 0 hard 0 soft 1 temp 0.69 loss 1.03 plddt 0.79 ptm 0.68 i_ptm 0.55 cmap_loss_binder 1.03
118 models [0] recycles 0 hard 0 soft 1 temp 0.68 loss 1.09 plddt 0.74 ptm 0.70 i_ptm 0.58 cmap_loss_binder 1.09
119 models [1] recycles 0 hard 0 soft 1 temp 0.66 loss 1.03 plddt 0.79 ptm 0.68 i_ptm 0.52 cmap_loss_binder 1.03
120 models [1] recycles 0 hard 0 soft 1 temp 0.64 loss 0.98 plddt 0.83 ptm 0.70 i_ptm 0.55 cmap_loss_binder 0.98
121 models [1] recycles 0 hard 0 soft 1 temp 0.63 loss 1.00 plddt 0.79 ptm 0.69 i_ptm 0.54 cmap_loss_binder 1.00
122 models [1] recycles 0 hard 0 soft 1 temp 0.61 loss 0.94 plddt 0.83 ptm 0.68 i_ptm 0.53 cmap_loss_binder 0.94
123 models [1] recycles 0 hard 0 soft 1 temp 0.60 loss 1.02 plddt 0.81 ptm 0.63 i_ptm 0.43 cmap_loss_binder 1.02
124 models [1] recycles 0 hard 0 soft 1 temp 0.58 loss 0.98 plddt 0.81 ptm 0.67 i_ptm 0.49 cmap_loss_binder 0.98
125 models [1] recycles 0 hard 0 soft 1 temp 0.57 loss 0.96 plddt 0.82 ptm 0.67 i_ptm 0.50 cmap_loss_binder 0.96
126 models [1] recycles 0 hard 0 soft 1 temp 0.55 loss 0.96 plddt 0.82 ptm 0.68 i_ptm 0.51 cmap_loss_binder 0.96
127 models [1] recycles 0 hard 0 soft 1 temp 0.54 loss 0.96 plddt 0.82 ptm 0.71 i_ptm 0.57 cmap_loss_binder 0.96
128 models [0] recycles 0 hard 0 soft 1 temp 0.52 loss 0.98 plddt 0.78 ptm 0.66 i_ptm 0.50 cmap_loss_binder 0.98
129 models [1] recycles 0 hard 0 soft 1 temp 0.51 loss 0.93 plddt 0.80 ptm 0.70 i_ptm 0.56 cmap_loss_binder 0.93
130 models [0] recycles 0 hard 0 soft 1 temp 0.50 loss 1.00 plddt 0.78 ptm 0.63 i_ptm 0.44 cmap_loss_binder 1.00
131 models [0] recycles 0 hard 0 soft 1 temp 0.48 loss 0.96 plddt 0.77 ptm 0.68 i_ptm 0.54 cmap_loss_binder 0.96
132 models [1] recycles 0 hard 0 soft 1 temp 0.47 loss 0.99 plddt 0.82 ptm 0.62 i_ptm 0.41 cmap_loss_binder 0.99
133 models [0] recycles 0 hard 0 soft 1 temp 0.45 loss 0.97 plddt 0.76 ptm 0.70 i_ptm 0.59 cmap_loss_binder 0.97
134 models [1] recycles 0 hard 0 soft 1 temp 0.44 loss 0.94 plddt 0.82 ptm 0.70 i_ptm 0.56 cmap_loss_binder 0.94
135 models [0] recycles 0 hard 0 soft 1 temp 0.43 loss 0.94 plddt 0.80 ptm 0.66 i_ptm 0.49 cmap_loss_binder 0.94
136 models [0] recycles 0 hard 0 soft 1 temp 0.42 loss 0.95 plddt 0.79 ptm 0.68 i_ptm 0.53 cmap_loss_binder 0.95
137 models [1] recycles 0 hard 0 soft 1 temp 0.40 loss 0.97 plddt 0.81 ptm 0.67 i_ptm 0.50 cmap_loss_binder 0.97
138 models [1] recycles 0 hard 0 soft 1 temp 0.39 loss 0.96 plddt 0.81 ptm 0.70 i_ptm 0.56 cmap_loss_binder 0.96
139 models [0] recycles 0 hard 0 soft 1 temp 0.38 loss 0.98 plddt 0.77 ptm 0.68 i_ptm 0.54 cmap_loss_binder 0.98
140 models [0] recycles 0 hard 0 soft 1 temp 0.37 loss 0.97 plddt 0.78 ptm 0.69 i_ptm 0.56 cmap_loss_binder 0.97
141 models [1] recycles 0 hard 0 soft 1 temp 0.35 loss 1.03 plddt 0.81 ptm 0.60 i_ptm 0.36 cmap_loss_binder 1.03
142 models [0] recycles 0 hard 0 soft 1 temp 0.34 loss 0.96 plddt 0.78 ptm 0.65 i_ptm 0.48 cmap_loss_binder 0.96
143 models [1] recycles 0 hard 0 soft 1 temp 0.33 loss 0.97 plddt 0.82 ptm 0.70 i_ptm 0.55 cmap_loss_binder 0.97
144 models [0] recycles 0 hard 0 soft 1 temp 0.32 loss 0.92 plddt 0.79 ptm 0.66 i_ptm 0.51 cmap_loss_binder 0.92
145 models [1] recycles 0 hard 0 soft 1 temp 0.31 loss 0.95 plddt 0.82 ptm 0.67 i_ptm 0.51 cmap_loss_binder 0.95
146 models [0] recycles 0 hard 0 soft 1 temp 0.30 loss 1.02 plddt 0.79 ptm 0.63 i_ptm 0.45 cmap_loss_binder 1.02
147 models [0] recycles 0 hard 0 soft 1 temp 0.29 loss 0.97 plddt 0.78 ptm 0.71 i_ptm 0.59 cmap_loss_binder 0.97
148 models [0] recycles 0 hard 0 soft 1 temp 0.28 loss 0.95 plddt 0.78 ptm 0.65 i_ptm 0.48 cmap_loss_binder 0.95
149 models [0] recycles 0 hard 0 soft 1 temp 0.27 loss 0.95 plddt 0.80 ptm 0.69 i_ptm 0.56 cmap_loss_binder 0.95
150 models [1] recycles 0 hard 0 soft 1 temp 0.26 loss 0.96 plddt 0.81 ptm 0.67 i_ptm 0.50 cmap_loss_binder 0.96
151 models [0] recycles 0 hard 0 soft 1 temp 0.25 loss 0.96 plddt 0.78 ptm 0.65 i_ptm 0.49 cmap_loss_binder 0.96
152 models [1] recycles 0 hard 0 soft 1 temp 0.24 loss 0.95 plddt 0.81 ptm 0.69 i_ptm 0.54 cmap_loss_binder 0.95
153 models [1] recycles 0 hard 0 soft 1 temp 0.23 loss 0.98 plddt 0.81 ptm 0.67 i_ptm 0.50 cmap_loss_binder 0.98
154 models [0] recycles 0 hard 0 soft 1 temp 0.22 loss 0.96 plddt 0.78 ptm 0.65 i_ptm 0.49 cmap_loss_binder 0.96
155 models [0] recycles 0 hard 0 soft 1 temp 0.21 loss 0.92 plddt 0.78 ptm 0.63 i_ptm 0.45 cmap_loss_binder 0.92
156 models [0] recycles 0 hard 0 soft 1 temp 0.20 loss 0.96 plddt 0.78 ptm 0.69 i_ptm 0.55 cmap_loss_binder 0.96
157 models [1] recycles 0 hard 0 soft 1 temp 0.19 loss 0.95 plddt 0.79 ptm 0.68 i_ptm 0.52 cmap_loss_binder 0.95
158 models [1] recycles 0 hard 0 soft 1 temp 0.18 loss 0.94 plddt 0.80 ptm 0.63 i_ptm 0.45 cmap_loss_binder 0.94
159 models [0] recycles 0 hard 0 soft 1 temp 0.18 loss 0.94 plddt 0.79 ptm 0.68 i_ptm 0.54 cmap_loss_binder 0.94
160 models [0] recycles 0 hard 0 soft 1 temp 0.17 loss 0.97 plddt 0.79 ptm 0.67 i_ptm 0.53 cmap_loss_binder 0.97
161 models [0] recycles 0 hard 0 soft 1 temp 0.16 loss 0.96 plddt 0.79 ptm 0.65 i_ptm 0.49 cmap_loss_binder 0.96
162 models [0] recycles 0 hard 0 soft 1 temp 0.15 loss 0.93 plddt 0.80 ptm 0.70 i_ptm 0.57 cmap_loss_binder 0.93
163 models [1] recycles 0 hard 0 soft 1 temp 0.15 loss 0.99 plddt 0.79 ptm 0.66 i_ptm 0.49 cmap_loss_binder 0.99
164 models [1] recycles 0 hard 0 soft 1 temp 0.14 loss 0.98 plddt 0.79 ptm 0.65 i_ptm 0.47 cmap_loss_binder 0.98
165 models [0] recycles 0 hard 0 soft 1 temp 0.13 loss 0.96 plddt 0.79 ptm 0.71 i_ptm 0.59 cmap_loss_binder 0.96
166 models [1] recycles 0 hard 0 soft 1 temp 0.12 loss 0.96 plddt 0.80 ptm 0.65 i_ptm 0.47 cmap_loss_binder 0.96
167 models [0] recycles 0 hard 0 soft 1 temp 0.12 loss 0.96 plddt 0.78 ptm 0.66 i_ptm 0.50 cmap_loss_binder 0.96
168 models [1] recycles 0 hard 0 soft 1 temp 0.11 loss 0.95 plddt 0.80 ptm 0.69 i_ptm 0.53 cmap_loss_binder 0.95
169 models [0] recycles 0 hard 0 soft 1 temp 0.11 loss 0.93 plddt 0.78 ptm 0.66 i_ptm 0.50 cmap_loss_binder 0.93
170 models [1] recycles 0 hard 0 soft 1 temp 0.10 loss 1.13 plddt 0.81 ptm 0.54 i_ptm 0.28 cmap_loss_binder 1.13
171 models [1] recycles 0 hard 0 soft 1 temp 0.09 loss 0.98 plddt 0.80 ptm 0.63 i_ptm 0.43 cmap_loss_binder 0.98
172 models [0] recycles 0 hard 0 soft 1 temp 0.09 loss 0.98 plddt 0.78 ptm 0.65 i_ptm 0.49 cmap_loss_binder 0.98
173 models [1] recycles 0 hard 0 soft 1 temp 0.08 loss 1.06 plddt 0.78 ptm 0.58 i_ptm 0.33 cmap_loss_binder 1.06
174 models [0] recycles 0 hard 0 soft 1 temp 0.08 loss 0.97 plddt 0.78 ptm 0.62 i_ptm 0.42 cmap_loss_binder 0.97
175 models [1] recycles 0 hard 0 soft 1 temp 0.07 loss 0.99 plddt 0.78 ptm 0.65 i_ptm 0.47 cmap_loss_binder 0.99
176 models [1] recycles 0 hard 0 soft 1 temp 0.07 loss 1.02 plddt 0.80 ptm 0.64 i_ptm 0.44 cmap_loss_binder 1.02
177 models [0] recycles 0 hard 0 soft 1 temp 0.06 loss 0.94 plddt 0.78 ptm 0.68 i_ptm 0.55 cmap_loss_binder 0.94
178 models [1] recycles 0 hard 0 soft 1 temp 0.06 loss 1.00 plddt 0.78 ptm 0.64 i_ptm 0.45 cmap_loss_binder 1.00
179 models [1] recycles 0 hard 0 soft 1 temp 0.05 loss 0.99 plddt 0.80 ptm 0.67 i_ptm 0.49 cmap_loss_binder 0.99
180 models [1] recycles 0 hard 0 soft 1 temp 0.05 loss 0.99 plddt 0.80 ptm 0.67 i_ptm 0.50 cmap_loss_binder 0.99
181 models [1] recycles 0 hard 0 soft 1 temp 0.05 loss 0.99 plddt 0.79 ptm 0.66 i_ptm 0.47 cmap_loss_binder 0.99
182 models [0] recycles 0 hard 0 soft 1 temp 0.04 loss 0.98 plddt 0.77 ptm 0.63 i_ptm 0.46 cmap_loss_binder 0.98
183 models [0] recycles 0 hard 0 soft 1 temp 0.04 loss 0.98 plddt 0.78 ptm 0.66 i_ptm 0.50 cmap_loss_binder 0.98
184 models [0] recycles 0 hard 0 soft 1 temp 0.04 loss 0.95 plddt 0.78 ptm 0.67 i_ptm 0.51 cmap_loss_binder 0.95
185 models [0] recycles 0 hard 0 soft 1 temp 0.03 loss 0.97 plddt 0.77 ptm 0.65 i_ptm 0.48 cmap_loss_binder 0.97
186 models [1] recycles 0 hard 0 soft 1 temp 0.03 loss 1.08 plddt 0.79 ptm 0.59 i_ptm 0.34 cmap_loss_binder 1.08
187 models [0] recycles 0 hard 0 soft 1 temp 0.03 loss 0.95 plddt 0.78 ptm 0.67 i_ptm 0.53 cmap_loss_binder 0.95
188 models [1] recycles 0 hard 0 soft 1 temp 0.02 loss 1.02 plddt 0.82 ptm 0.64 i_ptm 0.44 cmap_loss_binder 1.02
189 models [0] recycles 0 hard 0 soft 1 temp 0.02 loss 0.97 plddt 0.77 ptm 0.69 i_ptm 0.55 cmap_loss_binder 0.97
190 models [1] recycles 0 hard 0 soft 1 temp 0.02 loss 1.11 plddt 0.78 ptm 0.55 i_ptm 0.27 cmap_loss_binder 1.11
191 models [1] recycles 0 hard 0 soft 1 temp 0.02 loss 1.07 plddt 0.79 ptm 0.61 i_ptm 0.38 cmap_loss_binder 1.07
192 models [0] recycles 0 hard 0 soft 1 temp 0.02 loss 0.97 plddt 0.78 ptm 0.64 i_ptm 0.47 cmap_loss_binder 0.97
193 models [0] recycles 0 hard 0 soft 1 temp 0.01 loss 0.96 plddt 0.78 ptm 0.65 i_ptm 0.49 cmap_loss_binder 0.96
194 models [1] recycles 0 hard 0 soft 1 temp 0.01 loss 1.03 plddt 0.77 ptm 0.67 i_ptm 0.50 cmap_loss_binder 1.03
195 models [0] recycles 0 hard 0 soft 1 temp 0.01 loss 0.95 plddt 0.78 ptm 0.67 i_ptm 0.51 cmap_loss_binder 0.95
196 models [0] recycles 0 hard 0 soft 1 temp 0.01 loss 0.97 plddt 0.79 ptm 0.65 i_ptm 0.48 cmap_loss_binder 0.97
197 models [0] recycles 0 hard 0 soft 1 temp 0.01 loss 0.95 plddt 0.79 ptm 0.65 i_ptm 0.48 cmap_loss_binder 0.95
198 models [1] recycles 0 hard 0 soft 1 temp 0.01 loss 1.02 plddt 0.77 ptm 0.66 i_ptm 0.48 cmap_loss_binder 1.02
199 models [0] recycles 0 hard 0 soft 1 temp 0.01 loss 1.00 plddt 0.77 ptm 0.63 i_ptm 0.46 cmap_loss_binder 1.00
200 models [1] recycles 0 hard 0 soft 1 temp 0.01 loss 0.99 plddt 0.81 ptm 0.64 i_ptm 0.45 cmap_loss_binder 0.99
Stage 3: running (hard)
201 models [0, 1] recycles 0 hard 1 soft 1 temp 0.01 loss 0.96 plddt 0.79 ptm 0.68 i_ptm 0.52 cmap_loss_binder 0.96
202 models [0, 1] recycles 0 hard 1 soft 1 temp 0.01 loss 0.96 plddt 0.79 ptm 0.68 i_ptm 0.52 cmap_loss_binder 0.96
203 models [0, 1] recycles 0 hard 1 soft 1 temp 0.01 loss 0.95 plddt 0.79 ptm 0.68 i_ptm 0.53 cmap_loss_binder 0.95
204 models [0, 1] recycles 0 hard 1 soft 1 temp 0.01 loss 0.96 plddt 0.79 ptm 0.68 i_ptm 0.53 cmap_loss_binder 0.96
205 models [0, 1] recycles 0 hard 1 soft 1 temp 0.01 loss 0.95 plddt 0.79 ptm 0.68 i_ptm 0.52 cmap_loss_binder 0.95
206 models [0, 1] recycles 0 hard 1 soft 1 temp 0.01 loss 0.96 plddt 0.79 ptm 0.68 i_ptm 0.53 cmap_loss_binder 0.96
207 models [0, 1] recycles 0 hard 1 soft 1 temp 0.01 loss 0.96 plddt 0.79 ptm 0.68 i_ptm 0.53 cmap_loss_binder 0.96
208 models [0, 1] recycles 0 hard 1 soft 1 temp 0.01 loss 0.95 plddt 0.79 ptm 0.68 i_ptm 0.52 cmap_loss_binder 0.95
209 models [0, 1] recycles 0 hard 1 soft 1 temp 0.01 loss 0.96 plddt 0.79 ptm 0.68 i_ptm 0.52 cmap_loss_binder 0.96
210 models [0, 1] recycles 0 hard 1 soft 1 temp 0.01 loss 0.96 plddt 0.79 ptm 0.68 i_ptm 0.53 cmap_loss_binder 0.96
211 models [0, 1] recycles 0 hard 1 soft 1 temp 0.01 loss 0.96 plddt 0.79 ptm 0.68 i_ptm 0.52 cmap_loss_binder 0.96
212 models [0, 1] recycles 0 hard 1 soft 1 temp 0.01 loss 0.96 plddt 0.79 ptm 0.68 i_ptm 0.53 cmap_loss_binder 0.96
213 models [0, 1] recycles 0 hard 1 soft 1 temp 0.01 loss 0.96 plddt 0.79 ptm 0.68 i_ptm 0.53 cmap_loss_binder 0.96
214 models [0, 1] recycles 0 hard 1 soft 1 temp 0.01 loss 0.96 plddt 0.79 ptm 0.68 i_ptm 0.52 cmap_loss_binder 0.96
215 models [0, 1] recycles 0 hard 1 soft 1 temp 0.01 loss 0.96 plddt 0.79 ptm 0.68 i_ptm 0.53 cmap_loss_binder 0.96
216 models [0, 1] recycles 0 hard 1 soft 1 temp 0.01 loss 0.96 plddt 0.79 ptm 0.68 i_ptm 0.52 cmap_loss_binder 0.96
217 models [0, 1] recycles 0 hard 1 soft 1 temp 0.01 loss 0.96 plddt 0.79 ptm 0.68 i_ptm 0.53 cmap_loss_binder 0.96
218 models [0, 1] recycles 0 hard 1 soft 1 temp 0.01 loss 0.96 plddt 0.79 ptm 0.68 i_ptm 0.53 cmap_loss_binder 0.96
219 models [0, 1] recycles 0 hard 1 soft 1 temp 0.01 loss 0.96 plddt 0.79 ptm 0.68 i_ptm 0.52 cmap_loss_binder 0.96
220 models [0, 1] recycles 0 hard 1 soft 1 temp 0.01 loss 0.96 plddt 0.79 ptm 0.68 i_ptm 0.52 cmap_loss_binder 0.96
Predicting sequences with AF2_ptm...
predict: traj_1_0 plddt: 0.898, i_pae: 0.752, i_ptm: 0.152, cmap_loss: 1.309
predict: traj_1_1 plddt: 0.762, i_pae: 0.619, i_ptm: 0.232, cmap_loss: 1.281
