CMAP of binder (monomer plddt: 0.908)
Stage 1: running (logits → soft)
1 models [0] recycles 0 hard 0 soft 0.01 temp 1 loss 3.70 plddt 0.57 ptm 0.47 i_ptm 0.09 cmap_loss_binder 3.70
2 models [1] recycles 0 hard 0 soft 0.02 temp 1 loss 3.77 plddt 0.92 ptm 0.47 i_ptm 0.07 cmap_loss_binder 3.77
3 models [0] recycles 0 hard 0 soft 0.03 temp 1 loss 3.77 plddt 0.75 ptm 0.46 i_ptm 0.07 cmap_loss_binder 3.77
4 models [1] recycles 0 hard 0 soft 0.04 temp 1 loss 3.64 plddt 0.60 ptm 0.48 i_ptm 0.06 cmap_loss_binder 3.64
5 models [0] recycles 0 hard 0 soft 0.05 temp 1 loss 3.60 plddt 0.61 ptm 0.47 i_ptm 0.09 cmap_loss_binder 3.60
6 models [0] recycles 0 hard 0 soft 0.06 temp 1 loss 3.66 plddt 0.65 ptm 0.47 i_ptm 0.08 cmap_loss_binder 3.66
7 models [1] recycles 0 hard 0 soft 0.07 temp 1 loss 3.65 plddt 0.48 ptm 0.48 i_ptm 0.07 cmap_loss_binder 3.65
8 models [1] recycles 0 hard 0 soft 0.08 temp 1 loss 3.57 plddt 0.54 ptm 0.48 i_ptm 0.06 cmap_loss_binder 3.57
9 models [0] recycles 0 hard 0 soft 0.09 temp 1 loss 3.52 plddt 0.56 ptm 0.48 i_ptm 0.10 cmap_loss_binder 3.52
10 models [0] recycles 0 hard 0 soft 0.10 temp 1 loss 3.45 plddt 0.48 ptm 0.48 i_ptm 0.09 cmap_loss_binder 3.45
11 models [0] recycles 0 hard 0 soft 0.11 temp 1 loss 3.39 plddt 0.48 ptm 0.47 i_ptm 0.09 cmap_loss_binder 3.39
12 models [1] recycles 0 hard 0 soft 0.12 temp 1 loss 3.50 plddt 0.39 ptm 0.47 i_ptm 0.06 cmap_loss_binder 3.50
13 models [0] recycles 0 hard 0 soft 0.13 temp 1 loss 3.36 plddt 0.48 ptm 0.48 i_ptm 0.09 cmap_loss_binder 3.36
14 models [0] recycles 0 hard 0 soft 0.14 temp 1 loss 3.33 plddt 0.42 ptm 0.48 i_ptm 0.09 cmap_loss_binder 3.33
15 models [1] recycles 0 hard 0 soft 0.15 temp 1 loss 3.27 plddt 0.39 ptm 0.49 i_ptm 0.07 cmap_loss_binder 3.27
16 models [1] recycles 0 hard 0 soft 0.16 temp 1 loss 3.20 plddt 0.36 ptm 0.48 i_ptm 0.06 cmap_loss_binder 3.20
17 models [1] recycles 0 hard 0 soft 0.17 temp 1 loss 3.11 plddt 0.39 ptm 0.48 i_ptm 0.07 cmap_loss_binder 3.11
18 models [1] recycles 0 hard 0 soft 0.18 temp 1 loss 3.02 plddt 0.38 ptm 0.48 i_ptm 0.07 cmap_loss_binder 3.02
19 models [1] recycles 0 hard 0 soft 0.19 temp 1 loss 2.76 plddt 0.50 ptm 0.47 i_ptm 0.06 cmap_loss_binder 2.76
20 models [1] recycles 0 hard 0 soft 0.20 temp 1 loss 2.76 plddt 0.65 ptm 0.47 i_ptm 0.06 cmap_loss_binder 2.76
21 models [1] recycles 0 hard 0 soft 0.21 temp 1 loss 2.71 plddt 0.50 ptm 0.47 i_ptm 0.06 cmap_loss_binder 2.71
22 models [0] recycles 0 hard 0 soft 0.22 temp 1 loss 2.62 plddt 0.51 ptm 0.47 i_ptm 0.08 cmap_loss_binder 2.62
23 models [1] recycles 0 hard 0 soft 0.23 temp 1 loss 2.56 plddt 0.65 ptm 0.47 i_ptm 0.05 cmap_loss_binder 2.56
24 models [1] recycles 0 hard 0 soft 0.24 temp 1 loss 2.47 plddt 0.61 ptm 0.47 i_ptm 0.05 cmap_loss_binder 2.47
25 models [0] recycles 0 hard 0 soft 0.25 temp 1 loss 2.45 plddt 0.59 ptm 0.47 i_ptm 0.08 cmap_loss_binder 2.45
26 models [1] recycles 0 hard 0 soft 0.26 temp 1 loss 2.36 plddt 0.74 ptm 0.47 i_ptm 0.05 cmap_loss_binder 2.36
27 models [0] recycles 0 hard 0 soft 0.27 temp 1 loss 2.36 plddt 0.63 ptm 0.47 i_ptm 0.09 cmap_loss_binder 2.36
28 models [0] recycles 0 hard 0 soft 0.28 temp 1 loss 2.32 plddt 0.72 ptm 0.47 i_ptm 0.07 cmap_loss_binder 2.32
29 models [0] recycles 0 hard 0 soft 0.29 temp 1 loss 3.03 plddt 0.45 ptm 0.47 i_ptm 0.09 cmap_loss_binder 3.03
30 models [1] recycles 0 hard 0 soft 0.30 temp 1 loss 2.41 plddt 0.61 ptm 0.47 i_ptm 0.06 cmap_loss_binder 2.41
31 models [0] recycles 0 hard 0 soft 0.31 temp 1 loss 2.37 plddt 0.61 ptm 0.47 i_ptm 0.08 cmap_loss_binder 2.37
32 models [0] recycles 0 hard 0 soft 0.32 temp 1 loss 2.30 plddt 0.72 ptm 0.47 i_ptm 0.09 cmap_loss_binder 2.30
33 models [1] recycles 0 hard 0 soft 0.33 temp 1 loss 2.28 plddt 0.80 ptm 0.47 i_ptm 0.05 cmap_loss_binder 2.28
34 models [1] recycles 0 hard 0 soft 0.34 temp 1 loss 2.27 plddt 0.71 ptm 0.47 i_ptm 0.06 cmap_loss_binder 2.27
35 models [1] recycles 0 hard 0 soft 0.35 temp 1 loss 2.26 plddt 0.72 ptm 0.47 i_ptm 0.06 cmap_loss_binder 2.26
36 models [1] recycles 0 hard 0 soft 0.36 temp 1 loss 2.16 plddt 0.72 ptm 0.47 i_ptm 0.06 cmap_loss_binder 2.16
37 models [0] recycles 0 hard 0 soft 0.37 temp 1 loss 2.22 plddt 0.75 ptm 0.47 i_ptm 0.08 cmap_loss_binder 2.22
38 models [1] recycles 0 hard 0 soft 0.38 temp 1 loss 2.12 plddt 0.80 ptm 0.47 i_ptm 0.06 cmap_loss_binder 2.12
39 models [1] recycles 0 hard 0 soft 0.39 temp 1 loss 2.10 plddt 0.71 ptm 0.47 i_ptm 0.06 cmap_loss_binder 2.10
40 models [1] recycles 0 hard 0 soft 0.40 temp 1 loss 2.04 plddt 0.80 ptm 0.47 i_ptm 0.07 cmap_loss_binder 2.04
41 models [0] recycles 0 hard 0 soft 0.41 temp 1 loss 2.03 plddt 0.76 ptm 0.46 i_ptm 0.09 cmap_loss_binder 2.03
42 models [0] recycles 0 hard 0 soft 0.42 temp 1 loss 1.98 plddt 0.81 ptm 0.47 i_ptm 0.10 cmap_loss_binder 1.98
43 models [1] recycles 0 hard 0 soft 0.43 temp 1 loss 1.98 plddt 0.80 ptm 0.48 i_ptm 0.07 cmap_loss_binder 1.98
44 models [0] recycles 0 hard 0 soft 0.44 temp 1 loss 1.94 plddt 0.84 ptm 0.48 i_ptm 0.11 cmap_loss_binder 1.94
45 models [1] recycles 0 hard 0 soft 0.45 temp 1 loss 1.93 plddt 0.85 ptm 0.48 i_ptm 0.07 cmap_loss_binder 1.93
46 models [1] recycles 0 hard 0 soft 0.46 temp 1 loss 1.98 plddt 0.76 ptm 0.48 i_ptm 0.07 cmap_loss_binder 1.98
47 models [0] recycles 0 hard 0 soft 0.47 temp 1 loss 1.89 plddt 0.77 ptm 0.48 i_ptm 0.11 cmap_loss_binder 1.89
48 models [1] recycles 0 hard 0 soft 0.48 temp 1 loss 1.91 plddt 0.86 ptm 0.49 i_ptm 0.10 cmap_loss_binder 1.91
49 models [0] recycles 0 hard 0 soft 0.49 temp 1 loss 1.83 plddt 0.80 ptm 0.50 i_ptm 0.14 cmap_loss_binder 1.83
50 models [1] recycles 0 hard 0 soft 0.50 temp 1 loss 1.90 plddt 0.87 ptm 0.49 i_ptm 0.09 cmap_loss_binder 1.90
51 models [0] recycles 0 hard 0 soft 0.51 temp 1 loss 1.79 plddt 0.84 ptm 0.49 i_ptm 0.13 cmap_loss_binder 1.79
52 models [1] recycles 0 hard 0 soft 0.52 temp 1 loss 1.77 plddt 0.85 ptm 0.50 i_ptm 0.12 cmap_loss_binder 1.77
53 models [1] recycles 0 hard 0 soft 0.53 temp 1 loss 1.78 plddt 0.86 ptm 0.51 i_ptm 0.13 cmap_loss_binder 1.78
54 models [1] recycles 0 hard 0 soft 0.54 temp 1 loss 1.74 plddt 0.75 ptm 0.50 i_ptm 0.11 cmap_loss_binder 1.74
55 models [0] recycles 0 hard 0 soft 0.55 temp 1 loss 1.82 plddt 0.74 ptm 0.49 i_ptm 0.13 cmap_loss_binder 1.82
56 models [1] recycles 0 hard 0 soft 0.56 temp 1 loss 1.69 plddt 0.79 ptm 0.50 i_ptm 0.11 cmap_loss_binder 1.69
57 models [1] recycles 0 hard 0 soft 0.57 temp 1 loss 1.75 plddt 0.85 ptm 0.48 i_ptm 0.11 cmap_loss_binder 1.75
58 models [1] recycles 0 hard 0 soft 0.58 temp 1 loss 1.73 plddt 0.84 ptm 0.51 i_ptm 0.14 cmap_loss_binder 1.73
59 models [0] recycles 0 hard 0 soft 0.59 temp 1 loss 1.70 plddt 0.81 ptm 0.51 i_ptm 0.17 cmap_loss_binder 1.70
60 models [0] recycles 0 hard 0 soft 0.60 temp 1 loss 1.72 plddt 0.74 ptm 0.49 i_ptm 0.13 cmap_loss_binder 1.72
61 models [0] recycles 0 hard 0 soft 0.61 temp 1 loss 1.64 plddt 0.81 ptm 0.50 i_ptm 0.16 cmap_loss_binder 1.64
62 models [1] recycles 0 hard 0 soft 0.62 temp 1 loss 1.71 plddt 0.82 ptm 0.49 i_ptm 0.11 cmap_loss_binder 1.71
63 models [1] recycles 0 hard 0 soft 0.63 temp 1 loss 1.67 plddt 0.75 ptm 0.51 i_ptm 0.13 cmap_loss_binder 1.67
64 models [0] recycles 0 hard 0 soft 0.64 temp 1 loss 1.34 plddt 0.71 ptm 0.58 i_ptm 0.30 cmap_loss_binder 1.34
65 models [0] recycles 0 hard 0 soft 0.65 temp 1 loss 1.37 plddt 0.75 ptm 0.55 i_ptm 0.24 cmap_loss_binder 1.37
66 models [0] recycles 0 hard 0 soft 0.66 temp 1 loss 1.09 plddt 0.75 ptm 0.63 i_ptm 0.43 cmap_loss_binder 1.09
67 models [1] recycles 0 hard 0 soft 0.67 temp 1 loss 1.51 plddt 0.82 ptm 0.56 i_ptm 0.23 cmap_loss_binder 1.51
68 models [1] recycles 0 hard 0 soft 0.68 temp 1 loss 1.60 plddt 0.80 ptm 0.53 i_ptm 0.17 cmap_loss_binder 1.60
69 models [1] recycles 0 hard 0 soft 0.69 temp 1 loss 1.26 plddt 0.79 ptm 0.64 i_ptm 0.41 cmap_loss_binder 1.26
70 models [1] recycles 0 hard 0 soft 0.70 temp 1 loss 1.29 plddt 0.81 ptm 0.61 i_ptm 0.34 cmap_loss_binder 1.29
71 models [0] recycles 0 hard 0 soft 0.71 temp 1 loss 1.07 plddt 0.76 ptm 0.64 i_ptm 0.44 cmap_loss_binder 1.07
72 models [0] recycles 0 hard 0 soft 0.72 temp 1 loss 0.94 plddt 0.78 ptm 0.69 i_ptm 0.54 cmap_loss_binder 0.94
73 models [1] recycles 0 hard 0 soft 0.73 temp 1 loss 1.10 plddt 0.81 ptm 0.66 i_ptm 0.48 cmap_loss_binder 1.10
74 models [0] recycles 0 hard 0 soft 0.74 temp 1 loss 0.96 plddt 0.82 ptm 0.66 i_ptm 0.51 cmap_loss_binder 0.96
75 models [0] recycles 0 hard 0 soft 0.75 temp 1 loss 1.07 plddt 0.74 ptm 0.71 i_ptm 0.58 cmap_loss_binder 1.07
76 models [1] recycles 0 hard 0 soft 0.76 temp 1 loss 1.34 plddt 0.80 ptm 0.58 i_ptm 0.32 cmap_loss_binder 1.34
77 models [1] recycles 0 hard 0 soft 0.77 temp 1 loss 1.10 plddt 0.80 ptm 0.70 i_ptm 0.54 cmap_loss_binder 1.10
78 models [1] recycles 0 hard 0 soft 0.78 temp 1 loss 1.39 plddt 0.72 ptm 0.57 i_ptm 0.27 cmap_loss_binder 1.39
79 models [1] recycles 0 hard 0 soft 0.79 temp 1 loss 1.10 plddt 0.75 ptm 0.67 i_ptm 0.46 cmap_loss_binder 1.10
80 models [0] recycles 0 hard 0 soft 0.80 temp 1 loss 0.85 plddt 0.79 ptm 0.71 i_ptm 0.58 cmap_loss_binder 0.85
81 models [1] recycles 0 hard 0 soft 0.81 temp 1 loss 1.05 plddt 0.83 ptm 0.68 i_ptm 0.51 cmap_loss_binder 1.05
82 models [1] recycles 0 hard 0 soft 0.82 temp 1 loss 0.98 plddt 0.80 ptm 0.68 i_ptm 0.51 cmap_loss_binder 0.98
83 models [1] recycles 0 hard 0 soft 0.83 temp 1 loss 1.05 plddt 0.74 ptm 0.68 i_ptm 0.50 cmap_loss_binder 1.05
84 models [1] recycles 0 hard 0 soft 0.84 temp 1 loss 0.94 plddt 0.84 ptm 0.70 i_ptm 0.55 cmap_loss_binder 0.94
85 models [1] recycles 0 hard 0 soft 0.85 temp 1 loss 1.00 plddt 0.77 ptm 0.68 i_ptm 0.49 cmap_loss_binder 1.00
86 models [0] recycles 0 hard 0 soft 0.86 temp 1 loss 0.82 plddt 0.81 ptm 0.70 i_ptm 0.57 cmap_loss_binder 0.82
87 models [1] recycles 0 hard 0 soft 0.87 temp 1 loss 1.00 plddt 0.75 ptm 0.69 i_ptm 0.53 cmap_loss_binder 1.00
88 models [0] recycles 0 hard 0 soft 0.88 temp 1 loss 0.87 plddt 0.82 ptm 0.70 i_ptm 0.57 cmap_loss_binder 0.87
89 models [1] recycles 0 hard 0 soft 0.89 temp 1 loss 0.88 plddt 0.84 ptm 0.71 i_ptm 0.56 cmap_loss_binder 0.88
90 models [1] recycles 0 hard 0 soft 0.90 temp 1 loss 0.97 plddt 0.80 ptm 0.69 i_ptm 0.52 cmap_loss_binder 0.97
91 models [0] recycles 0 hard 0 soft 0.91 temp 1 loss 1.25 plddt 0.66 ptm 0.62 i_ptm 0.40 cmap_loss_binder 1.25
92 models [0] recycles 0 hard 0 soft 0.92 temp 1 loss 0.84 plddt 0.79 ptm 0.69 i_ptm 0.53 cmap_loss_binder 0.84
93 models [1] recycles 0 hard 0 soft 0.93 temp 1 loss 1.28 plddt 0.82 ptm 0.57 i_ptm 0.27 cmap_loss_binder 1.28
94 models [0] recycles 0 hard 0 soft 0.94 temp 1 loss 0.89 plddt 0.80 ptm 0.64 i_ptm 0.47 cmap_loss_binder 0.89
95 models [1] recycles 0 hard 0 soft 0.95 temp 1 loss 1.13 plddt 0.79 ptm 0.63 i_ptm 0.39 cmap_loss_binder 1.13
96 models [1] recycles 0 hard 0 soft 0.96 temp 1 loss 1.03 plddt 0.76 ptm 0.67 i_ptm 0.50 cmap_loss_binder 1.03
97 models [0] recycles 0 hard 0 soft 0.97 temp 1 loss 0.98 plddt 0.75 ptm 0.66 i_ptm 0.51 cmap_loss_binder 0.98
98 models [1] recycles 0 hard 0 soft 0.98 temp 1 loss 1.39 plddt 0.84 ptm 0.55 i_ptm 0.23 cmap_loss_binder 1.39
99 models [1] recycles 0 hard 0 soft 0.99 temp 1 loss 0.95 plddt 0.81 ptm 0.68 i_ptm 0.49 cmap_loss_binder 0.95
100 models [0] recycles 0 hard 0 soft 1 temp 1 loss 0.85 plddt 0.79 ptm 0.70 i_ptm 0.57 cmap_loss_binder 0.85
Stage 2: running (soft → hard)
101 models [0] recycles 0 hard 0 soft 1 temp 0.98 loss 0.85 plddt 0.82 ptm 0.66 i_ptm 0.49 cmap_loss_binder 0.85
102 models [0] recycles 0 hard 0 soft 1 temp 0.96 loss 0.85 plddt 0.80 ptm 0.69 i_ptm 0.57 cmap_loss_binder 0.85
103 models [0] recycles 0 hard 0 soft 1 temp 0.94 loss 0.84 plddt 0.78 ptm 0.69 i_ptm 0.54 cmap_loss_binder 0.84
104 models [1] recycles 0 hard 0 soft 1 temp 0.92 loss 1.09 plddt 0.82 ptm 0.63 i_ptm 0.40 cmap_loss_binder 1.09
105 models [1] recycles 0 hard 0 soft 1 temp 0.90 loss 0.90 plddt 0.85 ptm 0.69 i_ptm 0.54 cmap_loss_binder 0.90
106 models [0] recycles 0 hard 0 soft 1 temp 0.88 loss 0.85 plddt 0.77 ptm 0.63 i_ptm 0.45 cmap_loss_binder 0.85
107 models [1] recycles 0 hard 0 soft 1 temp 0.87 loss 0.84 plddt 0.83 ptm 0.71 i_ptm 0.57 cmap_loss_binder 0.84
108 models [1] recycles 0 hard 0 soft 1 temp 0.85 loss 0.92 plddt 0.86 ptm 0.68 i_ptm 0.52 cmap_loss_binder 0.92
109 models [1] recycles 0 hard 0 soft 1 temp 0.83 loss 0.83 plddt 0.83 ptm 0.72 i_ptm 0.58 cmap_loss_binder 0.83
110 models [1] recycles 0 hard 0 soft 1 temp 0.81 loss 0.87 plddt 0.82 ptm 0.71 i_ptm 0.56 cmap_loss_binder 0.87
111 models [1] recycles 0 hard 0 soft 1 temp 0.79 loss 0.82 plddt 0.85 ptm 0.72 i_ptm 0.59 cmap_loss_binder 0.82
112 models [0] recycles 0 hard 0 soft 1 temp 0.78 loss 0.85 plddt 0.83 ptm 0.69 i_ptm 0.56 cmap_loss_binder 0.85
113 models [0] recycles 0 hard 0 soft 1 temp 0.76 loss 0.91 plddt 0.76 ptm 0.64 i_ptm 0.45 cmap_loss_binder 0.91
114 models [1] recycles 0 hard 0 soft 1 temp 0.74 loss 0.90 plddt 0.88 ptm 0.70 i_ptm 0.54 cmap_loss_binder 0.90
115 models [0] recycles 0 hard 0 soft 1 temp 0.73 loss 0.82 plddt 0.80 ptm 0.69 i_ptm 0.55 cmap_loss_binder 0.82
116 models [0] recycles 0 hard 0 soft 1 temp 0.71 loss 0.79 plddt 0.80 ptm 0.71 i_ptm 0.59 cmap_loss_binder 0.79
117 models [0] recycles 0 hard 0 soft 1 temp 0.69 loss 0.82 plddt 0.83 ptm 0.73 i_ptm 0.63 cmap_loss_binder 0.82
118 models [0] recycles 0 hard 0 soft 1 temp 0.68 loss 0.80 plddt 0.80 ptm 0.68 i_ptm 0.54 cmap_loss_binder 0.80
119 models [1] recycles 0 hard 0 soft 1 temp 0.66 loss 0.81 plddt 0.83 ptm 0.73 i_ptm 0.60 cmap_loss_binder 0.81
120 models [0] recycles 0 hard 0 soft 1 temp 0.64 loss 0.86 plddt 0.77 ptm 0.65 i_ptm 0.46 cmap_loss_binder 0.86
121 models [0] recycles 0 hard 0 soft 1 temp 0.63 loss 0.80 plddt 0.82 ptm 0.71 i_ptm 0.61 cmap_loss_binder 0.80
122 models [1] recycles 0 hard 0 soft 1 temp 0.61 loss 0.86 plddt 0.85 ptm 0.68 i_ptm 0.51 cmap_loss_binder 0.86
123 models [0] recycles 0 hard 0 soft 1 temp 0.60 loss 0.81 plddt 0.77 ptm 0.69 i_ptm 0.56 cmap_loss_binder 0.81
124 models [1] recycles 0 hard 0 soft 1 temp 0.58 loss 0.80 plddt 0.85 ptm 0.74 i_ptm 0.62 cmap_loss_binder 0.80
125 models [1] recycles 0 hard 0 soft 1 temp 0.57 loss 0.87 plddt 0.85 ptm 0.70 i_ptm 0.55 cmap_loss_binder 0.87
126 models [0] recycles 0 hard 0 soft 1 temp 0.55 loss 0.83 plddt 0.81 ptm 0.70 i_ptm 0.55 cmap_loss_binder 0.83
127 models [0] recycles 0 hard 0 soft 1 temp 0.54 loss 0.81 plddt 0.81 ptm 0.69 i_ptm 0.57 cmap_loss_binder 0.81
128 models [1] recycles 0 hard 0 soft 1 temp 0.52 loss 0.89 plddt 0.80 ptm 0.66 i_ptm 0.46 cmap_loss_binder 0.89
129 models [0] recycles 0 hard 0 soft 1 temp 0.51 loss 0.82 plddt 0.83 ptm 0.70 i_ptm 0.56 cmap_loss_binder 0.82
130 models [1] recycles 0 hard 0 soft 1 temp 0.50 loss 0.90 plddt 0.86 ptm 0.67 i_ptm 0.48 cmap_loss_binder 0.90
131 models [0] recycles 0 hard 0 soft 1 temp 0.48 loss 0.78 plddt 0.82 ptm 0.68 i_ptm 0.55 cmap_loss_binder 0.78
132 models [0] recycles 0 hard 0 soft 1 temp 0.47 loss 0.78 plddt 0.82 ptm 0.71 i_ptm 0.61 cmap_loss_binder 0.78
133 models [1] recycles 0 hard 0 soft 1 temp 0.45 loss 0.82 plddt 0.85 ptm 0.72 i_ptm 0.58 cmap_loss_binder 0.82
134 models [1] recycles 0 hard 0 soft 1 temp 0.44 loss 0.81 plddt 0.86 ptm 0.73 i_ptm 0.61 cmap_loss_binder 0.81
135 models [1] recycles 0 hard 0 soft 1 temp 0.43 loss 0.84 plddt 0.83 ptm 0.70 i_ptm 0.54 cmap_loss_binder 0.84
136 models [0] recycles 0 hard 0 soft 1 temp 0.42 loss 0.83 plddt 0.80 ptm 0.71 i_ptm 0.58 cmap_loss_binder 0.83
137 models [0] recycles 0 hard 0 soft 1 temp 0.40 loss 1.02 plddt 0.74 ptm 0.68 i_ptm 0.53 cmap_loss_binder 1.02
138 models [1] recycles 0 hard 0 soft 1 temp 0.39 loss 0.83 plddt 0.83 ptm 0.72 i_ptm 0.58 cmap_loss_binder 0.83
139 models [0] recycles 0 hard 0 soft 1 temp 0.38 loss 0.82 plddt 0.78 ptm 0.70 i_ptm 0.57 cmap_loss_binder 0.82
140 models [0] recycles 0 hard 0 soft 1 temp 0.37 loss 0.84 plddt 0.80 ptm 0.69 i_ptm 0.56 cmap_loss_binder 0.84
141 models [0] recycles 0 hard 0 soft 1 temp 0.35 loss 0.81 plddt 0.80 ptm 0.70 i_ptm 0.58 cmap_loss_binder 0.81
142 models [0] recycles 0 hard 0 soft 1 temp 0.34 loss 0.82 plddt 0.81 ptm 0.69 i_ptm 0.55 cmap_loss_binder 0.82
143 models [1] recycles 0 hard 0 soft 1 temp 0.33 loss 0.86 plddt 0.82 ptm 0.69 i_ptm 0.53 cmap_loss_binder 0.86
144 models [1] recycles 0 hard 0 soft 1 temp 0.32 loss 0.91 plddt 0.81 ptm 0.65 i_ptm 0.45 cmap_loss_binder 0.91
145 models [1] recycles 0 hard 0 soft 1 temp 0.31 loss 0.83 plddt 0.84 ptm 0.72 i_ptm 0.58 cmap_loss_binder 0.83
146 models [0] recycles 0 hard 0 soft 1 temp 0.30 loss 0.80 plddt 0.79 ptm 0.69 i_ptm 0.57 cmap_loss_binder 0.80
147 models [0] recycles 0 hard 0 soft 1 temp 0.29 loss 0.85 plddt 0.79 ptm 0.70 i_ptm 0.57 cmap_loss_binder 0.85
148 models [1] recycles 0 hard 0 soft 1 temp 0.28 loss 0.89 plddt 0.79 ptm 0.70 i_ptm 0.54 cmap_loss_binder 0.89
149 models [1] recycles 0 hard 0 soft 1 temp 0.27 loss 0.87 plddt 0.81 ptm 0.68 i_ptm 0.50 cmap_loss_binder 0.87
150 models [0] recycles 0 hard 0 soft 1 temp 0.26 loss 0.81 plddt 0.81 ptm 0.72 i_ptm 0.61 cmap_loss_binder 0.81
151 models [0] recycles 0 hard 0 soft 1 temp 0.25 loss 0.84 plddt 0.80 ptm 0.68 i_ptm 0.53 cmap_loss_binder 0.84
152 models [1] recycles 0 hard 0 soft 1 temp 0.24 loss 0.91 plddt 0.81 ptm 0.65 i_ptm 0.45 cmap_loss_binder 0.91
153 models [0] recycles 0 hard 0 soft 1 temp 0.23 loss 0.84 plddt 0.79 ptm 0.70 i_ptm 0.56 cmap_loss_binder 0.84
154 models [0] recycles 0 hard 0 soft 1 temp 0.22 loss 0.81 plddt 0.80 ptm 0.70 i_ptm 0.56 cmap_loss_binder 0.81
155 models [1] recycles 0 hard 0 soft 1 temp 0.21 loss 0.92 plddt 0.83 ptm 0.66 i_ptm 0.46 cmap_loss_binder 0.92
156 models [0] recycles 0 hard 0 soft 1 temp 0.20 loss 0.82 plddt 0.80 ptm 0.69 i_ptm 0.55 cmap_loss_binder 0.82
157 models [1] recycles 0 hard 0 soft 1 temp 0.19 loss 0.89 plddt 0.81 ptm 0.69 i_ptm 0.52 cmap_loss_binder 0.89
158 models [0] recycles 0 hard 0 soft 1 temp 0.18 loss 0.81 plddt 0.80 ptm 0.71 i_ptm 0.60 cmap_loss_binder 0.81
159 models [0] recycles 0 hard 0 soft 1 temp 0.18 loss 0.83 plddt 0.80 ptm 0.69 i_ptm 0.54 cmap_loss_binder 0.83
160 models [0] recycles 0 hard 0 soft 1 temp 0.17 loss 0.84 plddt 0.77 ptm 0.67 i_ptm 0.52 cmap_loss_binder 0.84
161 models [0] recycles 0 hard 0 soft 1 temp 0.16 loss 1.47 plddt 0.67 ptm 0.69 i_ptm 0.55 cmap_loss_binder 1.47
162 models [1] recycles 0 hard 0 soft 1 temp 0.15 loss 0.84 plddt 0.81 ptm 0.70 i_ptm 0.53 cmap_loss_binder 0.84
163 models [0] recycles 0 hard 0 soft 1 temp 0.15 loss 0.86 plddt 0.79 ptm 0.71 i_ptm 0.60 cmap_loss_binder 0.86
164 models [0] recycles 0 hard 0 soft 1 temp 0.14 loss 0.81 plddt 0.79 ptm 0.70 i_ptm 0.56 cmap_loss_binder 0.81
165 models [0] recycles 0 hard 0 soft 1 temp 0.13 loss 0.83 plddt 0.78 ptm 0.71 i_ptm 0.58 cmap_loss_binder 0.83
166 models [1] recycles 0 hard 0 soft 1 temp 0.12 loss 1.11 plddt 0.81 ptm 0.59 i_ptm 0.32 cmap_loss_binder 1.11
167 models [1] recycles 0 hard 0 soft 1 temp 0.12 loss 0.87 plddt 0.83 ptm 0.68 i_ptm 0.50 cmap_loss_binder 0.87
168 models [0] recycles 0 hard 0 soft 1 temp 0.11 loss 0.82 plddt 0.79 ptm 0.70 i_ptm 0.57 cmap_loss_binder 0.82
169 models [0] recycles 0 hard 0 soft 1 temp 0.11 loss 0.90 plddt 0.77 ptm 0.71 i_ptm 0.60 cmap_loss_binder 0.90
170 models [0] recycles 0 hard 0 soft 1 temp 0.10 loss 0.86 plddt 0.78 ptm 0.67 i_ptm 0.50 cmap_loss_binder 0.86
171 models [0] recycles 0 hard 0 soft 1 temp 0.09 loss 0.96 plddt 0.72 ptm 0.67 i_ptm 0.50 cmap_loss_binder 0.96
172 models [0] recycles 0 hard 0 soft 1 temp 0.09 loss 0.82 plddt 0.80 ptm 0.69 i_ptm 0.54 cmap_loss_binder 0.82
173 models [0] recycles 0 hard 0 soft 1 temp 0.08 loss 0.84 plddt 0.80 ptm 0.67 i_ptm 0.51 cmap_loss_binder 0.84
174 models [1] recycles 0 hard 0 soft 1 temp 0.08 loss 0.95 plddt 0.80 ptm 0.65 i_ptm 0.43 cmap_loss_binder 0.95
175 models [0] recycles 0 hard 0 soft 1 temp 0.07 loss 0.82 plddt 0.78 ptm 0.68 i_ptm 0.53 cmap_loss_binder 0.82
176 models [1] recycles 0 hard 0 soft 1 temp 0.07 loss 1.03 plddt 0.79 ptm 0.62 i_ptm 0.36 cmap_loss_binder 1.03
177 models [0] recycles 0 hard 0 soft 1 temp 0.06 loss 0.86 plddt 0.77 ptm 0.64 i_ptm 0.45 cmap_loss_binder 0.86
178 models [1] recycles 0 hard 0 soft 1 temp 0.06 loss 0.84 plddt 0.83 ptm 0.72 i_ptm 0.57 cmap_loss_binder 0.84
179 models [1] recycles 0 hard 0 soft 1 temp 0.05 loss 0.86 plddt 0.81 ptm 0.69 i_ptm 0.53 cmap_loss_binder 0.86
180 models [1] recycles 0 hard 0 soft 1 temp 0.05 loss 0.94 plddt 0.81 ptm 0.66 i_ptm 0.45 cmap_loss_binder 0.94
181 models [0] recycles 0 hard 0 soft 1 temp 0.05 loss 0.91 plddt 0.79 ptm 0.64 i_ptm 0.43 cmap_loss_binder 0.91
182 models [0] recycles 0 hard 0 soft 1 temp 0.04 loss 0.88 plddt 0.79 ptm 0.66 i_ptm 0.50 cmap_loss_binder 0.88
183 models [0] recycles 0 hard 0 soft 1 temp 0.04 loss 0.81 plddt 0.79 ptm 0.69 i_ptm 0.54 cmap_loss_binder 0.81
184 models [1] recycles 0 hard 0 soft 1 temp 0.04 loss 0.86 plddt 0.82 ptm 0.71 i_ptm 0.55 cmap_loss_binder 0.86
185 models [1] recycles 0 hard 0 soft 1 temp 0.03 loss 1.07 plddt 0.77 ptm 0.61 i_ptm 0.35 cmap_loss_binder 1.07
186 models [0] recycles 0 hard 0 soft 1 temp 0.03 loss 0.86 plddt 0.78 ptm 0.71 i_ptm 0.58 cmap_loss_binder 0.86
187 models [1] recycles 0 hard 0 soft 1 temp 0.03 loss 1.13 plddt 0.79 ptm 0.60 i_ptm 0.33 cmap_loss_binder 1.13
188 models [0] recycles 0 hard 0 soft 1 temp 0.02 loss 0.91 plddt 0.76 ptm 0.66 i_ptm 0.49 cmap_loss_binder 0.91
189 models [1] recycles 0 hard 0 soft 1 temp 0.02 loss 0.94 plddt 0.79 ptm 0.67 i_ptm 0.45 cmap_loss_binder 0.94
190 models [0] recycles 0 hard 0 soft 1 temp 0.02 loss 0.89 plddt 0.78 ptm 0.66 i_ptm 0.48 cmap_loss_binder 0.89
191 models [1] recycles 0 hard 0 soft 1 temp 0.02 loss 1.04 plddt 0.81 ptm 0.62 i_ptm 0.37 cmap_loss_binder 1.04
192 models [0] recycles 0 hard 0 soft 1 temp 0.02 loss 0.85 plddt 0.78 ptm 0.68 i_ptm 0.52 cmap_loss_binder 0.85
193 models [0] recycles 0 hard 0 soft 1 temp 0.01 loss 0.89 plddt 0.78 ptm 0.65 i_ptm 0.46 cmap_loss_binder 0.89
194 models [1] recycles 0 hard 0 soft 1 temp 0.01 loss 0.98 plddt 0.81 ptm 0.64 i_ptm 0.44 cmap_loss_binder 0.98
195 models [1] recycles 0 hard 0 soft 1 temp 0.01 loss 0.89 plddt 0.81 ptm 0.69 i_ptm 0.51 cmap_loss_binder 0.89
196 models [0] recycles 0 hard 0 soft 1 temp 0.01 loss 0.84 plddt 0.77 ptm 0.67 i_ptm 0.52 cmap_loss_binder 0.84
197 models [1] recycles 0 hard 0 soft 1 temp 0.01 loss 1.02 plddt 0.81 ptm 0.64 i_ptm 0.43 cmap_loss_binder 1.02
198 models [1] recycles 0 hard 0 soft 1 temp 0.01 loss 0.94 plddt 0.81 ptm 0.65 i_ptm 0.45 cmap_loss_binder 0.94
199 models [0] recycles 0 hard 0 soft 1 temp 0.01 loss 0.85 plddt 0.80 ptm 0.71 i_ptm 0.58 cmap_loss_binder 0.85
200 models [0] recycles 0 hard 0 soft 1 temp 0.01 loss 0.87 plddt 0.79 ptm 0.69 i_ptm 0.53 cmap_loss_binder 0.87
Stage 3: running (hard)
201 models [0, 1] recycles 0 hard 1 soft 1 temp 0.01 loss 0.84 plddt 0.79 ptm 0.71 i_ptm 0.57 cmap_loss_binder 0.84
202 models [0, 1] recycles 0 hard 1 soft 1 temp 0.01 loss 0.84 plddt 0.80 ptm 0.71 i_ptm 0.57 cmap_loss_binder 0.84
203 models [0, 1] recycles 0 hard 1 soft 1 temp 0.01 loss 0.84 plddt 0.80 ptm 0.71 i_ptm 0.57 cmap_loss_binder 0.84
204 models [0, 1] recycles 0 hard 1 soft 1 temp 0.01 loss 0.84 plddt 0.80 ptm 0.71 i_ptm 0.57 cmap_loss_binder 0.84
205 models [0, 1] recycles 0 hard 1 soft 1 temp 0.01 loss 0.83 plddt 0.81 ptm 0.73 i_ptm 0.60 cmap_loss_binder 0.83
206 models [0, 1] recycles 0 hard 1 soft 1 temp 0.01 loss 0.83 plddt 0.81 ptm 0.73 i_ptm 0.60 cmap_loss_binder 0.83
207 models [0, 1] recycles 0 hard 1 soft 1 temp 0.01 loss 0.83 plddt 0.81 ptm 0.73 i_ptm 0.60 cmap_loss_binder 0.83
208 models [0, 1] recycles 0 hard 1 soft 1 temp 0.01 loss 0.83 plddt 0.81 ptm 0.73 i_ptm 0.60 cmap_loss_binder 0.83
209 models [0, 1] recycles 0 hard 1 soft 1 temp 0.01 loss 0.84 plddt 0.81 ptm 0.73 i_ptm 0.60 cmap_loss_binder 0.84
210 models [0, 1] recycles 0 hard 1 soft 1 temp 0.01 loss 0.83 plddt 0.81 ptm 0.73 i_ptm 0.60 cmap_loss_binder 0.83
211 models [0, 1] recycles 0 hard 1 soft 1 temp 0.01 loss 0.84 plddt 0.81 ptm 0.73 i_ptm 0.60 cmap_loss_binder 0.84
212 models [0, 1] recycles 0 hard 1 soft 1 temp 0.01 loss 0.84 plddt 0.81 ptm 0.73 i_ptm 0.60 cmap_loss_binder 0.84
213 models [0, 1] recycles 0 hard 1 soft 1 temp 0.01 loss 0.83 plddt 0.81 ptm 0.73 i_ptm 0.60 cmap_loss_binder 0.83
214 models [0, 1] recycles 0 hard 1 soft 1 temp 0.01 loss 0.84 plddt 0.81 ptm 0.73 i_ptm 0.60 cmap_loss_binder 0.84
215 models [0, 1] recycles 0 hard 1 soft 1 temp 0.01 loss 0.84 plddt 0.81 ptm 0.73 i_ptm 0.60 cmap_loss_binder 0.84
216 models [0, 1] recycles 0 hard 1 soft 1 temp 0.01 loss 0.84 plddt 0.81 ptm 0.73 i_ptm 0.60 cmap_loss_binder 0.84
217 models [0, 1] recycles 0 hard 1 soft 1 temp 0.01 loss 0.83 plddt 0.81 ptm 0.73 i_ptm 0.60 cmap_loss_binder 0.83
218 models [0, 1] recycles 0 hard 1 soft 1 temp 0.01 loss 0.84 plddt 0.81 ptm 0.73 i_ptm 0.60 cmap_loss_binder 0.84
219 models [0, 1] recycles 0 hard 1 soft 1 temp 0.01 loss 0.84 plddt 0.81 ptm 0.73 i_ptm 0.60 cmap_loss_binder 0.84
220 models [0, 1] recycles 0 hard 1 soft 1 temp 0.01 loss 0.83 plddt 0.81 ptm 0.73 i_ptm 0.60 cmap_loss_binder 0.83
Predicting sequences with AF2_ptm...
predict: traj_1_0 plddt: 0.879, i_pae: 0.553, i_ptm: 0.275, cmap_loss: 1.641
predict: traj_1_1 plddt: 0.880, i_pae: 0.270, i_ptm: 0.558, cmap_loss: 1.028
