CMAP of binder (monomer plddt: 0.927)
Stage 1: running (logits → soft)
1 models [1] recycles 0 hard 0 soft 0.01 temp 1 loss 3.88 plddt 0.46 ptm 0.44 i_ptm 0.06 cmap_loss_binder 3.88
2 models [0] recycles 0 hard 0 soft 0.02 temp 1 loss 4.10 plddt 0.93 ptm 0.42 i_ptm 0.12 cmap_loss_binder 4.10
3 models [0] recycles 0 hard 0 soft 0.03 temp 1 loss 4.10 plddt 0.74 ptm 0.42 i_ptm 0.09 cmap_loss_binder 4.10
4 models [1] recycles 0 hard 0 soft 0.04 temp 1 loss 3.99 plddt 0.75 ptm 0.44 i_ptm 0.07 cmap_loss_binder 3.99
5 models [0] recycles 0 hard 0 soft 0.05 temp 1 loss 3.99 plddt 0.75 ptm 0.43 i_ptm 0.08 cmap_loss_binder 3.99
6 models [1] recycles 0 hard 0 soft 0.06 temp 1 loss 4.02 plddt 0.81 ptm 0.44 i_ptm 0.06 cmap_loss_binder 4.02
7 models [0] recycles 0 hard 0 soft 0.07 temp 1 loss 4.04 plddt 0.83 ptm 0.43 i_ptm 0.08 cmap_loss_binder 4.04
8 models [0] recycles 0 hard 0 soft 0.08 temp 1 loss 3.98 plddt 0.83 ptm 0.43 i_ptm 0.08 cmap_loss_binder 3.98
9 models [0] recycles 0 hard 0 soft 0.09 temp 1 loss 3.98 plddt 0.80 ptm 0.43 i_ptm 0.08 cmap_loss_binder 3.98
10 models [0] recycles 0 hard 0 soft 0.10 temp 1 loss 3.90 plddt 0.72 ptm 0.43 i_ptm 0.07 cmap_loss_binder 3.90
11 models [1] recycles 0 hard 0 soft 0.11 temp 1 loss 3.82 plddt 0.69 ptm 0.44 i_ptm 0.07 cmap_loss_binder 3.82
12 models [0] recycles 0 hard 0 soft 0.12 temp 1 loss 3.72 plddt 0.65 ptm 0.43 i_ptm 0.09 cmap_loss_binder 3.72
13 models [1] recycles 0 hard 0 soft 0.13 temp 1 loss 3.73 plddt 0.61 ptm 0.44 i_ptm 0.06 cmap_loss_binder 3.73
14 models [1] recycles 0 hard 0 soft 0.14 temp 1 loss 3.58 plddt 0.45 ptm 0.45 i_ptm 0.07 cmap_loss_binder 3.58
15 models [1] recycles 0 hard 0 soft 0.15 temp 1 loss 3.52 plddt 0.38 ptm 0.46 i_ptm 0.07 cmap_loss_binder 3.52
16 models [0] recycles 0 hard 0 soft 0.16 temp 1 loss 3.56 plddt 0.47 ptm 0.45 i_ptm 0.10 cmap_loss_binder 3.56
17 models [0] recycles 0 hard 0 soft 0.17 temp 1 loss 3.40 plddt 0.42 ptm 0.45 i_ptm 0.09 cmap_loss_binder 3.40
18 models [1] recycles 0 hard 0 soft 0.18 temp 1 loss 3.35 plddt 0.36 ptm 0.45 i_ptm 0.07 cmap_loss_binder 3.35
19 models [1] recycles 0 hard 0 soft 0.19 temp 1 loss 3.29 plddt 0.35 ptm 0.45 i_ptm 0.07 cmap_loss_binder 3.29
20 models [1] recycles 0 hard 0 soft 0.20 temp 1 loss 3.22 plddt 0.36 ptm 0.45 i_ptm 0.07 cmap_loss_binder 3.22
21 models [1] recycles 0 hard 0 soft 0.21 temp 1 loss 3.09 plddt 0.34 ptm 0.44 i_ptm 0.07 cmap_loss_binder 3.09
22 models [1] recycles 0 hard 0 soft 0.22 temp 1 loss 3.04 plddt 0.36 ptm 0.45 i_ptm 0.07 cmap_loss_binder 3.04
23 models [1] recycles 0 hard 0 soft 0.23 temp 1 loss 3.03 plddt 0.37 ptm 0.45 i_ptm 0.07 cmap_loss_binder 3.03
24 models [1] recycles 0 hard 0 soft 0.24 temp 1 loss 2.97 plddt 0.35 ptm 0.44 i_ptm 0.07 cmap_loss_binder 2.97
25 models [1] recycles 0 hard 0 soft 0.25 temp 1 loss 2.91 plddt 0.39 ptm 0.45 i_ptm 0.07 cmap_loss_binder 2.91
26 models [0] recycles 0 hard 0 soft 0.26 temp 1 loss 2.94 plddt 0.45 ptm 0.45 i_ptm 0.10 cmap_loss_binder 2.94
27 models [1] recycles 0 hard 0 soft 0.27 temp 1 loss 2.79 plddt 0.43 ptm 0.44 i_ptm 0.07 cmap_loss_binder 2.79
28 models [1] recycles 0 hard 0 soft 0.28 temp 1 loss 2.67 plddt 0.49 ptm 0.44 i_ptm 0.07 cmap_loss_binder 2.67
29 models [0] recycles 0 hard 0 soft 0.29 temp 1 loss 2.68 plddt 0.45 ptm 0.44 i_ptm 0.09 cmap_loss_binder 2.68
30 models [0] recycles 0 hard 0 soft 0.30 temp 1 loss 2.54 plddt 0.53 ptm 0.44 i_ptm 0.08 cmap_loss_binder 2.54
31 models [0] recycles 0 hard 0 soft 0.31 temp 1 loss 2.57 plddt 0.49 ptm 0.44 i_ptm 0.08 cmap_loss_binder 2.57
32 models [0] recycles 0 hard 0 soft 0.32 temp 1 loss 2.49 plddt 0.53 ptm 0.44 i_ptm 0.09 cmap_loss_binder 2.49
33 models [0] recycles 0 hard 0 soft 0.33 temp 1 loss 2.38 plddt 0.54 ptm 0.44 i_ptm 0.09 cmap_loss_binder 2.38
34 models [0] recycles 0 hard 0 soft 0.34 temp 1 loss 2.35 plddt 0.51 ptm 0.44 i_ptm 0.09 cmap_loss_binder 2.35
35 models [0] recycles 0 hard 0 soft 0.35 temp 1 loss 2.40 plddt 0.53 ptm 0.44 i_ptm 0.08 cmap_loss_binder 2.40
36 models [0] recycles 0 hard 0 soft 0.36 temp 1 loss 2.27 plddt 0.55 ptm 0.44 i_ptm 0.08 cmap_loss_binder 2.27
37 models [0] recycles 0 hard 0 soft 0.37 temp 1 loss 2.23 plddt 0.55 ptm 0.44 i_ptm 0.09 cmap_loss_binder 2.23
38 models [0] recycles 0 hard 0 soft 0.38 temp 1 loss 2.21 plddt 0.54 ptm 0.43 i_ptm 0.09 cmap_loss_binder 2.21
39 models [1] recycles 0 hard 0 soft 0.39 temp 1 loss 2.24 plddt 0.56 ptm 0.44 i_ptm 0.06 cmap_loss_binder 2.24
40 models [1] recycles 0 hard 0 soft 0.40 temp 1 loss 2.21 plddt 0.55 ptm 0.44 i_ptm 0.06 cmap_loss_binder 2.21
41 models [1] recycles 0 hard 0 soft 0.41 temp 1 loss 2.26 plddt 0.55 ptm 0.44 i_ptm 0.06 cmap_loss_binder 2.26
42 models [1] recycles 0 hard 0 soft 0.42 temp 1 loss 2.16 plddt 0.60 ptm 0.44 i_ptm 0.06 cmap_loss_binder 2.16
43 models [0] recycles 0 hard 0 soft 0.43 temp 1 loss 2.06 plddt 0.62 ptm 0.44 i_ptm 0.09 cmap_loss_binder 2.06
44 models [0] recycles 0 hard 0 soft 0.44 temp 1 loss 2.04 plddt 0.62 ptm 0.44 i_ptm 0.08 cmap_loss_binder 2.04
45 models [0] recycles 0 hard 0 soft 0.45 temp 1 loss 2.04 plddt 0.69 ptm 0.44 i_ptm 0.08 cmap_loss_binder 2.04
46 models [0] recycles 0 hard 0 soft 0.46 temp 1 loss 1.97 plddt 0.66 ptm 0.44 i_ptm 0.09 cmap_loss_binder 1.97
47 models [1] recycles 0 hard 0 soft 0.47 temp 1 loss 2.10 plddt 0.63 ptm 0.44 i_ptm 0.06 cmap_loss_binder 2.10
48 models [0] recycles 0 hard 0 soft 0.48 temp 1 loss 1.99 plddt 0.66 ptm 0.44 i_ptm 0.08 cmap_loss_binder 1.99
49 models [1] recycles 0 hard 0 soft 0.49 temp 1 loss 2.02 plddt 0.64 ptm 0.44 i_ptm 0.07 cmap_loss_binder 2.02
50 models [0] recycles 0 hard 0 soft 0.50 temp 1 loss 1.90 plddt 0.69 ptm 0.44 i_ptm 0.09 cmap_loss_binder 1.90
51 models [0] recycles 0 hard 0 soft 0.51 temp 1 loss 1.88 plddt 0.72 ptm 0.44 i_ptm 0.09 cmap_loss_binder 1.88
52 models [0] recycles 0 hard 0 soft 0.52 temp 1 loss 1.84 plddt 0.71 ptm 0.44 i_ptm 0.09 cmap_loss_binder 1.84
53 models [1] recycles 0 hard 0 soft 0.53 temp 1 loss 1.90 plddt 0.67 ptm 0.44 i_ptm 0.06 cmap_loss_binder 1.90
54 models [1] recycles 0 hard 0 soft 0.54 temp 1 loss 1.82 plddt 0.76 ptm 0.44 i_ptm 0.06 cmap_loss_binder 1.82
55 models [1] recycles 0 hard 0 soft 0.55 temp 1 loss 1.81 plddt 0.72 ptm 0.44 i_ptm 0.06 cmap_loss_binder 1.81
56 models [0] recycles 0 hard 0 soft 0.56 temp 1 loss 1.79 plddt 0.74 ptm 0.44 i_ptm 0.10 cmap_loss_binder 1.79
57 models [1] recycles 0 hard 0 soft 0.57 temp 1 loss 1.79 plddt 0.77 ptm 0.44 i_ptm 0.07 cmap_loss_binder 1.79
58 models [1] recycles 0 hard 0 soft 0.58 temp 1 loss 1.77 plddt 0.73 ptm 0.44 i_ptm 0.07 cmap_loss_binder 1.77
59 models [1] recycles 0 hard 0 soft 0.59 temp 1 loss 1.74 plddt 0.75 ptm 0.44 i_ptm 0.07 cmap_loss_binder 1.74
60 models [1] recycles 0 hard 0 soft 0.60 temp 1 loss 1.69 plddt 0.79 ptm 0.44 i_ptm 0.07 cmap_loss_binder 1.69
61 models [0] recycles 0 hard 0 soft 0.61 temp 1 loss 1.73 plddt 0.77 ptm 0.46 i_ptm 0.14 cmap_loss_binder 1.73
62 models [1] recycles 0 hard 0 soft 0.62 temp 1 loss 1.75 plddt 0.75 ptm 0.44 i_ptm 0.07 cmap_loss_binder 1.75
63 models [1] recycles 0 hard 0 soft 0.63 temp 1 loss 1.67 plddt 0.79 ptm 0.44 i_ptm 0.08 cmap_loss_binder 1.67
64 models [0] recycles 0 hard 0 soft 0.64 temp 1 loss 1.66 plddt 0.76 ptm 0.46 i_ptm 0.14 cmap_loss_binder 1.66
65 models [1] recycles 0 hard 0 soft 0.65 temp 1 loss 1.63 plddt 0.75 ptm 0.45 i_ptm 0.08 cmap_loss_binder 1.63
66 models [0] recycles 0 hard 0 soft 0.66 temp 1 loss 1.66 plddt 0.82 ptm 0.45 i_ptm 0.13 cmap_loss_binder 1.66
67 models [1] recycles 0 hard 0 soft 0.67 temp 1 loss 1.58 plddt 0.79 ptm 0.46 i_ptm 0.10 cmap_loss_binder 1.58
68 models [1] recycles 0 hard 0 soft 0.68 temp 1 loss 1.59 plddt 0.76 ptm 0.45 i_ptm 0.08 cmap_loss_binder 1.59
69 models [1] recycles 0 hard 0 soft 0.69 temp 1 loss 1.57 plddt 0.79 ptm 0.46 i_ptm 0.11 cmap_loss_binder 1.57
70 models [1] recycles 0 hard 0 soft 0.70 temp 1 loss 1.59 plddt 0.82 ptm 0.46 i_ptm 0.11 cmap_loss_binder 1.59
71 models [0] recycles 0 hard 0 soft 0.71 temp 1 loss 1.55 plddt 0.74 ptm 0.47 i_ptm 0.14 cmap_loss_binder 1.55
72 models [1] recycles 0 hard 0 soft 0.72 temp 1 loss 1.58 plddt 0.79 ptm 0.46 i_ptm 0.10 cmap_loss_binder 1.58
73 models [0] recycles 0 hard 0 soft 0.73 temp 1 loss 1.49 plddt 0.78 ptm 0.47 i_ptm 0.15 cmap_loss_binder 1.49
74 models [1] recycles 0 hard 0 soft 0.74 temp 1 loss 1.48 plddt 0.76 ptm 0.47 i_ptm 0.12 cmap_loss_binder 1.48
75 models [0] recycles 0 hard 0 soft 0.75 temp 1 loss 1.40 plddt 0.78 ptm 0.55 i_ptm 0.27 cmap_loss_binder 1.40
76 models [1] recycles 0 hard 0 soft 0.76 temp 1 loss 1.51 plddt 0.79 ptm 0.46 i_ptm 0.10 cmap_loss_binder 1.51
77 models [0] recycles 0 hard 0 soft 0.77 temp 1 loss 1.48 plddt 0.72 ptm 0.49 i_ptm 0.19 cmap_loss_binder 1.48
78 models [0] recycles 0 hard 0 soft 0.78 temp 1 loss 1.42 plddt 0.73 ptm 0.55 i_ptm 0.30 cmap_loss_binder 1.42
79 models [1] recycles 0 hard 0 soft 0.79 temp 1 loss 1.47 plddt 0.79 ptm 0.48 i_ptm 0.15 cmap_loss_binder 1.47
80 models [1] recycles 0 hard 0 soft 0.80 temp 1 loss 1.35 plddt 0.76 ptm 0.49 i_ptm 0.18 cmap_loss_binder 1.35
81 models [0] recycles 0 hard 0 soft 0.81 temp 1 loss 1.29 plddt 0.73 ptm 0.62 i_ptm 0.42 cmap_loss_binder 1.29
82 models [0] recycles 0 hard 0 soft 0.82 temp 1 loss 1.26 plddt 0.77 ptm 0.57 i_ptm 0.33 cmap_loss_binder 1.26
83 models [1] recycles 0 hard 0 soft 0.83 temp 1 loss 1.48 plddt 0.74 ptm 0.51 i_ptm 0.19 cmap_loss_binder 1.48
84 models [0] recycles 0 hard 0 soft 0.84 temp 1 loss 1.27 plddt 0.79 ptm 0.59 i_ptm 0.38 cmap_loss_binder 1.27
85 models [0] recycles 0 hard 0 soft 0.85 temp 1 loss 1.28 plddt 0.80 ptm 0.60 i_ptm 0.39 cmap_loss_binder 1.28
86 models [0] recycles 0 hard 0 soft 0.86 temp 1 loss 1.18 plddt 0.81 ptm 0.65 i_ptm 0.48 cmap_loss_binder 1.18
87 models [1] recycles 0 hard 0 soft 0.87 temp 1 loss 1.54 plddt 0.70 ptm 0.49 i_ptm 0.14 cmap_loss_binder 1.54
88 models [1] recycles 0 hard 0 soft 0.88 temp 1 loss 1.26 plddt 0.78 ptm 0.56 i_ptm 0.29 cmap_loss_binder 1.26
89 models [0] recycles 0 hard 0 soft 0.89 temp 1 loss 1.27 plddt 0.76 ptm 0.57 i_ptm 0.33 cmap_loss_binder 1.27
90 models [1] recycles 0 hard 0 soft 0.90 temp 1 loss 1.24 plddt 0.76 ptm 0.58 i_ptm 0.33 cmap_loss_binder 1.24
91 models [1] recycles 0 hard 0 soft 0.91 temp 1 loss 1.28 plddt 0.76 ptm 0.55 i_ptm 0.26 cmap_loss_binder 1.28
92 models [1] recycles 0 hard 0 soft 0.92 temp 1 loss 1.23 plddt 0.82 ptm 0.56 i_ptm 0.28 cmap_loss_binder 1.23
93 models [1] recycles 0 hard 0 soft 0.93 temp 1 loss 1.20 plddt 0.77 ptm 0.59 i_ptm 0.34 cmap_loss_binder 1.20
94 models [0] recycles 0 hard 0 soft 0.94 temp 1 loss 1.18 plddt 0.81 ptm 0.63 i_ptm 0.43 cmap_loss_binder 1.18
95 models [1] recycles 0 hard 0 soft 0.95 temp 1 loss 1.26 plddt 0.77 ptm 0.56 i_ptm 0.29 cmap_loss_binder 1.26
96 models [0] recycles 0 hard 0 soft 0.96 temp 1 loss 1.27 plddt 0.77 ptm 0.60 i_ptm 0.39 cmap_loss_binder 1.27
97 models [1] recycles 0 hard 0 soft 0.97 temp 1 loss 1.22 plddt 0.81 ptm 0.57 i_ptm 0.31 cmap_loss_binder 1.22
98 models [0] recycles 0 hard 0 soft 0.98 temp 1 loss 1.22 plddt 0.76 ptm 0.57 i_ptm 0.33 cmap_loss_binder 1.22
99 models [1] recycles 0 hard 0 soft 0.99 temp 1 loss 1.27 plddt 0.77 ptm 0.56 i_ptm 0.28 cmap_loss_binder 1.27
100 models [0] recycles 0 hard 0 soft 1 temp 1 loss 1.14 plddt 0.81 ptm 0.68 i_ptm 0.53 cmap_loss_binder 1.14
Stage 2: running (soft → hard)
101 models [1] recycles 0 hard 0 soft 1 temp 0.98 loss 1.19 plddt 0.79 ptm 0.57 i_ptm 0.31 cmap_loss_binder 1.19
102 models [0] recycles 0 hard 0 soft 1 temp 0.96 loss 1.17 plddt 0.78 ptm 0.67 i_ptm 0.53 cmap_loss_binder 1.17
103 models [1] recycles 0 hard 0 soft 1 temp 0.94 loss 1.23 plddt 0.83 ptm 0.55 i_ptm 0.26 cmap_loss_binder 1.23
104 models [0] recycles 0 hard 0 soft 1 temp 0.92 loss 1.11 plddt 0.81 ptm 0.67 i_ptm 0.52 cmap_loss_binder 1.11
105 models [1] recycles 0 hard 0 soft 1 temp 0.90 loss 1.14 plddt 0.84 ptm 0.57 i_ptm 0.32 cmap_loss_binder 1.14
106 models [1] recycles 0 hard 0 soft 1 temp 0.88 loss 1.18 plddt 0.78 ptm 0.60 i_ptm 0.36 cmap_loss_binder 1.18
107 models [0] recycles 0 hard 0 soft 1 temp 0.87 loss 1.14 plddt 0.79 ptm 0.67 i_ptm 0.52 cmap_loss_binder 1.14
108 models [0] recycles 0 hard 0 soft 1 temp 0.85 loss 1.11 plddt 0.84 ptm 0.67 i_ptm 0.51 cmap_loss_binder 1.11
109 models [0] recycles 0 hard 0 soft 1 temp 0.83 loss 1.07 plddt 0.80 ptm 0.66 i_ptm 0.51 cmap_loss_binder 1.07
110 models [0] recycles 0 hard 0 soft 1 temp 0.81 loss 1.07 plddt 0.82 ptm 0.64 i_ptm 0.46 cmap_loss_binder 1.07
111 models [1] recycles 0 hard 0 soft 1 temp 0.79 loss 1.07 plddt 0.80 ptm 0.59 i_ptm 0.35 cmap_loss_binder 1.07
112 models [1] recycles 0 hard 0 soft 1 temp 0.78 loss 1.05 plddt 0.86 ptm 0.67 i_ptm 0.49 cmap_loss_binder 1.05
113 models [0] recycles 0 hard 0 soft 1 temp 0.76 loss 1.12 plddt 0.84 ptm 0.66 i_ptm 0.51 cmap_loss_binder 1.12
114 models [1] recycles 0 hard 0 soft 1 temp 0.74 loss 1.09 plddt 0.80 ptm 0.62 i_ptm 0.42 cmap_loss_binder 1.09
115 models [1] recycles 0 hard 0 soft 1 temp 0.73 loss 1.03 plddt 0.85 ptm 0.63 i_ptm 0.42 cmap_loss_binder 1.03
116 models [1] recycles 0 hard 0 soft 1 temp 0.71 loss 1.01 plddt 0.84 ptm 0.58 i_ptm 0.32 cmap_loss_binder 1.01
117 models [0] recycles 0 hard 0 soft 1 temp 0.69 loss 1.06 plddt 0.80 ptm 0.67 i_ptm 0.51 cmap_loss_binder 1.06
118 models [1] recycles 0 hard 0 soft 1 temp 0.68 loss 1.13 plddt 0.73 ptm 0.60 i_ptm 0.36 cmap_loss_binder 1.13
119 models [0] recycles 0 hard 0 soft 1 temp 0.66 loss 1.05 plddt 0.82 ptm 0.67 i_ptm 0.51 cmap_loss_binder 1.05
120 models [0] recycles 0 hard 0 soft 1 temp 0.64 loss 0.99 plddt 0.81 ptm 0.65 i_ptm 0.48 cmap_loss_binder 0.99
121 models [0] recycles 0 hard 0 soft 1 temp 0.63 loss 1.05 plddt 0.82 ptm 0.58 i_ptm 0.35 cmap_loss_binder 1.05
122 models [0] recycles 0 hard 0 soft 1 temp 0.61 loss 0.97 plddt 0.81 ptm 0.67 i_ptm 0.52 cmap_loss_binder 0.97
123 models [1] recycles 0 hard 0 soft 1 temp 0.60 loss 0.99 plddt 0.82 ptm 0.57 i_ptm 0.31 cmap_loss_binder 0.99
124 models [0] recycles 0 hard 0 soft 1 temp 0.58 loss 0.96 plddt 0.83 ptm 0.64 i_ptm 0.47 cmap_loss_binder 0.96
125 models [0] recycles 0 hard 0 soft 1 temp 0.57 loss 1.01 plddt 0.82 ptm 0.60 i_ptm 0.40 cmap_loss_binder 1.01
126 models [1] recycles 0 hard 0 soft 1 temp 0.55 loss 0.96 plddt 0.83 ptm 0.58 i_ptm 0.32 cmap_loss_binder 0.96
127 models [0] recycles 0 hard 0 soft 1 temp 0.54 loss 1.00 plddt 0.84 ptm 0.60 i_ptm 0.39 cmap_loss_binder 1.00
128 models [1] recycles 0 hard 0 soft 1 temp 0.52 loss 1.00 plddt 0.83 ptm 0.56 i_ptm 0.30 cmap_loss_binder 1.00
129 models [1] recycles 0 hard 0 soft 1 temp 0.51 loss 1.01 plddt 0.83 ptm 0.57 i_ptm 0.31 cmap_loss_binder 1.01
130 models [0] recycles 0 hard 0 soft 1 temp 0.50 loss 0.91 plddt 0.83 ptm 0.67 i_ptm 0.52 cmap_loss_binder 0.91
131 models [1] recycles 0 hard 0 soft 1 temp 0.48 loss 0.92 plddt 0.85 ptm 0.69 i_ptm 0.53 cmap_loss_binder 0.92
132 models [0] recycles 0 hard 0 soft 1 temp 0.47 loss 0.90 plddt 0.81 ptm 0.68 i_ptm 0.56 cmap_loss_binder 0.90
133 models [0] recycles 0 hard 0 soft 1 temp 0.45 loss 1.04 plddt 0.81 ptm 0.56 i_ptm 0.31 cmap_loss_binder 1.04
134 models [0] recycles 0 hard 0 soft 1 temp 0.44 loss 0.90 plddt 0.81 ptm 0.66 i_ptm 0.50 cmap_loss_binder 0.90
135 models [1] recycles 0 hard 0 soft 1 temp 0.43 loss 0.96 plddt 0.84 ptm 0.58 i_ptm 0.32 cmap_loss_binder 0.96
136 models [1] recycles 0 hard 0 soft 1 temp 0.42 loss 0.98 plddt 0.85 ptm 0.59 i_ptm 0.35 cmap_loss_binder 0.98
137 models [0] recycles 0 hard 0 soft 1 temp 0.40 loss 0.95 plddt 0.83 ptm 0.65 i_ptm 0.49 cmap_loss_binder 0.95
138 models [1] recycles 0 hard 0 soft 1 temp 0.39 loss 1.01 plddt 0.85 ptm 0.63 i_ptm 0.43 cmap_loss_binder 1.01
139 models [1] recycles 0 hard 0 soft 1 temp 0.38 loss 1.07 plddt 0.83 ptm 0.55 i_ptm 0.27 cmap_loss_binder 1.07
140 models [1] recycles 0 hard 0 soft 1 temp 0.37 loss 0.96 plddt 0.83 ptm 0.60 i_ptm 0.36 cmap_loss_binder 0.96
141 models [0] recycles 0 hard 0 soft 1 temp 0.35 loss 0.98 plddt 0.81 ptm 0.68 i_ptm 0.54 cmap_loss_binder 0.98
142 models [1] recycles 0 hard 0 soft 1 temp 0.34 loss 1.07 plddt 0.83 ptm 0.56 i_ptm 0.29 cmap_loss_binder 1.07
143 models [0] recycles 0 hard 0 soft 1 temp 0.33 loss 0.89 plddt 0.81 ptm 0.68 i_ptm 0.54 cmap_loss_binder 0.89
144 models [0] recycles 0 hard 0 soft 1 temp 0.32 loss 0.92 plddt 0.79 ptm 0.66 i_ptm 0.50 cmap_loss_binder 0.92
145 models [0] recycles 0 hard 0 soft 1 temp 0.31 loss 0.93 plddt 0.79 ptm 0.63 i_ptm 0.44 cmap_loss_binder 0.93
146 models [1] recycles 0 hard 0 soft 1 temp 0.30 loss 0.96 plddt 0.85 ptm 0.57 i_ptm 0.32 cmap_loss_binder 0.96
147 models [1] recycles 0 hard 0 soft 1 temp 0.29 loss 0.94 plddt 0.83 ptm 0.59 i_ptm 0.35 cmap_loss_binder 0.94
148 models [1] recycles 0 hard 0 soft 1 temp 0.28 loss 0.91 plddt 0.85 ptm 0.62 i_ptm 0.41 cmap_loss_binder 0.91
149 models [0] recycles 0 hard 0 soft 1 temp 0.27 loss 0.96 plddt 0.80 ptm 0.63 i_ptm 0.44 cmap_loss_binder 0.96
150 models [0] recycles 0 hard 0 soft 1 temp 0.26 loss 0.89 plddt 0.80 ptm 0.64 i_ptm 0.47 cmap_loss_binder 0.89
151 models [0] recycles 0 hard 0 soft 1 temp 0.25 loss 0.90 plddt 0.81 ptm 0.67 i_ptm 0.52 cmap_loss_binder 0.90
152 models [1] recycles 0 hard 0 soft 1 temp 0.24 loss 1.05 plddt 0.84 ptm 0.56 i_ptm 0.30 cmap_loss_binder 1.05
153 models [0] recycles 0 hard 0 soft 1 temp 0.23 loss 0.94 plddt 0.79 ptm 0.67 i_ptm 0.53 cmap_loss_binder 0.94
154 models [1] recycles 0 hard 0 soft 1 temp 0.22 loss 0.98 plddt 0.84 ptm 0.59 i_ptm 0.36 cmap_loss_binder 0.98
155 models [1] recycles 0 hard 0 soft 1 temp 0.21 loss 0.93 plddt 0.85 ptm 0.60 i_ptm 0.37 cmap_loss_binder 0.93
156 models [0] recycles 0 hard 0 soft 1 temp 0.20 loss 0.91 plddt 0.82 ptm 0.67 i_ptm 0.52 cmap_loss_binder 0.91
157 models [0] recycles 0 hard 0 soft 1 temp 0.19 loss 0.91 plddt 0.80 ptm 0.68 i_ptm 0.53 cmap_loss_binder 0.91
158 models [0] recycles 0 hard 0 soft 1 temp 0.18 loss 0.94 plddt 0.81 ptm 0.62 i_ptm 0.44 cmap_loss_binder 0.94
159 models [0] recycles 0 hard 0 soft 1 temp 0.18 loss 0.95 plddt 0.78 ptm 0.63 i_ptm 0.45 cmap_loss_binder 0.95
160 models [0] recycles 0 hard 0 soft 1 temp 0.17 loss 0.93 plddt 0.81 ptm 0.64 i_ptm 0.46 cmap_loss_binder 0.93
161 models [0] recycles 0 hard 0 soft 1 temp 0.16 loss 0.89 plddt 0.81 ptm 0.65 i_ptm 0.48 cmap_loss_binder 0.89
162 models [1] recycles 0 hard 0 soft 1 temp 0.15 loss 1.11 plddt 0.80 ptm 0.59 i_ptm 0.35 cmap_loss_binder 1.11
163 models [1] recycles 0 hard 0 soft 1 temp 0.15 loss 1.19 plddt 0.84 ptm 0.54 i_ptm 0.24 cmap_loss_binder 1.19
164 models [1] recycles 0 hard 0 soft 1 temp 0.14 loss 1.14 plddt 0.81 ptm 0.53 i_ptm 0.23 cmap_loss_binder 1.14
165 models [1] recycles 0 hard 0 soft 1 temp 0.13 loss 1.04 plddt 0.80 ptm 0.59 i_ptm 0.34 cmap_loss_binder 1.04
166 models [1] recycles 0 hard 0 soft 1 temp 0.12 loss 1.21 plddt 0.82 ptm 0.49 i_ptm 0.17 cmap_loss_binder 1.21
167 models [1] recycles 0 hard 0 soft 1 temp 0.12 loss 1.01 plddt 0.81 ptm 0.59 i_ptm 0.34 cmap_loss_binder 1.01
168 models [1] recycles 0 hard 0 soft 1 temp 0.11 loss 1.15 plddt 0.80 ptm 0.54 i_ptm 0.24 cmap_loss_binder 1.15
169 models [0] recycles 0 hard 0 soft 1 temp 0.11 loss 0.91 plddt 0.80 ptm 0.68 i_ptm 0.54 cmap_loss_binder 0.91
170 models [1] recycles 0 hard 0 soft 1 temp 0.10 loss 1.14 plddt 0.82 ptm 0.53 i_ptm 0.23 cmap_loss_binder 1.14
171 models [0] recycles 0 hard 0 soft 1 temp 0.09 loss 1.07 plddt 0.74 ptm 0.57 i_ptm 0.33 cmap_loss_binder 1.07
172 models [0] recycles 0 hard 0 soft 1 temp 0.09 loss 0.95 plddt 0.80 ptm 0.61 i_ptm 0.41 cmap_loss_binder 0.95
173 models [1] recycles 0 hard 0 soft 1 temp 0.08 loss 0.97 plddt 0.82 ptm 0.63 i_ptm 0.41 cmap_loss_binder 0.97
174 models [0] recycles 0 hard 0 soft 1 temp 0.08 loss 0.94 plddt 0.77 ptm 0.65 i_ptm 0.48 cmap_loss_binder 0.94
175 models [0] recycles 0 hard 0 soft 1 temp 0.07 loss 0.92 plddt 0.80 ptm 0.65 i_ptm 0.49 cmap_loss_binder 0.92
176 models [0] recycles 0 hard 0 soft 1 temp 0.07 loss 0.96 plddt 0.78 ptm 0.64 i_ptm 0.47 cmap_loss_binder 0.96
177 models [0] recycles 0 hard 0 soft 1 temp 0.06 loss 0.91 plddt 0.80 ptm 0.62 i_ptm 0.43 cmap_loss_binder 0.91
178 models [1] recycles 0 hard 0 soft 1 temp 0.06 loss 1.17 plddt 0.83 ptm 0.52 i_ptm 0.21 cmap_loss_binder 1.17
179 models [0] recycles 0 hard 0 soft 1 temp 0.05 loss 0.97 plddt 0.78 ptm 0.61 i_ptm 0.42 cmap_loss_binder 0.97
180 models [0] recycles 0 hard 0 soft 1 temp 0.05 loss 0.91 plddt 0.82 ptm 0.65 i_ptm 0.48 cmap_loss_binder 0.91
181 models [1] recycles 0 hard 0 soft 1 temp 0.05 loss 1.07 plddt 0.82 ptm 0.58 i_ptm 0.32 cmap_loss_binder 1.07
182 models [1] recycles 0 hard 0 soft 1 temp 0.04 loss 0.99 plddt 0.82 ptm 0.61 i_ptm 0.38 cmap_loss_binder 0.99
183 models [1] recycles 0 hard 0 soft 1 temp 0.04 loss 1.16 plddt 0.81 ptm 0.51 i_ptm 0.21 cmap_loss_binder 1.16
184 models [0] recycles 0 hard 0 soft 1 temp 0.04 loss 1.08 plddt 0.73 ptm 0.60 i_ptm 0.38 cmap_loss_binder 1.08
185 models [0] recycles 0 hard 0 soft 1 temp 0.03 loss 0.95 plddt 0.79 ptm 0.64 i_ptm 0.48 cmap_loss_binder 0.95
186 models [1] recycles 0 hard 0 soft 1 temp 0.03 loss 1.18 plddt 0.84 ptm 0.52 i_ptm 0.22 cmap_loss_binder 1.18
187 models [0] recycles 0 hard 0 soft 1 temp 0.03 loss 0.97 plddt 0.77 ptm 0.63 i_ptm 0.45 cmap_loss_binder 0.97
188 models [0] recycles 0 hard 0 soft 1 temp 0.02 loss 0.99 plddt 0.79 ptm 0.58 i_ptm 0.36 cmap_loss_binder 0.99
189 models [1] recycles 0 hard 0 soft 1 temp 0.02 loss 1.16 plddt 0.84 ptm 0.54 i_ptm 0.24 cmap_loss_binder 1.16
190 models [1] recycles 0 hard 0 soft 1 temp 0.02 loss 1.12 plddt 0.84 ptm 0.53 i_ptm 0.23 cmap_loss_binder 1.12
191 models [0] recycles 0 hard 0 soft 1 temp 0.02 loss 0.98 plddt 0.78 ptm 0.61 i_ptm 0.41 cmap_loss_binder 0.98
192 models [0] recycles 0 hard 0 soft 1 temp 0.02 loss 0.95 plddt 0.77 ptm 0.62 i_ptm 0.42 cmap_loss_binder 0.95
193 models [0] recycles 0 hard 0 soft 1 temp 0.01 loss 0.97 plddt 0.79 ptm 0.62 i_ptm 0.43 cmap_loss_binder 0.97
194 models [0] recycles 0 hard 0 soft 1 temp 0.01 loss 0.94 plddt 0.79 ptm 0.64 i_ptm 0.47 cmap_loss_binder 0.94
195 models [0] recycles 0 hard 0 soft 1 temp 0.01 loss 0.94 plddt 0.79 ptm 0.63 i_ptm 0.44 cmap_loss_binder 0.94
196 models [0] recycles 0 hard 0 soft 1 temp 0.01 loss 0.95 plddt 0.77 ptm 0.60 i_ptm 0.39 cmap_loss_binder 0.95
197 models [1] recycles 0 hard 0 soft 1 temp 0.01 loss 1.03 plddt 0.82 ptm 0.57 i_ptm 0.32 cmap_loss_binder 1.03
198 models [0] recycles 0 hard 0 soft 1 temp 0.01 loss 0.98 plddt 0.78 ptm 0.60 i_ptm 0.39 cmap_loss_binder 0.98
199 models [0] recycles 0 hard 0 soft 1 temp 0.01 loss 0.97 plddt 0.77 ptm 0.65 i_ptm 0.47 cmap_loss_binder 0.97
200 models [0] recycles 0 hard 0 soft 1 temp 0.01 loss 0.95 plddt 0.79 ptm 0.61 i_ptm 0.41 cmap_loss_binder 0.95
Stage 3: running (hard)
201 models [0, 1] recycles 0 hard 1 soft 1 temp 0.01 loss 0.94 plddt 0.83 ptm 0.63 i_ptm 0.43 cmap_loss_binder 0.94
202 models [0, 1] recycles 0 hard 1 soft 1 temp 0.01 loss 0.93 plddt 0.82 ptm 0.63 i_ptm 0.44 cmap_loss_binder 0.93
203 models [0, 1] recycles 0 hard 1 soft 1 temp 0.01 loss 0.97 plddt 0.82 ptm 0.63 i_ptm 0.43 cmap_loss_binder 0.97
204 models [0, 1] recycles 0 hard 1 soft 1 temp 0.01 loss 0.96 plddt 0.82 ptm 0.63 i_ptm 0.43 cmap_loss_binder 0.96
205 models [0, 1] recycles 0 hard 1 soft 1 temp 0.01 loss 0.95 plddt 0.82 ptm 0.63 i_ptm 0.43 cmap_loss_binder 0.95
206 models [0, 1] recycles 0 hard 1 soft 1 temp 0.01 loss 0.94 plddt 0.83 ptm 0.64 i_ptm 0.45 cmap_loss_binder 0.94
207 models [0, 1] recycles 0 hard 1 soft 1 temp 0.01 loss 0.94 plddt 0.82 ptm 0.64 i_ptm 0.44 cmap_loss_binder 0.94
208 models [0, 1] recycles 0 hard 1 soft 1 temp 0.01 loss 0.97 plddt 0.81 ptm 0.63 i_ptm 0.43 cmap_loss_binder 0.97
209 models [0, 1] recycles 0 hard 1 soft 1 temp 0.01 loss 1.00 plddt 0.81 ptm 0.64 i_ptm 0.44 cmap_loss_binder 1.00
210 models [0, 1] recycles 0 hard 1 soft 1 temp 0.01 loss 0.98 plddt 0.80 ptm 0.64 i_ptm 0.44 cmap_loss_binder 0.98
211 models [0, 1] recycles 0 hard 1 soft 1 temp 0.01 loss 0.98 plddt 0.81 ptm 0.64 i_ptm 0.43 cmap_loss_binder 0.98
212 models [0, 1] recycles 0 hard 1 soft 1 temp 0.01 loss 0.99 plddt 0.81 ptm 0.65 i_ptm 0.46 cmap_loss_binder 0.99
213 models [0, 1] recycles 0 hard 1 soft 1 temp 0.01 loss 0.97 plddt 0.81 ptm 0.63 i_ptm 0.43 cmap_loss_binder 0.97
214 models [0, 1] recycles 0 hard 1 soft 1 temp 0.01 loss 0.95 plddt 0.82 ptm 0.64 i_ptm 0.45 cmap_loss_binder 0.95
215 models [0, 1] recycles 0 hard 1 soft 1 temp 0.01 loss 0.96 plddt 0.82 ptm 0.63 i_ptm 0.43 cmap_loss_binder 0.96
216 models [0, 1] recycles 0 hard 1 soft 1 temp 0.01 loss 0.94 plddt 0.81 ptm 0.64 i_ptm 0.45 cmap_loss_binder 0.94
217 models [0, 1] recycles 0 hard 1 soft 1 temp 0.01 loss 0.95 plddt 0.82 ptm 0.65 i_ptm 0.46 cmap_loss_binder 0.95
218 models [0, 1] recycles 0 hard 1 soft 1 temp 0.01 loss 0.95 plddt 0.83 ptm 0.64 i_ptm 0.45 cmap_loss_binder 0.95
219 models [0, 1] recycles 0 hard 1 soft 1 temp 0.01 loss 0.94 plddt 0.82 ptm 0.63 i_ptm 0.44 cmap_loss_binder 0.94
220 models [0, 1] recycles 0 hard 1 soft 1 temp 0.01 loss 0.95 plddt 0.81 ptm 0.64 i_ptm 0.44 cmap_loss_binder 0.95
Predicting sequences with AF2_ptm...
predict: traj_1_0 plddt: 0.876, i_pae: 0.300, i_ptm: 0.534, cmap_loss: 1.156
predict: traj_1_1 plddt: 0.838, i_pae: 0.317, i_ptm: 0.543, cmap_loss: 1.223
