CMAP of binder (monomer plddt: 0.908)
Stage 1: running (logits → soft)
1 models [0] recycles 0 hard 0 soft 0.01 temp 1 loss 3.77 plddt 0.58 ptm 0.53 i_ptm 0.09 cmap_loss_binder 3.77
2 models [0] recycles 0 hard 0 soft 0.02 temp 1 loss 3.84 plddt 0.92 ptm 0.51 i_ptm 0.07 cmap_loss_binder 3.84
3 models [1] recycles 0 hard 0 soft 0.03 temp 1 loss 3.77 plddt 0.75 ptm 0.53 i_ptm 0.06 cmap_loss_binder 3.77
4 models [1] recycles 0 hard 0 soft 0.04 temp 1 loss 3.73 plddt 0.57 ptm 0.53 i_ptm 0.07 cmap_loss_binder 3.73
5 models [0] recycles 0 hard 0 soft 0.05 temp 1 loss 3.81 plddt 0.75 ptm 0.53 i_ptm 0.07 cmap_loss_binder 3.81
6 models [1] recycles 0 hard 0 soft 0.06 temp 1 loss 3.72 plddt 0.65 ptm 0.53 i_ptm 0.07 cmap_loss_binder 3.72
7 models [0] recycles 0 hard 0 soft 0.07 temp 1 loss 3.73 plddt 0.67 ptm 0.53 i_ptm 0.08 cmap_loss_binder 3.73
8 models [1] recycles 0 hard 0 soft 0.08 temp 1 loss 3.76 plddt 0.54 ptm 0.53 i_ptm 0.06 cmap_loss_binder 3.76
9 models [1] recycles 0 hard 0 soft 0.09 temp 1 loss 3.73 plddt 0.66 ptm 0.53 i_ptm 0.07 cmap_loss_binder 3.73
10 models [0] recycles 0 hard 0 soft 0.10 temp 1 loss 3.68 plddt 0.62 ptm 0.53 i_ptm 0.09 cmap_loss_binder 3.68
11 models [0] recycles 0 hard 0 soft 0.11 temp 1 loss 3.68 plddt 0.67 ptm 0.53 i_ptm 0.08 cmap_loss_binder 3.68
12 models [1] recycles 0 hard 0 soft 0.12 temp 1 loss 3.64 plddt 0.59 ptm 0.53 i_ptm 0.07 cmap_loss_binder 3.64
13 models [0] recycles 0 hard 0 soft 0.13 temp 1 loss 3.63 plddt 0.63 ptm 0.54 i_ptm 0.11 cmap_loss_binder 3.63
14 models [0] recycles 0 hard 0 soft 0.14 temp 1 loss 3.62 plddt 0.52 ptm 0.54 i_ptm 0.12 cmap_loss_binder 3.62
15 models [0] recycles 0 hard 0 soft 0.15 temp 1 loss 3.61 plddt 0.62 ptm 0.54 i_ptm 0.10 cmap_loss_binder 3.61
16 models [0] recycles 0 hard 0 soft 0.16 temp 1 loss 3.61 plddt 0.64 ptm 0.54 i_ptm 0.10 cmap_loss_binder 3.61
17 models [0] recycles 0 hard 0 soft 0.17 temp 1 loss 3.56 plddt 0.51 ptm 0.54 i_ptm 0.11 cmap_loss_binder 3.56
18 models [1] recycles 0 hard 0 soft 0.18 temp 1 loss 3.59 plddt 0.57 ptm 0.53 i_ptm 0.07 cmap_loss_binder 3.59
19 models [1] recycles 0 hard 0 soft 0.19 temp 1 loss 3.56 plddt 0.45 ptm 0.53 i_ptm 0.07 cmap_loss_binder 3.56
20 models [0] recycles 0 hard 0 soft 0.20 temp 1 loss 3.45 plddt 0.55 ptm 0.54 i_ptm 0.11 cmap_loss_binder 3.45
21 models [0] recycles 0 hard 0 soft 0.21 temp 1 loss 3.33 plddt 0.45 ptm 0.55 i_ptm 0.11 cmap_loss_binder 3.33
22 models [1] recycles 0 hard 0 soft 0.22 temp 1 loss 3.40 plddt 0.45 ptm 0.53 i_ptm 0.07 cmap_loss_binder 3.40
23 models [0] recycles 0 hard 0 soft 0.23 temp 1 loss 3.11 plddt 0.40 ptm 0.55 i_ptm 0.12 cmap_loss_binder 3.11
24 models [1] recycles 0 hard 0 soft 0.24 temp 1 loss 2.88 plddt 0.52 ptm 0.52 i_ptm 0.06 cmap_loss_binder 2.88
25 models [1] recycles 0 hard 0 soft 0.25 temp 1 loss 2.73 plddt 0.58 ptm 0.53 i_ptm 0.06 cmap_loss_binder 2.73
26 models [0] recycles 0 hard 0 soft 0.26 temp 1 loss 2.59 plddt 0.57 ptm 0.54 i_ptm 0.11 cmap_loss_binder 2.59
27 models [0] recycles 0 hard 0 soft 0.27 temp 1 loss 2.67 plddt 0.68 ptm 0.53 i_ptm 0.10 cmap_loss_binder 2.67
28 models [0] recycles 0 hard 0 soft 0.28 temp 1 loss 2.51 plddt 0.67 ptm 0.53 i_ptm 0.08 cmap_loss_binder 2.51
29 models [1] recycles 0 hard 0 soft 0.29 temp 1 loss 2.48 plddt 0.70 ptm 0.52 i_ptm 0.05 cmap_loss_binder 2.48
30 models [1] recycles 0 hard 0 soft 0.30 temp 1 loss 2.41 plddt 0.72 ptm 0.52 i_ptm 0.05 cmap_loss_binder 2.41
31 models [1] recycles 0 hard 0 soft 0.31 temp 1 loss 2.34 plddt 0.74 ptm 0.52 i_ptm 0.06 cmap_loss_binder 2.34
32 models [1] recycles 0 hard 0 soft 0.32 temp 1 loss 2.36 plddt 0.71 ptm 0.52 i_ptm 0.06 cmap_loss_binder 2.36
33 models [0] recycles 0 hard 0 soft 0.33 temp 1 loss 2.32 plddt 0.75 ptm 0.53 i_ptm 0.08 cmap_loss_binder 2.32
34 models [1] recycles 0 hard 0 soft 0.34 temp 1 loss 2.29 plddt 0.81 ptm 0.52 i_ptm 0.06 cmap_loss_binder 2.29
35 models [0] recycles 0 hard 0 soft 0.35 temp 1 loss 2.29 plddt 0.81 ptm 0.52 i_ptm 0.08 cmap_loss_binder 2.29
36 models [1] recycles 0 hard 0 soft 0.36 temp 1 loss 2.31 plddt 0.83 ptm 0.52 i_ptm 0.05 cmap_loss_binder 2.31
37 models [1] recycles 0 hard 0 soft 0.37 temp 1 loss 2.75 plddt 0.62 ptm 0.53 i_ptm 0.06 cmap_loss_binder 2.75
38 models [0] recycles 0 hard 0 soft 0.38 temp 1 loss 2.28 plddt 0.77 ptm 0.52 i_ptm 0.08 cmap_loss_binder 2.28
39 models [1] recycles 0 hard 0 soft 0.39 temp 1 loss 2.26 plddt 0.85 ptm 0.52 i_ptm 0.05 cmap_loss_binder 2.26
40 models [1] recycles 0 hard 0 soft 0.40 temp 1 loss 2.24 plddt 0.85 ptm 0.53 i_ptm 0.06 cmap_loss_binder 2.24
41 models [0] recycles 0 hard 0 soft 0.41 temp 1 loss 2.23 plddt 0.82 ptm 0.53 i_ptm 0.09 cmap_loss_binder 2.23
42 models [1] recycles 0 hard 0 soft 0.42 temp 1 loss 2.23 plddt 0.88 ptm 0.52 i_ptm 0.07 cmap_loss_binder 2.23
43 models [0] recycles 0 hard 0 soft 0.43 temp 1 loss 2.22 plddt 0.83 ptm 0.52 i_ptm 0.09 cmap_loss_binder 2.22
44 models [1] recycles 0 hard 0 soft 0.44 temp 1 loss 2.21 plddt 0.87 ptm 0.52 i_ptm 0.06 cmap_loss_binder 2.21
45 models [0] recycles 0 hard 0 soft 0.45 temp 1 loss 2.20 plddt 0.80 ptm 0.53 i_ptm 0.10 cmap_loss_binder 2.20
46 models [0] recycles 0 hard 0 soft 0.46 temp 1 loss 2.19 plddt 0.89 ptm 0.53 i_ptm 0.10 cmap_loss_binder 2.19
47 models [0] recycles 0 hard 0 soft 0.47 temp 1 loss 2.19 plddt 0.83 ptm 0.53 i_ptm 0.09 cmap_loss_binder 2.19
48 models [0] recycles 0 hard 0 soft 0.48 temp 1 loss 2.19 plddt 0.85 ptm 0.53 i_ptm 0.09 cmap_loss_binder 2.19
49 models [1] recycles 0 hard 0 soft 0.49 temp 1 loss 2.19 plddt 0.88 ptm 0.53 i_ptm 0.07 cmap_loss_binder 2.19
50 models [1] recycles 0 hard 0 soft 0.50 temp 1 loss 2.16 plddt 0.88 ptm 0.53 i_ptm 0.06 cmap_loss_binder 2.16
51 models [0] recycles 0 hard 0 soft 0.51 temp 1 loss 2.18 plddt 0.80 ptm 0.53 i_ptm 0.09 cmap_loss_binder 2.18
52 models [1] recycles 0 hard 0 soft 0.52 temp 1 loss 2.17 plddt 0.89 ptm 0.53 i_ptm 0.07 cmap_loss_binder 2.17
53 models [0] recycles 0 hard 0 soft 0.53 temp 1 loss 2.16 plddt 0.84 ptm 0.54 i_ptm 0.10 cmap_loss_binder 2.16
54 models [0] recycles 0 hard 0 soft 0.54 temp 1 loss 2.13 plddt 0.85 ptm 0.54 i_ptm 0.11 cmap_loss_binder 2.13
55 models [0] recycles 0 hard 0 soft 0.55 temp 1 loss 2.12 plddt 0.86 ptm 0.54 i_ptm 0.12 cmap_loss_binder 2.12
56 models [1] recycles 0 hard 0 soft 0.56 temp 1 loss 2.15 plddt 0.82 ptm 0.53 i_ptm 0.08 cmap_loss_binder 2.15
57 models [0] recycles 0 hard 0 soft 0.57 temp 1 loss 2.14 plddt 0.86 ptm 0.54 i_ptm 0.12 cmap_loss_binder 2.14
58 models [0] recycles 0 hard 0 soft 0.58 temp 1 loss 2.12 plddt 0.89 ptm 0.55 i_ptm 0.13 cmap_loss_binder 2.12
59 models [0] recycles 0 hard 0 soft 0.59 temp 1 loss 2.13 plddt 0.77 ptm 0.55 i_ptm 0.14 cmap_loss_binder 2.13
60 models [0] recycles 0 hard 0 soft 0.60 temp 1 loss 2.09 plddt 0.88 ptm 0.55 i_ptm 0.13 cmap_loss_binder 2.09
61 models [1] recycles 0 hard 0 soft 0.61 temp 1 loss 2.15 plddt 0.86 ptm 0.54 i_ptm 0.09 cmap_loss_binder 2.15
62 models [1] recycles 0 hard 0 soft 0.62 temp 1 loss 2.10 plddt 0.88 ptm 0.54 i_ptm 0.10 cmap_loss_binder 2.10
63 models [0] recycles 0 hard 0 soft 0.63 temp 1 loss 2.08 plddt 0.81 ptm 0.56 i_ptm 0.15 cmap_loss_binder 2.08
64 models [0] recycles 0 hard 0 soft 0.64 temp 1 loss 2.07 plddt 0.87 ptm 0.55 i_ptm 0.14 cmap_loss_binder 2.07
65 models [1] recycles 0 hard 0 soft 0.65 temp 1 loss 2.09 plddt 0.86 ptm 0.54 i_ptm 0.10 cmap_loss_binder 2.09
66 models [0] recycles 0 hard 0 soft 0.66 temp 1 loss 2.05 plddt 0.85 ptm 0.54 i_ptm 0.13 cmap_loss_binder 2.05
67 models [1] recycles 0 hard 0 soft 0.67 temp 1 loss 2.08 plddt 0.88 ptm 0.54 i_ptm 0.10 cmap_loss_binder 2.08
68 models [1] recycles 0 hard 0 soft 0.68 temp 1 loss 2.07 plddt 0.84 ptm 0.54 i_ptm 0.10 cmap_loss_binder 2.07
69 models [1] recycles 0 hard 0 soft 0.69 temp 1 loss 2.07 plddt 0.82 ptm 0.55 i_ptm 0.12 cmap_loss_binder 2.07
70 models [0] recycles 0 hard 0 soft 0.70 temp 1 loss 2.05 plddt 0.86 ptm 0.55 i_ptm 0.13 cmap_loss_binder 2.05
71 models [0] recycles 0 hard 0 soft 0.71 temp 1 loss 2.03 plddt 0.84 ptm 0.55 i_ptm 0.14 cmap_loss_binder 2.03
72 models [0] recycles 0 hard 0 soft 0.72 temp 1 loss 2.00 plddt 0.83 ptm 0.58 i_ptm 0.20 cmap_loss_binder 2.00
73 models [1] recycles 0 hard 0 soft 0.73 temp 1 loss 2.06 plddt 0.83 ptm 0.57 i_ptm 0.16 cmap_loss_binder 2.06
74 models [1] recycles 0 hard 0 soft 0.74 temp 1 loss 2.02 plddt 0.85 ptm 0.56 i_ptm 0.16 cmap_loss_binder 2.02
75 models [0] recycles 0 hard 0 soft 0.75 temp 1 loss 1.96 plddt 0.75 ptm 0.61 i_ptm 0.25 cmap_loss_binder 1.96
76 models [1] recycles 0 hard 0 soft 0.76 temp 1 loss 2.04 plddt 0.84 ptm 0.59 i_ptm 0.20 cmap_loss_binder 2.04
77 models [1] recycles 0 hard 0 soft 0.77 temp 1 loss 1.96 plddt 0.84 ptm 0.59 i_ptm 0.21 cmap_loss_binder 1.96
78 models [1] recycles 0 hard 0 soft 0.78 temp 1 loss 1.90 plddt 0.79 ptm 0.66 i_ptm 0.37 cmap_loss_binder 1.90
79 models [0] recycles 0 hard 0 soft 0.79 temp 1 loss 1.93 plddt 0.74 ptm 0.64 i_ptm 0.34 cmap_loss_binder 1.93
80 models [0] recycles 0 hard 0 soft 0.80 temp 1 loss 1.85 plddt 0.76 ptm 0.67 i_ptm 0.40 cmap_loss_binder 1.85
81 models [0] recycles 0 hard 0 soft 0.81 temp 1 loss 1.87 plddt 0.77 ptm 0.69 i_ptm 0.44 cmap_loss_binder 1.87
82 models [1] recycles 0 hard 0 soft 0.82 temp 1 loss 2.05 plddt 0.78 ptm 0.59 i_ptm 0.21 cmap_loss_binder 2.05
83 models [1] recycles 0 hard 0 soft 0.83 temp 1 loss 1.93 plddt 0.75 ptm 0.65 i_ptm 0.34 cmap_loss_binder 1.93
84 models [0] recycles 0 hard 0 soft 0.84 temp 1 loss 1.85 plddt 0.73 ptm 0.68 i_ptm 0.42 cmap_loss_binder 1.85
85 models [0] recycles 0 hard 0 soft 0.85 temp 1 loss 1.92 plddt 0.78 ptm 0.63 i_ptm 0.31 cmap_loss_binder 1.92
86 models [0] recycles 0 hard 0 soft 0.86 temp 1 loss 1.79 plddt 0.75 ptm 0.68 i_ptm 0.44 cmap_loss_binder 1.79
87 models [1] recycles 0 hard 0 soft 0.87 temp 1 loss 1.85 plddt 0.77 ptm 0.69 i_ptm 0.43 cmap_loss_binder 1.85
88 models [1] recycles 0 hard 0 soft 0.88 temp 1 loss 1.87 plddt 0.77 ptm 0.70 i_ptm 0.44 cmap_loss_binder 1.87
89 models [1] recycles 0 hard 0 soft 0.89 temp 1 loss 1.95 plddt 0.82 ptm 0.60 i_ptm 0.24 cmap_loss_binder 1.95
90 models [0] recycles 0 hard 0 soft 0.90 temp 1 loss 1.83 plddt 0.77 ptm 0.68 i_ptm 0.44 cmap_loss_binder 1.83
91 models [0] recycles 0 hard 0 soft 0.91 temp 1 loss 1.80 plddt 0.74 ptm 0.72 i_ptm 0.50 cmap_loss_binder 1.80
92 models [1] recycles 0 hard 0 soft 0.92 temp 1 loss 1.78 plddt 0.79 ptm 0.77 i_ptm 0.63 cmap_loss_binder 1.78
93 models [1] recycles 0 hard 0 soft 0.93 temp 1 loss 1.76 plddt 0.73 ptm 0.76 i_ptm 0.60 cmap_loss_binder 1.76
94 models [0] recycles 0 hard 0 soft 0.94 temp 1 loss 1.80 plddt 0.75 ptm 0.69 i_ptm 0.45 cmap_loss_binder 1.80
95 models [1] recycles 0 hard 0 soft 0.95 temp 1 loss 1.81 plddt 0.74 ptm 0.68 i_ptm 0.41 cmap_loss_binder 1.81
96 models [0] recycles 0 hard 0 soft 0.96 temp 1 loss 1.76 plddt 0.73 ptm 0.72 i_ptm 0.52 cmap_loss_binder 1.76
97 models [1] recycles 0 hard 0 soft 0.97 temp 1 loss 1.89 plddt 0.80 ptm 0.69 i_ptm 0.42 cmap_loss_binder 1.89
98 models [1] recycles 0 hard 0 soft 0.98 temp 1 loss 1.89 plddt 0.78 ptm 0.64 i_ptm 0.32 cmap_loss_binder 1.89
99 models [1] recycles 0 hard 0 soft 0.99 temp 1 loss 1.83 plddt 0.72 ptm 0.68 i_ptm 0.41 cmap_loss_binder 1.83
100 models [0] recycles 0 hard 0 soft 1 temp 1 loss 1.88 plddt 0.64 ptm 0.68 i_ptm 0.42 cmap_loss_binder 1.88
Stage 2: running (soft → hard)
101 models [0] recycles 0 hard 0 soft 1 temp 0.98 loss 2.07 plddt 0.78 ptm 0.62 i_ptm 0.30 cmap_loss_binder 2.07
102 models [0] recycles 0 hard 0 soft 1 temp 0.96 loss 1.90 plddt 0.77 ptm 0.65 i_ptm 0.36 cmap_loss_binder 1.90
103 models [0] recycles 0 hard 0 soft 1 temp 0.94 loss 1.80 plddt 0.75 ptm 0.70 i_ptm 0.48 cmap_loss_binder 1.80
104 models [1] recycles 0 hard 0 soft 1 temp 0.92 loss 1.85 plddt 0.81 ptm 0.69 i_ptm 0.42 cmap_loss_binder 1.85
105 models [0] recycles 0 hard 0 soft 1 temp 0.90 loss 1.82 plddt 0.75 ptm 0.68 i_ptm 0.43 cmap_loss_binder 1.82
106 models [1] recycles 0 hard 0 soft 1 temp 0.88 loss 2.02 plddt 0.86 ptm 0.59 i_ptm 0.21 cmap_loss_binder 2.02
107 models [0] recycles 0 hard 0 soft 1 temp 0.87 loss 1.79 plddt 0.78 ptm 0.77 i_ptm 0.64 cmap_loss_binder 1.79
108 models [1] recycles 0 hard 0 soft 1 temp 0.85 loss 1.98 plddt 0.83 ptm 0.61 i_ptm 0.23 cmap_loss_binder 1.98
109 models [0] recycles 0 hard 0 soft 1 temp 0.83 loss 1.83 plddt 0.76 ptm 0.70 i_ptm 0.44 cmap_loss_binder 1.83
110 models [0] recycles 0 hard 0 soft 1 temp 0.81 loss 1.78 plddt 0.68 ptm 0.70 i_ptm 0.48 cmap_loss_binder 1.78
111 models [1] recycles 0 hard 0 soft 1 temp 0.79 loss 1.78 plddt 0.71 ptm 0.74 i_ptm 0.55 cmap_loss_binder 1.78
112 models [1] recycles 0 hard 0 soft 1 temp 0.78 loss 1.75 plddt 0.70 ptm 0.76 i_ptm 0.62 cmap_loss_binder 1.75
113 models [1] recycles 0 hard 0 soft 1 temp 0.76 loss 1.80 plddt 0.76 ptm 0.75 i_ptm 0.57 cmap_loss_binder 1.80
114 models [1] recycles 0 hard 0 soft 1 temp 0.74 loss 1.83 plddt 0.72 ptm 0.68 i_ptm 0.40 cmap_loss_binder 1.83
115 models [0] recycles 0 hard 0 soft 1 temp 0.73 loss 1.79 plddt 0.71 ptm 0.71 i_ptm 0.52 cmap_loss_binder 1.79
116 models [0] recycles 0 hard 0 soft 1 temp 0.71 loss 1.82 plddt 0.75 ptm 0.71 i_ptm 0.49 cmap_loss_binder 1.82
117 models [1] recycles 0 hard 0 soft 1 temp 0.69 loss 1.75 plddt 0.80 ptm 0.75 i_ptm 0.55 cmap_loss_binder 1.75
118 models [0] recycles 0 hard 0 soft 1 temp 0.68 loss 1.77 plddt 0.70 ptm 0.73 i_ptm 0.57 cmap_loss_binder 1.77
119 models [0] recycles 0 hard 0 soft 1 temp 0.66 loss 1.75 plddt 0.77 ptm 0.77 i_ptm 0.65 cmap_loss_binder 1.75
120 models [1] recycles 0 hard 0 soft 1 temp 0.64 loss 1.82 plddt 0.76 ptm 0.67 i_ptm 0.38 cmap_loss_binder 1.82
121 models [0] recycles 0 hard 0 soft 1 temp 0.63 loss 1.81 plddt 0.72 ptm 0.67 i_ptm 0.40 cmap_loss_binder 1.81
122 models [0] recycles 0 hard 0 soft 1 temp 0.61 loss 1.74 plddt 0.75 ptm 0.73 i_ptm 0.53 cmap_loss_binder 1.74
123 models [0] recycles 0 hard 0 soft 1 temp 0.60 loss 1.92 plddt 0.72 ptm 0.60 i_ptm 0.25 cmap_loss_binder 1.92
124 models [0] recycles 0 hard 0 soft 1 temp 0.58 loss 1.81 plddt 0.76 ptm 0.69 i_ptm 0.44 cmap_loss_binder 1.81
125 models [0] recycles 0 hard 0 soft 1 temp 0.57 loss 1.71 plddt 0.73 ptm 0.76 i_ptm 0.61 cmap_loss_binder 1.71
126 models [1] recycles 0 hard 0 soft 1 temp 0.55 loss 1.79 plddt 0.79 ptm 0.69 i_ptm 0.46 cmap_loss_binder 1.79
127 models [0] recycles 0 hard 0 soft 1 temp 0.54 loss 1.77 plddt 0.73 ptm 0.70 i_ptm 0.47 cmap_loss_binder 1.77
128 models [1] recycles 0 hard 0 soft 1 temp 0.52 loss 1.97 plddt 0.82 ptm 0.57 i_ptm 0.16 cmap_loss_binder 1.97
129 models [1] recycles 0 hard 0 soft 1 temp 0.51 loss 2.03 plddt 0.84 ptm 0.55 i_ptm 0.12 cmap_loss_binder 2.03
130 models [1] recycles 0 hard 0 soft 1 temp 0.50 loss 1.75 plddt 0.80 ptm 0.78 i_ptm 0.65 cmap_loss_binder 1.75
131 models [1] recycles 0 hard 0 soft 1 temp 0.48 loss 1.77 plddt 0.81 ptm 0.70 i_ptm 0.45 cmap_loss_binder 1.77
132 models [1] recycles 0 hard 0 soft 1 temp 0.47 loss 1.78 plddt 0.76 ptm 0.70 i_ptm 0.49 cmap_loss_binder 1.78
133 models [1] recycles 0 hard 0 soft 1 temp 0.45 loss 1.73 plddt 0.79 ptm 0.73 i_ptm 0.54 cmap_loss_binder 1.73
134 models [1] recycles 0 hard 0 soft 1 temp 0.44 loss 1.78 plddt 0.83 ptm 0.79 i_ptm 0.67 cmap_loss_binder 1.78
135 models [0] recycles 0 hard 0 soft 1 temp 0.43 loss 1.97 plddt 0.77 ptm 0.58 i_ptm 0.19 cmap_loss_binder 1.97
136 models [1] recycles 0 hard 0 soft 1 temp 0.42 loss 1.74 plddt 0.78 ptm 0.77 i_ptm 0.65 cmap_loss_binder 1.74
137 models [1] recycles 0 hard 0 soft 1 temp 0.40 loss 1.73 plddt 0.81 ptm 0.76 i_ptm 0.63 cmap_loss_binder 1.73
138 models [0] recycles 0 hard 0 soft 1 temp 0.39 loss 1.74 plddt 0.75 ptm 0.73 i_ptm 0.55 cmap_loss_binder 1.74
139 models [1] recycles 0 hard 0 soft 1 temp 0.38 loss 1.75 plddt 0.77 ptm 0.71 i_ptm 0.50 cmap_loss_binder 1.75
140 models [0] recycles 0 hard 0 soft 1 temp 0.37 loss 1.75 plddt 0.75 ptm 0.74 i_ptm 0.56 cmap_loss_binder 1.75
141 models [1] recycles 0 hard 0 soft 1 temp 0.35 loss 1.86 plddt 0.82 ptm 0.60 i_ptm 0.22 cmap_loss_binder 1.86
142 models [0] recycles 0 hard 0 soft 1 temp 0.34 loss 2.02 plddt 0.73 ptm 0.57 i_ptm 0.16 cmap_loss_binder 2.02
143 models [0] recycles 0 hard 0 soft 1 temp 0.33 loss 1.78 plddt 0.75 ptm 0.71 i_ptm 0.48 cmap_loss_binder 1.78
144 models [0] recycles 0 hard 0 soft 1 temp 0.32 loss 1.93 plddt 0.75 ptm 0.60 i_ptm 0.25 cmap_loss_binder 1.93
145 models [0] recycles 0 hard 0 soft 1 temp 0.31 loss 1.79 plddt 0.74 ptm 0.67 i_ptm 0.39 cmap_loss_binder 1.79
146 models [1] recycles 0 hard 0 soft 1 temp 0.30 loss 1.84 plddt 0.76 ptm 0.63 i_ptm 0.31 cmap_loss_binder 1.84
147 models [0] recycles 0 hard 0 soft 1 temp 0.29 loss 1.87 plddt 0.74 ptm 0.62 i_ptm 0.29 cmap_loss_binder 1.87
148 models [0] recycles 0 hard 0 soft 1 temp 0.28 loss 1.75 plddt 0.73 ptm 0.69 i_ptm 0.43 cmap_loss_binder 1.75
149 models [1] recycles 0 hard 0 soft 1 temp 0.27 loss 1.94 plddt 0.80 ptm 0.58 i_ptm 0.18 cmap_loss_binder 1.94
150 models [1] recycles 0 hard 0 soft 1 temp 0.26 loss 1.96 plddt 0.82 ptm 0.60 i_ptm 0.21 cmap_loss_binder 1.96
151 models [0] recycles 0 hard 0 soft 1 temp 0.25 loss 1.77 plddt 0.76 ptm 0.72 i_ptm 0.54 cmap_loss_binder 1.77
152 models [0] recycles 0 hard 0 soft 1 temp 0.24 loss 1.79 plddt 0.73 ptm 0.68 i_ptm 0.42 cmap_loss_binder 1.79
153 models [0] recycles 0 hard 0 soft 1 temp 0.23 loss 1.74 plddt 0.73 ptm 0.69 i_ptm 0.45 cmap_loss_binder 1.74
154 models [0] recycles 0 hard 0 soft 1 temp 0.22 loss 1.80 plddt 0.74 ptm 0.66 i_ptm 0.39 cmap_loss_binder 1.80
155 models [1] recycles 0 hard 0 soft 1 temp 0.21 loss 1.84 plddt 0.78 ptm 0.60 i_ptm 0.22 cmap_loss_binder 1.84
156 models [1] recycles 0 hard 0 soft 1 temp 0.20 loss 2.05 plddt 0.82 ptm 0.57 i_ptm 0.15 cmap_loss_binder 2.05
157 models [1] recycles 0 hard 0 soft 1 temp 0.19 loss 1.92 plddt 0.81 ptm 0.60 i_ptm 0.22 cmap_loss_binder 1.92
158 models [0] recycles 0 hard 0 soft 1 temp 0.18 loss 1.73 plddt 0.76 ptm 0.76 i_ptm 0.60 cmap_loss_binder 1.73
159 models [0] recycles 0 hard 0 soft 1 temp 0.18 loss 1.73 plddt 0.74 ptm 0.75 i_ptm 0.58 cmap_loss_binder 1.73
160 models [1] recycles 0 hard 0 soft 1 temp 0.17 loss 1.81 plddt 0.72 ptm 0.65 i_ptm 0.34 cmap_loss_binder 1.81
161 models [1] recycles 0 hard 0 soft 1 temp 0.16 loss 1.97 plddt 0.80 ptm 0.57 i_ptm 0.15 cmap_loss_binder 1.97
162 models [1] recycles 0 hard 0 soft 1 temp 0.15 loss 1.94 plddt 0.80 ptm 0.57 i_ptm 0.16 cmap_loss_binder 1.94
163 models [0] recycles 0 hard 0 soft 1 temp 0.15 loss 1.97 plddt 0.77 ptm 0.58 i_ptm 0.19 cmap_loss_binder 1.97
164 models [0] recycles 0 hard 0 soft 1 temp 0.14 loss 1.87 plddt 0.73 ptm 0.61 i_ptm 0.26 cmap_loss_binder 1.87
165 models [1] recycles 0 hard 0 soft 1 temp 0.13 loss 1.90 plddt 0.80 ptm 0.60 i_ptm 0.22 cmap_loss_binder 1.90
166 models [0] recycles 0 hard 0 soft 1 temp 0.12 loss 1.77 plddt 0.74 ptm 0.70 i_ptm 0.46 cmap_loss_binder 1.77
167 models [0] recycles 0 hard 0 soft 1 temp 0.12 loss 1.86 plddt 0.73 ptm 0.64 i_ptm 0.33 cmap_loss_binder 1.86
168 models [1] recycles 0 hard 0 soft 1 temp 0.11 loss 1.99 plddt 0.81 ptm 0.57 i_ptm 0.15 cmap_loss_binder 1.99
169 models [1] recycles 0 hard 0 soft 1 temp 0.11 loss 1.89 plddt 0.82 ptm 0.59 i_ptm 0.21 cmap_loss_binder 1.89
170 models [0] recycles 0 hard 0 soft 1 temp 0.10 loss 1.77 plddt 0.73 ptm 0.66 i_ptm 0.37 cmap_loss_binder 1.77
171 models [1] recycles 0 hard 0 soft 1 temp 0.09 loss 1.80 plddt 0.78 ptm 0.62 i_ptm 0.28 cmap_loss_binder 1.80
172 models [0] recycles 0 hard 0 soft 1 temp 0.09 loss 1.77 plddt 0.76 ptm 0.74 i_ptm 0.54 cmap_loss_binder 1.77
173 models [1] recycles 0 hard 0 soft 1 temp 0.08 loss 2.02 plddt 0.83 ptm 0.56 i_ptm 0.14 cmap_loss_binder 2.02
174 models [1] recycles 0 hard 0 soft 1 temp 0.08 loss 1.92 plddt 0.79 ptm 0.60 i_ptm 0.23 cmap_loss_binder 1.92
175 models [0] recycles 0 hard 0 soft 1 temp 0.07 loss 1.79 plddt 0.71 ptm 0.67 i_ptm 0.40 cmap_loss_binder 1.79
176 models [1] recycles 0 hard 0 soft 1 temp 0.07 loss 1.88 plddt 0.81 ptm 0.62 i_ptm 0.28 cmap_loss_binder 1.88
177 models [0] recycles 0 hard 0 soft 1 temp 0.06 loss 1.82 plddt 0.74 ptm 0.66 i_ptm 0.36 cmap_loss_binder 1.82
178 models [1] recycles 0 hard 0 soft 1 temp 0.06 loss 2.00 plddt 0.85 ptm 0.56 i_ptm 0.14 cmap_loss_binder 2.00
179 models [1] recycles 0 hard 0 soft 1 temp 0.05 loss 2.02 plddt 0.84 ptm 0.57 i_ptm 0.18 cmap_loss_binder 2.02
180 models [0] recycles 0 hard 0 soft 1 temp 0.05 loss 1.77 plddt 0.72 ptm 0.70 i_ptm 0.47 cmap_loss_binder 1.77
181 models [1] recycles 0 hard 0 soft 1 temp 0.05 loss 2.01 plddt 0.83 ptm 0.55 i_ptm 0.12 cmap_loss_binder 2.01
182 models [1] recycles 0 hard 0 soft 1 temp 0.04 loss 1.85 plddt 0.81 ptm 0.63 i_ptm 0.30 cmap_loss_binder 1.85
183 models [0] recycles 0 hard 0 soft 1 temp 0.04 loss 2.03 plddt 0.79 ptm 0.57 i_ptm 0.17 cmap_loss_binder 2.03
184 models [0] recycles 0 hard 0 soft 1 temp 0.04 loss 2.10 plddt 0.76 ptm 0.57 i_ptm 0.16 cmap_loss_binder 2.10
185 models [0] recycles 0 hard 0 soft 1 temp 0.03 loss 1.79 plddt 0.71 ptm 0.69 i_ptm 0.44 cmap_loss_binder 1.79
186 models [1] recycles 0 hard 0 soft 1 temp 0.03 loss 2.05 plddt 0.82 ptm 0.55 i_ptm 0.12 cmap_loss_binder 2.05
187 models [0] recycles 0 hard 0 soft 1 temp 0.03 loss 1.91 plddt 0.75 ptm 0.62 i_ptm 0.29 cmap_loss_binder 1.91
188 models [1] recycles 0 hard 0 soft 1 temp 0.02 loss 1.83 plddt 0.75 ptm 0.65 i_ptm 0.34 cmap_loss_binder 1.83
189 models [0] recycles 0 hard 0 soft 1 temp 0.02 loss 1.86 plddt 0.71 ptm 0.65 i_ptm 0.35 cmap_loss_binder 1.86
190 models [1] recycles 0 hard 0 soft 1 temp 0.02 loss 2.04 plddt 0.80 ptm 0.55 i_ptm 0.12 cmap_loss_binder 2.04
191 models [1] recycles 0 hard 0 soft 1 temp 0.02 loss 1.94 plddt 0.82 ptm 0.59 i_ptm 0.19 cmap_loss_binder 1.94
192 models [1] recycles 0 hard 0 soft 1 temp 0.02 loss 1.91 plddt 0.81 ptm 0.59 i_ptm 0.20 cmap_loss_binder 1.91
193 models [1] recycles 0 hard 0 soft 1 temp 0.01 loss 1.83 plddt 0.76 ptm 0.64 i_ptm 0.33 cmap_loss_binder 1.83
194 models [0] recycles 0 hard 0 soft 1 temp 0.01 loss 1.77 plddt 0.74 ptm 0.75 i_ptm 0.59 cmap_loss_binder 1.77
195 models [1] recycles 0 hard 0 soft 1 temp 0.01 loss 2.02 plddt 0.79 ptm 0.58 i_ptm 0.19 cmap_loss_binder 2.02
196 models [1] recycles 0 hard 0 soft 1 temp 0.01 loss 1.95 plddt 0.81 ptm 0.59 i_ptm 0.20 cmap_loss_binder 1.95
197 models [1] recycles 0 hard 0 soft 1 temp 0.01 loss 1.88 plddt 0.79 ptm 0.60 i_ptm 0.21 cmap_loss_binder 1.88
198 models [0] recycles 0 hard 0 soft 1 temp 0.01 loss 1.82 plddt 0.73 ptm 0.68 i_ptm 0.40 cmap_loss_binder 1.82
199 models [0] recycles 0 hard 0 soft 1 temp 0.01 loss 1.96 plddt 0.76 ptm 0.57 i_ptm 0.17 cmap_loss_binder 1.96
200 models [1] recycles 0 hard 0 soft 1 temp 0.01 loss 1.92 plddt 0.80 ptm 0.58 i_ptm 0.19 cmap_loss_binder 1.92
Stage 3: running (hard)
201 models [0, 1] recycles 0 hard 1 soft 1 temp 0.01 loss 1.77 plddt 0.75 ptm 0.75 i_ptm 0.59 cmap_loss_binder 1.77
202 models [0, 1] recycles 0 hard 1 soft 1 temp 0.01 loss 1.75 plddt 0.73 ptm 0.75 i_ptm 0.60 cmap_loss_binder 1.75
203 models [0, 1] recycles 0 hard 1 soft 1 temp 0.01 loss 1.75 plddt 0.73 ptm 0.75 i_ptm 0.60 cmap_loss_binder 1.75
204 models [0, 1] recycles 0 hard 1 soft 1 temp 0.01 loss 1.77 plddt 0.75 ptm 0.75 i_ptm 0.59 cmap_loss_binder 1.77
205 models [0, 1] recycles 0 hard 1 soft 1 temp 0.01 loss 1.75 plddt 0.73 ptm 0.75 i_ptm 0.60 cmap_loss_binder 1.75
206 models [0, 1] recycles 0 hard 1 soft 1 temp 0.01 loss 1.77 plddt 0.75 ptm 0.75 i_ptm 0.59 cmap_loss_binder 1.77
207 models [0, 1] recycles 0 hard 1 soft 1 temp 0.01 loss 1.75 plddt 0.73 ptm 0.75 i_ptm 0.60 cmap_loss_binder 1.75
208 models [0, 1] recycles 0 hard 1 soft 1 temp 0.01 loss 1.75 plddt 0.73 ptm 0.75 i_ptm 0.60 cmap_loss_binder 1.75
209 models [0, 1] recycles 0 hard 1 soft 1 temp 0.01 loss 1.77 plddt 0.75 ptm 0.76 i_ptm 0.60 cmap_loss_binder 1.77
210 models [0, 1] recycles 0 hard 1 soft 1 temp 0.01 loss 1.77 plddt 0.75 ptm 0.76 i_ptm 0.60 cmap_loss_binder 1.77
211 models [0, 1] recycles 0 hard 1 soft 1 temp 0.01 loss 1.75 plddt 0.73 ptm 0.76 i_ptm 0.61 cmap_loss_binder 1.75
212 models [0, 1] recycles 0 hard 1 soft 1 temp 0.01 loss 1.77 plddt 0.75 ptm 0.76 i_ptm 0.60 cmap_loss_binder 1.77
213 models [0, 1] recycles 0 hard 1 soft 1 temp 0.01 loss 1.75 plddt 0.73 ptm 0.76 i_ptm 0.61 cmap_loss_binder 1.75
214 models [0, 1] recycles 0 hard 1 soft 1 temp 0.01 loss 1.77 plddt 0.75 ptm 0.76 i_ptm 0.60 cmap_loss_binder 1.77
215 models [0, 1] recycles 0 hard 1 soft 1 temp 0.01 loss 1.75 plddt 0.73 ptm 0.76 i_ptm 0.61 cmap_loss_binder 1.75
216 models [0, 1] recycles 0 hard 1 soft 1 temp 0.01 loss 1.77 plddt 0.75 ptm 0.76 i_ptm 0.60 cmap_loss_binder 1.77
217 models [0, 1] recycles 0 hard 1 soft 1 temp 0.01 loss 1.75 plddt 0.73 ptm 0.76 i_ptm 0.61 cmap_loss_binder 1.75
218 models [0, 1] recycles 0 hard 1 soft 1 temp 0.01 loss 1.75 plddt 0.73 ptm 0.76 i_ptm 0.61 cmap_loss_binder 1.75
219 models [0, 1] recycles 0 hard 1 soft 1 temp 0.01 loss 1.76 plddt 0.75 ptm 0.76 i_ptm 0.60 cmap_loss_binder 1.76
220 models [0, 1] recycles 0 hard 1 soft 1 temp 0.01 loss 1.75 plddt 0.73 ptm 0.76 i_ptm 0.61 cmap_loss_binder 1.75
Predicting sequences with AF2_ptm...
predict: traj_1_0 plddt: 0.648, i_pae: 0.820, i_ptm: 0.134, cmap_loss: 2.588
predict: traj_1_1 plddt: 0.835, i_pae: 0.824, i_ptm: 0.118, cmap_loss: 2.311
