CMAP of binder (monomer plddt: 0.927)
Stage 1: running (logits → soft)
1 models [0] recycles 0 hard 0 soft 0.01 temp 1 loss 3.87 plddt 0.58 ptm 0.50 i_ptm 0.10 cmap_loss_binder 3.87
2 models [0] recycles 0 hard 0 soft 0.02 temp 1 loss 3.85 plddt 0.60 ptm 0.51 i_ptm 0.12 cmap_loss_binder 3.85
3 models [0] recycles 0 hard 0 soft 0.03 temp 1 loss 3.82 plddt 0.56 ptm 0.51 i_ptm 0.11 cmap_loss_binder 3.82
4 models [1] recycles 0 hard 0 soft 0.04 temp 1 loss 3.82 plddt 0.44 ptm 0.50 i_ptm 0.07 cmap_loss_binder 3.82
5 models [0] recycles 0 hard 0 soft 0.05 temp 1 loss 3.83 plddt 0.66 ptm 0.50 i_ptm 0.09 cmap_loss_binder 3.83
6 models [0] recycles 0 hard 0 soft 0.06 temp 1 loss 3.70 plddt 0.58 ptm 0.51 i_ptm 0.10 cmap_loss_binder 3.70
7 models [1] recycles 0 hard 0 soft 0.07 temp 1 loss 3.69 plddt 0.52 ptm 0.50 i_ptm 0.07 cmap_loss_binder 3.69
8 models [1] recycles 0 hard 0 soft 0.08 temp 1 loss 3.84 plddt 0.61 ptm 0.49 i_ptm 0.07 cmap_loss_binder 3.84
9 models [1] recycles 0 hard 0 soft 0.09 temp 1 loss 3.71 plddt 0.59 ptm 0.49 i_ptm 0.07 cmap_loss_binder 3.71
10 models [0] recycles 0 hard 0 soft 0.10 temp 1 loss 3.64 plddt 0.56 ptm 0.51 i_ptm 0.11 cmap_loss_binder 3.64
11 models [1] recycles 0 hard 0 soft 0.11 temp 1 loss 3.57 plddt 0.41 ptm 0.50 i_ptm 0.07 cmap_loss_binder 3.57
12 models [1] recycles 0 hard 0 soft 0.12 temp 1 loss 3.43 plddt 0.41 ptm 0.50 i_ptm 0.07 cmap_loss_binder 3.43
13 models [1] recycles 0 hard 0 soft 0.13 temp 1 loss 3.27 plddt 0.37 ptm 0.50 i_ptm 0.09 cmap_loss_binder 3.27
14 models [1] recycles 0 hard 0 soft 0.14 temp 1 loss 3.17 plddt 0.36 ptm 0.50 i_ptm 0.07 cmap_loss_binder 3.17
15 models [0] recycles 0 hard 0 soft 0.15 temp 1 loss 3.00 plddt 0.37 ptm 0.53 i_ptm 0.14 cmap_loss_binder 3.00
16 models [1] recycles 0 hard 0 soft 0.16 temp 1 loss 2.84 plddt 0.38 ptm 0.49 i_ptm 0.06 cmap_loss_binder 2.84
17 models [1] recycles 0 hard 0 soft 0.17 temp 1 loss 2.77 plddt 0.41 ptm 0.49 i_ptm 0.06 cmap_loss_binder 2.77
18 models [0] recycles 0 hard 0 soft 0.18 temp 1 loss 2.78 plddt 0.41 ptm 0.52 i_ptm 0.12 cmap_loss_binder 2.78
19 models [0] recycles 0 hard 0 soft 0.19 temp 1 loss 2.68 plddt 0.47 ptm 0.51 i_ptm 0.12 cmap_loss_binder 2.68
20 models [0] recycles 0 hard 0 soft 0.20 temp 1 loss 2.67 plddt 0.44 ptm 0.51 i_ptm 0.11 cmap_loss_binder 2.67
21 models [0] recycles 0 hard 0 soft 0.21 temp 1 loss 2.57 plddt 0.47 ptm 0.50 i_ptm 0.10 cmap_loss_binder 2.57
22 models [0] recycles 0 hard 0 soft 0.22 temp 1 loss 2.63 plddt 0.45 ptm 0.50 i_ptm 0.10 cmap_loss_binder 2.63
23 models [1] recycles 0 hard 0 soft 0.23 temp 1 loss 2.63 plddt 0.47 ptm 0.49 i_ptm 0.07 cmap_loss_binder 2.63
24 models [1] recycles 0 hard 0 soft 0.24 temp 1 loss 2.57 plddt 0.49 ptm 0.49 i_ptm 0.06 cmap_loss_binder 2.57
25 models [0] recycles 0 hard 0 soft 0.25 temp 1 loss 2.52 plddt 0.54 ptm 0.51 i_ptm 0.12 cmap_loss_binder 2.52
26 models [0] recycles 0 hard 0 soft 0.26 temp 1 loss 2.48 plddt 0.53 ptm 0.50 i_ptm 0.10 cmap_loss_binder 2.48
27 models [1] recycles 0 hard 0 soft 0.27 temp 1 loss 2.59 plddt 0.46 ptm 0.49 i_ptm 0.07 cmap_loss_binder 2.59
28 models [1] recycles 0 hard 0 soft 0.28 temp 1 loss 2.48 plddt 0.49 ptm 0.50 i_ptm 0.07 cmap_loss_binder 2.48
29 models [0] recycles 0 hard 0 soft 0.29 temp 1 loss 2.43 plddt 0.54 ptm 0.50 i_ptm 0.11 cmap_loss_binder 2.43
30 models [0] recycles 0 hard 0 soft 0.30 temp 1 loss 2.49 plddt 0.53 ptm 0.51 i_ptm 0.11 cmap_loss_binder 2.49
31 models [0] recycles 0 hard 0 soft 0.31 temp 1 loss 2.41 plddt 0.54 ptm 0.50 i_ptm 0.10 cmap_loss_binder 2.41
32 models [1] recycles 0 hard 0 soft 0.32 temp 1 loss 2.45 plddt 0.51 ptm 0.49 i_ptm 0.07 cmap_loss_binder 2.45
33 models [1] recycles 0 hard 0 soft 0.33 temp 1 loss 2.41 plddt 0.54 ptm 0.50 i_ptm 0.07 cmap_loss_binder 2.41
34 models [1] recycles 0 hard 0 soft 0.34 temp 1 loss 2.40 plddt 0.55 ptm 0.49 i_ptm 0.06 cmap_loss_binder 2.40
35 models [1] recycles 0 hard 0 soft 0.35 temp 1 loss 2.40 plddt 0.55 ptm 0.49 i_ptm 0.07 cmap_loss_binder 2.40
36 models [0] recycles 0 hard 0 soft 0.36 temp 1 loss 2.36 plddt 0.56 ptm 0.51 i_ptm 0.12 cmap_loss_binder 2.36
37 models [1] recycles 0 hard 0 soft 0.37 temp 1 loss 2.38 plddt 0.57 ptm 0.49 i_ptm 0.06 cmap_loss_binder 2.38
38 models [1] recycles 0 hard 0 soft 0.38 temp 1 loss 2.34 plddt 0.61 ptm 0.49 i_ptm 0.07 cmap_loss_binder 2.34
39 models [0] recycles 0 hard 0 soft 0.39 temp 1 loss 2.37 plddt 0.54 ptm 0.50 i_ptm 0.10 cmap_loss_binder 2.37
40 models [0] recycles 0 hard 0 soft 0.40 temp 1 loss 2.36 plddt 0.56 ptm 0.50 i_ptm 0.13 cmap_loss_binder 2.36
41 models [1] recycles 0 hard 0 soft 0.41 temp 1 loss 2.33 plddt 0.56 ptm 0.49 i_ptm 0.07 cmap_loss_binder 2.33
42 models [0] recycles 0 hard 0 soft 0.42 temp 1 loss 2.31 plddt 0.57 ptm 0.51 i_ptm 0.11 cmap_loss_binder 2.31
43 models [1] recycles 0 hard 0 soft 0.43 temp 1 loss 2.26 plddt 0.62 ptm 0.49 i_ptm 0.07 cmap_loss_binder 2.26
44 models [1] recycles 0 hard 0 soft 0.44 temp 1 loss 2.23 plddt 0.62 ptm 0.49 i_ptm 0.07 cmap_loss_binder 2.23
45 models [1] recycles 0 hard 0 soft 0.45 temp 1 loss 2.16 plddt 0.64 ptm 0.50 i_ptm 0.09 cmap_loss_binder 2.16
46 models [0] recycles 0 hard 0 soft 0.46 temp 1 loss 2.22 plddt 0.68 ptm 0.50 i_ptm 0.11 cmap_loss_binder 2.22
47 models [0] recycles 0 hard 0 soft 0.47 temp 1 loss 2.15 plddt 0.59 ptm 0.51 i_ptm 0.11 cmap_loss_binder 2.15
48 models [0] recycles 0 hard 0 soft 0.48 temp 1 loss 2.13 plddt 0.68 ptm 0.51 i_ptm 0.13 cmap_loss_binder 2.13
49 models [0] recycles 0 hard 0 soft 0.49 temp 1 loss 2.12 plddt 0.66 ptm 0.52 i_ptm 0.13 cmap_loss_binder 2.12
50 models [0] recycles 0 hard 0 soft 0.50 temp 1 loss 2.18 plddt 0.60 ptm 0.51 i_ptm 0.12 cmap_loss_binder 2.18
51 models [0] recycles 0 hard 0 soft 0.51 temp 1 loss 2.10 plddt 0.64 ptm 0.51 i_ptm 0.12 cmap_loss_binder 2.10
52 models [0] recycles 0 hard 0 soft 0.52 temp 1 loss 2.05 plddt 0.70 ptm 0.53 i_ptm 0.14 cmap_loss_binder 2.05
53 models [1] recycles 0 hard 0 soft 0.53 temp 1 loss 2.07 plddt 0.65 ptm 0.51 i_ptm 0.10 cmap_loss_binder 2.07
54 models [1] recycles 0 hard 0 soft 0.54 temp 1 loss 2.05 plddt 0.75 ptm 0.50 i_ptm 0.09 cmap_loss_binder 2.05
55 models [0] recycles 0 hard 0 soft 0.55 temp 1 loss 2.07 plddt 0.67 ptm 0.51 i_ptm 0.12 cmap_loss_binder 2.07
56 models [0] recycles 0 hard 0 soft 0.56 temp 1 loss 2.02 plddt 0.72 ptm 0.51 i_ptm 0.13 cmap_loss_binder 2.02
57 models [1] recycles 0 hard 0 soft 0.57 temp 1 loss 2.03 plddt 0.65 ptm 0.51 i_ptm 0.10 cmap_loss_binder 2.03
58 models [1] recycles 0 hard 0 soft 0.58 temp 1 loss 2.02 plddt 0.76 ptm 0.50 i_ptm 0.09 cmap_loss_binder 2.02
59 models [0] recycles 0 hard 0 soft 0.59 temp 1 loss 1.99 plddt 0.69 ptm 0.51 i_ptm 0.13 cmap_loss_binder 1.99
60 models [0] recycles 0 hard 0 soft 0.60 temp 1 loss 1.96 plddt 0.70 ptm 0.52 i_ptm 0.13 cmap_loss_binder 1.96
61 models [1] recycles 0 hard 0 soft 0.61 temp 1 loss 2.02 plddt 0.66 ptm 0.50 i_ptm 0.09 cmap_loss_binder 2.02
62 models [0] recycles 0 hard 0 soft 0.62 temp 1 loss 2.02 plddt 0.72 ptm 0.51 i_ptm 0.11 cmap_loss_binder 2.02
63 models [1] recycles 0 hard 0 soft 0.63 temp 1 loss 1.99 plddt 0.66 ptm 0.50 i_ptm 0.09 cmap_loss_binder 1.99
64 models [0] recycles 0 hard 0 soft 0.64 temp 1 loss 1.95 plddt 0.72 ptm 0.50 i_ptm 0.11 cmap_loss_binder 1.95
65 models [0] recycles 0 hard 0 soft 0.65 temp 1 loss 1.98 plddt 0.64 ptm 0.51 i_ptm 0.12 cmap_loss_binder 1.98
66 models [1] recycles 0 hard 0 soft 0.66 temp 1 loss 1.93 plddt 0.74 ptm 0.50 i_ptm 0.10 cmap_loss_binder 1.93
67 models [1] recycles 0 hard 0 soft 0.67 temp 1 loss 1.92 plddt 0.75 ptm 0.51 i_ptm 0.09 cmap_loss_binder 1.92
68 models [1] recycles 0 hard 0 soft 0.68 temp 1 loss 1.88 plddt 0.73 ptm 0.50 i_ptm 0.10 cmap_loss_binder 1.88
69 models [1] recycles 0 hard 0 soft 0.69 temp 1 loss 1.90 plddt 0.74 ptm 0.53 i_ptm 0.15 cmap_loss_binder 1.90
70 models [1] recycles 0 hard 0 soft 0.70 temp 1 loss 1.91 plddt 0.66 ptm 0.52 i_ptm 0.12 cmap_loss_binder 1.91
71 models [0] recycles 0 hard 0 soft 0.71 temp 1 loss 1.89 plddt 0.75 ptm 0.52 i_ptm 0.14 cmap_loss_binder 1.89
72 models [1] recycles 0 hard 0 soft 0.72 temp 1 loss 1.86 plddt 0.71 ptm 0.52 i_ptm 0.12 cmap_loss_binder 1.86
73 models [1] recycles 0 hard 0 soft 0.73 temp 1 loss 1.82 plddt 0.75 ptm 0.52 i_ptm 0.13 cmap_loss_binder 1.82
74 models [1] recycles 0 hard 0 soft 0.74 temp 1 loss 1.82 plddt 0.76 ptm 0.55 i_ptm 0.19 cmap_loss_binder 1.82
75 models [1] recycles 0 hard 0 soft 0.75 temp 1 loss 1.88 plddt 0.66 ptm 0.53 i_ptm 0.14 cmap_loss_binder 1.88
76 models [1] recycles 0 hard 0 soft 0.76 temp 1 loss 1.85 plddt 0.79 ptm 0.53 i_ptm 0.16 cmap_loss_binder 1.85
77 models [1] recycles 0 hard 0 soft 0.77 temp 1 loss 1.83 plddt 0.69 ptm 0.53 i_ptm 0.15 cmap_loss_binder 1.83
78 models [0] recycles 0 hard 0 soft 0.78 temp 1 loss 1.94 plddt 0.66 ptm 0.53 i_ptm 0.15 cmap_loss_binder 1.94
79 models [0] recycles 0 hard 0 soft 0.79 temp 1 loss 1.84 plddt 0.72 ptm 0.55 i_ptm 0.18 cmap_loss_binder 1.84
80 models [1] recycles 0 hard 0 soft 0.80 temp 1 loss 1.83 plddt 0.78 ptm 0.54 i_ptm 0.18 cmap_loss_binder 1.83
81 models [0] recycles 0 hard 0 soft 0.81 temp 1 loss 1.97 plddt 0.62 ptm 0.54 i_ptm 0.19 cmap_loss_binder 1.97
82 models [1] recycles 0 hard 0 soft 0.82 temp 1 loss 1.81 plddt 0.76 ptm 0.54 i_ptm 0.17 cmap_loss_binder 1.81
83 models [0] recycles 0 hard 0 soft 0.83 temp 1 loss 1.87 plddt 0.72 ptm 0.53 i_ptm 0.16 cmap_loss_binder 1.87
84 models [1] recycles 0 hard 0 soft 0.84 temp 1 loss 1.82 plddt 0.72 ptm 0.55 i_ptm 0.18 cmap_loss_binder 1.82
85 models [1] recycles 0 hard 0 soft 0.85 temp 1 loss 1.83 plddt 0.69 ptm 0.53 i_ptm 0.16 cmap_loss_binder 1.83
86 models [0] recycles 0 hard 0 soft 0.86 temp 1 loss 1.86 plddt 0.72 ptm 0.55 i_ptm 0.19 cmap_loss_binder 1.86
87 models [1] recycles 0 hard 0 soft 0.87 temp 1 loss 1.79 plddt 0.76 ptm 0.54 i_ptm 0.16 cmap_loss_binder 1.79
88 models [1] recycles 0 hard 0 soft 0.88 temp 1 loss 1.83 plddt 0.76 ptm 0.55 i_ptm 0.18 cmap_loss_binder 1.83
89 models [0] recycles 0 hard 0 soft 0.89 temp 1 loss 1.78 plddt 0.71 ptm 0.56 i_ptm 0.21 cmap_loss_binder 1.78
90 models [1] recycles 0 hard 0 soft 0.90 temp 1 loss 1.81 plddt 0.73 ptm 0.55 i_ptm 0.19 cmap_loss_binder 1.81
91 models [0] recycles 0 hard 0 soft 0.91 temp 1 loss 1.83 plddt 0.70 ptm 0.55 i_ptm 0.20 cmap_loss_binder 1.83
92 models [0] recycles 0 hard 0 soft 0.92 temp 1 loss 1.82 plddt 0.76 ptm 0.56 i_ptm 0.21 cmap_loss_binder 1.82
93 models [0] recycles 0 hard 0 soft 0.93 temp 1 loss 1.75 plddt 0.68 ptm 0.57 i_ptm 0.23 cmap_loss_binder 1.75
94 models [1] recycles 0 hard 0 soft 0.94 temp 1 loss 1.90 plddt 0.71 ptm 0.55 i_ptm 0.17 cmap_loss_binder 1.90
95 models [1] recycles 0 hard 0 soft 0.95 temp 1 loss 1.80 plddt 0.74 ptm 0.55 i_ptm 0.18 cmap_loss_binder 1.80
96 models [0] recycles 0 hard 0 soft 0.96 temp 1 loss 1.94 plddt 0.61 ptm 0.55 i_ptm 0.18 cmap_loss_binder 1.94
97 models [0] recycles 0 hard 0 soft 0.97 temp 1 loss 1.84 plddt 0.70 ptm 0.55 i_ptm 0.21 cmap_loss_binder 1.84
98 models [1] recycles 0 hard 0 soft 0.98 temp 1 loss 1.89 plddt 0.67 ptm 0.55 i_ptm 0.18 cmap_loss_binder 1.89
99 models [0] recycles 0 hard 0 soft 0.99 temp 1 loss 1.77 plddt 0.71 ptm 0.57 i_ptm 0.24 cmap_loss_binder 1.77
100 models [1] recycles 0 hard 0 soft 1 temp 1 loss 1.82 plddt 0.74 ptm 0.55 i_ptm 0.18 cmap_loss_binder 1.82
Stage 2: running (soft → hard)
101 models [1] recycles 0 hard 0 soft 1 temp 0.98 loss 1.81 plddt 0.73 ptm 0.54 i_ptm 0.16 cmap_loss_binder 1.81
102 models [0] recycles 0 hard 0 soft 1 temp 0.96 loss 1.84 plddt 0.71 ptm 0.56 i_ptm 0.21 cmap_loss_binder 1.84
103 models [0] recycles 0 hard 0 soft 1 temp 0.94 loss 1.77 plddt 0.76 ptm 0.56 i_ptm 0.22 cmap_loss_binder 1.77
104 models [0] recycles 0 hard 0 soft 1 temp 0.92 loss 1.78 plddt 0.69 ptm 0.58 i_ptm 0.26 cmap_loss_binder 1.78
105 models [1] recycles 0 hard 0 soft 1 temp 0.90 loss 1.80 plddt 0.74 ptm 0.53 i_ptm 0.15 cmap_loss_binder 1.80
106 models [0] recycles 0 hard 0 soft 1 temp 0.88 loss 1.73 plddt 0.66 ptm 0.57 i_ptm 0.23 cmap_loss_binder 1.73
107 models [1] recycles 0 hard 0 soft 1 temp 0.87 loss 1.83 plddt 0.76 ptm 0.52 i_ptm 0.14 cmap_loss_binder 1.83
108 models [1] recycles 0 hard 0 soft 1 temp 0.85 loss 1.75 plddt 0.75 ptm 0.55 i_ptm 0.21 cmap_loss_binder 1.75
109 models [0] recycles 0 hard 0 soft 1 temp 0.83 loss 1.70 plddt 0.75 ptm 0.58 i_ptm 0.25 cmap_loss_binder 1.70
110 models [1] recycles 0 hard 0 soft 1 temp 0.81 loss 1.73 plddt 0.79 ptm 0.53 i_ptm 0.16 cmap_loss_binder 1.73
111 models [0] recycles 0 hard 0 soft 1 temp 0.79 loss 1.73 plddt 0.67 ptm 0.56 i_ptm 0.22 cmap_loss_binder 1.73
112 models [1] recycles 0 hard 0 soft 1 temp 0.78 loss 1.71 plddt 0.76 ptm 0.55 i_ptm 0.19 cmap_loss_binder 1.71
113 models [0] recycles 0 hard 0 soft 1 temp 0.76 loss 1.73 plddt 0.77 ptm 0.56 i_ptm 0.22 cmap_loss_binder 1.73
114 models [1] recycles 0 hard 0 soft 1 temp 0.74 loss 1.68 plddt 0.75 ptm 0.56 i_ptm 0.21 cmap_loss_binder 1.68
115 models [1] recycles 0 hard 0 soft 1 temp 0.73 loss 1.75 plddt 0.79 ptm 0.55 i_ptm 0.18 cmap_loss_binder 1.75
116 models [1] recycles 0 hard 0 soft 1 temp 0.71 loss 1.75 plddt 0.76 ptm 0.54 i_ptm 0.16 cmap_loss_binder 1.75
117 models [0] recycles 0 hard 0 soft 1 temp 0.69 loss 1.74 plddt 0.78 ptm 0.57 i_ptm 0.24 cmap_loss_binder 1.74
118 models [0] recycles 0 hard 0 soft 1 temp 0.68 loss 1.79 plddt 0.73 ptm 0.56 i_ptm 0.21 cmap_loss_binder 1.79
119 models [1] recycles 0 hard 0 soft 1 temp 0.66 loss 1.72 plddt 0.81 ptm 0.55 i_ptm 0.18 cmap_loss_binder 1.72
120 models [1] recycles 0 hard 0 soft 1 temp 0.64 loss 1.72 plddt 0.80 ptm 0.53 i_ptm 0.15 cmap_loss_binder 1.72
121 models [1] recycles 0 hard 0 soft 1 temp 0.63 loss 1.68 plddt 0.78 ptm 0.55 i_ptm 0.17 cmap_loss_binder 1.68
122 models [1] recycles 0 hard 0 soft 1 temp 0.61 loss 1.68 plddt 0.82 ptm 0.54 i_ptm 0.16 cmap_loss_binder 1.68
123 models [1] recycles 0 hard 0 soft 1 temp 0.60 loss 1.66 plddt 0.78 ptm 0.54 i_ptm 0.18 cmap_loss_binder 1.66
124 models [1] recycles 0 hard 0 soft 1 temp 0.58 loss 1.69 plddt 0.77 ptm 0.54 i_ptm 0.18 cmap_loss_binder 1.69
125 models [1] recycles 0 hard 0 soft 1 temp 0.57 loss 1.70 plddt 0.75 ptm 0.54 i_ptm 0.17 cmap_loss_binder 1.70
126 models [1] recycles 0 hard 0 soft 1 temp 0.55 loss 1.64 plddt 0.77 ptm 0.55 i_ptm 0.19 cmap_loss_binder 1.64
127 models [1] recycles 0 hard 0 soft 1 temp 0.54 loss 1.62 plddt 0.78 ptm 0.55 i_ptm 0.19 cmap_loss_binder 1.62
128 models [0] recycles 0 hard 0 soft 1 temp 0.52 loss 1.75 plddt 0.69 ptm 0.58 i_ptm 0.24 cmap_loss_binder 1.75
129 models [1] recycles 0 hard 0 soft 1 temp 0.51 loss 1.67 plddt 0.82 ptm 0.55 i_ptm 0.19 cmap_loss_binder 1.67
130 models [0] recycles 0 hard 0 soft 1 temp 0.50 loss 1.65 plddt 0.55 ptm 0.57 i_ptm 0.23 cmap_loss_binder 1.65
131 models [0] recycles 0 hard 0 soft 1 temp 0.48 loss 1.69 plddt 0.61 ptm 0.58 i_ptm 0.24 cmap_loss_binder 1.69
132 models [1] recycles 0 hard 0 soft 1 temp 0.47 loss 1.64 plddt 0.82 ptm 0.55 i_ptm 0.18 cmap_loss_binder 1.64
133 models [0] recycles 0 hard 0 soft 1 temp 0.45 loss 1.59 plddt 0.54 ptm 0.57 i_ptm 0.24 cmap_loss_binder 1.59
134 models [1] recycles 0 hard 0 soft 1 temp 0.44 loss 1.60 plddt 0.80 ptm 0.56 i_ptm 0.19 cmap_loss_binder 1.60
135 models [0] recycles 0 hard 0 soft 1 temp 0.43 loss 1.66 plddt 0.73 ptm 0.57 i_ptm 0.23 cmap_loss_binder 1.66
136 models [0] recycles 0 hard 0 soft 1 temp 0.42 loss 1.62 plddt 0.79 ptm 0.57 i_ptm 0.23 cmap_loss_binder 1.62
137 models [1] recycles 0 hard 0 soft 1 temp 0.40 loss 1.63 plddt 0.81 ptm 0.54 i_ptm 0.16 cmap_loss_binder 1.63
138 models [1] recycles 0 hard 0 soft 1 temp 0.39 loss 1.64 plddt 0.76 ptm 0.55 i_ptm 0.17 cmap_loss_binder 1.64
139 models [0] recycles 0 hard 0 soft 1 temp 0.38 loss 1.62 plddt 0.71 ptm 0.57 i_ptm 0.23 cmap_loss_binder 1.62
140 models [0] recycles 0 hard 0 soft 1 temp 0.37 loss 1.62 plddt 0.72 ptm 0.58 i_ptm 0.24 cmap_loss_binder 1.62
141 models [1] recycles 0 hard 0 soft 1 temp 0.35 loss 1.59 plddt 0.82 ptm 0.54 i_ptm 0.17 cmap_loss_binder 1.59
142 models [0] recycles 0 hard 0 soft 1 temp 0.34 loss 1.63 plddt 0.60 ptm 0.57 i_ptm 0.23 cmap_loss_binder 1.63
143 models [1] recycles 0 hard 0 soft 1 temp 0.33 loss 1.57 plddt 0.81 ptm 0.58 i_ptm 0.25 cmap_loss_binder 1.57
144 models [0] recycles 0 hard 0 soft 1 temp 0.32 loss 1.56 plddt 0.74 ptm 0.58 i_ptm 0.27 cmap_loss_binder 1.56
145 models [1] recycles 0 hard 0 soft 1 temp 0.31 loss 1.62 plddt 0.78 ptm 0.55 i_ptm 0.18 cmap_loss_binder 1.62
146 models [0] recycles 0 hard 0 soft 1 temp 0.30 loss 1.63 plddt 0.77 ptm 0.56 i_ptm 0.22 cmap_loss_binder 1.63
147 models [0] recycles 0 hard 0 soft 1 temp 0.29 loss 1.58 plddt 0.77 ptm 0.58 i_ptm 0.26 cmap_loss_binder 1.58
148 models [0] recycles 0 hard 0 soft 1 temp 0.28 loss 1.57 plddt 0.76 ptm 0.60 i_ptm 0.31 cmap_loss_binder 1.57
149 models [0] recycles 0 hard 0 soft 1 temp 0.27 loss 1.55 plddt 0.79 ptm 0.59 i_ptm 0.28 cmap_loss_binder 1.55
150 models [1] recycles 0 hard 0 soft 1 temp 0.26 loss 1.56 plddt 0.82 ptm 0.59 i_ptm 0.27 cmap_loss_binder 1.56
151 models [0] recycles 0 hard 0 soft 1 temp 0.25 loss 1.58 plddt 0.73 ptm 0.59 i_ptm 0.29 cmap_loss_binder 1.58
152 models [1] recycles 0 hard 0 soft 1 temp 0.24 loss 1.60 plddt 0.81 ptm 0.57 i_ptm 0.23 cmap_loss_binder 1.60
153 models [1] recycles 0 hard 0 soft 1 temp 0.23 loss 1.52 plddt 0.82 ptm 0.64 i_ptm 0.37 cmap_loss_binder 1.52
154 models [0] recycles 0 hard 0 soft 1 temp 0.22 loss 1.58 plddt 0.75 ptm 0.56 i_ptm 0.21 cmap_loss_binder 1.58
155 models [0] recycles 0 hard 0 soft 1 temp 0.21 loss 1.56 plddt 0.75 ptm 0.58 i_ptm 0.26 cmap_loss_binder 1.56
156 models [0] recycles 0 hard 0 soft 1 temp 0.20 loss 1.55 plddt 0.74 ptm 0.60 i_ptm 0.29 cmap_loss_binder 1.55
157 models [1] recycles 0 hard 0 soft 1 temp 0.19 loss 1.57 plddt 0.81 ptm 0.61 i_ptm 0.30 cmap_loss_binder 1.57
158 models [1] recycles 0 hard 0 soft 1 temp 0.18 loss 1.59 plddt 0.75 ptm 0.59 i_ptm 0.28 cmap_loss_binder 1.59
159 models [0] recycles 0 hard 0 soft 1 temp 0.18 loss 1.48 plddt 0.75 ptm 0.62 i_ptm 0.35 cmap_loss_binder 1.48
160 models [0] recycles 0 hard 0 soft 1 temp 0.17 loss 1.51 plddt 0.75 ptm 0.59 i_ptm 0.27 cmap_loss_binder 1.51
161 models [0] recycles 0 hard 0 soft 1 temp 0.16 loss 1.61 plddt 0.73 ptm 0.59 i_ptm 0.27 cmap_loss_binder 1.61
162 models [0] recycles 0 hard 0 soft 1 temp 0.15 loss 1.64 plddt 0.67 ptm 0.58 i_ptm 0.25 cmap_loss_binder 1.64
163 models [1] recycles 0 hard 0 soft 1 temp 0.15 loss 1.56 plddt 0.80 ptm 0.57 i_ptm 0.24 cmap_loss_binder 1.56
164 models [1] recycles 0 hard 0 soft 1 temp 0.14 loss 1.54 plddt 0.78 ptm 0.59 i_ptm 0.28 cmap_loss_binder 1.54
165 models [0] recycles 0 hard 0 soft 1 temp 0.13 loss 1.60 plddt 0.76 ptm 0.59 i_ptm 0.28 cmap_loss_binder 1.60
166 models [1] recycles 0 hard 0 soft 1 temp 0.12 loss 1.58 plddt 0.78 ptm 0.57 i_ptm 0.22 cmap_loss_binder 1.58
167 models [0] recycles 0 hard 0 soft 1 temp 0.12 loss 1.58 plddt 0.73 ptm 0.60 i_ptm 0.30 cmap_loss_binder 1.58
168 models [1] recycles 0 hard 0 soft 1 temp 0.11 loss 1.55 plddt 0.78 ptm 0.60 i_ptm 0.30 cmap_loss_binder 1.55
169 models [0] recycles 0 hard 0 soft 1 temp 0.11 loss 1.66 plddt 0.70 ptm 0.58 i_ptm 0.25 cmap_loss_binder 1.66
170 models [1] recycles 0 hard 0 soft 1 temp 0.10 loss 1.52 plddt 0.76 ptm 0.61 i_ptm 0.31 cmap_loss_binder 1.52
171 models [1] recycles 0 hard 0 soft 1 temp 0.09 loss 1.53 plddt 0.77 ptm 0.63 i_ptm 0.38 cmap_loss_binder 1.53
172 models [0] recycles 0 hard 0 soft 1 temp 0.09 loss 1.58 plddt 0.74 ptm 0.59 i_ptm 0.29 cmap_loss_binder 1.58
173 models [1] recycles 0 hard 0 soft 1 temp 0.08 loss 1.55 plddt 0.75 ptm 0.61 i_ptm 0.31 cmap_loss_binder 1.55
174 models [0] recycles 0 hard 0 soft 1 temp 0.08 loss 1.60 plddt 0.75 ptm 0.59 i_ptm 0.28 cmap_loss_binder 1.60
175 models [1] recycles 0 hard 0 soft 1 temp 0.07 loss 1.60 plddt 0.76 ptm 0.59 i_ptm 0.27 cmap_loss_binder 1.60
176 models [1] recycles 0 hard 0 soft 1 temp 0.07 loss 1.66 plddt 0.74 ptm 0.57 i_ptm 0.22 cmap_loss_binder 1.66
177 models [0] recycles 0 hard 0 soft 1 temp 0.06 loss 1.71 plddt 0.72 ptm 0.57 i_ptm 0.23 cmap_loss_binder 1.71
178 models [1] recycles 0 hard 0 soft 1 temp 0.06 loss 1.63 plddt 0.77 ptm 0.57 i_ptm 0.22 cmap_loss_binder 1.63
179 models [1] recycles 0 hard 0 soft 1 temp 0.05 loss 1.63 plddt 0.77 ptm 0.56 i_ptm 0.22 cmap_loss_binder 1.63
180 models [1] recycles 0 hard 0 soft 1 temp 0.05 loss 1.59 plddt 0.80 ptm 0.58 i_ptm 0.24 cmap_loss_binder 1.59
181 models [1] recycles 0 hard 0 soft 1 temp 0.05 loss 1.65 plddt 0.73 ptm 0.56 i_ptm 0.22 cmap_loss_binder 1.65
182 models [0] recycles 0 hard 0 soft 1 temp 0.04 loss 1.55 plddt 0.71 ptm 0.61 i_ptm 0.32 cmap_loss_binder 1.55
183 models [0] recycles 0 hard 0 soft 1 temp 0.04 loss 1.67 plddt 0.71 ptm 0.56 i_ptm 0.23 cmap_loss_binder 1.67
184 models [0] recycles 0 hard 0 soft 1 temp 0.04 loss 1.61 plddt 0.72 ptm 0.59 i_ptm 0.28 cmap_loss_binder 1.61
185 models [0] recycles 0 hard 0 soft 1 temp 0.03 loss 1.59 plddt 0.71 ptm 0.59 i_ptm 0.27 cmap_loss_binder 1.59
186 models [1] recycles 0 hard 0 soft 1 temp 0.03 loss 1.65 plddt 0.73 ptm 0.54 i_ptm 0.18 cmap_loss_binder 1.65
187 models [0] recycles 0 hard 0 soft 1 temp 0.03 loss 1.66 plddt 0.72 ptm 0.58 i_ptm 0.26 cmap_loss_binder 1.66
188 models [1] recycles 0 hard 0 soft 1 temp 0.02 loss 1.76 plddt 0.69 ptm 0.54 i_ptm 0.17 cmap_loss_binder 1.76
189 models [0] recycles 0 hard 0 soft 1 temp 0.02 loss 1.59 plddt 0.72 ptm 0.59 i_ptm 0.28 cmap_loss_binder 1.59
190 models [1] recycles 0 hard 0 soft 1 temp 0.02 loss 1.53 plddt 0.76 ptm 0.59 i_ptm 0.28 cmap_loss_binder 1.53
191 models [1] recycles 0 hard 0 soft 1 temp 0.02 loss 1.70 plddt 0.67 ptm 0.56 i_ptm 0.21 cmap_loss_binder 1.70
192 models [0] recycles 0 hard 0 soft 1 temp 0.02 loss 1.70 plddt 0.68 ptm 0.57 i_ptm 0.24 cmap_loss_binder 1.70
193 models [0] recycles 0 hard 0 soft 1 temp 0.01 loss 1.76 plddt 0.65 ptm 0.56 i_ptm 0.22 cmap_loss_binder 1.76
194 models [1] recycles 0 hard 0 soft 1 temp 0.01 loss 1.59 plddt 0.77 ptm 0.55 i_ptm 0.21 cmap_loss_binder 1.59
195 models [0] recycles 0 hard 0 soft 1 temp 0.01 loss 1.70 plddt 0.67 ptm 0.58 i_ptm 0.27 cmap_loss_binder 1.70
196 models [0] recycles 0 hard 0 soft 1 temp 0.01 loss 1.67 plddt 0.74 ptm 0.54 i_ptm 0.18 cmap_loss_binder 1.67
197 models [0] recycles 0 hard 0 soft 1 temp 0.01 loss 1.64 plddt 0.70 ptm 0.59 i_ptm 0.28 cmap_loss_binder 1.64
198 models [1] recycles 0 hard 0 soft 1 temp 0.01 loss 1.63 plddt 0.71 ptm 0.56 i_ptm 0.21 cmap_loss_binder 1.63
199 models [0] recycles 0 hard 0 soft 1 temp 0.01 loss 1.68 plddt 0.69 ptm 0.54 i_ptm 0.19 cmap_loss_binder 1.68
200 models [1] recycles 0 hard 0 soft 1 temp 0.01 loss 1.61 plddt 0.70 ptm 0.58 i_ptm 0.27 cmap_loss_binder 1.61
Stage 3: running (hard)
201 models [0, 1] recycles 0 hard 1 soft 1 temp 0.01 loss 1.59 plddt 0.73 ptm 0.59 i_ptm 0.27 cmap_loss_binder 1.59
202 models [0, 1] recycles 0 hard 1 soft 1 temp 0.01 loss 1.61 plddt 0.75 ptm 0.58 i_ptm 0.26 cmap_loss_binder 1.61
203 models [0, 1] recycles 0 hard 1 soft 1 temp 0.01 loss 1.59 plddt 0.75 ptm 0.59 i_ptm 0.27 cmap_loss_binder 1.59
204 models [0, 1] recycles 0 hard 1 soft 1 temp 0.01 loss 1.60 plddt 0.71 ptm 0.59 i_ptm 0.26 cmap_loss_binder 1.60
205 models [0, 1] recycles 0 hard 1 soft 1 temp 0.01 loss 1.57 plddt 0.73 ptm 0.60 i_ptm 0.29 cmap_loss_binder 1.57
206 models [0, 1] recycles 0 hard 1 soft 1 temp 0.01 loss 1.57 plddt 0.73 ptm 0.60 i_ptm 0.29 cmap_loss_binder 1.57
207 models [0, 1] recycles 0 hard 1 soft 1 temp 0.01 loss 1.57 plddt 0.72 ptm 0.60 i_ptm 0.29 cmap_loss_binder 1.57
208 models [0, 1] recycles 0 hard 1 soft 1 temp 0.01 loss 1.58 plddt 0.73 ptm 0.59 i_ptm 0.27 cmap_loss_binder 1.58
209 models [0, 1] recycles 0 hard 1 soft 1 temp 0.01 loss 1.58 plddt 0.72 ptm 0.59 i_ptm 0.27 cmap_loss_binder 1.58
210 models [0, 1] recycles 0 hard 1 soft 1 temp 0.01 loss 1.57 plddt 0.71 ptm 0.59 i_ptm 0.27 cmap_loss_binder 1.57
211 models [0, 1] recycles 0 hard 1 soft 1 temp 0.01 loss 1.64 plddt 0.67 ptm 0.59 i_ptm 0.27 cmap_loss_binder 1.64
212 models [0, 1] recycles 0 hard 1 soft 1 temp 0.01 loss 1.63 plddt 0.68 ptm 0.57 i_ptm 0.24 cmap_loss_binder 1.63
213 models [0, 1] recycles 0 hard 1 soft 1 temp 0.01 loss 1.59 plddt 0.70 ptm 0.59 i_ptm 0.26 cmap_loss_binder 1.59
214 models [0, 1] recycles 0 hard 1 soft 1 temp 0.01 loss 1.61 plddt 0.70 ptm 0.59 i_ptm 0.27 cmap_loss_binder 1.61
215 models [0, 1] recycles 0 hard 1 soft 1 temp 0.01 loss 1.57 plddt 0.71 ptm 0.59 i_ptm 0.27 cmap_loss_binder 1.57
216 models [0, 1] recycles 0 hard 1 soft 1 temp 0.01 loss 1.59 plddt 0.70 ptm 0.59 i_ptm 0.26 cmap_loss_binder 1.59
217 models [0, 1] recycles 0 hard 1 soft 1 temp 0.01 loss 1.59 plddt 0.70 ptm 0.60 i_ptm 0.29 cmap_loss_binder 1.59
218 models [0, 1] recycles 0 hard 1 soft 1 temp 0.01 loss 1.65 plddt 0.67 ptm 0.58 i_ptm 0.24 cmap_loss_binder 1.65
219 models [0, 1] recycles 0 hard 1 soft 1 temp 0.01 loss 1.62 plddt 0.70 ptm 0.58 i_ptm 0.26 cmap_loss_binder 1.62
220 models [0, 1] recycles 0 hard 1 soft 1 temp 0.01 loss 1.57 plddt 0.71 ptm 0.59 i_ptm 0.27 cmap_loss_binder 1.57
Predicting sequences with AF2_ptm...
predict: traj_1_0 plddt: 0.875, i_pae: 0.482, i_ptm: 0.417, cmap_loss: 1.704
predict: traj_1_1 plddt: 0.883, i_pae: 0.506, i_ptm: 0.383, cmap_loss: 1.796
