CMAP of binder (monomer plddt: 0.981)
Stage 1: running (logits → soft)
1 models [0] recycles 0 hard 0 soft 0.01 temp 1 loss 4.62 plddt 0.55 ptm 0.48 i_ptm 0.10 cmap_loss_binder 4.62
2 models [1] recycles 0 hard 0 soft 0.02 temp 1 loss 4.59 plddt 0.93 ptm 0.46 i_ptm 0.08 cmap_loss_binder 4.59
3 models [0] recycles 0 hard 0 soft 0.03 temp 1 loss 4.57 plddt 0.85 ptm 0.46 i_ptm 0.10 cmap_loss_binder 4.57
4 models [1] recycles 0 hard 0 soft 0.04 temp 1 loss 4.52 plddt 0.74 ptm 0.47 i_ptm 0.06 cmap_loss_binder 4.52
5 models [1] recycles 0 hard 0 soft 0.05 temp 1 loss 4.41 plddt 0.69 ptm 0.46 i_ptm 0.09 cmap_loss_binder 4.41
6 models [1] recycles 0 hard 0 soft 0.06 temp 1 loss 4.39 plddt 0.68 ptm 0.47 i_ptm 0.07 cmap_loss_binder 4.39
7 models [1] recycles 0 hard 0 soft 0.07 temp 1 loss 4.37 plddt 0.67 ptm 0.47 i_ptm 0.07 cmap_loss_binder 4.37
8 models [0] recycles 0 hard 0 soft 0.08 temp 1 loss 4.40 plddt 0.67 ptm 0.46 i_ptm 0.09 cmap_loss_binder 4.40
9 models [1] recycles 0 hard 0 soft 0.09 temp 1 loss 4.39 plddt 0.66 ptm 0.46 i_ptm 0.05 cmap_loss_binder 4.39
10 models [0] recycles 0 hard 0 soft 0.10 temp 1 loss 4.37 plddt 0.68 ptm 0.46 i_ptm 0.07 cmap_loss_binder 4.37
11 models [1] recycles 0 hard 0 soft 0.11 temp 1 loss 4.36 plddt 0.65 ptm 0.47 i_ptm 0.07 cmap_loss_binder 4.36
12 models [1] recycles 0 hard 0 soft 0.12 temp 1 loss 4.35 plddt 0.68 ptm 0.46 i_ptm 0.07 cmap_loss_binder 4.35
13 models [1] recycles 0 hard 0 soft 0.13 temp 1 loss 4.46 plddt 0.65 ptm 0.47 i_ptm 0.07 cmap_loss_binder 4.46
14 models [1] recycles 0 hard 0 soft 0.14 temp 1 loss 4.33 plddt 0.69 ptm 0.47 i_ptm 0.07 cmap_loss_binder 4.33
15 models [0] recycles 0 hard 0 soft 0.15 temp 1 loss 4.34 plddt 0.71 ptm 0.47 i_ptm 0.09 cmap_loss_binder 4.34
16 models [0] recycles 0 hard 0 soft 0.16 temp 1 loss 4.32 plddt 0.68 ptm 0.47 i_ptm 0.09 cmap_loss_binder 4.32
17 models [1] recycles 0 hard 0 soft 0.17 temp 1 loss 4.28 plddt 0.61 ptm 0.47 i_ptm 0.08 cmap_loss_binder 4.28
18 models [0] recycles 0 hard 0 soft 0.18 temp 1 loss 4.28 plddt 0.67 ptm 0.48 i_ptm 0.10 cmap_loss_binder 4.28
19 models [0] recycles 0 hard 0 soft 0.19 temp 1 loss 4.27 plddt 0.60 ptm 0.49 i_ptm 0.12 cmap_loss_binder 4.27
20 models [1] recycles 0 hard 0 soft 0.20 temp 1 loss 4.20 plddt 0.51 ptm 0.47 i_ptm 0.08 cmap_loss_binder 4.20
21 models [1] recycles 0 hard 0 soft 0.21 temp 1 loss 4.14 plddt 0.48 ptm 0.48 i_ptm 0.08 cmap_loss_binder 4.14
22 models [0] recycles 0 hard 0 soft 0.22 temp 1 loss 4.16 plddt 0.61 ptm 0.50 i_ptm 0.13 cmap_loss_binder 4.16
23 models [1] recycles 0 hard 0 soft 0.23 temp 1 loss 4.12 plddt 0.51 ptm 0.48 i_ptm 0.09 cmap_loss_binder 4.12
24 models [1] recycles 0 hard 0 soft 0.24 temp 1 loss 4.08 plddt 0.50 ptm 0.48 i_ptm 0.08 cmap_loss_binder 4.08
25 models [0] recycles 0 hard 0 soft 0.25 temp 1 loss 4.04 plddt 0.54 ptm 0.49 i_ptm 0.12 cmap_loss_binder 4.04
26 models [1] recycles 0 hard 0 soft 0.26 temp 1 loss 4.06 plddt 0.47 ptm 0.48 i_ptm 0.09 cmap_loss_binder 4.06
27 models [0] recycles 0 hard 0 soft 0.27 temp 1 loss 4.03 plddt 0.55 ptm 0.49 i_ptm 0.12 cmap_loss_binder 4.03
28 models [0] recycles 0 hard 0 soft 0.28 temp 1 loss 4.02 plddt 0.49 ptm 0.50 i_ptm 0.13 cmap_loss_binder 4.02
29 models [0] recycles 0 hard 0 soft 0.29 temp 1 loss 3.97 plddt 0.49 ptm 0.50 i_ptm 0.14 cmap_loss_binder 3.97
30 models [0] recycles 0 hard 0 soft 0.30 temp 1 loss 3.95 plddt 0.50 ptm 0.50 i_ptm 0.13 cmap_loss_binder 3.95
31 models [1] recycles 0 hard 0 soft 0.31 temp 1 loss 3.94 plddt 0.41 ptm 0.48 i_ptm 0.08 cmap_loss_binder 3.94
32 models [1] recycles 0 hard 0 soft 0.32 temp 1 loss 3.85 plddt 0.50 ptm 0.47 i_ptm 0.08 cmap_loss_binder 3.85
33 models [0] recycles 0 hard 0 soft 0.33 temp 1 loss 3.84 plddt 0.52 ptm 0.50 i_ptm 0.13 cmap_loss_binder 3.84
34 models [1] recycles 0 hard 0 soft 0.34 temp 1 loss 3.80 plddt 0.53 ptm 0.48 i_ptm 0.08 cmap_loss_binder 3.80
35 models [1] recycles 0 hard 0 soft 0.35 temp 1 loss 3.79 plddt 0.46 ptm 0.47 i_ptm 0.08 cmap_loss_binder 3.79
36 models [0] recycles 0 hard 0 soft 0.36 temp 1 loss 3.79 plddt 0.55 ptm 0.49 i_ptm 0.12 cmap_loss_binder 3.79
37 models [0] recycles 0 hard 0 soft 0.37 temp 1 loss 3.74 plddt 0.51 ptm 0.49 i_ptm 0.12 cmap_loss_binder 3.74
38 models [1] recycles 0 hard 0 soft 0.38 temp 1 loss 3.72 plddt 0.44 ptm 0.48 i_ptm 0.08 cmap_loss_binder 3.72
39 models [1] recycles 0 hard 0 soft 0.39 temp 1 loss 3.71 plddt 0.56 ptm 0.48 i_ptm 0.09 cmap_loss_binder 3.71
40 models [1] recycles 0 hard 0 soft 0.40 temp 1 loss 3.63 plddt 0.48 ptm 0.48 i_ptm 0.09 cmap_loss_binder 3.63
41 models [1] recycles 0 hard 0 soft 0.41 temp 1 loss 3.58 plddt 0.48 ptm 0.49 i_ptm 0.11 cmap_loss_binder 3.58
42 models [0] recycles 0 hard 0 soft 0.42 temp 1 loss 3.63 plddt 0.51 ptm 0.49 i_ptm 0.13 cmap_loss_binder 3.63
43 models [1] recycles 0 hard 0 soft 0.43 temp 1 loss 3.59 plddt 0.53 ptm 0.48 i_ptm 0.08 cmap_loss_binder 3.59
44 models [0] recycles 0 hard 0 soft 0.44 temp 1 loss 3.50 plddt 0.54 ptm 0.50 i_ptm 0.14 cmap_loss_binder 3.50
45 models [1] recycles 0 hard 0 soft 0.45 temp 1 loss 3.50 plddt 0.54 ptm 0.48 i_ptm 0.09 cmap_loss_binder 3.50
46 models [1] recycles 0 hard 0 soft 0.46 temp 1 loss 3.43 plddt 0.53 ptm 0.48 i_ptm 0.09 cmap_loss_binder 3.43
47 models [0] recycles 0 hard 0 soft 0.47 temp 1 loss 3.48 plddt 0.52 ptm 0.51 i_ptm 0.15 cmap_loss_binder 3.48
48 models [0] recycles 0 hard 0 soft 0.48 temp 1 loss 3.40 plddt 0.60 ptm 0.49 i_ptm 0.13 cmap_loss_binder 3.40
49 models [1] recycles 0 hard 0 soft 0.49 temp 1 loss 3.39 plddt 0.60 ptm 0.48 i_ptm 0.09 cmap_loss_binder 3.39
50 models [0] recycles 0 hard 0 soft 0.50 temp 1 loss 3.36 plddt 0.55 ptm 0.51 i_ptm 0.15 cmap_loss_binder 3.36
51 models [1] recycles 0 hard 0 soft 0.51 temp 1 loss 3.33 plddt 0.60 ptm 0.49 i_ptm 0.11 cmap_loss_binder 3.33
52 models [1] recycles 0 hard 0 soft 0.52 temp 1 loss 3.24 plddt 0.60 ptm 0.51 i_ptm 0.14 cmap_loss_binder 3.24
53 models [0] recycles 0 hard 0 soft 0.53 temp 1 loss 3.36 plddt 0.56 ptm 0.51 i_ptm 0.16 cmap_loss_binder 3.36
54 models [0] recycles 0 hard 0 soft 0.54 temp 1 loss 3.21 plddt 0.67 ptm 0.53 i_ptm 0.18 cmap_loss_binder 3.21
55 models [1] recycles 0 hard 0 soft 0.55 temp 1 loss 3.43 plddt 0.51 ptm 0.50 i_ptm 0.13 cmap_loss_binder 3.43
56 models [1] recycles 0 hard 0 soft 0.56 temp 1 loss 3.19 plddt 0.66 ptm 0.49 i_ptm 0.12 cmap_loss_binder 3.19
57 models [0] recycles 0 hard 0 soft 0.57 temp 1 loss 3.14 plddt 0.61 ptm 0.52 i_ptm 0.17 cmap_loss_binder 3.14
58 models [0] recycles 0 hard 0 soft 0.58 temp 1 loss 3.15 plddt 0.68 ptm 0.52 i_ptm 0.17 cmap_loss_binder 3.15
59 models [0] recycles 0 hard 0 soft 0.59 temp 1 loss 3.09 plddt 0.62 ptm 0.55 i_ptm 0.22 cmap_loss_binder 3.09
60 models [0] recycles 0 hard 0 soft 0.60 temp 1 loss 3.10 plddt 0.68 ptm 0.53 i_ptm 0.18 cmap_loss_binder 3.10
61 models [1] recycles 0 hard 0 soft 0.61 temp 1 loss 3.15 plddt 0.59 ptm 0.53 i_ptm 0.18 cmap_loss_binder 3.15
62 models [0] recycles 0 hard 0 soft 0.62 temp 1 loss 3.11 plddt 0.66 ptm 0.53 i_ptm 0.19 cmap_loss_binder 3.11
63 models [0] recycles 0 hard 0 soft 0.63 temp 1 loss 3.04 plddt 0.60 ptm 0.57 i_ptm 0.26 cmap_loss_binder 3.04
64 models [1] recycles 0 hard 0 soft 0.64 temp 1 loss 3.14 plddt 0.73 ptm 0.51 i_ptm 0.14 cmap_loss_binder 3.14
65 models [0] recycles 0 hard 0 soft 0.65 temp 1 loss 3.07 plddt 0.69 ptm 0.52 i_ptm 0.17 cmap_loss_binder 3.07
66 models [1] recycles 0 hard 0 soft 0.66 temp 1 loss 3.13 plddt 0.61 ptm 0.52 i_ptm 0.15 cmap_loss_binder 3.13
67 models [1] recycles 0 hard 0 soft 0.67 temp 1 loss 3.13 plddt 0.71 ptm 0.52 i_ptm 0.17 cmap_loss_binder 3.13
68 models [1] recycles 0 hard 0 soft 0.68 temp 1 loss 3.13 plddt 0.73 ptm 0.51 i_ptm 0.14 cmap_loss_binder 3.13
69 models [1] recycles 0 hard 0 soft 0.69 temp 1 loss 3.06 plddt 0.68 ptm 0.51 i_ptm 0.15 cmap_loss_binder 3.06
70 models [1] recycles 0 hard 0 soft 0.70 temp 1 loss 2.97 plddt 0.65 ptm 0.53 i_ptm 0.19 cmap_loss_binder 2.97
71 models [0] recycles 0 hard 0 soft 0.71 temp 1 loss 2.98 plddt 0.68 ptm 0.54 i_ptm 0.20 cmap_loss_binder 2.98
72 models [1] recycles 0 hard 0 soft 0.72 temp 1 loss 3.15 plddt 0.52 ptm 0.55 i_ptm 0.22 cmap_loss_binder 3.15
73 models [0] recycles 0 hard 0 soft 0.73 temp 1 loss 3.09 plddt 0.55 ptm 0.54 i_ptm 0.21 cmap_loss_binder 3.09
74 models [0] recycles 0 hard 0 soft 0.74 temp 1 loss 3.04 plddt 0.69 ptm 0.55 i_ptm 0.23 cmap_loss_binder 3.04
75 models [1] recycles 0 hard 0 soft 0.75 temp 1 loss 3.09 plddt 0.70 ptm 0.51 i_ptm 0.15 cmap_loss_binder 3.09
76 models [0] recycles 0 hard 0 soft 0.76 temp 1 loss 3.04 plddt 0.51 ptm 0.55 i_ptm 0.24 cmap_loss_binder 3.04
77 models [0] recycles 0 hard 0 soft 0.77 temp 1 loss 3.00 plddt 0.68 ptm 0.53 i_ptm 0.20 cmap_loss_binder 3.00
78 models [1] recycles 0 hard 0 soft 0.78 temp 1 loss 3.07 plddt 0.62 ptm 0.52 i_ptm 0.18 cmap_loss_binder 3.07
79 models [1] recycles 0 hard 0 soft 0.79 temp 1 loss 3.09 plddt 0.63 ptm 0.51 i_ptm 0.15 cmap_loss_binder 3.09
80 models [1] recycles 0 hard 0 soft 0.80 temp 1 loss 3.04 plddt 0.70 ptm 0.53 i_ptm 0.18 cmap_loss_binder 3.04
81 models [1] recycles 0 hard 0 soft 0.81 temp 1 loss 3.11 plddt 0.63 ptm 0.52 i_ptm 0.17 cmap_loss_binder 3.11
82 models [1] recycles 0 hard 0 soft 0.82 temp 1 loss 3.03 plddt 0.68 ptm 0.53 i_ptm 0.18 cmap_loss_binder 3.03
83 models [0] recycles 0 hard 0 soft 0.83 temp 1 loss 3.05 plddt 0.50 ptm 0.55 i_ptm 0.23 cmap_loss_binder 3.05
84 models [0] recycles 0 hard 0 soft 0.84 temp 1 loss 3.05 plddt 0.66 ptm 0.53 i_ptm 0.20 cmap_loss_binder 3.05
85 models [0] recycles 0 hard 0 soft 0.85 temp 1 loss 3.27 plddt 0.51 ptm 0.55 i_ptm 0.23 cmap_loss_binder 3.27
86 models [0] recycles 0 hard 0 soft 0.86 temp 1 loss 3.08 plddt 0.49 ptm 0.53 i_ptm 0.19 cmap_loss_binder 3.08
87 models [1] recycles 0 hard 0 soft 0.87 temp 1 loss 3.13 plddt 0.60 ptm 0.50 i_ptm 0.14 cmap_loss_binder 3.13
88 models [0] recycles 0 hard 0 soft 0.88 temp 1 loss 3.07 plddt 0.50 ptm 0.54 i_ptm 0.20 cmap_loss_binder 3.07
89 models [1] recycles 0 hard 0 soft 0.89 temp 1 loss 3.07 plddt 0.69 ptm 0.54 i_ptm 0.20 cmap_loss_binder 3.07
90 models [1] recycles 0 hard 0 soft 0.90 temp 1 loss 3.03 plddt 0.66 ptm 0.53 i_ptm 0.18 cmap_loss_binder 3.03
91 models [1] recycles 0 hard 0 soft 0.91 temp 1 loss 3.14 plddt 0.63 ptm 0.49 i_ptm 0.12 cmap_loss_binder 3.14
92 models [0] recycles 0 hard 0 soft 0.92 temp 1 loss 3.06 plddt 0.65 ptm 0.55 i_ptm 0.23 cmap_loss_binder 3.06
93 models [1] recycles 0 hard 0 soft 0.93 temp 1 loss 3.12 plddt 0.63 ptm 0.52 i_ptm 0.17 cmap_loss_binder 3.12
94 models [1] recycles 0 hard 0 soft 0.94 temp 1 loss 3.06 plddt 0.65 ptm 0.53 i_ptm 0.18 cmap_loss_binder 3.06
95 models [1] recycles 0 hard 0 soft 0.95 temp 1 loss 3.15 plddt 0.73 ptm 0.50 i_ptm 0.13 cmap_loss_binder 3.15
96 models [1] recycles 0 hard 0 soft 0.96 temp 1 loss 3.11 plddt 0.63 ptm 0.51 i_ptm 0.15 cmap_loss_binder 3.11
97 models [0] recycles 0 hard 0 soft 0.97 temp 1 loss 3.15 plddt 0.63 ptm 0.51 i_ptm 0.17 cmap_loss_binder 3.15
98 models [1] recycles 0 hard 0 soft 0.98 temp 1 loss 3.11 plddt 0.65 ptm 0.52 i_ptm 0.17 cmap_loss_binder 3.11
99 models [0] recycles 0 hard 0 soft 0.99 temp 1 loss 3.46 plddt 0.44 ptm 0.53 i_ptm 0.18 cmap_loss_binder 3.46
100 models [0] recycles 0 hard 0 soft 1 temp 1 loss 3.23 plddt 0.56 ptm 0.54 i_ptm 0.21 cmap_loss_binder 3.23
Stage 2: running (soft → hard)
101 models [0] recycles 0 hard 0 soft 1 temp 0.98 loss 3.15 plddt 0.61 ptm 0.53 i_ptm 0.19 cmap_loss_binder 3.15
102 models [0] recycles 0 hard 0 soft 1 temp 0.96 loss 3.18 plddt 0.58 ptm 0.53 i_ptm 0.19 cmap_loss_binder 3.18
103 models [1] recycles 0 hard 0 soft 1 temp 0.94 loss 3.11 plddt 0.59 ptm 0.52 i_ptm 0.16 cmap_loss_binder 3.11
104 models [0] recycles 0 hard 0 soft 1 temp 0.92 loss 3.10 plddt 0.60 ptm 0.55 i_ptm 0.24 cmap_loss_binder 3.10
105 models [0] recycles 0 hard 0 soft 1 temp 0.90 loss 3.07 plddt 0.63 ptm 0.54 i_ptm 0.20 cmap_loss_binder 3.07
106 models [1] recycles 0 hard 0 soft 1 temp 0.88 loss 3.02 plddt 0.70 ptm 0.52 i_ptm 0.16 cmap_loss_binder 3.02
107 models [0] recycles 0 hard 0 soft 1 temp 0.87 loss 3.05 plddt 0.61 ptm 0.53 i_ptm 0.20 cmap_loss_binder 3.05
108 models [0] recycles 0 hard 0 soft 1 temp 0.85 loss 3.00 plddt 0.60 ptm 0.55 i_ptm 0.23 cmap_loss_binder 3.00
109 models [1] recycles 0 hard 0 soft 1 temp 0.83 loss 3.07 plddt 0.62 ptm 0.51 i_ptm 0.15 cmap_loss_binder 3.07
110 models [1] recycles 0 hard 0 soft 1 temp 0.81 loss 3.00 plddt 0.72 ptm 0.53 i_ptm 0.18 cmap_loss_binder 3.00
111 models [0] recycles 0 hard 0 soft 1 temp 0.79 loss 2.96 plddt 0.53 ptm 0.58 i_ptm 0.28 cmap_loss_binder 2.96
112 models [1] recycles 0 hard 0 soft 1 temp 0.78 loss 3.02 plddt 0.63 ptm 0.52 i_ptm 0.16 cmap_loss_binder 3.02
113 models [0] recycles 0 hard 0 soft 1 temp 0.76 loss 2.93 plddt 0.69 ptm 0.57 i_ptm 0.27 cmap_loss_binder 2.93
114 models [0] recycles 0 hard 0 soft 1 temp 0.74 loss 2.98 plddt 0.61 ptm 0.56 i_ptm 0.24 cmap_loss_binder 2.98
115 models [1] recycles 0 hard 0 soft 1 temp 0.73 loss 3.00 plddt 0.68 ptm 0.52 i_ptm 0.17 cmap_loss_binder 3.00
116 models [0] recycles 0 hard 0 soft 1 temp 0.71 loss 2.96 plddt 0.64 ptm 0.55 i_ptm 0.23 cmap_loss_binder 2.96
117 models [0] recycles 0 hard 0 soft 1 temp 0.69 loss 2.93 plddt 0.63 ptm 0.56 i_ptm 0.25 cmap_loss_binder 2.93
118 models [0] recycles 0 hard 0 soft 1 temp 0.68 loss 2.94 plddt 0.61 ptm 0.54 i_ptm 0.21 cmap_loss_binder 2.94
119 models [0] recycles 0 hard 0 soft 1 temp 0.66 loss 2.96 plddt 0.67 ptm 0.55 i_ptm 0.23 cmap_loss_binder 2.96
120 models [0] recycles 0 hard 0 soft 1 temp 0.64 loss 2.93 plddt 0.65 ptm 0.57 i_ptm 0.27 cmap_loss_binder 2.93
121 models [1] recycles 0 hard 0 soft 1 temp 0.63 loss 3.03 plddt 0.75 ptm 0.57 i_ptm 0.25 cmap_loss_binder 3.03
122 models [0] recycles 0 hard 0 soft 1 temp 0.61 loss 2.90 plddt 0.66 ptm 0.56 i_ptm 0.25 cmap_loss_binder 2.90
123 models [1] recycles 0 hard 0 soft 1 temp 0.60 loss 2.95 plddt 0.71 ptm 0.55 i_ptm 0.22 cmap_loss_binder 2.95
124 models [1] recycles 0 hard 0 soft 1 temp 0.58 loss 2.96 plddt 0.66 ptm 0.52 i_ptm 0.17 cmap_loss_binder 2.96
125 models [0] recycles 0 hard 0 soft 1 temp 0.57 loss 2.99 plddt 0.63 ptm 0.53 i_ptm 0.19 cmap_loss_binder 2.99
126 models [1] recycles 0 hard 0 soft 1 temp 0.55 loss 2.97 plddt 0.65 ptm 0.53 i_ptm 0.17 cmap_loss_binder 2.97
127 models [1] recycles 0 hard 0 soft 1 temp 0.54 loss 2.97 plddt 0.69 ptm 0.52 i_ptm 0.17 cmap_loss_binder 2.97
128 models [1] recycles 0 hard 0 soft 1 temp 0.52 loss 2.97 plddt 0.70 ptm 0.52 i_ptm 0.17 cmap_loss_binder 2.97
129 models [1] recycles 0 hard 0 soft 1 temp 0.51 loss 2.95 plddt 0.72 ptm 0.54 i_ptm 0.19 cmap_loss_binder 2.95
130 models [1] recycles 0 hard 0 soft 1 temp 0.50 loss 2.93 plddt 0.68 ptm 0.55 i_ptm 0.22 cmap_loss_binder 2.93
131 models [1] recycles 0 hard 0 soft 1 temp 0.48 loss 2.92 plddt 0.66 ptm 0.54 i_ptm 0.19 cmap_loss_binder 2.92
132 models [1] recycles 0 hard 0 soft 1 temp 0.47 loss 2.97 plddt 0.69 ptm 0.52 i_ptm 0.16 cmap_loss_binder 2.97
133 models [0] recycles 0 hard 0 soft 1 temp 0.45 loss 3.24 plddt 0.54 ptm 0.51 i_ptm 0.16 cmap_loss_binder 3.24
134 models [1] recycles 0 hard 0 soft 1 temp 0.44 loss 2.96 plddt 0.74 ptm 0.52 i_ptm 0.15 cmap_loss_binder 2.96
135 models [1] recycles 0 hard 0 soft 1 temp 0.43 loss 2.91 plddt 0.73 ptm 0.56 i_ptm 0.23 cmap_loss_binder 2.91
136 models [1] recycles 0 hard 0 soft 1 temp 0.42 loss 3.08 plddt 0.57 ptm 0.52 i_ptm 0.17 cmap_loss_binder 3.08
137 models [0] recycles 0 hard 0 soft 1 temp 0.40 loss 3.02 plddt 0.60 ptm 0.53 i_ptm 0.19 cmap_loss_binder 3.02
138 models [1] recycles 0 hard 0 soft 1 temp 0.39 loss 2.88 plddt 0.68 ptm 0.55 i_ptm 0.21 cmap_loss_binder 2.88
139 models [0] recycles 0 hard 0 soft 1 temp 0.38 loss 2.91 plddt 0.69 ptm 0.55 i_ptm 0.22 cmap_loss_binder 2.91
140 models [1] recycles 0 hard 0 soft 1 temp 0.37 loss 2.92 plddt 0.69 ptm 0.52 i_ptm 0.15 cmap_loss_binder 2.92
141 models [0] recycles 0 hard 0 soft 1 temp 0.35 loss 2.94 plddt 0.65 ptm 0.54 i_ptm 0.20 cmap_loss_binder 2.94
142 models [0] recycles 0 hard 0 soft 1 temp 0.34 loss 2.96 plddt 0.62 ptm 0.53 i_ptm 0.20 cmap_loss_binder 2.96
143 models [0] recycles 0 hard 0 soft 1 temp 0.33 loss 2.94 plddt 0.68 ptm 0.54 i_ptm 0.21 cmap_loss_binder 2.94
144 models [1] recycles 0 hard 0 soft 1 temp 0.32 loss 2.91 plddt 0.67 ptm 0.53 i_ptm 0.17 cmap_loss_binder 2.91
145 models [1] recycles 0 hard 0 soft 1 temp 0.31 loss 2.89 plddt 0.71 ptm 0.51 i_ptm 0.15 cmap_loss_binder 2.89
146 models [0] recycles 0 hard 0 soft 1 temp 0.30 loss 2.91 plddt 0.67 ptm 0.54 i_ptm 0.21 cmap_loss_binder 2.91
147 models [1] recycles 0 hard 0 soft 1 temp 0.29 loss 2.82 plddt 0.70 ptm 0.55 i_ptm 0.22 cmap_loss_binder 2.82
148 models [1] recycles 0 hard 0 soft 1 temp 0.28 loss 2.90 plddt 0.66 ptm 0.53 i_ptm 0.17 cmap_loss_binder 2.90
149 models [1] recycles 0 hard 0 soft 1 temp 0.27 loss 2.86 plddt 0.69 ptm 0.55 i_ptm 0.21 cmap_loss_binder 2.86
150 models [0] recycles 0 hard 0 soft 1 temp 0.26 loss 2.92 plddt 0.65 ptm 0.55 i_ptm 0.23 cmap_loss_binder 2.92
151 models [1] recycles 0 hard 0 soft 1 temp 0.25 loss 3.15 plddt 0.55 ptm 0.54 i_ptm 0.19 cmap_loss_binder 3.15
152 models [0] recycles 0 hard 0 soft 1 temp 0.24 loss 2.83 plddt 0.69 ptm 0.56 i_ptm 0.24 cmap_loss_binder 2.83
153 models [0] recycles 0 hard 0 soft 1 temp 0.23 loss 2.95 plddt 0.57 ptm 0.54 i_ptm 0.22 cmap_loss_binder 2.95
154 models [1] recycles 0 hard 0 soft 1 temp 0.22 loss 2.84 plddt 0.70 ptm 0.55 i_ptm 0.21 cmap_loss_binder 2.84
155 models [0] recycles 0 hard 0 soft 1 temp 0.21 loss 2.92 plddt 0.59 ptm 0.55 i_ptm 0.22 cmap_loss_binder 2.92
156 models [0] recycles 0 hard 0 soft 1 temp 0.20 loss 2.96 plddt 0.63 ptm 0.53 i_ptm 0.20 cmap_loss_binder 2.96
157 models [1] recycles 0 hard 0 soft 1 temp 0.19 loss 2.89 plddt 0.71 ptm 0.52 i_ptm 0.16 cmap_loss_binder 2.89
158 models [1] recycles 0 hard 0 soft 1 temp 0.18 loss 2.89 plddt 0.64 ptm 0.53 i_ptm 0.19 cmap_loss_binder 2.89
159 models [1] recycles 0 hard 0 soft 1 temp 0.18 loss 2.98 plddt 0.64 ptm 0.53 i_ptm 0.17 cmap_loss_binder 2.98
160 models [1] recycles 0 hard 0 soft 1 temp 0.17 loss 2.86 plddt 0.70 ptm 0.55 i_ptm 0.22 cmap_loss_binder 2.86
161 models [1] recycles 0 hard 0 soft 1 temp 0.16 loss 2.95 plddt 0.71 ptm 0.51 i_ptm 0.15 cmap_loss_binder 2.95
162 models [0] recycles 0 hard 0 soft 1 temp 0.15 loss 2.97 plddt 0.60 ptm 0.53 i_ptm 0.20 cmap_loss_binder 2.97
163 models [1] recycles 0 hard 0 soft 1 temp 0.15 loss 2.82 plddt 0.68 ptm 0.56 i_ptm 0.23 cmap_loss_binder 2.82
164 models [1] recycles 0 hard 0 soft 1 temp 0.14 loss 3.00 plddt 0.60 ptm 0.52 i_ptm 0.16 cmap_loss_binder 3.00
165 models [0] recycles 0 hard 0 soft 1 temp 0.13 loss 3.00 plddt 0.60 ptm 0.54 i_ptm 0.20 cmap_loss_binder 3.00
166 models [0] recycles 0 hard 0 soft 1 temp 0.12 loss 3.02 plddt 0.55 ptm 0.52 i_ptm 0.19 cmap_loss_binder 3.02
167 models [1] recycles 0 hard 0 soft 1 temp 0.12 loss 2.91 plddt 0.69 ptm 0.52 i_ptm 0.16 cmap_loss_binder 2.91
168 models [1] recycles 0 hard 0 soft 1 temp 0.11 loss 2.94 plddt 0.68 ptm 0.50 i_ptm 0.13 cmap_loss_binder 2.94
169 models [0] recycles 0 hard 0 soft 1 temp 0.11 loss 2.88 plddt 0.65 ptm 0.53 i_ptm 0.19 cmap_loss_binder 2.88
170 models [1] recycles 0 hard 0 soft 1 temp 0.10 loss 2.89 plddt 0.69 ptm 0.53 i_ptm 0.17 cmap_loss_binder 2.89
171 models [1] recycles 0 hard 0 soft 1 temp 0.09 loss 3.11 plddt 0.58 ptm 0.51 i_ptm 0.15 cmap_loss_binder 3.11
172 models [0] recycles 0 hard 0 soft 1 temp 0.09 loss 2.97 plddt 0.57 ptm 0.55 i_ptm 0.23 cmap_loss_binder 2.97
173 models [0] recycles 0 hard 0 soft 1 temp 0.08 loss 3.03 plddt 0.59 ptm 0.52 i_ptm 0.19 cmap_loss_binder 3.03
174 models [0] recycles 0 hard 0 soft 1 temp 0.08 loss 2.96 plddt 0.59 ptm 0.53 i_ptm 0.19 cmap_loss_binder 2.96
175 models [1] recycles 0 hard 0 soft 1 temp 0.07 loss 2.95 plddt 0.66 ptm 0.51 i_ptm 0.16 cmap_loss_binder 2.95
176 models [1] recycles 0 hard 0 soft 1 temp 0.07 loss 2.87 plddt 0.71 ptm 0.54 i_ptm 0.21 cmap_loss_binder 2.87
177 models [0] recycles 0 hard 0 soft 1 temp 0.06 loss 3.00 plddt 0.58 ptm 0.51 i_ptm 0.16 cmap_loss_binder 3.00
178 models [0] recycles 0 hard 0 soft 1 temp 0.06 loss 2.96 plddt 0.58 ptm 0.54 i_ptm 0.20 cmap_loss_binder 2.96
179 models [1] recycles 0 hard 0 soft 1 temp 0.05 loss 2.84 plddt 0.69 ptm 0.54 i_ptm 0.21 cmap_loss_binder 2.84
180 models [1] recycles 0 hard 0 soft 1 temp 0.05 loss 2.84 plddt 0.69 ptm 0.52 i_ptm 0.16 cmap_loss_binder 2.84
181 models [0] recycles 0 hard 0 soft 1 temp 0.05 loss 2.91 plddt 0.63 ptm 0.52 i_ptm 0.18 cmap_loss_binder 2.91
182 models [0] recycles 0 hard 0 soft 1 temp 0.04 loss 3.04 plddt 0.48 ptm 0.52 i_ptm 0.18 cmap_loss_binder 3.04
183 models [1] recycles 0 hard 0 soft 1 temp 0.04 loss 2.85 plddt 0.67 ptm 0.55 i_ptm 0.21 cmap_loss_binder 2.85
184 models [1] recycles 0 hard 0 soft 1 temp 0.04 loss 2.99 plddt 0.60 ptm 0.51 i_ptm 0.16 cmap_loss_binder 2.99
185 models [1] recycles 0 hard 0 soft 1 temp 0.03 loss 2.84 plddt 0.68 ptm 0.53 i_ptm 0.17 cmap_loss_binder 2.84
186 models [1] recycles 0 hard 0 soft 1 temp 0.03 loss 2.91 plddt 0.69 ptm 0.53 i_ptm 0.18 cmap_loss_binder 2.91
187 models [1] recycles 0 hard 0 soft 1 temp 0.03 loss 2.90 plddt 0.67 ptm 0.52 i_ptm 0.16 cmap_loss_binder 2.90
188 models [1] recycles 0 hard 0 soft 1 temp 0.02 loss 2.84 plddt 0.66 ptm 0.56 i_ptm 0.25 cmap_loss_binder 2.84
189 models [0] recycles 0 hard 0 soft 1 temp 0.02 loss 3.06 plddt 0.56 ptm 0.52 i_ptm 0.18 cmap_loss_binder 3.06
190 models [1] recycles 0 hard 0 soft 1 temp 0.02 loss 2.92 plddt 0.70 ptm 0.51 i_ptm 0.16 cmap_loss_binder 2.92
191 models [0] recycles 0 hard 0 soft 1 temp 0.02 loss 3.01 plddt 0.58 ptm 0.53 i_ptm 0.19 cmap_loss_binder 3.01
192 models [0] recycles 0 hard 0 soft 1 temp 0.02 loss 3.00 plddt 0.58 ptm 0.52 i_ptm 0.18 cmap_loss_binder 3.00
193 models [0] recycles 0 hard 0 soft 1 temp 0.01 loss 3.06 plddt 0.54 ptm 0.51 i_ptm 0.17 cmap_loss_binder 3.06
194 models [1] recycles 0 hard 0 soft 1 temp 0.01 loss 2.90 plddt 0.69 ptm 0.51 i_ptm 0.14 cmap_loss_binder 2.90
195 models [0] recycles 0 hard 0 soft 1 temp 0.01 loss 3.08 plddt 0.55 ptm 0.52 i_ptm 0.17 cmap_loss_binder 3.08
196 models [1] recycles 0 hard 0 soft 1 temp 0.01 loss 2.99 plddt 0.66 ptm 0.51 i_ptm 0.15 cmap_loss_binder 2.99
197 models [1] recycles 0 hard 0 soft 1 temp 0.01 loss 2.90 plddt 0.67 ptm 0.51 i_ptm 0.15 cmap_loss_binder 2.90
198 models [1] recycles 0 hard 0 soft 1 temp 0.01 loss 2.90 plddt 0.65 ptm 0.51 i_ptm 0.15 cmap_loss_binder 2.90
199 models [0] recycles 0 hard 0 soft 1 temp 0.01 loss 3.13 plddt 0.53 ptm 0.51 i_ptm 0.16 cmap_loss_binder 3.13
200 models [0] recycles 0 hard 0 soft 1 temp 0.01 loss 3.35 plddt 0.45 ptm 0.52 i_ptm 0.17 cmap_loss_binder 3.35
Stage 3: running (hard)
201 models [0, 1] recycles 0 hard 1 soft 1 temp 0.01 loss 2.87 plddt 0.65 ptm 0.56 i_ptm 0.23 cmap_loss_binder 2.87
202 models [0, 1] recycles 0 hard 1 soft 1 temp 0.01 loss 2.85 plddt 0.65 ptm 0.56 i_ptm 0.25 cmap_loss_binder 2.85
203 models [0, 1] recycles 0 hard 1 soft 1 temp 0.01 loss 2.88 plddt 0.66 ptm 0.53 i_ptm 0.18 cmap_loss_binder 2.88
204 models [0, 1] recycles 0 hard 1 soft 1 temp 0.01 loss 2.89 plddt 0.64 ptm 0.54 i_ptm 0.19 cmap_loss_binder 2.89
205 models [0, 1] recycles 0 hard 1 soft 1 temp 0.01 loss 2.85 plddt 0.65 ptm 0.55 i_ptm 0.22 cmap_loss_binder 2.85
206 models [0, 1] recycles 0 hard 1 soft 1 temp 0.01 loss 2.89 plddt 0.65 ptm 0.53 i_ptm 0.18 cmap_loss_binder 2.89
207 models [0, 1] recycles 0 hard 1 soft 1 temp 0.01 loss 2.90 plddt 0.63 ptm 0.54 i_ptm 0.21 cmap_loss_binder 2.90
208 models [0, 1] recycles 0 hard 1 soft 1 temp 0.01 loss 2.86 plddt 0.64 ptm 0.54 i_ptm 0.20 cmap_loss_binder 2.86
209 models [0, 1] recycles 0 hard 1 soft 1 temp 0.01 loss 2.90 plddt 0.64 ptm 0.54 i_ptm 0.19 cmap_loss_binder 2.90
210 models [0, 1] recycles 0 hard 1 soft 1 temp 0.01 loss 2.92 plddt 0.63 ptm 0.52 i_ptm 0.17 cmap_loss_binder 2.92
211 models [0, 1] recycles 0 hard 1 soft 1 temp 0.01 loss 2.86 plddt 0.64 ptm 0.56 i_ptm 0.24 cmap_loss_binder 2.86
212 models [0, 1] recycles 0 hard 1 soft 1 temp 0.01 loss 2.91 plddt 0.62 ptm 0.53 i_ptm 0.19 cmap_loss_binder 2.91
213 models [0, 1] recycles 0 hard 1 soft 1 temp 0.01 loss 2.86 plddt 0.64 ptm 0.54 i_ptm 0.20 cmap_loss_binder 2.86
214 models [0, 1] recycles 0 hard 1 soft 1 temp 0.01 loss 2.92 plddt 0.60 ptm 0.54 i_ptm 0.20 cmap_loss_binder 2.92
215 models [0, 1] recycles 0 hard 1 soft 1 temp 0.01 loss 2.90 plddt 0.64 ptm 0.53 i_ptm 0.18 cmap_loss_binder 2.90
216 models [0, 1] recycles 0 hard 1 soft 1 temp 0.01 loss 2.88 plddt 0.63 ptm 0.55 i_ptm 0.21 cmap_loss_binder 2.88
217 models [0, 1] recycles 0 hard 1 soft 1 temp 0.01 loss 2.88 plddt 0.64 ptm 0.54 i_ptm 0.20 cmap_loss_binder 2.88
218 models [0, 1] recycles 0 hard 1 soft 1 temp 0.01 loss 2.88 plddt 0.62 ptm 0.54 i_ptm 0.21 cmap_loss_binder 2.88
219 models [0, 1] recycles 0 hard 1 soft 1 temp 0.01 loss 2.90 plddt 0.63 ptm 0.54 i_ptm 0.20 cmap_loss_binder 2.90
220 models [0, 1] recycles 0 hard 1 soft 1 temp 0.01 loss 2.90 plddt 0.62 ptm 0.54 i_ptm 0.19 cmap_loss_binder 2.90
Predicting sequences with AF2_ptm...
predict: traj_1_0 plddt: 0.560, i_pae: 0.697, i_ptm: 0.253, cmap_loss: 3.299
predict: traj_1_1 plddt: 0.567, i_pae: 0.667, i_ptm: 0.316, cmap_loss: 3.386
