CMAP of binder (monomer plddt: 0.908)
Stage 1: running (logits → soft)
1 models [0] recycles 0 hard 0 soft 0.01 temp 1 loss 3.80 plddt 0.53 ptm 0.53 i_ptm 0.09 cmap_loss_binder 3.80
2 models [1] recycles 0 hard 0 soft 0.02 temp 1 loss 3.84 plddt 0.90 ptm 0.53 i_ptm 0.07 cmap_loss_binder 3.84
3 models [0] recycles 0 hard 0 soft 0.03 temp 1 loss 3.83 plddt 0.92 ptm 0.52 i_ptm 0.07 cmap_loss_binder 3.83
4 models [1] recycles 0 hard 0 soft 0.04 temp 1 loss 3.78 plddt 0.82 ptm 0.53 i_ptm 0.07 cmap_loss_binder 3.78
5 models [0] recycles 0 hard 0 soft 0.05 temp 1 loss 3.77 plddt 0.61 ptm 0.54 i_ptm 0.11 cmap_loss_binder 3.77
6 models [0] recycles 0 hard 0 soft 0.06 temp 1 loss 3.74 plddt 0.68 ptm 0.53 i_ptm 0.08 cmap_loss_binder 3.74
7 models [1] recycles 0 hard 0 soft 0.07 temp 1 loss 3.82 plddt 0.51 ptm 0.53 i_ptm 0.06 cmap_loss_binder 3.82
8 models [1] recycles 0 hard 0 soft 0.08 temp 1 loss 3.78 plddt 0.59 ptm 0.53 i_ptm 0.07 cmap_loss_binder 3.78
9 models [0] recycles 0 hard 0 soft 0.09 temp 1 loss 3.69 plddt 0.62 ptm 0.53 i_ptm 0.08 cmap_loss_binder 3.69
10 models [0] recycles 0 hard 0 soft 0.10 temp 1 loss 3.62 plddt 0.60 ptm 0.53 i_ptm 0.10 cmap_loss_binder 3.62
11 models [0] recycles 0 hard 0 soft 0.11 temp 1 loss 3.56 plddt 0.56 ptm 0.54 i_ptm 0.10 cmap_loss_binder 3.56
12 models [1] recycles 0 hard 0 soft 0.12 temp 1 loss 3.55 plddt 0.53 ptm 0.53 i_ptm 0.06 cmap_loss_binder 3.55
13 models [0] recycles 0 hard 0 soft 0.13 temp 1 loss 3.53 plddt 0.56 ptm 0.54 i_ptm 0.09 cmap_loss_binder 3.53
14 models [0] recycles 0 hard 0 soft 0.14 temp 1 loss 3.50 plddt 0.53 ptm 0.53 i_ptm 0.10 cmap_loss_binder 3.50
15 models [1] recycles 0 hard 0 soft 0.15 temp 1 loss 3.45 plddt 0.50 ptm 0.53 i_ptm 0.06 cmap_loss_binder 3.45
16 models [1] recycles 0 hard 0 soft 0.16 temp 1 loss 3.39 plddt 0.45 ptm 0.53 i_ptm 0.06 cmap_loss_binder 3.39
17 models [1] recycles 0 hard 0 soft 0.17 temp 1 loss 3.32 plddt 0.43 ptm 0.53 i_ptm 0.08 cmap_loss_binder 3.32
18 models [1] recycles 0 hard 0 soft 0.18 temp 1 loss 3.24 plddt 0.49 ptm 0.53 i_ptm 0.07 cmap_loss_binder 3.24
19 models [1] recycles 0 hard 0 soft 0.19 temp 1 loss 3.12 plddt 0.52 ptm 0.52 i_ptm 0.06 cmap_loss_binder 3.12
20 models [1] recycles 0 hard 0 soft 0.20 temp 1 loss 3.03 plddt 0.46 ptm 0.53 i_ptm 0.06 cmap_loss_binder 3.03
21 models [1] recycles 0 hard 0 soft 0.21 temp 1 loss 2.96 plddt 0.39 ptm 0.53 i_ptm 0.06 cmap_loss_binder 2.96
22 models [0] recycles 0 hard 0 soft 0.22 temp 1 loss 2.81 plddt 0.53 ptm 0.53 i_ptm 0.10 cmap_loss_binder 2.81
23 models [1] recycles 0 hard 0 soft 0.23 temp 1 loss 2.68 plddt 0.59 ptm 0.53 i_ptm 0.06 cmap_loss_binder 2.68
24 models [1] recycles 0 hard 0 soft 0.24 temp 1 loss 2.79 plddt 0.49 ptm 0.53 i_ptm 0.06 cmap_loss_binder 2.79
25 models [0] recycles 0 hard 0 soft 0.25 temp 1 loss 2.65 plddt 0.64 ptm 0.53 i_ptm 0.09 cmap_loss_binder 2.65
26 models [1] recycles 0 hard 0 soft 0.26 temp 1 loss 2.60 plddt 0.60 ptm 0.53 i_ptm 0.06 cmap_loss_binder 2.60
27 models [0] recycles 0 hard 0 soft 0.27 temp 1 loss 2.54 plddt 0.65 ptm 0.53 i_ptm 0.11 cmap_loss_binder 2.54
28 models [0] recycles 0 hard 0 soft 0.28 temp 1 loss 2.48 plddt 0.67 ptm 0.53 i_ptm 0.09 cmap_loss_binder 2.48
29 models [0] recycles 0 hard 0 soft 0.29 temp 1 loss 2.43 plddt 0.69 ptm 0.53 i_ptm 0.09 cmap_loss_binder 2.43
30 models [1] recycles 0 hard 0 soft 0.30 temp 1 loss 2.45 plddt 0.69 ptm 0.53 i_ptm 0.06 cmap_loss_binder 2.45
31 models [0] recycles 0 hard 0 soft 0.31 temp 1 loss 2.42 plddt 0.66 ptm 0.53 i_ptm 0.09 cmap_loss_binder 2.42
32 models [0] recycles 0 hard 0 soft 0.32 temp 1 loss 2.38 plddt 0.70 ptm 0.53 i_ptm 0.09 cmap_loss_binder 2.38
33 models [1] recycles 0 hard 0 soft 0.33 temp 1 loss 2.41 plddt 0.70 ptm 0.52 i_ptm 0.06 cmap_loss_binder 2.41
34 models [1] recycles 0 hard 0 soft 0.34 temp 1 loss 2.33 plddt 0.71 ptm 0.53 i_ptm 0.06 cmap_loss_binder 2.33
35 models [1] recycles 0 hard 0 soft 0.35 temp 1 loss 2.30 plddt 0.82 ptm 0.52 i_ptm 0.05 cmap_loss_binder 2.30
36 models [1] recycles 0 hard 0 soft 0.36 temp 1 loss 2.91 plddt 0.56 ptm 0.53 i_ptm 0.06 cmap_loss_binder 2.91
37 models [0] recycles 0 hard 0 soft 0.37 temp 1 loss 2.44 plddt 0.65 ptm 0.52 i_ptm 0.08 cmap_loss_binder 2.44
38 models [1] recycles 0 hard 0 soft 0.38 temp 1 loss 2.29 plddt 0.83 ptm 0.52 i_ptm 0.06 cmap_loss_binder 2.29
39 models [1] recycles 0 hard 0 soft 0.39 temp 1 loss 2.29 plddt 0.83 ptm 0.52 i_ptm 0.06 cmap_loss_binder 2.29
40 models [1] recycles 0 hard 0 soft 0.40 temp 1 loss 2.24 plddt 0.85 ptm 0.53 i_ptm 0.06 cmap_loss_binder 2.24
41 models [0] recycles 0 hard 0 soft 0.41 temp 1 loss 2.21 plddt 0.81 ptm 0.53 i_ptm 0.09 cmap_loss_binder 2.21
42 models [0] recycles 0 hard 0 soft 0.42 temp 1 loss 2.21 plddt 0.82 ptm 0.53 i_ptm 0.11 cmap_loss_binder 2.21
43 models [1] recycles 0 hard 0 soft 0.43 temp 1 loss 2.20 plddt 0.88 ptm 0.52 i_ptm 0.06 cmap_loss_binder 2.20
44 models [0] recycles 0 hard 0 soft 0.44 temp 1 loss 2.17 plddt 0.82 ptm 0.54 i_ptm 0.12 cmap_loss_binder 2.17
45 models [1] recycles 0 hard 0 soft 0.45 temp 1 loss 2.18 plddt 0.82 ptm 0.53 i_ptm 0.08 cmap_loss_binder 2.18
46 models [1] recycles 0 hard 0 soft 0.46 temp 1 loss 2.12 plddt 0.85 ptm 0.53 i_ptm 0.08 cmap_loss_binder 2.12
47 models [0] recycles 0 hard 0 soft 0.47 temp 1 loss 2.33 plddt 0.71 ptm 0.55 i_ptm 0.15 cmap_loss_binder 2.33
48 models [1] recycles 0 hard 0 soft 0.48 temp 1 loss 2.11 plddt 0.86 ptm 0.54 i_ptm 0.09 cmap_loss_binder 2.11
49 models [0] recycles 0 hard 0 soft 0.49 temp 1 loss 2.07 plddt 0.80 ptm 0.55 i_ptm 0.14 cmap_loss_binder 2.07
50 models [1] recycles 0 hard 0 soft 0.50 temp 1 loss 2.13 plddt 0.82 ptm 0.54 i_ptm 0.09 cmap_loss_binder 2.13
51 models [0] recycles 0 hard 0 soft 0.51 temp 1 loss 2.01 plddt 0.81 ptm 0.56 i_ptm 0.15 cmap_loss_binder 2.01
52 models [1] recycles 0 hard 0 soft 0.52 temp 1 loss 2.14 plddt 0.88 ptm 0.53 i_ptm 0.09 cmap_loss_binder 2.14
53 models [1] recycles 0 hard 0 soft 0.53 temp 1 loss 2.07 plddt 0.86 ptm 0.54 i_ptm 0.09 cmap_loss_binder 2.07
54 models [1] recycles 0 hard 0 soft 0.54 temp 1 loss 2.06 plddt 0.84 ptm 0.55 i_ptm 0.13 cmap_loss_binder 2.06
55 models [0] recycles 0 hard 0 soft 0.55 temp 1 loss 2.06 plddt 0.85 ptm 0.56 i_ptm 0.15 cmap_loss_binder 2.06
56 models [1] recycles 0 hard 0 soft 0.56 temp 1 loss 2.02 plddt 0.85 ptm 0.54 i_ptm 0.12 cmap_loss_binder 2.02
57 models [1] recycles 0 hard 0 soft 0.57 temp 1 loss 2.05 plddt 0.83 ptm 0.55 i_ptm 0.13 cmap_loss_binder 2.05
58 models [1] recycles 0 hard 0 soft 0.58 temp 1 loss 1.99 plddt 0.87 ptm 0.56 i_ptm 0.15 cmap_loss_binder 1.99
59 models [0] recycles 0 hard 0 soft 0.59 temp 1 loss 2.02 plddt 0.77 ptm 0.58 i_ptm 0.20 cmap_loss_binder 2.02
60 models [0] recycles 0 hard 0 soft 0.60 temp 1 loss 2.02 plddt 0.74 ptm 0.58 i_ptm 0.19 cmap_loss_binder 2.02
61 models [0] recycles 0 hard 0 soft 0.61 temp 1 loss 1.96 plddt 0.79 ptm 0.58 i_ptm 0.19 cmap_loss_binder 1.96
62 models [1] recycles 0 hard 0 soft 0.62 temp 1 loss 1.94 plddt 0.87 ptm 0.58 i_ptm 0.18 cmap_loss_binder 1.94
63 models [1] recycles 0 hard 0 soft 0.63 temp 1 loss 1.84 plddt 0.81 ptm 0.63 i_ptm 0.28 cmap_loss_binder 1.84
64 models [0] recycles 0 hard 0 soft 0.64 temp 1 loss 1.78 plddt 0.80 ptm 0.68 i_ptm 0.41 cmap_loss_binder 1.78
65 models [0] recycles 0 hard 0 soft 0.65 temp 1 loss 1.73 plddt 0.84 ptm 0.67 i_ptm 0.41 cmap_loss_binder 1.73
66 models [0] recycles 0 hard 0 soft 0.66 temp 1 loss 1.76 plddt 0.82 ptm 0.68 i_ptm 0.41 cmap_loss_binder 1.76
67 models [1] recycles 0 hard 0 soft 0.67 temp 1 loss 1.77 plddt 0.85 ptm 0.71 i_ptm 0.46 cmap_loss_binder 1.77
68 models [1] recycles 0 hard 0 soft 0.68 temp 1 loss 1.77 plddt 0.85 ptm 0.69 i_ptm 0.40 cmap_loss_binder 1.77
69 models [1] recycles 0 hard 0 soft 0.69 temp 1 loss 1.69 plddt 0.86 ptm 0.71 i_ptm 0.47 cmap_loss_binder 1.69
70 models [1] recycles 0 hard 0 soft 0.70 temp 1 loss 1.73 plddt 0.84 ptm 0.67 i_ptm 0.38 cmap_loss_binder 1.73
71 models [0] recycles 0 hard 0 soft 0.71 temp 1 loss 1.75 plddt 0.84 ptm 0.71 i_ptm 0.48 cmap_loss_binder 1.75
72 models [0] recycles 0 hard 0 soft 0.72 temp 1 loss 1.73 plddt 0.85 ptm 0.67 i_ptm 0.40 cmap_loss_binder 1.73
73 models [1] recycles 0 hard 0 soft 0.73 temp 1 loss 1.69 plddt 0.87 ptm 0.74 i_ptm 0.53 cmap_loss_binder 1.69
74 models [0] recycles 0 hard 0 soft 0.74 temp 1 loss 1.74 plddt 0.80 ptm 0.70 i_ptm 0.47 cmap_loss_binder 1.74
75 models [0] recycles 0 hard 0 soft 0.75 temp 1 loss 1.68 plddt 0.86 ptm 0.71 i_ptm 0.48 cmap_loss_binder 1.68
76 models [1] recycles 0 hard 0 soft 0.76 temp 1 loss 1.75 plddt 0.85 ptm 0.69 i_ptm 0.42 cmap_loss_binder 1.75
77 models [1] recycles 0 hard 0 soft 0.77 temp 1 loss 1.67 plddt 0.86 ptm 0.75 i_ptm 0.57 cmap_loss_binder 1.67
78 models [1] recycles 0 hard 0 soft 0.78 temp 1 loss 1.68 plddt 0.84 ptm 0.75 i_ptm 0.56 cmap_loss_binder 1.68
79 models [1] recycles 0 hard 0 soft 0.79 temp 1 loss 1.69 plddt 0.87 ptm 0.76 i_ptm 0.58 cmap_loss_binder 1.69
80 models [0] recycles 0 hard 0 soft 0.80 temp 1 loss 1.70 plddt 0.80 ptm 0.70 i_ptm 0.47 cmap_loss_binder 1.70
81 models [1] recycles 0 hard 0 soft 0.81 temp 1 loss 1.74 plddt 0.86 ptm 0.70 i_ptm 0.45 cmap_loss_binder 1.74
82 models [1] recycles 0 hard 0 soft 0.82 temp 1 loss 1.68 plddt 0.85 ptm 0.73 i_ptm 0.53 cmap_loss_binder 1.68
83 models [1] recycles 0 hard 0 soft 0.83 temp 1 loss 1.67 plddt 0.82 ptm 0.73 i_ptm 0.52 cmap_loss_binder 1.67
84 models [1] recycles 0 hard 0 soft 0.84 temp 1 loss 1.67 plddt 0.88 ptm 0.77 i_ptm 0.59 cmap_loss_binder 1.67
85 models [1] recycles 0 hard 0 soft 0.85 temp 1 loss 1.65 plddt 0.86 ptm 0.79 i_ptm 0.63 cmap_loss_binder 1.65
86 models [0] recycles 0 hard 0 soft 0.86 temp 1 loss 1.70 plddt 0.83 ptm 0.70 i_ptm 0.47 cmap_loss_binder 1.70
87 models [1] recycles 0 hard 0 soft 0.87 temp 1 loss 1.68 plddt 0.87 ptm 0.74 i_ptm 0.55 cmap_loss_binder 1.68
88 models [0] recycles 0 hard 0 soft 0.88 temp 1 loss 1.75 plddt 0.76 ptm 0.67 i_ptm 0.39 cmap_loss_binder 1.75
89 models [1] recycles 0 hard 0 soft 0.89 temp 1 loss 1.70 plddt 0.85 ptm 0.71 i_ptm 0.46 cmap_loss_binder 1.70
90 models [1] recycles 0 hard 0 soft 0.90 temp 1 loss 1.68 plddt 0.85 ptm 0.75 i_ptm 0.56 cmap_loss_binder 1.68
91 models [0] recycles 0 hard 0 soft 0.91 temp 1 loss 1.77 plddt 0.75 ptm 0.67 i_ptm 0.40 cmap_loss_binder 1.77
92 models [0] recycles 0 hard 0 soft 0.92 temp 1 loss 1.71 plddt 0.82 ptm 0.72 i_ptm 0.50 cmap_loss_binder 1.71
93 models [1] recycles 0 hard 0 soft 0.93 temp 1 loss 1.74 plddt 0.84 ptm 0.70 i_ptm 0.47 cmap_loss_binder 1.74
94 models [0] recycles 0 hard 0 soft 0.94 temp 1 loss 1.80 plddt 0.79 ptm 0.66 i_ptm 0.37 cmap_loss_binder 1.80
95 models [1] recycles 0 hard 0 soft 0.95 temp 1 loss 1.77 plddt 0.83 ptm 0.68 i_ptm 0.40 cmap_loss_binder 1.77
96 models [1] recycles 0 hard 0 soft 0.96 temp 1 loss 1.77 plddt 0.85 ptm 0.71 i_ptm 0.47 cmap_loss_binder 1.77
97 models [0] recycles 0 hard 0 soft 0.97 temp 1 loss 1.96 plddt 0.71 ptm 0.62 i_ptm 0.30 cmap_loss_binder 1.96
98 models [1] recycles 0 hard 0 soft 0.98 temp 1 loss 1.77 plddt 0.81 ptm 0.69 i_ptm 0.44 cmap_loss_binder 1.77
99 models [1] recycles 0 hard 0 soft 0.99 temp 1 loss 1.82 plddt 0.82 ptm 0.68 i_ptm 0.39 cmap_loss_binder 1.82
100 models [0] recycles 0 hard 0 soft 1 temp 1 loss 2.15 plddt 0.59 ptm 0.60 i_ptm 0.26 cmap_loss_binder 2.15
Stage 2: running (soft → hard)
101 models [0] recycles 0 hard 0 soft 1 temp 0.98 loss 1.80 plddt 0.72 ptm 0.67 i_ptm 0.40 cmap_loss_binder 1.80
102 models [0] recycles 0 hard 0 soft 1 temp 0.96 loss 1.90 plddt 0.80 ptm 0.62 i_ptm 0.29 cmap_loss_binder 1.90
103 models [0] recycles 0 hard 0 soft 1 temp 0.94 loss 1.84 plddt 0.76 ptm 0.66 i_ptm 0.37 cmap_loss_binder 1.84
104 models [1] recycles 0 hard 0 soft 1 temp 0.92 loss 1.76 plddt 0.84 ptm 0.70 i_ptm 0.45 cmap_loss_binder 1.76
105 models [1] recycles 0 hard 0 soft 1 temp 0.90 loss 1.74 plddt 0.83 ptm 0.69 i_ptm 0.42 cmap_loss_binder 1.74
106 models [0] recycles 0 hard 0 soft 1 temp 0.88 loss 1.76 plddt 0.80 ptm 0.67 i_ptm 0.41 cmap_loss_binder 1.76
107 models [1] recycles 0 hard 0 soft 1 temp 0.87 loss 1.71 plddt 0.83 ptm 0.73 i_ptm 0.52 cmap_loss_binder 1.71
108 models [1] recycles 0 hard 0 soft 1 temp 0.85 loss 1.75 plddt 0.87 ptm 0.70 i_ptm 0.44 cmap_loss_binder 1.75
109 models [1] recycles 0 hard 0 soft 1 temp 0.83 loss 1.79 plddt 0.85 ptm 0.66 i_ptm 0.36 cmap_loss_binder 1.79
110 models [1] recycles 0 hard 0 soft 1 temp 0.81 loss 1.70 plddt 0.84 ptm 0.70 i_ptm 0.45 cmap_loss_binder 1.70
111 models [1] recycles 0 hard 0 soft 1 temp 0.79 loss 1.69 plddt 0.85 ptm 0.73 i_ptm 0.52 cmap_loss_binder 1.69
112 models [0] recycles 0 hard 0 soft 1 temp 0.78 loss 1.79 plddt 0.78 ptm 0.66 i_ptm 0.39 cmap_loss_binder 1.79
113 models [0] recycles 0 hard 0 soft 1 temp 0.76 loss 1.66 plddt 0.84 ptm 0.73 i_ptm 0.53 cmap_loss_binder 1.66
114 models [1] recycles 0 hard 0 soft 1 temp 0.74 loss 1.68 plddt 0.87 ptm 0.75 i_ptm 0.55 cmap_loss_binder 1.68
115 models [0] recycles 0 hard 0 soft 1 temp 0.73 loss 1.67 plddt 0.82 ptm 0.74 i_ptm 0.55 cmap_loss_binder 1.67
116 models [0] recycles 0 hard 0 soft 1 temp 0.71 loss 1.72 plddt 0.85 ptm 0.69 i_ptm 0.45 cmap_loss_binder 1.72
117 models [0] recycles 0 hard 0 soft 1 temp 0.69 loss 1.66 plddt 0.82 ptm 0.73 i_ptm 0.52 cmap_loss_binder 1.66
118 models [0] recycles 0 hard 0 soft 1 temp 0.68 loss 1.65 plddt 0.83 ptm 0.71 i_ptm 0.51 cmap_loss_binder 1.65
119 models [1] recycles 0 hard 0 soft 1 temp 0.66 loss 1.69 plddt 0.86 ptm 0.72 i_ptm 0.49 cmap_loss_binder 1.69
120 models [0] recycles 0 hard 0 soft 1 temp 0.64 loss 1.67 plddt 0.81 ptm 0.72 i_ptm 0.51 cmap_loss_binder 1.67
121 models [0] recycles 0 hard 0 soft 1 temp 0.63 loss 1.65 plddt 0.84 ptm 0.71 i_ptm 0.49 cmap_loss_binder 1.65
122 models [1] recycles 0 hard 0 soft 1 temp 0.61 loss 1.68 plddt 0.88 ptm 0.75 i_ptm 0.55 cmap_loss_binder 1.68
123 models [0] recycles 0 hard 0 soft 1 temp 0.60 loss 1.69 plddt 0.82 ptm 0.69 i_ptm 0.44 cmap_loss_binder 1.69
124 models [1] recycles 0 hard 0 soft 1 temp 0.58 loss 1.68 plddt 0.86 ptm 0.74 i_ptm 0.53 cmap_loss_binder 1.68
125 models [1] recycles 0 hard 0 soft 1 temp 0.57 loss 1.65 plddt 0.86 ptm 0.75 i_ptm 0.54 cmap_loss_binder 1.65
126 models [0] recycles 0 hard 0 soft 1 temp 0.55 loss 1.71 plddt 0.80 ptm 0.72 i_ptm 0.50 cmap_loss_binder 1.71
127 models [0] recycles 0 hard 0 soft 1 temp 0.54 loss 1.68 plddt 0.83 ptm 0.72 i_ptm 0.50 cmap_loss_binder 1.68
128 models [1] recycles 0 hard 0 soft 1 temp 0.52 loss 1.68 plddt 0.84 ptm 0.71 i_ptm 0.47 cmap_loss_binder 1.68
129 models [0] recycles 0 hard 0 soft 1 temp 0.51 loss 1.68 plddt 0.83 ptm 0.74 i_ptm 0.56 cmap_loss_binder 1.68
130 models [1] recycles 0 hard 0 soft 1 temp 0.50 loss 1.67 plddt 0.85 ptm 0.72 i_ptm 0.50 cmap_loss_binder 1.67
131 models [0] recycles 0 hard 0 soft 1 temp 0.48 loss 1.66 plddt 0.85 ptm 0.72 i_ptm 0.52 cmap_loss_binder 1.66
132 models [0] recycles 0 hard 0 soft 1 temp 0.47 loss 1.68 plddt 0.85 ptm 0.74 i_ptm 0.57 cmap_loss_binder 1.68
133 models [1] recycles 0 hard 0 soft 1 temp 0.45 loss 1.69 plddt 0.86 ptm 0.72 i_ptm 0.49 cmap_loss_binder 1.69
134 models [1] recycles 0 hard 0 soft 1 temp 0.44 loss 1.65 plddt 0.87 ptm 0.73 i_ptm 0.51 cmap_loss_binder 1.65
135 models [1] recycles 0 hard 0 soft 1 temp 0.43 loss 1.71 plddt 0.85 ptm 0.68 i_ptm 0.40 cmap_loss_binder 1.71
136 models [0] recycles 0 hard 0 soft 1 temp 0.42 loss 1.71 plddt 0.79 ptm 0.70 i_ptm 0.47 cmap_loss_binder 1.71
137 models [0] recycles 0 hard 0 soft 1 temp 0.40 loss 1.63 plddt 0.83 ptm 0.74 i_ptm 0.55 cmap_loss_binder 1.63
138 models [1] recycles 0 hard 0 soft 1 temp 0.39 loss 1.69 plddt 0.86 ptm 0.70 i_ptm 0.45 cmap_loss_binder 1.69
139 models [0] recycles 0 hard 0 soft 1 temp 0.38 loss 1.65 plddt 0.81 ptm 0.71 i_ptm 0.50 cmap_loss_binder 1.65
140 models [0] recycles 0 hard 0 soft 1 temp 0.37 loss 1.69 plddt 0.83 ptm 0.67 i_ptm 0.40 cmap_loss_binder 1.69
141 models [0] recycles 0 hard 0 soft 1 temp 0.35 loss 1.66 plddt 0.80 ptm 0.70 i_ptm 0.48 cmap_loss_binder 1.66
142 models [0] recycles 0 hard 0 soft 1 temp 0.34 loss 1.71 plddt 0.83 ptm 0.69 i_ptm 0.45 cmap_loss_binder 1.71
143 models [1] recycles 0 hard 0 soft 1 temp 0.33 loss 1.66 plddt 0.84 ptm 0.73 i_ptm 0.51 cmap_loss_binder 1.66
144 models [1] recycles 0 hard 0 soft 1 temp 0.32 loss 1.67 plddt 0.85 ptm 0.73 i_ptm 0.51 cmap_loss_binder 1.67
145 models [1] recycles 0 hard 0 soft 1 temp 0.31 loss 1.73 plddt 0.87 ptm 0.66 i_ptm 0.35 cmap_loss_binder 1.73
146 models [0] recycles 0 hard 0 soft 1 temp 0.30 loss 1.65 plddt 0.83 ptm 0.74 i_ptm 0.55 cmap_loss_binder 1.65
147 models [0] recycles 0 hard 0 soft 1 temp 0.29 loss 1.67 plddt 0.82 ptm 0.72 i_ptm 0.51 cmap_loss_binder 1.67
148 models [1] recycles 0 hard 0 soft 1 temp 0.28 loss 1.64 plddt 0.86 ptm 0.73 i_ptm 0.50 cmap_loss_binder 1.64
149 models [1] recycles 0 hard 0 soft 1 temp 0.27 loss 1.67 plddt 0.85 ptm 0.75 i_ptm 0.57 cmap_loss_binder 1.67
150 models [0] recycles 0 hard 0 soft 1 temp 0.26 loss 1.76 plddt 0.86 ptm 0.64 i_ptm 0.35 cmap_loss_binder 1.76
151 models [0] recycles 0 hard 0 soft 1 temp 0.25 loss 1.65 plddt 0.84 ptm 0.72 i_ptm 0.51 cmap_loss_binder 1.65
152 models [1] recycles 0 hard 0 soft 1 temp 0.24 loss 1.68 plddt 0.85 ptm 0.69 i_ptm 0.43 cmap_loss_binder 1.68
153 models [0] recycles 0 hard 0 soft 1 temp 0.23 loss 1.66 plddt 0.82 ptm 0.73 i_ptm 0.53 cmap_loss_binder 1.66
154 models [0] recycles 0 hard 0 soft 1 temp 0.22 loss 1.66 plddt 0.81 ptm 0.73 i_ptm 0.54 cmap_loss_binder 1.66
155 models [1] recycles 0 hard 0 soft 1 temp 0.21 loss 1.65 plddt 0.86 ptm 0.74 i_ptm 0.53 cmap_loss_binder 1.65
156 models [0] recycles 0 hard 0 soft 1 temp 0.20 loss 1.67 plddt 0.81 ptm 0.72 i_ptm 0.50 cmap_loss_binder 1.67
157 models [1] recycles 0 hard 0 soft 1 temp 0.19 loss 1.65 plddt 0.84 ptm 0.69 i_ptm 0.43 cmap_loss_binder 1.65
158 models [0] recycles 0 hard 0 soft 1 temp 0.18 loss 1.63 plddt 0.80 ptm 0.71 i_ptm 0.48 cmap_loss_binder 1.63
159 models [0] recycles 0 hard 0 soft 1 temp 0.18 loss 1.63 plddt 0.82 ptm 0.71 i_ptm 0.50 cmap_loss_binder 1.63
160 models [0] recycles 0 hard 0 soft 1 temp 0.17 loss 1.67 plddt 0.83 ptm 0.69 i_ptm 0.45 cmap_loss_binder 1.67
161 models [0] recycles 0 hard 0 soft 1 temp 0.16 loss 1.70 plddt 0.78 ptm 0.72 i_ptm 0.50 cmap_loss_binder 1.70
162 models [1] recycles 0 hard 0 soft 1 temp 0.15 loss 1.76 plddt 0.86 ptm 0.64 i_ptm 0.32 cmap_loss_binder 1.76
163 models [0] recycles 0 hard 0 soft 1 temp 0.15 loss 1.67 plddt 0.80 ptm 0.71 i_ptm 0.49 cmap_loss_binder 1.67
164 models [0] recycles 0 hard 0 soft 1 temp 0.14 loss 1.66 plddt 0.83 ptm 0.73 i_ptm 0.54 cmap_loss_binder 1.66
165 models [0] recycles 0 hard 0 soft 1 temp 0.13 loss 1.67 plddt 0.82 ptm 0.73 i_ptm 0.53 cmap_loss_binder 1.67
166 models [1] recycles 0 hard 0 soft 1 temp 0.12 loss 1.87 plddt 0.85 ptm 0.58 i_ptm 0.20 cmap_loss_binder 1.87
167 models [1] recycles 0 hard 0 soft 1 temp 0.12 loss 1.69 plddt 0.84 ptm 0.70 i_ptm 0.45 cmap_loss_binder 1.69
168 models [0] recycles 0 hard 0 soft 1 temp 0.11 loss 1.68 plddt 0.82 ptm 0.70 i_ptm 0.47 cmap_loss_binder 1.68
169 models [0] recycles 0 hard 0 soft 1 temp 0.11 loss 1.64 plddt 0.84 ptm 0.73 i_ptm 0.53 cmap_loss_binder 1.64
170 models [0] recycles 0 hard 0 soft 1 temp 0.10 loss 1.73 plddt 0.82 ptm 0.66 i_ptm 0.36 cmap_loss_binder 1.73
171 models [0] recycles 0 hard 0 soft 1 temp 0.09 loss 1.74 plddt 0.79 ptm 0.65 i_ptm 0.38 cmap_loss_binder 1.74
172 models [0] recycles 0 hard 0 soft 1 temp 0.09 loss 1.68 plddt 0.78 ptm 0.69 i_ptm 0.45 cmap_loss_binder 1.68
173 models [0] recycles 0 hard 0 soft 1 temp 0.08 loss 1.73 plddt 0.80 ptm 0.68 i_ptm 0.43 cmap_loss_binder 1.73
174 models [1] recycles 0 hard 0 soft 1 temp 0.08 loss 1.75 plddt 0.85 ptm 0.67 i_ptm 0.37 cmap_loss_binder 1.75
175 models [0] recycles 0 hard 0 soft 1 temp 0.07 loss 1.65 plddt 0.81 ptm 0.71 i_ptm 0.50 cmap_loss_binder 1.65
176 models [1] recycles 0 hard 0 soft 1 temp 0.07 loss 1.85 plddt 0.87 ptm 0.62 i_ptm 0.27 cmap_loss_binder 1.85
177 models [0] recycles 0 hard 0 soft 1 temp 0.06 loss 1.72 plddt 0.81 ptm 0.68 i_ptm 0.42 cmap_loss_binder 1.72
178 models [1] recycles 0 hard 0 soft 1 temp 0.06 loss 1.70 plddt 0.84 ptm 0.69 i_ptm 0.42 cmap_loss_binder 1.70
179 models [1] recycles 0 hard 0 soft 1 temp 0.05 loss 1.77 plddt 0.78 ptm 0.64 i_ptm 0.33 cmap_loss_binder 1.77
180 models [1] recycles 0 hard 0 soft 1 temp 0.05 loss 1.72 plddt 0.81 ptm 0.69 i_ptm 0.44 cmap_loss_binder 1.72
181 models [0] recycles 0 hard 0 soft 1 temp 0.05 loss 1.67 plddt 0.80 ptm 0.74 i_ptm 0.55 cmap_loss_binder 1.67
182 models [0] recycles 0 hard 0 soft 1 temp 0.04 loss 1.70 plddt 0.80 ptm 0.72 i_ptm 0.51 cmap_loss_binder 1.70
183 models [0] recycles 0 hard 0 soft 1 temp 0.04 loss 1.68 plddt 0.79 ptm 0.71 i_ptm 0.49 cmap_loss_binder 1.68
184 models [1] recycles 0 hard 0 soft 1 temp 0.04 loss 1.73 plddt 0.84 ptm 0.66 i_ptm 0.37 cmap_loss_binder 1.73
185 models [1] recycles 0 hard 0 soft 1 temp 0.03 loss 1.78 plddt 0.82 ptm 0.65 i_ptm 0.36 cmap_loss_binder 1.78
186 models [0] recycles 0 hard 0 soft 1 temp 0.03 loss 1.73 plddt 0.81 ptm 0.65 i_ptm 0.36 cmap_loss_binder 1.73
187 models [1] recycles 0 hard 0 soft 1 temp 0.03 loss 1.77 plddt 0.84 ptm 0.63 i_ptm 0.28 cmap_loss_binder 1.77
188 models [0] recycles 0 hard 0 soft 1 temp 0.02 loss 1.66 plddt 0.81 ptm 0.70 i_ptm 0.46 cmap_loss_binder 1.66
189 models [1] recycles 0 hard 0 soft 1 temp 0.02 loss 1.81 plddt 0.85 ptm 0.62 i_ptm 0.27 cmap_loss_binder 1.81
190 models [0] recycles 0 hard 0 soft 1 temp 0.02 loss 1.71 plddt 0.84 ptm 0.64 i_ptm 0.34 cmap_loss_binder 1.71
191 models [1] recycles 0 hard 0 soft 1 temp 0.02 loss 1.84 plddt 0.84 ptm 0.62 i_ptm 0.27 cmap_loss_binder 1.84
192 models [0] recycles 0 hard 0 soft 1 temp 0.02 loss 1.71 plddt 0.82 ptm 0.67 i_ptm 0.40 cmap_loss_binder 1.71
193 models [0] recycles 0 hard 0 soft 1 temp 0.01 loss 1.66 plddt 0.80 ptm 0.70 i_ptm 0.46 cmap_loss_binder 1.66
194 models [1] recycles 0 hard 0 soft 1 temp 0.01 loss 1.85 plddt 0.84 ptm 0.61 i_ptm 0.23 cmap_loss_binder 1.85
195 models [1] recycles 0 hard 0 soft 1 temp 0.01 loss 1.78 plddt 0.84 ptm 0.64 i_ptm 0.32 cmap_loss_binder 1.78
196 models [0] recycles 0 hard 0 soft 1 temp 0.01 loss 1.80 plddt 0.80 ptm 0.62 i_ptm 0.31 cmap_loss_binder 1.80
197 models [1] recycles 0 hard 0 soft 1 temp 0.01 loss 1.83 plddt 0.84 ptm 0.62 i_ptm 0.26 cmap_loss_binder 1.83
198 models [1] recycles 0 hard 0 soft 1 temp 0.01 loss 1.71 plddt 0.80 ptm 0.67 i_ptm 0.36 cmap_loss_binder 1.71
199 models [0] recycles 0 hard 0 soft 1 temp 0.01 loss 1.69 plddt 0.82 ptm 0.69 i_ptm 0.44 cmap_loss_binder 1.69
200 models [0] recycles 0 hard 0 soft 1 temp 0.01 loss 1.66 plddt 0.82 ptm 0.70 i_ptm 0.47 cmap_loss_binder 1.66
Stage 3: running (hard)
201 models [0, 1] recycles 0 hard 1 soft 1 temp 0.01 loss 1.68 plddt 0.81 ptm 0.68 i_ptm 0.41 cmap_loss_binder 1.68
202 models [0, 1] recycles 0 hard 1 soft 1 temp 0.01 loss 1.70 plddt 0.77 ptm 0.69 i_ptm 0.42 cmap_loss_binder 1.70
203 models [0, 1] recycles 0 hard 1 soft 1 temp 0.01 loss 1.67 plddt 0.80 ptm 0.70 i_ptm 0.45 cmap_loss_binder 1.67
204 models [0, 1] recycles 0 hard 1 soft 1 temp 0.01 loss 1.66 plddt 0.80 ptm 0.71 i_ptm 0.46 cmap_loss_binder 1.66
205 models [0, 1] recycles 0 hard 1 soft 1 temp 0.01 loss 1.70 plddt 0.77 ptm 0.69 i_ptm 0.42 cmap_loss_binder 1.70
206 models [0, 1] recycles 0 hard 1 soft 1 temp 0.01 loss 1.67 plddt 0.81 ptm 0.70 i_ptm 0.44 cmap_loss_binder 1.67
207 models [0, 1] recycles 0 hard 1 soft 1 temp 0.01 loss 1.68 plddt 0.78 ptm 0.69 i_ptm 0.43 cmap_loss_binder 1.68
208 models [0, 1] recycles 0 hard 1 soft 1 temp 0.01 loss 1.68 plddt 0.80 ptm 0.69 i_ptm 0.43 cmap_loss_binder 1.68
209 models [0, 1] recycles 0 hard 1 soft 1 temp 0.01 loss 1.73 plddt 0.75 ptm 0.68 i_ptm 0.41 cmap_loss_binder 1.73
210 models [0, 1] recycles 0 hard 1 soft 1 temp 0.01 loss 1.67 plddt 0.81 ptm 0.69 i_ptm 0.43 cmap_loss_binder 1.67
211 models [0, 1] recycles 0 hard 1 soft 1 temp 0.01 loss 1.70 plddt 0.77 ptm 0.70 i_ptm 0.45 cmap_loss_binder 1.70
212 models [0, 1] recycles 0 hard 1 soft 1 temp 0.01 loss 1.71 plddt 0.77 ptm 0.69 i_ptm 0.44 cmap_loss_binder 1.71
213 models [0, 1] recycles 0 hard 1 soft 1 temp 0.01 loss 1.66 plddt 0.80 ptm 0.71 i_ptm 0.48 cmap_loss_binder 1.66
214 models [0, 1] recycles 0 hard 1 soft 1 temp 0.01 loss 1.67 plddt 0.81 ptm 0.70 i_ptm 0.44 cmap_loss_binder 1.67
215 models [0, 1] recycles 0 hard 1 soft 1 temp 0.01 loss 1.72 plddt 0.77 ptm 0.68 i_ptm 0.41 cmap_loss_binder 1.72
216 models [0, 1] recycles 0 hard 1 soft 1 temp 0.01 loss 1.67 plddt 0.80 ptm 0.70 i_ptm 0.45 cmap_loss_binder 1.67
217 models [0, 1] recycles 0 hard 1 soft 1 temp 0.01 loss 1.69 plddt 0.80 ptm 0.69 i_ptm 0.43 cmap_loss_binder 1.69
218 models [0, 1] recycles 0 hard 1 soft 1 temp 0.01 loss 1.68 plddt 0.81 ptm 0.68 i_ptm 0.41 cmap_loss_binder 1.68
219 models [0, 1] recycles 0 hard 1 soft 1 temp 0.01 loss 1.70 plddt 0.77 ptm 0.70 i_ptm 0.45 cmap_loss_binder 1.70
220 models [0, 1] recycles 0 hard 1 soft 1 temp 0.01 loss 1.66 plddt 0.80 ptm 0.71 i_ptm 0.48 cmap_loss_binder 1.66
Predicting sequences with AF2_ptm...
predict: traj_1_0 plddt: 0.864, i_pae: 0.595, i_ptm: 0.305, cmap_loss: 1.965
predict: traj_1_1 plddt: 0.876, i_pae: 0.533, i_ptm: 0.369, cmap_loss: 1.941
