CMAP of binder (monomer plddt: 0.981)
Stage 1: running (logits → soft)
1 models [1] recycles 0 hard 0 soft 0.01 temp 1 loss 4.79 plddt 0.44 ptm 0.47 i_ptm 0.07 cmap_loss_binder 4.79
2 models [1] recycles 0 hard 0 soft 0.02 temp 1 loss 4.59 plddt 0.90 ptm 0.47 i_ptm 0.08 cmap_loss_binder 4.59
3 models [1] recycles 0 hard 0 soft 0.03 temp 1 loss 4.55 plddt 0.87 ptm 0.46 i_ptm 0.07 cmap_loss_binder 4.55
4 models [1] recycles 0 hard 0 soft 0.04 temp 1 loss 4.49 plddt 0.69 ptm 0.46 i_ptm 0.06 cmap_loss_binder 4.49
5 models [1] recycles 0 hard 0 soft 0.05 temp 1 loss 4.46 plddt 0.70 ptm 0.47 i_ptm 0.07 cmap_loss_binder 4.46
6 models [1] recycles 0 hard 0 soft 0.06 temp 1 loss 4.49 plddt 0.79 ptm 0.46 i_ptm 0.06 cmap_loss_binder 4.49
7 models [1] recycles 0 hard 0 soft 0.07 temp 1 loss 4.47 plddt 0.80 ptm 0.46 i_ptm 0.06 cmap_loss_binder 4.47
8 models [1] recycles 0 hard 0 soft 0.08 temp 1 loss 4.45 plddt 0.76 ptm 0.46 i_ptm 0.06 cmap_loss_binder 4.45
9 models [1] recycles 0 hard 0 soft 0.09 temp 1 loss 4.40 plddt 0.71 ptm 0.46 i_ptm 0.07 cmap_loss_binder 4.40
10 models [0] recycles 0 hard 0 soft 0.10 temp 1 loss 4.39 plddt 0.67 ptm 0.46 i_ptm 0.08 cmap_loss_binder 4.39
11 models [1] recycles 0 hard 0 soft 0.11 temp 1 loss 4.37 plddt 0.67 ptm 0.47 i_ptm 0.08 cmap_loss_binder 4.37
12 models [0] recycles 0 hard 0 soft 0.12 temp 1 loss 4.36 plddt 0.68 ptm 0.47 i_ptm 0.08 cmap_loss_binder 4.36
13 models [1] recycles 0 hard 0 soft 0.13 temp 1 loss 4.35 plddt 0.69 ptm 0.47 i_ptm 0.07 cmap_loss_binder 4.35
14 models [1] recycles 0 hard 0 soft 0.14 temp 1 loss 4.36 plddt 0.68 ptm 0.47 i_ptm 0.07 cmap_loss_binder 4.36
15 models [1] recycles 0 hard 0 soft 0.15 temp 1 loss 4.35 plddt 0.69 ptm 0.47 i_ptm 0.07 cmap_loss_binder 4.35
16 models [1] recycles 0 hard 0 soft 0.16 temp 1 loss 4.34 plddt 0.69 ptm 0.47 i_ptm 0.07 cmap_loss_binder 4.34
17 models [1] recycles 0 hard 0 soft 0.17 temp 1 loss 4.32 plddt 0.68 ptm 0.47 i_ptm 0.07 cmap_loss_binder 4.32
18 models [0] recycles 0 hard 0 soft 0.18 temp 1 loss 4.30 plddt 0.65 ptm 0.49 i_ptm 0.11 cmap_loss_binder 4.30
19 models [0] recycles 0 hard 0 soft 0.19 temp 1 loss 4.16 plddt 0.52 ptm 0.50 i_ptm 0.13 cmap_loss_binder 4.16
20 models [0] recycles 0 hard 0 soft 0.20 temp 1 loss 4.10 plddt 0.49 ptm 0.50 i_ptm 0.14 cmap_loss_binder 4.10
21 models [1] recycles 0 hard 0 soft 0.21 temp 1 loss 4.11 plddt 0.52 ptm 0.48 i_ptm 0.08 cmap_loss_binder 4.11
22 models [0] recycles 0 hard 0 soft 0.22 temp 1 loss 4.06 plddt 0.53 ptm 0.49 i_ptm 0.13 cmap_loss_binder 4.06
23 models [1] recycles 0 hard 0 soft 0.23 temp 1 loss 4.10 plddt 0.46 ptm 0.48 i_ptm 0.09 cmap_loss_binder 4.10
24 models [0] recycles 0 hard 0 soft 0.24 temp 1 loss 4.03 plddt 0.47 ptm 0.50 i_ptm 0.13 cmap_loss_binder 4.03
25 models [1] recycles 0 hard 0 soft 0.25 temp 1 loss 3.96 plddt 0.47 ptm 0.48 i_ptm 0.09 cmap_loss_binder 3.96
26 models [0] recycles 0 hard 0 soft 0.26 temp 1 loss 3.88 plddt 0.47 ptm 0.49 i_ptm 0.12 cmap_loss_binder 3.88
27 models [0] recycles 0 hard 0 soft 0.27 temp 1 loss 3.84 plddt 0.47 ptm 0.50 i_ptm 0.13 cmap_loss_binder 3.84
28 models [0] recycles 0 hard 0 soft 0.28 temp 1 loss 3.80 plddt 0.52 ptm 0.50 i_ptm 0.13 cmap_loss_binder 3.80
29 models [0] recycles 0 hard 0 soft 0.29 temp 1 loss 3.79 plddt 0.48 ptm 0.49 i_ptm 0.12 cmap_loss_binder 3.79
30 models [0] recycles 0 hard 0 soft 0.30 temp 1 loss 3.77 plddt 0.55 ptm 0.49 i_ptm 0.13 cmap_loss_binder 3.77
31 models [1] recycles 0 hard 0 soft 0.31 temp 1 loss 3.80 plddt 0.48 ptm 0.48 i_ptm 0.09 cmap_loss_binder 3.80
32 models [0] recycles 0 hard 0 soft 0.32 temp 1 loss 3.71 plddt 0.56 ptm 0.49 i_ptm 0.14 cmap_loss_binder 3.71
33 models [0] recycles 0 hard 0 soft 0.33 temp 1 loss 3.72 plddt 0.49 ptm 0.49 i_ptm 0.13 cmap_loss_binder 3.72
34 models [0] recycles 0 hard 0 soft 0.34 temp 1 loss 3.64 plddt 0.55 ptm 0.49 i_ptm 0.12 cmap_loss_binder 3.64
35 models [0] recycles 0 hard 0 soft 0.35 temp 1 loss 3.65 plddt 0.51 ptm 0.49 i_ptm 0.13 cmap_loss_binder 3.65
36 models [0] recycles 0 hard 0 soft 0.36 temp 1 loss 3.62 plddt 0.49 ptm 0.51 i_ptm 0.16 cmap_loss_binder 3.62
37 models [1] recycles 0 hard 0 soft 0.37 temp 1 loss 3.64 plddt 0.51 ptm 0.48 i_ptm 0.10 cmap_loss_binder 3.64
38 models [0] recycles 0 hard 0 soft 0.38 temp 1 loss 3.56 plddt 0.56 ptm 0.50 i_ptm 0.13 cmap_loss_binder 3.56
39 models [0] recycles 0 hard 0 soft 0.39 temp 1 loss 3.69 plddt 0.42 ptm 0.51 i_ptm 0.15 cmap_loss_binder 3.69
40 models [0] recycles 0 hard 0 soft 0.40 temp 1 loss 3.55 plddt 0.53 ptm 0.50 i_ptm 0.14 cmap_loss_binder 3.55
41 models [1] recycles 0 hard 0 soft 0.41 temp 1 loss 3.56 plddt 0.54 ptm 0.48 i_ptm 0.10 cmap_loss_binder 3.56
42 models [0] recycles 0 hard 0 soft 0.42 temp 1 loss 3.52 plddt 0.56 ptm 0.50 i_ptm 0.14 cmap_loss_binder 3.52
43 models [1] recycles 0 hard 0 soft 0.43 temp 1 loss 3.57 plddt 0.49 ptm 0.49 i_ptm 0.11 cmap_loss_binder 3.57
44 models [0] recycles 0 hard 0 soft 0.44 temp 1 loss 3.47 plddt 0.51 ptm 0.51 i_ptm 0.15 cmap_loss_binder 3.47
45 models [1] recycles 0 hard 0 soft 0.45 temp 1 loss 3.54 plddt 0.52 ptm 0.50 i_ptm 0.13 cmap_loss_binder 3.54
46 models [1] recycles 0 hard 0 soft 0.46 temp 1 loss 3.46 plddt 0.57 ptm 0.51 i_ptm 0.14 cmap_loss_binder 3.46
47 models [1] recycles 0 hard 0 soft 0.47 temp 1 loss 3.49 plddt 0.51 ptm 0.51 i_ptm 0.14 cmap_loss_binder 3.49
48 models [0] recycles 0 hard 0 soft 0.48 temp 1 loss 3.48 plddt 0.57 ptm 0.51 i_ptm 0.16 cmap_loss_binder 3.48
49 models [0] recycles 0 hard 0 soft 0.49 temp 1 loss 3.43 plddt 0.54 ptm 0.52 i_ptm 0.17 cmap_loss_binder 3.43
50 models [1] recycles 0 hard 0 soft 0.50 temp 1 loss 3.53 plddt 0.50 ptm 0.49 i_ptm 0.11 cmap_loss_binder 3.53
51 models [1] recycles 0 hard 0 soft 0.51 temp 1 loss 3.46 plddt 0.58 ptm 0.53 i_ptm 0.20 cmap_loss_binder 3.46
52 models [0] recycles 0 hard 0 soft 0.52 temp 1 loss 3.40 plddt 0.54 ptm 0.53 i_ptm 0.20 cmap_loss_binder 3.40
53 models [0] recycles 0 hard 0 soft 0.53 temp 1 loss 3.45 plddt 0.48 ptm 0.51 i_ptm 0.16 cmap_loss_binder 3.45
54 models [1] recycles 0 hard 0 soft 0.54 temp 1 loss 3.42 plddt 0.52 ptm 0.51 i_ptm 0.14 cmap_loss_binder 3.42
55 models [1] recycles 0 hard 0 soft 0.55 temp 1 loss 3.43 plddt 0.55 ptm 0.51 i_ptm 0.15 cmap_loss_binder 3.43
56 models [0] recycles 0 hard 0 soft 0.56 temp 1 loss 3.44 plddt 0.56 ptm 0.50 i_ptm 0.14 cmap_loss_binder 3.44
57 models [1] recycles 0 hard 0 soft 0.57 temp 1 loss 3.41 plddt 0.57 ptm 0.53 i_ptm 0.17 cmap_loss_binder 3.41
58 models [1] recycles 0 hard 0 soft 0.58 temp 1 loss 3.46 plddt 0.49 ptm 0.51 i_ptm 0.15 cmap_loss_binder 3.46
59 models [1] recycles 0 hard 0 soft 0.59 temp 1 loss 3.40 plddt 0.57 ptm 0.52 i_ptm 0.16 cmap_loss_binder 3.40
60 models [1] recycles 0 hard 0 soft 0.60 temp 1 loss 3.39 plddt 0.54 ptm 0.52 i_ptm 0.16 cmap_loss_binder 3.39
61 models [0] recycles 0 hard 0 soft 0.61 temp 1 loss 3.43 plddt 0.55 ptm 0.51 i_ptm 0.17 cmap_loss_binder 3.43
62 models [1] recycles 0 hard 0 soft 0.62 temp 1 loss 3.37 plddt 0.51 ptm 0.52 i_ptm 0.17 cmap_loss_binder 3.37
63 models [0] recycles 0 hard 0 soft 0.63 temp 1 loss 3.36 plddt 0.55 ptm 0.53 i_ptm 0.19 cmap_loss_binder 3.36
64 models [1] recycles 0 hard 0 soft 0.64 temp 1 loss 3.41 plddt 0.51 ptm 0.53 i_ptm 0.17 cmap_loss_binder 3.41
65 models [0] recycles 0 hard 0 soft 0.65 temp 1 loss 3.40 plddt 0.50 ptm 0.52 i_ptm 0.18 cmap_loss_binder 3.40
66 models [1] recycles 0 hard 0 soft 0.66 temp 1 loss 3.33 plddt 0.57 ptm 0.54 i_ptm 0.20 cmap_loss_binder 3.33
67 models [0] recycles 0 hard 0 soft 0.67 temp 1 loss 3.36 plddt 0.53 ptm 0.53 i_ptm 0.20 cmap_loss_binder 3.36
68 models [0] recycles 0 hard 0 soft 0.68 temp 1 loss 3.35 plddt 0.52 ptm 0.53 i_ptm 0.20 cmap_loss_binder 3.35
69 models [0] recycles 0 hard 0 soft 0.69 temp 1 loss 3.34 plddt 0.51 ptm 0.53 i_ptm 0.20 cmap_loss_binder 3.34
70 models [1] recycles 0 hard 0 soft 0.70 temp 1 loss 3.35 plddt 0.49 ptm 0.55 i_ptm 0.21 cmap_loss_binder 3.35
71 models [1] recycles 0 hard 0 soft 0.71 temp 1 loss 3.36 plddt 0.54 ptm 0.55 i_ptm 0.21 cmap_loss_binder 3.36
72 models [1] recycles 0 hard 0 soft 0.72 temp 1 loss 3.41 plddt 0.47 ptm 0.52 i_ptm 0.16 cmap_loss_binder 3.41
73 models [1] recycles 0 hard 0 soft 0.73 temp 1 loss 3.33 plddt 0.56 ptm 0.54 i_ptm 0.19 cmap_loss_binder 3.33
74 models [1] recycles 0 hard 0 soft 0.74 temp 1 loss 3.31 plddt 0.52 ptm 0.54 i_ptm 0.19 cmap_loss_binder 3.31
75 models [1] recycles 0 hard 0 soft 0.75 temp 1 loss 3.30 plddt 0.55 ptm 0.55 i_ptm 0.20 cmap_loss_binder 3.30
76 models [0] recycles 0 hard 0 soft 0.76 temp 1 loss 3.36 plddt 0.57 ptm 0.52 i_ptm 0.19 cmap_loss_binder 3.36
77 models [0] recycles 0 hard 0 soft 0.77 temp 1 loss 3.47 plddt 0.51 ptm 0.52 i_ptm 0.19 cmap_loss_binder 3.47
78 models [0] recycles 0 hard 0 soft 0.78 temp 1 loss 3.33 plddt 0.51 ptm 0.53 i_ptm 0.20 cmap_loss_binder 3.33
79 models [0] recycles 0 hard 0 soft 0.79 temp 1 loss 3.35 plddt 0.56 ptm 0.53 i_ptm 0.19 cmap_loss_binder 3.35
80 models [1] recycles 0 hard 0 soft 0.80 temp 1 loss 3.41 plddt 0.53 ptm 0.53 i_ptm 0.18 cmap_loss_binder 3.41
81 models [1] recycles 0 hard 0 soft 0.81 temp 1 loss 3.31 plddt 0.53 ptm 0.53 i_ptm 0.19 cmap_loss_binder 3.31
82 models [0] recycles 0 hard 0 soft 0.82 temp 1 loss 3.31 plddt 0.48 ptm 0.55 i_ptm 0.23 cmap_loss_binder 3.31
83 models [0] recycles 0 hard 0 soft 0.83 temp 1 loss 3.36 plddt 0.55 ptm 0.52 i_ptm 0.18 cmap_loss_binder 3.36
84 models [1] recycles 0 hard 0 soft 0.84 temp 1 loss 3.38 plddt 0.46 ptm 0.54 i_ptm 0.19 cmap_loss_binder 3.38
85 models [1] recycles 0 hard 0 soft 0.85 temp 1 loss 3.28 plddt 0.54 ptm 0.55 i_ptm 0.22 cmap_loss_binder 3.28
86 models [1] recycles 0 hard 0 soft 0.86 temp 1 loss 3.38 plddt 0.52 ptm 0.54 i_ptm 0.19 cmap_loss_binder 3.38
87 models [1] recycles 0 hard 0 soft 0.87 temp 1 loss 3.32 plddt 0.52 ptm 0.55 i_ptm 0.20 cmap_loss_binder 3.32
88 models [1] recycles 0 hard 0 soft 0.88 temp 1 loss 3.33 plddt 0.51 ptm 0.53 i_ptm 0.17 cmap_loss_binder 3.33
89 models [1] recycles 0 hard 0 soft 0.89 temp 1 loss 3.28 plddt 0.54 ptm 0.55 i_ptm 0.22 cmap_loss_binder 3.28
90 models [1] recycles 0 hard 0 soft 0.90 temp 1 loss 3.30 plddt 0.48 ptm 0.53 i_ptm 0.18 cmap_loss_binder 3.30
91 models [1] recycles 0 hard 0 soft 0.91 temp 1 loss 3.29 plddt 0.56 ptm 0.56 i_ptm 0.23 cmap_loss_binder 3.29
92 models [0] recycles 0 hard 0 soft 0.92 temp 1 loss 3.40 plddt 0.48 ptm 0.51 i_ptm 0.17 cmap_loss_binder 3.40
93 models [1] recycles 0 hard 0 soft 0.93 temp 1 loss 3.32 plddt 0.53 ptm 0.54 i_ptm 0.19 cmap_loss_binder 3.32
94 models [0] recycles 0 hard 0 soft 0.94 temp 1 loss 3.36 plddt 0.50 ptm 0.52 i_ptm 0.18 cmap_loss_binder 3.36
95 models [1] recycles 0 hard 0 soft 0.95 temp 1 loss 3.38 plddt 0.51 ptm 0.53 i_ptm 0.18 cmap_loss_binder 3.38
96 models [1] recycles 0 hard 0 soft 0.96 temp 1 loss 3.39 plddt 0.55 ptm 0.52 i_ptm 0.15 cmap_loss_binder 3.39
97 models [0] recycles 0 hard 0 soft 0.97 temp 1 loss 3.38 plddt 0.52 ptm 0.53 i_ptm 0.20 cmap_loss_binder 3.38
98 models [0] recycles 0 hard 0 soft 0.98 temp 1 loss 3.37 plddt 0.50 ptm 0.54 i_ptm 0.21 cmap_loss_binder 3.37
99 models [0] recycles 0 hard 0 soft 0.99 temp 1 loss 3.47 plddt 0.46 ptm 0.51 i_ptm 0.15 cmap_loss_binder 3.47
100 models [1] recycles 0 hard 0 soft 1 temp 1 loss 3.40 plddt 0.48 ptm 0.54 i_ptm 0.19 cmap_loss_binder 3.40
Stage 2: running (soft → hard)
101 models [1] recycles 0 hard 0 soft 1 temp 0.98 loss 3.41 plddt 0.56 ptm 0.51 i_ptm 0.15 cmap_loss_binder 3.41
102 models [0] recycles 0 hard 0 soft 1 temp 0.96 loss 3.40 plddt 0.53 ptm 0.52 i_ptm 0.18 cmap_loss_binder 3.40
103 models [1] recycles 0 hard 0 soft 1 temp 0.94 loss 3.35 plddt 0.57 ptm 0.55 i_ptm 0.21 cmap_loss_binder 3.35
104 models [0] recycles 0 hard 0 soft 1 temp 0.92 loss 3.41 plddt 0.56 ptm 0.52 i_ptm 0.18 cmap_loss_binder 3.41
105 models [0] recycles 0 hard 0 soft 1 temp 0.90 loss 3.42 plddt 0.58 ptm 0.53 i_ptm 0.20 cmap_loss_binder 3.42
106 models [1] recycles 0 hard 0 soft 1 temp 0.88 loss 3.34 plddt 0.56 ptm 0.52 i_ptm 0.17 cmap_loss_binder 3.34
107 models [0] recycles 0 hard 0 soft 1 temp 0.87 loss 3.39 plddt 0.55 ptm 0.53 i_ptm 0.19 cmap_loss_binder 3.39
108 models [0] recycles 0 hard 0 soft 1 temp 0.85 loss 3.41 plddt 0.58 ptm 0.52 i_ptm 0.16 cmap_loss_binder 3.41
109 models [1] recycles 0 hard 0 soft 1 temp 0.83 loss 3.35 plddt 0.51 ptm 0.55 i_ptm 0.22 cmap_loss_binder 3.35
110 models [0] recycles 0 hard 0 soft 1 temp 0.81 loss 3.36 plddt 0.51 ptm 0.54 i_ptm 0.20 cmap_loss_binder 3.36
111 models [1] recycles 0 hard 0 soft 1 temp 0.79 loss 3.32 plddt 0.56 ptm 0.55 i_ptm 0.21 cmap_loss_binder 3.32
112 models [1] recycles 0 hard 0 soft 1 temp 0.78 loss 3.35 plddt 0.57 ptm 0.53 i_ptm 0.19 cmap_loss_binder 3.35
113 models [0] recycles 0 hard 0 soft 1 temp 0.76 loss 3.33 plddt 0.54 ptm 0.53 i_ptm 0.19 cmap_loss_binder 3.33
114 models [1] recycles 0 hard 0 soft 1 temp 0.74 loss 3.34 plddt 0.56 ptm 0.54 i_ptm 0.18 cmap_loss_binder 3.34
115 models [0] recycles 0 hard 0 soft 1 temp 0.73 loss 3.33 plddt 0.58 ptm 0.53 i_ptm 0.20 cmap_loss_binder 3.33
116 models [1] recycles 0 hard 0 soft 1 temp 0.71 loss 3.32 plddt 0.57 ptm 0.56 i_ptm 0.24 cmap_loss_binder 3.32
117 models [0] recycles 0 hard 0 soft 1 temp 0.69 loss 3.34 plddt 0.54 ptm 0.52 i_ptm 0.18 cmap_loss_binder 3.34
118 models [1] recycles 0 hard 0 soft 1 temp 0.68 loss 3.33 plddt 0.52 ptm 0.54 i_ptm 0.20 cmap_loss_binder 3.33
119 models [1] recycles 0 hard 0 soft 1 temp 0.66 loss 3.31 plddt 0.58 ptm 0.57 i_ptm 0.26 cmap_loss_binder 3.31
120 models [1] recycles 0 hard 0 soft 1 temp 0.64 loss 3.32 plddt 0.56 ptm 0.55 i_ptm 0.21 cmap_loss_binder 3.32
121 models [0] recycles 0 hard 0 soft 1 temp 0.63 loss 3.36 plddt 0.54 ptm 0.53 i_ptm 0.19 cmap_loss_binder 3.36
122 models [1] recycles 0 hard 0 soft 1 temp 0.61 loss 3.33 plddt 0.51 ptm 0.54 i_ptm 0.20 cmap_loss_binder 3.33
123 models [0] recycles 0 hard 0 soft 1 temp 0.60 loss 3.32 plddt 0.55 ptm 0.53 i_ptm 0.19 cmap_loss_binder 3.32
124 models [0] recycles 0 hard 0 soft 1 temp 0.58 loss 3.31 plddt 0.53 ptm 0.54 i_ptm 0.21 cmap_loss_binder 3.31
125 models [1] recycles 0 hard 0 soft 1 temp 0.57 loss 3.31 plddt 0.55 ptm 0.56 i_ptm 0.24 cmap_loss_binder 3.31
126 models [0] recycles 0 hard 0 soft 1 temp 0.55 loss 3.32 plddt 0.56 ptm 0.53 i_ptm 0.20 cmap_loss_binder 3.32
127 models [1] recycles 0 hard 0 soft 1 temp 0.54 loss 3.32 plddt 0.52 ptm 0.53 i_ptm 0.18 cmap_loss_binder 3.32
128 models [0] recycles 0 hard 0 soft 1 temp 0.52 loss 3.33 plddt 0.56 ptm 0.55 i_ptm 0.23 cmap_loss_binder 3.33
129 models [1] recycles 0 hard 0 soft 1 temp 0.51 loss 3.32 plddt 0.53 ptm 0.54 i_ptm 0.19 cmap_loss_binder 3.32
130 models [0] recycles 0 hard 0 soft 1 temp 0.50 loss 3.33 plddt 0.51 ptm 0.53 i_ptm 0.19 cmap_loss_binder 3.33
131 models [0] recycles 0 hard 0 soft 1 temp 0.48 loss 3.31 plddt 0.55 ptm 0.54 i_ptm 0.21 cmap_loss_binder 3.31
132 models [0] recycles 0 hard 0 soft 1 temp 0.47 loss 3.31 plddt 0.53 ptm 0.54 i_ptm 0.20 cmap_loss_binder 3.31
133 models [1] recycles 0 hard 0 soft 1 temp 0.45 loss 3.28 plddt 0.53 ptm 0.57 i_ptm 0.24 cmap_loss_binder 3.28
134 models [1] recycles 0 hard 0 soft 1 temp 0.44 loss 3.31 plddt 0.55 ptm 0.55 i_ptm 0.22 cmap_loss_binder 3.31
135 models [0] recycles 0 hard 0 soft 1 temp 0.43 loss 3.33 plddt 0.53 ptm 0.53 i_ptm 0.20 cmap_loss_binder 3.33
136 models [0] recycles 0 hard 0 soft 1 temp 0.42 loss 3.32 plddt 0.55 ptm 0.54 i_ptm 0.21 cmap_loss_binder 3.32
137 models [1] recycles 0 hard 0 soft 1 temp 0.40 loss 3.30 plddt 0.54 ptm 0.56 i_ptm 0.23 cmap_loss_binder 3.30
138 models [1] recycles 0 hard 0 soft 1 temp 0.39 loss 3.34 plddt 0.53 ptm 0.54 i_ptm 0.20 cmap_loss_binder 3.34
139 models [1] recycles 0 hard 0 soft 1 temp 0.38 loss 3.26 plddt 0.53 ptm 0.57 i_ptm 0.25 cmap_loss_binder 3.26
140 models [0] recycles 0 hard 0 soft 1 temp 0.37 loss 3.34 plddt 0.53 ptm 0.52 i_ptm 0.18 cmap_loss_binder 3.34
141 models [0] recycles 0 hard 0 soft 1 temp 0.35 loss 3.35 plddt 0.54 ptm 0.52 i_ptm 0.17 cmap_loss_binder 3.35
142 models [0] recycles 0 hard 0 soft 1 temp 0.34 loss 3.35 plddt 0.51 ptm 0.53 i_ptm 0.19 cmap_loss_binder 3.35
143 models [1] recycles 0 hard 0 soft 1 temp 0.33 loss 3.35 plddt 0.54 ptm 0.53 i_ptm 0.19 cmap_loss_binder 3.35
144 models [0] recycles 0 hard 0 soft 1 temp 0.32 loss 3.33 plddt 0.56 ptm 0.53 i_ptm 0.20 cmap_loss_binder 3.33
145 models [1] recycles 0 hard 0 soft 1 temp 0.31 loss 3.29 plddt 0.50 ptm 0.55 i_ptm 0.21 cmap_loss_binder 3.29
146 models [0] recycles 0 hard 0 soft 1 temp 0.30 loss 3.33 plddt 0.55 ptm 0.53 i_ptm 0.19 cmap_loss_binder 3.33
147 models [1] recycles 0 hard 0 soft 1 temp 0.29 loss 3.30 plddt 0.53 ptm 0.56 i_ptm 0.22 cmap_loss_binder 3.30
148 models [1] recycles 0 hard 0 soft 1 temp 0.28 loss 3.33 plddt 0.54 ptm 0.53 i_ptm 0.18 cmap_loss_binder 3.33
149 models [0] recycles 0 hard 0 soft 1 temp 0.27 loss 3.33 plddt 0.51 ptm 0.53 i_ptm 0.19 cmap_loss_binder 3.33
150 models [0] recycles 0 hard 0 soft 1 temp 0.26 loss 3.32 plddt 0.53 ptm 0.53 i_ptm 0.19 cmap_loss_binder 3.32
151 models [0] recycles 0 hard 0 soft 1 temp 0.25 loss 3.34 plddt 0.51 ptm 0.52 i_ptm 0.18 cmap_loss_binder 3.34
152 models [0] recycles 0 hard 0 soft 1 temp 0.24 loss 3.29 plddt 0.52 ptm 0.54 i_ptm 0.21 cmap_loss_binder 3.29
153 models [0] recycles 0 hard 0 soft 1 temp 0.23 loss 3.31 plddt 0.50 ptm 0.53 i_ptm 0.21 cmap_loss_binder 3.31
154 models [0] recycles 0 hard 0 soft 1 temp 0.22 loss 3.35 plddt 0.51 ptm 0.52 i_ptm 0.17 cmap_loss_binder 3.35
155 models [1] recycles 0 hard 0 soft 1 temp 0.21 loss 3.36 plddt 0.51 ptm 0.52 i_ptm 0.16 cmap_loss_binder 3.36
156 models [0] recycles 0 hard 0 soft 1 temp 0.20 loss 3.35 plddt 0.56 ptm 0.54 i_ptm 0.22 cmap_loss_binder 3.35
157 models [0] recycles 0 hard 0 soft 1 temp 0.19 loss 3.32 plddt 0.53 ptm 0.53 i_ptm 0.21 cmap_loss_binder 3.32
158 models [1] recycles 0 hard 0 soft 1 temp 0.18 loss 3.32 plddt 0.53 ptm 0.54 i_ptm 0.20 cmap_loss_binder 3.32
159 models [1] recycles 0 hard 0 soft 1 temp 0.18 loss 3.31 plddt 0.52 ptm 0.54 i_ptm 0.20 cmap_loss_binder 3.31
160 models [1] recycles 0 hard 0 soft 1 temp 0.17 loss 3.35 plddt 0.58 ptm 0.53 i_ptm 0.17 cmap_loss_binder 3.35
161 models [1] recycles 0 hard 0 soft 1 temp 0.16 loss 3.29 plddt 0.54 ptm 0.53 i_ptm 0.18 cmap_loss_binder 3.29
162 models [1] recycles 0 hard 0 soft 1 temp 0.15 loss 3.35 plddt 0.54 ptm 0.54 i_ptm 0.19 cmap_loss_binder 3.35
163 models [1] recycles 0 hard 0 soft 1 temp 0.15 loss 3.32 plddt 0.57 ptm 0.55 i_ptm 0.21 cmap_loss_binder 3.32
164 models [1] recycles 0 hard 0 soft 1 temp 0.14 loss 3.49 plddt 0.41 ptm 0.51 i_ptm 0.13 cmap_loss_binder 3.49
165 models [0] recycles 0 hard 0 soft 1 temp 0.13 loss 3.39 plddt 0.49 ptm 0.51 i_ptm 0.17 cmap_loss_binder 3.39
166 models [1] recycles 0 hard 0 soft 1 temp 0.12 loss 3.34 plddt 0.52 ptm 0.52 i_ptm 0.15 cmap_loss_binder 3.34
167 models [0] recycles 0 hard 0 soft 1 temp 0.12 loss 3.40 plddt 0.51 ptm 0.50 i_ptm 0.15 cmap_loss_binder 3.40
168 models [0] recycles 0 hard 0 soft 1 temp 0.11 loss 3.36 plddt 0.51 ptm 0.51 i_ptm 0.15 cmap_loss_binder 3.36
169 models [1] recycles 0 hard 0 soft 1 temp 0.11 loss 3.48 plddt 0.46 ptm 0.50 i_ptm 0.12 cmap_loss_binder 3.48
170 models [1] recycles 0 hard 0 soft 1 temp 0.10 loss 3.37 plddt 0.51 ptm 0.51 i_ptm 0.15 cmap_loss_binder 3.37
171 models [1] recycles 0 hard 0 soft 1 temp 0.09 loss 3.36 plddt 0.52 ptm 0.53 i_ptm 0.16 cmap_loss_binder 3.36
172 models [1] recycles 0 hard 0 soft 1 temp 0.09 loss 3.40 plddt 0.52 ptm 0.50 i_ptm 0.13 cmap_loss_binder 3.40
173 models [0] recycles 0 hard 0 soft 1 temp 0.08 loss 3.39 plddt 0.50 ptm 0.51 i_ptm 0.17 cmap_loss_binder 3.39
174 models [0] recycles 0 hard 0 soft 1 temp 0.08 loss 3.37 plddt 0.51 ptm 0.51 i_ptm 0.16 cmap_loss_binder 3.37
175 models [0] recycles 0 hard 0 soft 1 temp 0.07 loss 3.38 plddt 0.50 ptm 0.51 i_ptm 0.16 cmap_loss_binder 3.38
176 models [1] recycles 0 hard 0 soft 1 temp 0.07 loss 3.42 plddt 0.46 ptm 0.50 i_ptm 0.13 cmap_loss_binder 3.42
177 models [1] recycles 0 hard 0 soft 1 temp 0.06 loss 3.41 plddt 0.50 ptm 0.49 i_ptm 0.13 cmap_loss_binder 3.41
178 models [1] recycles 0 hard 0 soft 1 temp 0.06 loss 3.43 plddt 0.54 ptm 0.50 i_ptm 0.14 cmap_loss_binder 3.43
179 models [0] recycles 0 hard 0 soft 1 temp 0.05 loss 3.52 plddt 0.46 ptm 0.49 i_ptm 0.13 cmap_loss_binder 3.52
180 models [0] recycles 0 hard 0 soft 1 temp 0.05 loss 3.40 plddt 0.48 ptm 0.51 i_ptm 0.16 cmap_loss_binder 3.40
181 models [0] recycles 0 hard 0 soft 1 temp 0.05 loss 3.36 plddt 0.50 ptm 0.51 i_ptm 0.16 cmap_loss_binder 3.36
182 models [1] recycles 0 hard 0 soft 1 temp 0.04 loss 3.43 plddt 0.52 ptm 0.49 i_ptm 0.11 cmap_loss_binder 3.43
183 models [0] recycles 0 hard 0 soft 1 temp 0.04 loss 3.40 plddt 0.47 ptm 0.51 i_ptm 0.15 cmap_loss_binder 3.40
184 models [0] recycles 0 hard 0 soft 1 temp 0.04 loss 3.49 plddt 0.46 ptm 0.49 i_ptm 0.13 cmap_loss_binder 3.49
185 models [1] recycles 0 hard 0 soft 1 temp 0.03 loss 3.38 plddt 0.50 ptm 0.50 i_ptm 0.13 cmap_loss_binder 3.38
186 models [0] recycles 0 hard 0 soft 1 temp 0.03 loss 3.42 plddt 0.48 ptm 0.50 i_ptm 0.14 cmap_loss_binder 3.42
187 models [1] recycles 0 hard 0 soft 1 temp 0.03 loss 3.43 plddt 0.50 ptm 0.49 i_ptm 0.12 cmap_loss_binder 3.43
188 models [0] recycles 0 hard 0 soft 1 temp 0.02 loss 3.46 plddt 0.49 ptm 0.49 i_ptm 0.12 cmap_loss_binder 3.46
189 models [1] recycles 0 hard 0 soft 1 temp 0.02 loss 3.40 plddt 0.54 ptm 0.49 i_ptm 0.12 cmap_loss_binder 3.40
190 models [1] recycles 0 hard 0 soft 1 temp 0.02 loss 3.45 plddt 0.47 ptm 0.49 i_ptm 0.11 cmap_loss_binder 3.45
191 models [1] recycles 0 hard 0 soft 1 temp 0.02 loss 3.44 plddt 0.49 ptm 0.48 i_ptm 0.11 cmap_loss_binder 3.44
192 models [0] recycles 0 hard 0 soft 1 temp 0.02 loss 3.43 plddt 0.51 ptm 0.49 i_ptm 0.12 cmap_loss_binder 3.43
193 models [1] recycles 0 hard 0 soft 1 temp 0.01 loss 3.50 plddt 0.47 ptm 0.48 i_ptm 0.11 cmap_loss_binder 3.50
194 models [1] recycles 0 hard 0 soft 1 temp 0.01 loss 3.44 plddt 0.50 ptm 0.50 i_ptm 0.13 cmap_loss_binder 3.44
195 models [1] recycles 0 hard 0 soft 1 temp 0.01 loss 3.49 plddt 0.48 ptm 0.48 i_ptm 0.11 cmap_loss_binder 3.49
196 models [0] recycles 0 hard 0 soft 1 temp 0.01 loss 3.55 plddt 0.42 ptm 0.49 i_ptm 0.13 cmap_loss_binder 3.55
197 models [0] recycles 0 hard 0 soft 1 temp 0.01 loss 3.47 plddt 0.45 ptm 0.50 i_ptm 0.13 cmap_loss_binder 3.47
198 models [1] recycles 0 hard 0 soft 1 temp 0.01 loss 3.54 plddt 0.46 ptm 0.49 i_ptm 0.12 cmap_loss_binder 3.54
199 models [1] recycles 0 hard 0 soft 1 temp 0.01 loss 3.52 plddt 0.49 ptm 0.48 i_ptm 0.11 cmap_loss_binder 3.52
200 models [0] recycles 0 hard 0 soft 1 temp 0.01 loss 3.44 plddt 0.46 ptm 0.50 i_ptm 0.15 cmap_loss_binder 3.44
Stage 3: running (hard)
201 models [0, 1] recycles 0 hard 1 soft 1 temp 0.01 loss 3.55 plddt 0.42 ptm 0.48 i_ptm 0.11 cmap_loss_binder 3.55
202 models [0, 1] recycles 0 hard 1 soft 1 temp 0.01 loss 3.61 plddt 0.41 ptm 0.48 i_ptm 0.11 cmap_loss_binder 3.61
203 models [0, 1] recycles 0 hard 1 soft 1 temp 0.01 loss 3.59 plddt 0.42 ptm 0.48 i_ptm 0.11 cmap_loss_binder 3.59
204 models [0, 1] recycles 0 hard 1 soft 1 temp 0.01 loss 3.61 plddt 0.40 ptm 0.48 i_ptm 0.11 cmap_loss_binder 3.61
205 models [0, 1] recycles 0 hard 1 soft 1 temp 0.01 loss 3.61 plddt 0.41 ptm 0.48 i_ptm 0.11 cmap_loss_binder 3.61
206 models [0, 1] recycles 0 hard 1 soft 1 temp 0.01 loss 3.60 plddt 0.41 ptm 0.48 i_ptm 0.11 cmap_loss_binder 3.60
207 models [0, 1] recycles 0 hard 1 soft 1 temp 0.01 loss 3.60 plddt 0.41 ptm 0.48 i_ptm 0.11 cmap_loss_binder 3.60
208 models [0, 1] recycles 0 hard 1 soft 1 temp 0.01 loss 3.59 plddt 0.42 ptm 0.48 i_ptm 0.11 cmap_loss_binder 3.59
209 models [0, 1] recycles 0 hard 1 soft 1 temp 0.01 loss 3.59 plddt 0.41 ptm 0.48 i_ptm 0.11 cmap_loss_binder 3.59
210 models [0, 1] recycles 0 hard 1 soft 1 temp 0.01 loss 3.60 plddt 0.41 ptm 0.48 i_ptm 0.11 cmap_loss_binder 3.60
211 models [0, 1] recycles 0 hard 1 soft 1 temp 0.01 loss 3.62 plddt 0.40 ptm 0.48 i_ptm 0.11 cmap_loss_binder 3.62
212 models [0, 1] recycles 0 hard 1 soft 1 temp 0.01 loss 3.61 plddt 0.41 ptm 0.48 i_ptm 0.11 cmap_loss_binder 3.61
213 models [0, 1] recycles 0 hard 1 soft 1 temp 0.01 loss 3.57 plddt 0.43 ptm 0.48 i_ptm 0.11 cmap_loss_binder 3.57
214 models [0, 1] recycles 0 hard 1 soft 1 temp 0.01 loss 3.61 plddt 0.41 ptm 0.48 i_ptm 0.11 cmap_loss_binder 3.61
215 models [0, 1] recycles 0 hard 1 soft 1 temp 0.01 loss 3.54 plddt 0.44 ptm 0.48 i_ptm 0.11 cmap_loss_binder 3.54
216 models [0, 1] recycles 0 hard 1 soft 1 temp 0.01 loss 3.62 plddt 0.42 ptm 0.48 i_ptm 0.11 cmap_loss_binder 3.62
217 models [0, 1] recycles 0 hard 1 soft 1 temp 0.01 loss 3.59 plddt 0.43 ptm 0.48 i_ptm 0.11 cmap_loss_binder 3.59
218 models [0, 1] recycles 0 hard 1 soft 1 temp 0.01 loss 3.60 plddt 0.41 ptm 0.48 i_ptm 0.11 cmap_loss_binder 3.60
219 models [0, 1] recycles 0 hard 1 soft 1 temp 0.01 loss 3.52 plddt 0.44 ptm 0.49 i_ptm 0.11 cmap_loss_binder 3.52
220 models [0, 1] recycles 0 hard 1 soft 1 temp 0.01 loss 3.62 plddt 0.42 ptm 0.48 i_ptm 0.10 cmap_loss_binder 3.62
Predicting sequences with AF2_ptm...
predict: traj_1_0 plddt: 0.541, i_pae: 0.913, i_ptm: 0.089, cmap_loss: 3.980
predict: traj_1_1 plddt: 0.544, i_pae: 0.916, i_ptm: 0.105, cmap_loss: 3.879
