CMAP of binder (monomer plddt: 0.981)
Stage 1: running (logits → soft)
1 models [0] recycles 0 hard 0 soft 0.01 temp 1 loss 4.68 plddt 0.58 ptm 0.47 i_ptm 0.11 cmap_loss_binder 4.68
2 models [1] recycles 0 hard 0 soft 0.02 temp 1 loss 4.66 plddt 0.93 ptm 0.46 i_ptm 0.07 cmap_loss_binder 4.66
3 models [0] recycles 0 hard 0 soft 0.03 temp 1 loss 4.65 plddt 0.77 ptm 0.46 i_ptm 0.08 cmap_loss_binder 4.65
4 models [1] recycles 0 hard 0 soft 0.04 temp 1 loss 4.64 plddt 0.84 ptm 0.46 i_ptm 0.07 cmap_loss_binder 4.64
5 models [1] recycles 0 hard 0 soft 0.05 temp 1 loss 4.62 plddt 0.83 ptm 0.46 i_ptm 0.08 cmap_loss_binder 4.62
6 models [1] recycles 0 hard 0 soft 0.06 temp 1 loss 4.60 plddt 0.77 ptm 0.46 i_ptm 0.08 cmap_loss_binder 4.60
7 models [1] recycles 0 hard 0 soft 0.07 temp 1 loss 4.55 plddt 0.75 ptm 0.46 i_ptm 0.07 cmap_loss_binder 4.55
8 models [0] recycles 0 hard 0 soft 0.08 temp 1 loss 4.54 plddt 0.73 ptm 0.46 i_ptm 0.09 cmap_loss_binder 4.54
9 models [1] recycles 0 hard 0 soft 0.09 temp 1 loss 4.46 plddt 0.58 ptm 0.46 i_ptm 0.07 cmap_loss_binder 4.46
10 models [0] recycles 0 hard 0 soft 0.10 temp 1 loss 4.47 plddt 0.62 ptm 0.47 i_ptm 0.08 cmap_loss_binder 4.47
11 models [1] recycles 0 hard 0 soft 0.11 temp 1 loss 4.44 plddt 0.62 ptm 0.46 i_ptm 0.07 cmap_loss_binder 4.44
12 models [1] recycles 0 hard 0 soft 0.12 temp 1 loss 4.40 plddt 0.56 ptm 0.47 i_ptm 0.08 cmap_loss_binder 4.40
13 models [1] recycles 0 hard 0 soft 0.13 temp 1 loss 4.36 plddt 0.45 ptm 0.47 i_ptm 0.08 cmap_loss_binder 4.36
14 models [1] recycles 0 hard 0 soft 0.14 temp 1 loss 4.32 plddt 0.43 ptm 0.47 i_ptm 0.08 cmap_loss_binder 4.32
15 models [0] recycles 0 hard 0 soft 0.15 temp 1 loss 4.33 plddt 0.52 ptm 0.48 i_ptm 0.11 cmap_loss_binder 4.33
16 models [0] recycles 0 hard 0 soft 0.16 temp 1 loss 4.28 plddt 0.49 ptm 0.48 i_ptm 0.11 cmap_loss_binder 4.28
17 models [1] recycles 0 hard 0 soft 0.17 temp 1 loss 4.32 plddt 0.44 ptm 0.47 i_ptm 0.08 cmap_loss_binder 4.32
18 models [0] recycles 0 hard 0 soft 0.18 temp 1 loss 4.25 plddt 0.49 ptm 0.48 i_ptm 0.11 cmap_loss_binder 4.25
19 models [0] recycles 0 hard 0 soft 0.19 temp 1 loss 4.19 plddt 0.44 ptm 0.49 i_ptm 0.13 cmap_loss_binder 4.19
20 models [1] recycles 0 hard 0 soft 0.20 temp 1 loss 4.19 plddt 0.45 ptm 0.47 i_ptm 0.08 cmap_loss_binder 4.19
21 models [1] recycles 0 hard 0 soft 0.21 temp 1 loss 4.17 plddt 0.39 ptm 0.47 i_ptm 0.07 cmap_loss_binder 4.17
22 models [0] recycles 0 hard 0 soft 0.22 temp 1 loss 4.26 plddt 0.56 ptm 0.48 i_ptm 0.11 cmap_loss_binder 4.26
23 models [1] recycles 0 hard 0 soft 0.23 temp 1 loss 4.12 plddt 0.39 ptm 0.47 i_ptm 0.08 cmap_loss_binder 4.12
24 models [1] recycles 0 hard 0 soft 0.24 temp 1 loss 4.06 plddt 0.40 ptm 0.47 i_ptm 0.08 cmap_loss_binder 4.06
25 models [0] recycles 0 hard 0 soft 0.25 temp 1 loss 4.09 plddt 0.51 ptm 0.49 i_ptm 0.11 cmap_loss_binder 4.09
26 models [1] recycles 0 hard 0 soft 0.26 temp 1 loss 4.03 plddt 0.41 ptm 0.47 i_ptm 0.09 cmap_loss_binder 4.03
27 models [0] recycles 0 hard 0 soft 0.27 temp 1 loss 3.96 plddt 0.45 ptm 0.48 i_ptm 0.11 cmap_loss_binder 3.96
28 models [0] recycles 0 hard 0 soft 0.28 temp 1 loss 3.91 plddt 0.50 ptm 0.48 i_ptm 0.11 cmap_loss_binder 3.91
29 models [0] recycles 0 hard 0 soft 0.29 temp 1 loss 3.91 plddt 0.48 ptm 0.48 i_ptm 0.11 cmap_loss_binder 3.91
30 models [0] recycles 0 hard 0 soft 0.30 temp 1 loss 3.82 plddt 0.54 ptm 0.48 i_ptm 0.10 cmap_loss_binder 3.82
31 models [1] recycles 0 hard 0 soft 0.31 temp 1 loss 3.81 plddt 0.46 ptm 0.47 i_ptm 0.08 cmap_loss_binder 3.81
32 models [1] recycles 0 hard 0 soft 0.32 temp 1 loss 3.78 plddt 0.62 ptm 0.46 i_ptm 0.07 cmap_loss_binder 3.78
33 models [0] recycles 0 hard 0 soft 0.33 temp 1 loss 3.80 plddt 0.51 ptm 0.48 i_ptm 0.09 cmap_loss_binder 3.80
34 models [1] recycles 0 hard 0 soft 0.34 temp 1 loss 3.72 plddt 0.58 ptm 0.47 i_ptm 0.08 cmap_loss_binder 3.72
35 models [1] recycles 0 hard 0 soft 0.35 temp 1 loss 3.67 plddt 0.63 ptm 0.47 i_ptm 0.07 cmap_loss_binder 3.67
36 models [0] recycles 0 hard 0 soft 0.36 temp 1 loss 3.67 plddt 0.54 ptm 0.48 i_ptm 0.11 cmap_loss_binder 3.67
37 models [0] recycles 0 hard 0 soft 0.37 temp 1 loss 3.64 plddt 0.63 ptm 0.47 i_ptm 0.09 cmap_loss_binder 3.64
38 models [1] recycles 0 hard 0 soft 0.38 temp 1 loss 3.65 plddt 0.61 ptm 0.47 i_ptm 0.07 cmap_loss_binder 3.65
39 models [1] recycles 0 hard 0 soft 0.39 temp 1 loss 3.65 plddt 0.69 ptm 0.47 i_ptm 0.07 cmap_loss_binder 3.65
40 models [1] recycles 0 hard 0 soft 0.40 temp 1 loss 3.59 plddt 0.63 ptm 0.47 i_ptm 0.07 cmap_loss_binder 3.59
41 models [1] recycles 0 hard 0 soft 0.41 temp 1 loss 3.57 plddt 0.62 ptm 0.47 i_ptm 0.08 cmap_loss_binder 3.57
42 models [0] recycles 0 hard 0 soft 0.42 temp 1 loss 3.58 plddt 0.57 ptm 0.47 i_ptm 0.10 cmap_loss_binder 3.58
43 models [1] recycles 0 hard 0 soft 0.43 temp 1 loss 3.54 plddt 0.64 ptm 0.47 i_ptm 0.08 cmap_loss_binder 3.54
44 models [0] recycles 0 hard 0 soft 0.44 temp 1 loss 3.57 plddt 0.61 ptm 0.48 i_ptm 0.10 cmap_loss_binder 3.57
45 models [1] recycles 0 hard 0 soft 0.45 temp 1 loss 3.53 plddt 0.62 ptm 0.47 i_ptm 0.07 cmap_loss_binder 3.53
46 models [1] recycles 0 hard 0 soft 0.46 temp 1 loss 3.48 plddt 0.63 ptm 0.47 i_ptm 0.07 cmap_loss_binder 3.48
47 models [0] recycles 0 hard 0 soft 0.47 temp 1 loss 3.44 plddt 0.64 ptm 0.47 i_ptm 0.09 cmap_loss_binder 3.44
48 models [0] recycles 0 hard 0 soft 0.48 temp 1 loss 3.45 plddt 0.62 ptm 0.47 i_ptm 0.10 cmap_loss_binder 3.45
49 models [1] recycles 0 hard 0 soft 0.49 temp 1 loss 3.52 plddt 0.55 ptm 0.47 i_ptm 0.08 cmap_loss_binder 3.52
50 models [0] recycles 0 hard 0 soft 0.50 temp 1 loss 3.44 plddt 0.69 ptm 0.47 i_ptm 0.09 cmap_loss_binder 3.44
51 models [1] recycles 0 hard 0 soft 0.51 temp 1 loss 3.45 plddt 0.64 ptm 0.47 i_ptm 0.07 cmap_loss_binder 3.45
52 models [1] recycles 0 hard 0 soft 0.52 temp 1 loss 3.39 plddt 0.68 ptm 0.47 i_ptm 0.07 cmap_loss_binder 3.39
53 models [0] recycles 0 hard 0 soft 0.53 temp 1 loss 3.40 plddt 0.67 ptm 0.47 i_ptm 0.09 cmap_loss_binder 3.40
54 models [0] recycles 0 hard 0 soft 0.54 temp 1 loss 3.37 plddt 0.63 ptm 0.47 i_ptm 0.09 cmap_loss_binder 3.37
55 models [1] recycles 0 hard 0 soft 0.55 temp 1 loss 3.53 plddt 0.52 ptm 0.47 i_ptm 0.07 cmap_loss_binder 3.53
56 models [1] recycles 0 hard 0 soft 0.56 temp 1 loss 3.41 plddt 0.69 ptm 0.47 i_ptm 0.07 cmap_loss_binder 3.41
57 models [0] recycles 0 hard 0 soft 0.57 temp 1 loss 3.37 plddt 0.67 ptm 0.48 i_ptm 0.10 cmap_loss_binder 3.37
58 models [0] recycles 0 hard 0 soft 0.58 temp 1 loss 3.69 plddt 0.44 ptm 0.48 i_ptm 0.11 cmap_loss_binder 3.69
59 models [0] recycles 0 hard 0 soft 0.59 temp 1 loss 3.36 plddt 0.66 ptm 0.47 i_ptm 0.09 cmap_loss_binder 3.36
60 models [0] recycles 0 hard 0 soft 0.60 temp 1 loss 3.34 plddt 0.63 ptm 0.47 i_ptm 0.10 cmap_loss_binder 3.34
61 models [1] recycles 0 hard 0 soft 0.61 temp 1 loss 3.40 plddt 0.73 ptm 0.46 i_ptm 0.07 cmap_loss_binder 3.40
62 models [0] recycles 0 hard 0 soft 0.62 temp 1 loss 3.38 plddt 0.62 ptm 0.47 i_ptm 0.09 cmap_loss_binder 3.38
63 models [0] recycles 0 hard 0 soft 0.63 temp 1 loss 3.36 plddt 0.73 ptm 0.47 i_ptm 0.09 cmap_loss_binder 3.36
64 models [1] recycles 0 hard 0 soft 0.64 temp 1 loss 3.38 plddt 0.66 ptm 0.46 i_ptm 0.07 cmap_loss_binder 3.38
65 models [0] recycles 0 hard 0 soft 0.65 temp 1 loss 3.34 plddt 0.69 ptm 0.47 i_ptm 0.09 cmap_loss_binder 3.34
66 models [1] recycles 0 hard 0 soft 0.66 temp 1 loss 3.41 plddt 0.61 ptm 0.46 i_ptm 0.07 cmap_loss_binder 3.41
67 models [1] recycles 0 hard 0 soft 0.67 temp 1 loss 3.47 plddt 0.62 ptm 0.47 i_ptm 0.07 cmap_loss_binder 3.47
68 models [1] recycles 0 hard 0 soft 0.68 temp 1 loss 3.37 plddt 0.68 ptm 0.46 i_ptm 0.07 cmap_loss_binder 3.37
69 models [1] recycles 0 hard 0 soft 0.69 temp 1 loss 3.36 plddt 0.69 ptm 0.46 i_ptm 0.07 cmap_loss_binder 3.36
70 models [1] recycles 0 hard 0 soft 0.70 temp 1 loss 3.49 plddt 0.58 ptm 0.47 i_ptm 0.07 cmap_loss_binder 3.49
71 models [0] recycles 0 hard 0 soft 0.71 temp 1 loss 3.31 plddt 0.67 ptm 0.47 i_ptm 0.09 cmap_loss_binder 3.31
72 models [1] recycles 0 hard 0 soft 0.72 temp 1 loss 3.34 plddt 0.71 ptm 0.47 i_ptm 0.07 cmap_loss_binder 3.34
73 models [0] recycles 0 hard 0 soft 0.73 temp 1 loss 3.29 plddt 0.65 ptm 0.48 i_ptm 0.10 cmap_loss_binder 3.29
74 models [0] recycles 0 hard 0 soft 0.74 temp 1 loss 3.36 plddt 0.62 ptm 0.49 i_ptm 0.10 cmap_loss_binder 3.36
75 models [1] recycles 0 hard 0 soft 0.75 temp 1 loss 3.35 plddt 0.64 ptm 0.47 i_ptm 0.07 cmap_loss_binder 3.35
76 models [0] recycles 0 hard 0 soft 0.76 temp 1 loss 3.32 plddt 0.72 ptm 0.47 i_ptm 0.09 cmap_loss_binder 3.32
77 models [0] recycles 0 hard 0 soft 0.77 temp 1 loss 3.31 plddt 0.64 ptm 0.48 i_ptm 0.10 cmap_loss_binder 3.31
78 models [1] recycles 0 hard 0 soft 0.78 temp 1 loss 3.30 plddt 0.71 ptm 0.46 i_ptm 0.07 cmap_loss_binder 3.30
79 models [1] recycles 0 hard 0 soft 0.79 temp 1 loss 3.27 plddt 0.71 ptm 0.46 i_ptm 0.07 cmap_loss_binder 3.27
80 models [1] recycles 0 hard 0 soft 0.80 temp 1 loss 3.31 plddt 0.65 ptm 0.46 i_ptm 0.07 cmap_loss_binder 3.31
81 models [1] recycles 0 hard 0 soft 0.81 temp 1 loss 3.43 plddt 0.58 ptm 0.47 i_ptm 0.07 cmap_loss_binder 3.43
82 models [1] recycles 0 hard 0 soft 0.82 temp 1 loss 3.26 plddt 0.72 ptm 0.46 i_ptm 0.07 cmap_loss_binder 3.26
83 models [0] recycles 0 hard 0 soft 0.83 temp 1 loss 3.34 plddt 0.59 ptm 0.48 i_ptm 0.10 cmap_loss_binder 3.34
84 models [0] recycles 0 hard 0 soft 0.84 temp 1 loss 3.23 plddt 0.69 ptm 0.48 i_ptm 0.10 cmap_loss_binder 3.23
85 models [0] recycles 0 hard 0 soft 0.85 temp 1 loss 3.24 plddt 0.73 ptm 0.47 i_ptm 0.10 cmap_loss_binder 3.24
86 models [0] recycles 0 hard 0 soft 0.86 temp 1 loss 3.48 plddt 0.55 ptm 0.48 i_ptm 0.10 cmap_loss_binder 3.48
87 models [1] recycles 0 hard 0 soft 0.87 temp 1 loss 3.29 plddt 0.68 ptm 0.46 i_ptm 0.07 cmap_loss_binder 3.29
88 models [0] recycles 0 hard 0 soft 0.88 temp 1 loss 3.38 plddt 0.67 ptm 0.48 i_ptm 0.09 cmap_loss_binder 3.38
89 models [1] recycles 0 hard 0 soft 0.89 temp 1 loss 3.35 plddt 0.57 ptm 0.46 i_ptm 0.07 cmap_loss_binder 3.35
90 models [1] recycles 0 hard 0 soft 0.90 temp 1 loss 3.33 plddt 0.68 ptm 0.47 i_ptm 0.07 cmap_loss_binder 3.33
91 models [1] recycles 0 hard 0 soft 0.91 temp 1 loss 3.26 plddt 0.69 ptm 0.46 i_ptm 0.07 cmap_loss_binder 3.26
92 models [0] recycles 0 hard 0 soft 0.92 temp 1 loss 3.31 plddt 0.64 ptm 0.47 i_ptm 0.09 cmap_loss_binder 3.31
93 models [1] recycles 0 hard 0 soft 0.93 temp 1 loss 3.22 plddt 0.75 ptm 0.46 i_ptm 0.06 cmap_loss_binder 3.22
94 models [1] recycles 0 hard 0 soft 0.94 temp 1 loss 3.20 plddt 0.75 ptm 0.46 i_ptm 0.07 cmap_loss_binder 3.20
95 models [1] recycles 0 hard 0 soft 0.95 temp 1 loss 3.26 plddt 0.62 ptm 0.46 i_ptm 0.07 cmap_loss_binder 3.26
96 models [1] recycles 0 hard 0 soft 0.96 temp 1 loss 3.23 plddt 0.76 ptm 0.46 i_ptm 0.07 cmap_loss_binder 3.23
97 models [0] recycles 0 hard 0 soft 0.97 temp 1 loss 3.23 plddt 0.72 ptm 0.47 i_ptm 0.09 cmap_loss_binder 3.23
98 models [1] recycles 0 hard 0 soft 0.98 temp 1 loss 3.21 plddt 0.71 ptm 0.46 i_ptm 0.07 cmap_loss_binder 3.21
99 models [0] recycles 0 hard 0 soft 0.99 temp 1 loss 3.22 plddt 0.71 ptm 0.47 i_ptm 0.08 cmap_loss_binder 3.22
100 models [0] recycles 0 hard 0 soft 1 temp 1 loss 3.22 plddt 0.74 ptm 0.47 i_ptm 0.09 cmap_loss_binder 3.22
Stage 2: running (soft → hard)
101 models [0] recycles 0 hard 0 soft 1 temp 0.98 loss 3.25 plddt 0.68 ptm 0.46 i_ptm 0.09 cmap_loss_binder 3.25
102 models [0] recycles 0 hard 0 soft 1 temp 0.96 loss 3.20 plddt 0.75 ptm 0.47 i_ptm 0.08 cmap_loss_binder 3.20
103 models [1] recycles 0 hard 0 soft 1 temp 0.94 loss 3.16 plddt 0.76 ptm 0.46 i_ptm 0.06 cmap_loss_binder 3.16
104 models [0] recycles 0 hard 0 soft 1 temp 0.92 loss 3.18 plddt 0.71 ptm 0.47 i_ptm 0.09 cmap_loss_binder 3.18
105 models [0] recycles 0 hard 0 soft 1 temp 0.90 loss 3.15 plddt 0.74 ptm 0.47 i_ptm 0.09 cmap_loss_binder 3.15
106 models [1] recycles 0 hard 0 soft 1 temp 0.88 loss 3.17 plddt 0.75 ptm 0.46 i_ptm 0.07 cmap_loss_binder 3.17
107 models [0] recycles 0 hard 0 soft 1 temp 0.87 loss 3.17 plddt 0.71 ptm 0.48 i_ptm 0.09 cmap_loss_binder 3.17
108 models [0] recycles 0 hard 0 soft 1 temp 0.85 loss 3.17 plddt 0.69 ptm 0.47 i_ptm 0.09 cmap_loss_binder 3.17
109 models [1] recycles 0 hard 0 soft 1 temp 0.83 loss 3.12 plddt 0.71 ptm 0.46 i_ptm 0.07 cmap_loss_binder 3.12
110 models [1] recycles 0 hard 0 soft 1 temp 0.81 loss 3.08 plddt 0.74 ptm 0.47 i_ptm 0.07 cmap_loss_binder 3.08
111 models [0] recycles 0 hard 0 soft 1 temp 0.79 loss 3.11 plddt 0.74 ptm 0.47 i_ptm 0.09 cmap_loss_binder 3.11
112 models [1] recycles 0 hard 0 soft 1 temp 0.78 loss 3.06 plddt 0.74 ptm 0.46 i_ptm 0.07 cmap_loss_binder 3.06
113 models [0] recycles 0 hard 0 soft 1 temp 0.76 loss 3.09 plddt 0.74 ptm 0.48 i_ptm 0.09 cmap_loss_binder 3.09
114 models [0] recycles 0 hard 0 soft 1 temp 0.74 loss 3.10 plddt 0.67 ptm 0.47 i_ptm 0.08 cmap_loss_binder 3.10
115 models [1] recycles 0 hard 0 soft 1 temp 0.73 loss 3.08 plddt 0.77 ptm 0.47 i_ptm 0.07 cmap_loss_binder 3.08
116 models [0] recycles 0 hard 0 soft 1 temp 0.71 loss 3.07 plddt 0.72 ptm 0.48 i_ptm 0.09 cmap_loss_binder 3.07
117 models [0] recycles 0 hard 0 soft 1 temp 0.69 loss 3.07 plddt 0.78 ptm 0.48 i_ptm 0.09 cmap_loss_binder 3.07
118 models [0] recycles 0 hard 0 soft 1 temp 0.68 loss 3.06 plddt 0.74 ptm 0.48 i_ptm 0.09 cmap_loss_binder 3.06
119 models [0] recycles 0 hard 0 soft 1 temp 0.66 loss 3.10 plddt 0.67 ptm 0.48 i_ptm 0.10 cmap_loss_binder 3.10
120 models [0] recycles 0 hard 0 soft 1 temp 0.64 loss 3.07 plddt 0.72 ptm 0.48 i_ptm 0.09 cmap_loss_binder 3.07
121 models [1] recycles 0 hard 0 soft 1 temp 0.63 loss 3.04 plddt 0.76 ptm 0.47 i_ptm 0.08 cmap_loss_binder 3.04
122 models [0] recycles 0 hard 0 soft 1 temp 0.61 loss 3.05 plddt 0.72 ptm 0.48 i_ptm 0.10 cmap_loss_binder 3.05
123 models [1] recycles 0 hard 0 soft 1 temp 0.60 loss 3.07 plddt 0.71 ptm 0.47 i_ptm 0.07 cmap_loss_binder 3.07
124 models [1] recycles 0 hard 0 soft 1 temp 0.58 loss 3.05 plddt 0.73 ptm 0.47 i_ptm 0.07 cmap_loss_binder 3.05
125 models [0] recycles 0 hard 0 soft 1 temp 0.57 loss 3.06 plddt 0.72 ptm 0.48 i_ptm 0.10 cmap_loss_binder 3.06
126 models [1] recycles 0 hard 0 soft 1 temp 0.55 loss 3.01 plddt 0.76 ptm 0.47 i_ptm 0.08 cmap_loss_binder 3.01
127 models [1] recycles 0 hard 0 soft 1 temp 0.54 loss 3.00 plddt 0.75 ptm 0.47 i_ptm 0.07 cmap_loss_binder 3.00
128 models [1] recycles 0 hard 0 soft 1 temp 0.52 loss 3.10 plddt 0.79 ptm 0.47 i_ptm 0.08 cmap_loss_binder 3.10
129 models [1] recycles 0 hard 0 soft 1 temp 0.51 loss 2.99 plddt 0.77 ptm 0.47 i_ptm 0.08 cmap_loss_binder 2.99
130 models [1] recycles 0 hard 0 soft 1 temp 0.50 loss 3.06 plddt 0.72 ptm 0.47 i_ptm 0.07 cmap_loss_binder 3.06
131 models [1] recycles 0 hard 0 soft 1 temp 0.48 loss 2.96 plddt 0.75 ptm 0.47 i_ptm 0.08 cmap_loss_binder 2.96
132 models [1] recycles 0 hard 0 soft 1 temp 0.47 loss 2.99 plddt 0.77 ptm 0.47 i_ptm 0.08 cmap_loss_binder 2.99
133 models [0] recycles 0 hard 0 soft 1 temp 0.45 loss 3.08 plddt 0.77 ptm 0.48 i_ptm 0.09 cmap_loss_binder 3.08
134 models [1] recycles 0 hard 0 soft 1 temp 0.44 loss 3.01 plddt 0.71 ptm 0.47 i_ptm 0.08 cmap_loss_binder 3.01
135 models [1] recycles 0 hard 0 soft 1 temp 0.43 loss 3.05 plddt 0.74 ptm 0.47 i_ptm 0.07 cmap_loss_binder 3.05
136 models [1] recycles 0 hard 0 soft 1 temp 0.42 loss 3.05 plddt 0.77 ptm 0.47 i_ptm 0.08 cmap_loss_binder 3.05
137 models [0] recycles 0 hard 0 soft 1 temp 0.40 loss 3.04 plddt 0.71 ptm 0.48 i_ptm 0.10 cmap_loss_binder 3.04
138 models [1] recycles 0 hard 0 soft 1 temp 0.39 loss 3.02 plddt 0.73 ptm 0.47 i_ptm 0.08 cmap_loss_binder 3.02
139 models [0] recycles 0 hard 0 soft 1 temp 0.38 loss 3.03 plddt 0.72 ptm 0.48 i_ptm 0.10 cmap_loss_binder 3.03
140 models [1] recycles 0 hard 0 soft 1 temp 0.37 loss 2.97 plddt 0.74 ptm 0.47 i_ptm 0.08 cmap_loss_binder 2.97
141 models [0] recycles 0 hard 0 soft 1 temp 0.35 loss 3.00 plddt 0.74 ptm 0.48 i_ptm 0.10 cmap_loss_binder 3.00
142 models [0] recycles 0 hard 0 soft 1 temp 0.34 loss 2.98 plddt 0.74 ptm 0.48 i_ptm 0.10 cmap_loss_binder 2.98
143 models [0] recycles 0 hard 0 soft 1 temp 0.33 loss 3.03 plddt 0.71 ptm 0.48 i_ptm 0.10 cmap_loss_binder 3.03
144 models [1] recycles 0 hard 0 soft 1 temp 0.32 loss 2.99 plddt 0.72 ptm 0.47 i_ptm 0.07 cmap_loss_binder 2.99
145 models [1] recycles 0 hard 0 soft 1 temp 0.31 loss 3.03 plddt 0.77 ptm 0.47 i_ptm 0.07 cmap_loss_binder 3.03
146 models [0] recycles 0 hard 0 soft 1 temp 0.30 loss 3.23 plddt 0.65 ptm 0.48 i_ptm 0.09 cmap_loss_binder 3.23
147 models [1] recycles 0 hard 0 soft 1 temp 0.29 loss 3.05 plddt 0.75 ptm 0.47 i_ptm 0.07 cmap_loss_binder 3.05
148 models [1] recycles 0 hard 0 soft 1 temp 0.28 loss 3.04 plddt 0.69 ptm 0.47 i_ptm 0.07 cmap_loss_binder 3.04
149 models [1] recycles 0 hard 0 soft 1 temp 0.27 loss 3.05 plddt 0.72 ptm 0.47 i_ptm 0.07 cmap_loss_binder 3.05
150 models [0] recycles 0 hard 0 soft 1 temp 0.26 loss 3.00 plddt 0.72 ptm 0.48 i_ptm 0.09 cmap_loss_binder 3.00
151 models [1] recycles 0 hard 0 soft 1 temp 0.25 loss 3.04 plddt 0.76 ptm 0.47 i_ptm 0.08 cmap_loss_binder 3.04
152 models [0] recycles 0 hard 0 soft 1 temp 0.24 loss 3.03 plddt 0.71 ptm 0.48 i_ptm 0.09 cmap_loss_binder 3.03
153 models [0] recycles 0 hard 0 soft 1 temp 0.23 loss 3.18 plddt 0.62 ptm 0.49 i_ptm 0.10 cmap_loss_binder 3.18
154 models [1] recycles 0 hard 0 soft 1 temp 0.22 loss 3.02 plddt 0.73 ptm 0.47 i_ptm 0.07 cmap_loss_binder 3.02
155 models [0] recycles 0 hard 0 soft 1 temp 0.21 loss 3.01 plddt 0.71 ptm 0.48 i_ptm 0.10 cmap_loss_binder 3.01
156 models [0] recycles 0 hard 0 soft 1 temp 0.20 loss 3.02 plddt 0.72 ptm 0.48 i_ptm 0.10 cmap_loss_binder 3.02
157 models [1] recycles 0 hard 0 soft 1 temp 0.19 loss 2.98 plddt 0.70 ptm 0.47 i_ptm 0.07 cmap_loss_binder 2.98
158 models [1] recycles 0 hard 0 soft 1 temp 0.18 loss 3.05 plddt 0.70 ptm 0.47 i_ptm 0.07 cmap_loss_binder 3.05
159 models [1] recycles 0 hard 0 soft 1 temp 0.18 loss 3.02 plddt 0.71 ptm 0.47 i_ptm 0.07 cmap_loss_binder 3.02
160 models [1] recycles 0 hard 0 soft 1 temp 0.17 loss 3.06 plddt 0.69 ptm 0.47 i_ptm 0.07 cmap_loss_binder 3.06
161 models [1] recycles 0 hard 0 soft 1 temp 0.16 loss 3.05 plddt 0.75 ptm 0.47 i_ptm 0.06 cmap_loss_binder 3.05
162 models [0] recycles 0 hard 0 soft 1 temp 0.15 loss 3.11 plddt 0.64 ptm 0.48 i_ptm 0.09 cmap_loss_binder 3.11
163 models [1] recycles 0 hard 0 soft 1 temp 0.15 loss 3.00 plddt 0.73 ptm 0.47 i_ptm 0.07 cmap_loss_binder 3.00
164 models [1] recycles 0 hard 0 soft 1 temp 0.14 loss 3.05 plddt 0.76 ptm 0.47 i_ptm 0.07 cmap_loss_binder 3.05
165 models [0] recycles 0 hard 0 soft 1 temp 0.13 loss 3.24 plddt 0.59 ptm 0.48 i_ptm 0.10 cmap_loss_binder 3.24
166 models [0] recycles 0 hard 0 soft 1 temp 0.12 loss 3.02 plddt 0.71 ptm 0.48 i_ptm 0.10 cmap_loss_binder 3.02
167 models [1] recycles 0 hard 0 soft 1 temp 0.12 loss 3.03 plddt 0.70 ptm 0.47 i_ptm 0.07 cmap_loss_binder 3.03
168 models [1] recycles 0 hard 0 soft 1 temp 0.11 loss 3.06 plddt 0.68 ptm 0.47 i_ptm 0.07 cmap_loss_binder 3.06
169 models [0] recycles 0 hard 0 soft 1 temp 0.11 loss 3.56 plddt 0.47 ptm 0.48 i_ptm 0.10 cmap_loss_binder 3.56
170 models [1] recycles 0 hard 0 soft 1 temp 0.10 loss 3.04 plddt 0.68 ptm 0.47 i_ptm 0.07 cmap_loss_binder 3.04
171 models [1] recycles 0 hard 0 soft 1 temp 0.09 loss 3.01 plddt 0.69 ptm 0.47 i_ptm 0.07 cmap_loss_binder 3.01
172 models [0] recycles 0 hard 0 soft 1 temp 0.09 loss 3.10 plddt 0.66 ptm 0.48 i_ptm 0.10 cmap_loss_binder 3.10
173 models [0] recycles 0 hard 0 soft 1 temp 0.08 loss 3.19 plddt 0.61 ptm 0.48 i_ptm 0.09 cmap_loss_binder 3.19
174 models [0] recycles 0 hard 0 soft 1 temp 0.08 loss 3.16 plddt 0.60 ptm 0.48 i_ptm 0.10 cmap_loss_binder 3.16
175 models [1] recycles 0 hard 0 soft 1 temp 0.07 loss 3.05 plddt 0.67 ptm 0.47 i_ptm 0.07 cmap_loss_binder 3.05
176 models [1] recycles 0 hard 0 soft 1 temp 0.07 loss 3.10 plddt 0.68 ptm 0.47 i_ptm 0.07 cmap_loss_binder 3.10
177 models [0] recycles 0 hard 0 soft 1 temp 0.06 loss 3.07 plddt 0.66 ptm 0.48 i_ptm 0.10 cmap_loss_binder 3.07
178 models [0] recycles 0 hard 0 soft 1 temp 0.06 loss 3.05 plddt 0.68 ptm 0.48 i_ptm 0.10 cmap_loss_binder 3.05
179 models [1] recycles 0 hard 0 soft 1 temp 0.05 loss 3.14 plddt 0.69 ptm 0.47 i_ptm 0.07 cmap_loss_binder 3.14
180 models [1] recycles 0 hard 0 soft 1 temp 0.05 loss 3.06 plddt 0.67 ptm 0.47 i_ptm 0.07 cmap_loss_binder 3.06
181 models [0] recycles 0 hard 0 soft 1 temp 0.05 loss 3.26 plddt 0.60 ptm 0.48 i_ptm 0.10 cmap_loss_binder 3.26
182 models [0] recycles 0 hard 0 soft 1 temp 0.04 loss 3.27 plddt 0.59 ptm 0.48 i_ptm 0.10 cmap_loss_binder 3.27
183 models [1] recycles 0 hard 0 soft 1 temp 0.04 loss 3.06 plddt 0.72 ptm 0.47 i_ptm 0.08 cmap_loss_binder 3.06
184 models [1] recycles 0 hard 0 soft 1 temp 0.04 loss 3.06 plddt 0.70 ptm 0.47 i_ptm 0.07 cmap_loss_binder 3.06
185 models [1] recycles 0 hard 0 soft 1 temp 0.03 loss 3.06 plddt 0.70 ptm 0.47 i_ptm 0.07 cmap_loss_binder 3.06
186 models [1] recycles 0 hard 0 soft 1 temp 0.03 loss 3.07 plddt 0.74 ptm 0.46 i_ptm 0.07 cmap_loss_binder 3.07
187 models [1] recycles 0 hard 0 soft 1 temp 0.03 loss 3.24 plddt 0.63 ptm 0.47 i_ptm 0.07 cmap_loss_binder 3.24
188 models [1] recycles 0 hard 0 soft 1 temp 0.02 loss 3.24 plddt 0.63 ptm 0.47 i_ptm 0.07 cmap_loss_binder 3.24
189 models [0] recycles 0 hard 0 soft 1 temp 0.02 loss 3.19 plddt 0.61 ptm 0.48 i_ptm 0.09 cmap_loss_binder 3.19
190 models [1] recycles 0 hard 0 soft 1 temp 0.02 loss 3.09 plddt 0.69 ptm 0.47 i_ptm 0.07 cmap_loss_binder 3.09
191 models [0] recycles 0 hard 0 soft 1 temp 0.02 loss 3.17 plddt 0.64 ptm 0.48 i_ptm 0.09 cmap_loss_binder 3.17
192 models [0] recycles 0 hard 0 soft 1 temp 0.02 loss 3.16 plddt 0.62 ptm 0.48 i_ptm 0.10 cmap_loss_binder 3.16
193 models [0] recycles 0 hard 0 soft 1 temp 0.01 loss 3.20 plddt 0.60 ptm 0.48 i_ptm 0.10 cmap_loss_binder 3.20
194 models [1] recycles 0 hard 0 soft 1 temp 0.01 loss 3.04 plddt 0.68 ptm 0.47 i_ptm 0.07 cmap_loss_binder 3.04
195 models [0] recycles 0 hard 0 soft 1 temp 0.01 loss 3.31 plddt 0.56 ptm 0.48 i_ptm 0.10 cmap_loss_binder 3.31
196 models [1] recycles 0 hard 0 soft 1 temp 0.01 loss 3.12 plddt 0.63 ptm 0.47 i_ptm 0.07 cmap_loss_binder 3.12
197 models [1] recycles 0 hard 0 soft 1 temp 0.01 loss 3.17 plddt 0.62 ptm 0.47 i_ptm 0.07 cmap_loss_binder 3.17
198 models [1] recycles 0 hard 0 soft 1 temp 0.01 loss 3.05 plddt 0.69 ptm 0.47 i_ptm 0.07 cmap_loss_binder 3.05
199 models [0] recycles 0 hard 0 soft 1 temp 0.01 loss 3.11 plddt 0.65 ptm 0.48 i_ptm 0.09 cmap_loss_binder 3.11
200 models [0] recycles 0 hard 0 soft 1 temp 0.01 loss 3.25 plddt 0.60 ptm 0.48 i_ptm 0.10 cmap_loss_binder 3.25
Stage 3: running (hard)
201 models [0, 1] recycles 0 hard 1 soft 1 temp 0.01 loss 3.05 plddt 0.67 ptm 0.48 i_ptm 0.08 cmap_loss_binder 3.05
202 models [0, 1] recycles 0 hard 1 soft 1 temp 0.01 loss 3.05 plddt 0.66 ptm 0.48 i_ptm 0.08 cmap_loss_binder 3.05
203 models [0, 1] recycles 0 hard 1 soft 1 temp 0.01 loss 3.05 plddt 0.66 ptm 0.48 i_ptm 0.08 cmap_loss_binder 3.05
204 models [0, 1] recycles 0 hard 1 soft 1 temp 0.01 loss 3.16 plddt 0.63 ptm 0.48 i_ptm 0.08 cmap_loss_binder 3.16
205 models [0, 1] recycles 0 hard 1 soft 1 temp 0.01 loss 3.09 plddt 0.64 ptm 0.48 i_ptm 0.08 cmap_loss_binder 3.09
206 models [0, 1] recycles 0 hard 1 soft 1 temp 0.01 loss 3.09 plddt 0.64 ptm 0.48 i_ptm 0.08 cmap_loss_binder 3.09
207 models [0, 1] recycles 0 hard 1 soft 1 temp 0.01 loss 3.05 plddt 0.66 ptm 0.48 i_ptm 0.08 cmap_loss_binder 3.05
208 models [0, 1] recycles 0 hard 1 soft 1 temp 0.01 loss 3.16 plddt 0.62 ptm 0.48 i_ptm 0.08 cmap_loss_binder 3.16
209 models [0, 1] recycles 0 hard 1 soft 1 temp 0.01 loss 3.05 plddt 0.66 ptm 0.48 i_ptm 0.08 cmap_loss_binder 3.05
210 models [0, 1] recycles 0 hard 1 soft 1 temp 0.01 loss 3.16 plddt 0.63 ptm 0.48 i_ptm 0.08 cmap_loss_binder 3.16
211 models [0, 1] recycles 0 hard 1 soft 1 temp 0.01 loss 3.09 plddt 0.64 ptm 0.48 i_ptm 0.08 cmap_loss_binder 3.09
212 models [0, 1] recycles 0 hard 1 soft 1 temp 0.01 loss 3.05 plddt 0.66 ptm 0.48 i_ptm 0.08 cmap_loss_binder 3.05
213 models [0, 1] recycles 0 hard 1 soft 1 temp 0.01 loss 3.09 plddt 0.64 ptm 0.48 i_ptm 0.08 cmap_loss_binder 3.09
214 models [0, 1] recycles 0 hard 1 soft 1 temp 0.01 loss 3.05 plddt 0.66 ptm 0.48 i_ptm 0.08 cmap_loss_binder 3.05
215 models [0, 1] recycles 0 hard 1 soft 1 temp 0.01 loss 3.14 plddt 0.62 ptm 0.48 i_ptm 0.08 cmap_loss_binder 3.14
216 models [0, 1] recycles 0 hard 1 soft 1 temp 0.01 loss 3.02 plddt 0.67 ptm 0.48 i_ptm 0.08 cmap_loss_binder 3.02
217 models [0, 1] recycles 0 hard 1 soft 1 temp 0.01 loss 3.16 plddt 0.63 ptm 0.48 i_ptm 0.08 cmap_loss_binder 3.16
218 models [0, 1] recycles 0 hard 1 soft 1 temp 0.01 loss 3.09 plddt 0.64 ptm 0.48 i_ptm 0.08 cmap_loss_binder 3.09
219 models [0, 1] recycles 0 hard 1 soft 1 temp 0.01 loss 3.02 plddt 0.67 ptm 0.48 i_ptm 0.08 cmap_loss_binder 3.02
220 models [0, 1] recycles 0 hard 1 soft 1 temp 0.01 loss 3.14 plddt 0.62 ptm 0.48 i_ptm 0.08 cmap_loss_binder 3.14
Predicting sequences with AF2_ptm...
predict: traj_1_0 plddt: 0.813, i_pae: 0.884, i_ptm: 0.107, cmap_loss: 3.393
predict: traj_1_1 plddt: 0.789, i_pae: 0.891, i_ptm: 0.116, cmap_loss: 3.394
