CMAP of binder (monomer plddt: 0.981)
Stage 1: running (logits → soft)
1 models [1] recycles 0 hard 0 soft 0.01 temp 1 loss 4.86 plddt 0.44 ptm 0.46 i_ptm 0.07 cmap_loss_binder 4.86
2 models [1] recycles 0 hard 0 soft 0.02 temp 1 loss 4.66 plddt 0.93 ptm 0.46 i_ptm 0.10 cmap_loss_binder 4.66
3 models [1] recycles 0 hard 0 soft 0.03 temp 1 loss 4.64 plddt 0.82 ptm 0.46 i_ptm 0.06 cmap_loss_binder 4.64
4 models [1] recycles 0 hard 0 soft 0.04 temp 1 loss 4.50 plddt 0.65 ptm 0.46 i_ptm 0.08 cmap_loss_binder 4.50
5 models [1] recycles 0 hard 0 soft 0.05 temp 1 loss 4.48 plddt 0.69 ptm 0.46 i_ptm 0.08 cmap_loss_binder 4.48
6 models [1] recycles 0 hard 0 soft 0.06 temp 1 loss 4.46 plddt 0.67 ptm 0.46 i_ptm 0.08 cmap_loss_binder 4.46
7 models [1] recycles 0 hard 0 soft 0.07 temp 1 loss 4.42 plddt 0.71 ptm 0.46 i_ptm 0.08 cmap_loss_binder 4.42
8 models [1] recycles 0 hard 0 soft 0.08 temp 1 loss 4.40 plddt 0.69 ptm 0.46 i_ptm 0.07 cmap_loss_binder 4.40
9 models [1] recycles 0 hard 0 soft 0.09 temp 1 loss 4.57 plddt 0.63 ptm 0.46 i_ptm 0.07 cmap_loss_binder 4.57
10 models [0] recycles 0 hard 0 soft 0.10 temp 1 loss 4.42 plddt 0.67 ptm 0.47 i_ptm 0.08 cmap_loss_binder 4.42
11 models [1] recycles 0 hard 0 soft 0.11 temp 1 loss 4.38 plddt 0.67 ptm 0.46 i_ptm 0.08 cmap_loss_binder 4.38
12 models [0] recycles 0 hard 0 soft 0.12 temp 1 loss 4.44 plddt 0.56 ptm 0.47 i_ptm 0.11 cmap_loss_binder 4.44
13 models [1] recycles 0 hard 0 soft 0.13 temp 1 loss 4.33 plddt 0.52 ptm 0.47 i_ptm 0.08 cmap_loss_binder 4.33
14 models [1] recycles 0 hard 0 soft 0.14 temp 1 loss 4.24 plddt 0.56 ptm 0.46 i_ptm 0.07 cmap_loss_binder 4.24
15 models [1] recycles 0 hard 0 soft 0.15 temp 1 loss 4.20 plddt 0.51 ptm 0.47 i_ptm 0.07 cmap_loss_binder 4.20
16 models [1] recycles 0 hard 0 soft 0.16 temp 1 loss 4.20 plddt 0.45 ptm 0.47 i_ptm 0.07 cmap_loss_binder 4.20
17 models [1] recycles 0 hard 0 soft 0.17 temp 1 loss 4.15 plddt 0.47 ptm 0.47 i_ptm 0.07 cmap_loss_binder 4.15
18 models [0] recycles 0 hard 0 soft 0.18 temp 1 loss 4.15 plddt 0.52 ptm 0.48 i_ptm 0.11 cmap_loss_binder 4.15
19 models [0] recycles 0 hard 0 soft 0.19 temp 1 loss 4.05 plddt 0.46 ptm 0.48 i_ptm 0.10 cmap_loss_binder 4.05
20 models [0] recycles 0 hard 0 soft 0.20 temp 1 loss 4.00 plddt 0.50 ptm 0.48 i_ptm 0.11 cmap_loss_binder 4.00
21 models [1] recycles 0 hard 0 soft 0.21 temp 1 loss 4.10 plddt 0.46 ptm 0.47 i_ptm 0.07 cmap_loss_binder 4.10
22 models [0] recycles 0 hard 0 soft 0.22 temp 1 loss 3.94 plddt 0.45 ptm 0.48 i_ptm 0.10 cmap_loss_binder 3.94
23 models [1] recycles 0 hard 0 soft 0.23 temp 1 loss 3.99 plddt 0.43 ptm 0.47 i_ptm 0.07 cmap_loss_binder 3.99
24 models [0] recycles 0 hard 0 soft 0.24 temp 1 loss 3.86 plddt 0.47 ptm 0.48 i_ptm 0.11 cmap_loss_binder 3.86
25 models [1] recycles 0 hard 0 soft 0.25 temp 1 loss 3.84 plddt 0.44 ptm 0.46 i_ptm 0.07 cmap_loss_binder 3.84
26 models [0] recycles 0 hard 0 soft 0.26 temp 1 loss 3.75 plddt 0.49 ptm 0.47 i_ptm 0.10 cmap_loss_binder 3.75
27 models [0] recycles 0 hard 0 soft 0.27 temp 1 loss 3.72 plddt 0.46 ptm 0.47 i_ptm 0.10 cmap_loss_binder 3.72
28 models [0] recycles 0 hard 0 soft 0.28 temp 1 loss 3.71 plddt 0.49 ptm 0.47 i_ptm 0.09 cmap_loss_binder 3.71
29 models [0] recycles 0 hard 0 soft 0.29 temp 1 loss 3.69 plddt 0.52 ptm 0.47 i_ptm 0.09 cmap_loss_binder 3.69
30 models [0] recycles 0 hard 0 soft 0.30 temp 1 loss 3.65 plddt 0.51 ptm 0.47 i_ptm 0.09 cmap_loss_binder 3.65
31 models [1] recycles 0 hard 0 soft 0.31 temp 1 loss 3.73 plddt 0.50 ptm 0.47 i_ptm 0.07 cmap_loss_binder 3.73
32 models [0] recycles 0 hard 0 soft 0.32 temp 1 loss 3.60 plddt 0.55 ptm 0.47 i_ptm 0.09 cmap_loss_binder 3.60
33 models [0] recycles 0 hard 0 soft 0.33 temp 1 loss 3.60 plddt 0.49 ptm 0.48 i_ptm 0.10 cmap_loss_binder 3.60
34 models [0] recycles 0 hard 0 soft 0.34 temp 1 loss 3.54 plddt 0.56 ptm 0.47 i_ptm 0.09 cmap_loss_binder 3.54
35 models [0] recycles 0 hard 0 soft 0.35 temp 1 loss 3.54 plddt 0.51 ptm 0.47 i_ptm 0.10 cmap_loss_binder 3.54
36 models [0] recycles 0 hard 0 soft 0.36 temp 1 loss 3.54 plddt 0.59 ptm 0.47 i_ptm 0.09 cmap_loss_binder 3.54
37 models [1] recycles 0 hard 0 soft 0.37 temp 1 loss 3.60 plddt 0.51 ptm 0.47 i_ptm 0.08 cmap_loss_binder 3.60
38 models [0] recycles 0 hard 0 soft 0.38 temp 1 loss 3.47 plddt 0.63 ptm 0.47 i_ptm 0.09 cmap_loss_binder 3.47
39 models [0] recycles 0 hard 0 soft 0.39 temp 1 loss 3.44 plddt 0.62 ptm 0.47 i_ptm 0.09 cmap_loss_binder 3.44
40 models [0] recycles 0 hard 0 soft 0.40 temp 1 loss 3.45 plddt 0.67 ptm 0.47 i_ptm 0.08 cmap_loss_binder 3.45
41 models [1] recycles 0 hard 0 soft 0.41 temp 1 loss 3.44 plddt 0.60 ptm 0.46 i_ptm 0.07 cmap_loss_binder 3.44
42 models [0] recycles 0 hard 0 soft 0.42 temp 1 loss 3.45 plddt 0.61 ptm 0.48 i_ptm 0.10 cmap_loss_binder 3.45
43 models [1] recycles 0 hard 0 soft 0.43 temp 1 loss 3.42 plddt 0.61 ptm 0.47 i_ptm 0.07 cmap_loss_binder 3.42
44 models [0] recycles 0 hard 0 soft 0.44 temp 1 loss 3.33 plddt 0.64 ptm 0.47 i_ptm 0.09 cmap_loss_binder 3.33
45 models [1] recycles 0 hard 0 soft 0.45 temp 1 loss 3.43 plddt 0.54 ptm 0.47 i_ptm 0.07 cmap_loss_binder 3.43
46 models [1] recycles 0 hard 0 soft 0.46 temp 1 loss 3.37 plddt 0.69 ptm 0.47 i_ptm 0.08 cmap_loss_binder 3.37
47 models [1] recycles 0 hard 0 soft 0.47 temp 1 loss 3.34 plddt 0.66 ptm 0.47 i_ptm 0.08 cmap_loss_binder 3.34
48 models [0] recycles 0 hard 0 soft 0.48 temp 1 loss 3.37 plddt 0.64 ptm 0.47 i_ptm 0.09 cmap_loss_binder 3.37
49 models [0] recycles 0 hard 0 soft 0.49 temp 1 loss 3.33 plddt 0.64 ptm 0.47 i_ptm 0.10 cmap_loss_binder 3.33
50 models [1] recycles 0 hard 0 soft 0.50 temp 1 loss 3.31 plddt 0.67 ptm 0.46 i_ptm 0.07 cmap_loss_binder 3.31
51 models [1] recycles 0 hard 0 soft 0.51 temp 1 loss 3.32 plddt 0.68 ptm 0.46 i_ptm 0.08 cmap_loss_binder 3.32
52 models [0] recycles 0 hard 0 soft 0.52 temp 1 loss 3.32 plddt 0.62 ptm 0.48 i_ptm 0.10 cmap_loss_binder 3.32
53 models [0] recycles 0 hard 0 soft 0.53 temp 1 loss 3.33 plddt 0.71 ptm 0.46 i_ptm 0.09 cmap_loss_binder 3.33
54 models [1] recycles 0 hard 0 soft 0.54 temp 1 loss 3.33 plddt 0.70 ptm 0.47 i_ptm 0.08 cmap_loss_binder 3.33
55 models [1] recycles 0 hard 0 soft 0.55 temp 1 loss 3.33 plddt 0.69 ptm 0.47 i_ptm 0.08 cmap_loss_binder 3.33
56 models [0] recycles 0 hard 0 soft 0.56 temp 1 loss 3.34 plddt 0.64 ptm 0.47 i_ptm 0.10 cmap_loss_binder 3.34
57 models [1] recycles 0 hard 0 soft 0.57 temp 1 loss 3.28 plddt 0.74 ptm 0.47 i_ptm 0.07 cmap_loss_binder 3.28
58 models [1] recycles 0 hard 0 soft 0.58 temp 1 loss 3.33 plddt 0.70 ptm 0.47 i_ptm 0.07 cmap_loss_binder 3.33
59 models [1] recycles 0 hard 0 soft 0.59 temp 1 loss 3.27 plddt 0.69 ptm 0.46 i_ptm 0.07 cmap_loss_binder 3.27
60 models [1] recycles 0 hard 0 soft 0.60 temp 1 loss 3.29 plddt 0.67 ptm 0.46 i_ptm 0.07 cmap_loss_binder 3.29
61 models [0] recycles 0 hard 0 soft 0.61 temp 1 loss 3.30 plddt 0.75 ptm 0.47 i_ptm 0.09 cmap_loss_binder 3.30
62 models [1] recycles 0 hard 0 soft 0.62 temp 1 loss 3.32 plddt 0.69 ptm 0.47 i_ptm 0.08 cmap_loss_binder 3.32
63 models [0] recycles 0 hard 0 soft 0.63 temp 1 loss 3.28 plddt 0.71 ptm 0.47 i_ptm 0.09 cmap_loss_binder 3.28
64 models [1] recycles 0 hard 0 soft 0.64 temp 1 loss 3.30 plddt 0.70 ptm 0.47 i_ptm 0.08 cmap_loss_binder 3.30
65 models [0] recycles 0 hard 0 soft 0.65 temp 1 loss 3.26 plddt 0.68 ptm 0.47 i_ptm 0.10 cmap_loss_binder 3.26
66 models [1] recycles 0 hard 0 soft 0.66 temp 1 loss 3.28 plddt 0.66 ptm 0.46 i_ptm 0.07 cmap_loss_binder 3.28
67 models [0] recycles 0 hard 0 soft 0.67 temp 1 loss 3.27 plddt 0.66 ptm 0.47 i_ptm 0.10 cmap_loss_binder 3.27
68 models [0] recycles 0 hard 0 soft 0.68 temp 1 loss 3.24 plddt 0.71 ptm 0.47 i_ptm 0.09 cmap_loss_binder 3.24
69 models [0] recycles 0 hard 0 soft 0.69 temp 1 loss 3.23 plddt 0.68 ptm 0.47 i_ptm 0.08 cmap_loss_binder 3.23
70 models [1] recycles 0 hard 0 soft 0.70 temp 1 loss 3.41 plddt 0.61 ptm 0.46 i_ptm 0.07 cmap_loss_binder 3.41
71 models [1] recycles 0 hard 0 soft 0.71 temp 1 loss 3.32 plddt 0.63 ptm 0.46 i_ptm 0.07 cmap_loss_binder 3.32
72 models [1] recycles 0 hard 0 soft 0.72 temp 1 loss 3.27 plddt 0.69 ptm 0.46 i_ptm 0.08 cmap_loss_binder 3.27
73 models [1] recycles 0 hard 0 soft 0.73 temp 1 loss 3.28 plddt 0.75 ptm 0.46 i_ptm 0.08 cmap_loss_binder 3.28
74 models [1] recycles 0 hard 0 soft 0.74 temp 1 loss 3.44 plddt 0.60 ptm 0.47 i_ptm 0.07 cmap_loss_binder 3.44
75 models [1] recycles 0 hard 0 soft 0.75 temp 1 loss 3.25 plddt 0.68 ptm 0.46 i_ptm 0.06 cmap_loss_binder 3.25
76 models [0] recycles 0 hard 0 soft 0.76 temp 1 loss 3.22 plddt 0.65 ptm 0.47 i_ptm 0.10 cmap_loss_binder 3.22
77 models [0] recycles 0 hard 0 soft 0.77 temp 1 loss 3.43 plddt 0.62 ptm 0.46 i_ptm 0.09 cmap_loss_binder 3.43
78 models [0] recycles 0 hard 0 soft 0.78 temp 1 loss 3.20 plddt 0.67 ptm 0.47 i_ptm 0.09 cmap_loss_binder 3.20
79 models [0] recycles 0 hard 0 soft 0.79 temp 1 loss 3.24 plddt 0.65 ptm 0.47 i_ptm 0.09 cmap_loss_binder 3.24
80 models [1] recycles 0 hard 0 soft 0.80 temp 1 loss 3.27 plddt 0.73 ptm 0.46 i_ptm 0.07 cmap_loss_binder 3.27
81 models [1] recycles 0 hard 0 soft 0.81 temp 1 loss 3.23 plddt 0.70 ptm 0.46 i_ptm 0.07 cmap_loss_binder 3.23
82 models [0] recycles 0 hard 0 soft 0.82 temp 1 loss 3.25 plddt 0.73 ptm 0.47 i_ptm 0.09 cmap_loss_binder 3.25
83 models [0] recycles 0 hard 0 soft 0.83 temp 1 loss 3.41 plddt 0.59 ptm 0.47 i_ptm 0.10 cmap_loss_binder 3.41
84 models [1] recycles 0 hard 0 soft 0.84 temp 1 loss 3.25 plddt 0.65 ptm 0.46 i_ptm 0.07 cmap_loss_binder 3.25
85 models [1] recycles 0 hard 0 soft 0.85 temp 1 loss 3.25 plddt 0.69 ptm 0.46 i_ptm 0.08 cmap_loss_binder 3.25
86 models [1] recycles 0 hard 0 soft 0.86 temp 1 loss 3.26 plddt 0.63 ptm 0.46 i_ptm 0.07 cmap_loss_binder 3.26
87 models [1] recycles 0 hard 0 soft 0.87 temp 1 loss 3.26 plddt 0.70 ptm 0.46 i_ptm 0.07 cmap_loss_binder 3.26
88 models [1] recycles 0 hard 0 soft 0.88 temp 1 loss 3.75 plddt 0.44 ptm 0.46 i_ptm 0.07 cmap_loss_binder 3.75
89 models [1] recycles 0 hard 0 soft 0.89 temp 1 loss 3.61 plddt 0.52 ptm 0.47 i_ptm 0.08 cmap_loss_binder 3.61
90 models [1] recycles 0 hard 0 soft 0.90 temp 1 loss 3.37 plddt 0.55 ptm 0.46 i_ptm 0.09 cmap_loss_binder 3.37
91 models [1] recycles 0 hard 0 soft 0.91 temp 1 loss 3.28 plddt 0.68 ptm 0.46 i_ptm 0.07 cmap_loss_binder 3.28
92 models [0] recycles 0 hard 0 soft 0.92 temp 1 loss 3.29 plddt 0.72 ptm 0.47 i_ptm 0.09 cmap_loss_binder 3.29
93 models [1] recycles 0 hard 0 soft 0.93 temp 1 loss 3.27 plddt 0.65 ptm 0.46 i_ptm 0.06 cmap_loss_binder 3.27
94 models [0] recycles 0 hard 0 soft 0.94 temp 1 loss 3.36 plddt 0.61 ptm 0.47 i_ptm 0.10 cmap_loss_binder 3.36
95 models [1] recycles 0 hard 0 soft 0.95 temp 1 loss 3.28 plddt 0.72 ptm 0.46 i_ptm 0.07 cmap_loss_binder 3.28
96 models [1] recycles 0 hard 0 soft 0.96 temp 1 loss 3.54 plddt 0.50 ptm 0.47 i_ptm 0.07 cmap_loss_binder 3.54
97 models [0] recycles 0 hard 0 soft 0.97 temp 1 loss 3.36 plddt 0.63 ptm 0.46 i_ptm 0.08 cmap_loss_binder 3.36
98 models [0] recycles 0 hard 0 soft 0.98 temp 1 loss 3.34 plddt 0.62 ptm 0.46 i_ptm 0.10 cmap_loss_binder 3.34
99 models [0] recycles 0 hard 0 soft 0.99 temp 1 loss 3.36 plddt 0.60 ptm 0.47 i_ptm 0.09 cmap_loss_binder 3.36
100 models [1] recycles 0 hard 0 soft 1 temp 1 loss 3.29 plddt 0.64 ptm 0.46 i_ptm 0.07 cmap_loss_binder 3.29
Stage 2: running (soft → hard)
101 models [1] recycles 0 hard 0 soft 1 temp 0.98 loss 3.29 plddt 0.72 ptm 0.46 i_ptm 0.07 cmap_loss_binder 3.29
102 models [0] recycles 0 hard 0 soft 1 temp 0.96 loss 3.28 plddt 0.61 ptm 0.47 i_ptm 0.09 cmap_loss_binder 3.28
103 models [1] recycles 0 hard 0 soft 1 temp 0.94 loss 3.23 plddt 0.64 ptm 0.46 i_ptm 0.07 cmap_loss_binder 3.23
104 models [0] recycles 0 hard 0 soft 1 temp 0.92 loss 3.25 plddt 0.69 ptm 0.47 i_ptm 0.11 cmap_loss_binder 3.25
105 models [0] recycles 0 hard 0 soft 1 temp 0.90 loss 3.22 plddt 0.68 ptm 0.47 i_ptm 0.12 cmap_loss_binder 3.22
106 models [1] recycles 0 hard 0 soft 1 temp 0.88 loss 3.25 plddt 0.73 ptm 0.46 i_ptm 0.07 cmap_loss_binder 3.25
107 models [0] recycles 0 hard 0 soft 1 temp 0.87 loss 3.19 plddt 0.64 ptm 0.48 i_ptm 0.11 cmap_loss_binder 3.19
108 models [0] recycles 0 hard 0 soft 1 temp 0.85 loss 3.20 plddt 0.69 ptm 0.48 i_ptm 0.11 cmap_loss_binder 3.20
109 models [1] recycles 0 hard 0 soft 1 temp 0.83 loss 3.22 plddt 0.67 ptm 0.46 i_ptm 0.07 cmap_loss_binder 3.22
110 models [0] recycles 0 hard 0 soft 1 temp 0.81 loss 3.20 plddt 0.65 ptm 0.48 i_ptm 0.11 cmap_loss_binder 3.20
111 models [1] recycles 0 hard 0 soft 1 temp 0.79 loss 3.24 plddt 0.60 ptm 0.47 i_ptm 0.08 cmap_loss_binder 3.24
112 models [1] recycles 0 hard 0 soft 1 temp 0.78 loss 3.21 plddt 0.70 ptm 0.47 i_ptm 0.09 cmap_loss_binder 3.21
113 models [0] recycles 0 hard 0 soft 1 temp 0.76 loss 3.24 plddt 0.61 ptm 0.47 i_ptm 0.10 cmap_loss_binder 3.24
114 models [1] recycles 0 hard 0 soft 1 temp 0.74 loss 3.22 plddt 0.73 ptm 0.46 i_ptm 0.07 cmap_loss_binder 3.22
115 models [0] recycles 0 hard 0 soft 1 temp 0.73 loss 3.15 plddt 0.66 ptm 0.47 i_ptm 0.10 cmap_loss_binder 3.15
116 models [1] recycles 0 hard 0 soft 1 temp 0.71 loss 3.32 plddt 0.59 ptm 0.47 i_ptm 0.08 cmap_loss_binder 3.32
117 models [0] recycles 0 hard 0 soft 1 temp 0.69 loss 3.21 plddt 0.61 ptm 0.47 i_ptm 0.11 cmap_loss_binder 3.21
118 models [1] recycles 0 hard 0 soft 1 temp 0.68 loss 3.21 plddt 0.68 ptm 0.47 i_ptm 0.08 cmap_loss_binder 3.21
119 models [1] recycles 0 hard 0 soft 1 temp 0.66 loss 3.18 plddt 0.68 ptm 0.47 i_ptm 0.09 cmap_loss_binder 3.18
120 models [1] recycles 0 hard 0 soft 1 temp 0.64 loss 3.18 plddt 0.71 ptm 0.46 i_ptm 0.08 cmap_loss_binder 3.18
121 models [0] recycles 0 hard 0 soft 1 temp 0.63 loss 3.13 plddt 0.68 ptm 0.47 i_ptm 0.10 cmap_loss_binder 3.13
122 models [1] recycles 0 hard 0 soft 1 temp 0.61 loss 3.18 plddt 0.70 ptm 0.47 i_ptm 0.07 cmap_loss_binder 3.18
123 models [0] recycles 0 hard 0 soft 1 temp 0.60 loss 3.13 plddt 0.68 ptm 0.47 i_ptm 0.10 cmap_loss_binder 3.13
124 models [0] recycles 0 hard 0 soft 1 temp 0.58 loss 3.17 plddt 0.67 ptm 0.47 i_ptm 0.10 cmap_loss_binder 3.17
125 models [1] recycles 0 hard 0 soft 1 temp 0.57 loss 3.21 plddt 0.62 ptm 0.47 i_ptm 0.08 cmap_loss_binder 3.21
126 models [0] recycles 0 hard 0 soft 1 temp 0.55 loss 3.17 plddt 0.70 ptm 0.48 i_ptm 0.10 cmap_loss_binder 3.17
127 models [1] recycles 0 hard 0 soft 1 temp 0.54 loss 3.16 plddt 0.69 ptm 0.46 i_ptm 0.08 cmap_loss_binder 3.16
128 models [0] recycles 0 hard 0 soft 1 temp 0.52 loss 3.17 plddt 0.67 ptm 0.47 i_ptm 0.10 cmap_loss_binder 3.17
129 models [1] recycles 0 hard 0 soft 1 temp 0.51 loss 3.16 plddt 0.71 ptm 0.46 i_ptm 0.07 cmap_loss_binder 3.16
130 models [0] recycles 0 hard 0 soft 1 temp 0.50 loss 3.12 plddt 0.71 ptm 0.48 i_ptm 0.09 cmap_loss_binder 3.12
131 models [0] recycles 0 hard 0 soft 1 temp 0.48 loss 3.13 plddt 0.69 ptm 0.48 i_ptm 0.11 cmap_loss_binder 3.13
132 models [0] recycles 0 hard 0 soft 1 temp 0.47 loss 3.11 plddt 0.68 ptm 0.48 i_ptm 0.11 cmap_loss_binder 3.11
133 models [1] recycles 0 hard 0 soft 1 temp 0.45 loss 3.16 plddt 0.67 ptm 0.46 i_ptm 0.07 cmap_loss_binder 3.16
134 models [1] recycles 0 hard 0 soft 1 temp 0.44 loss 3.16 plddt 0.68 ptm 0.47 i_ptm 0.07 cmap_loss_binder 3.16
135 models [0] recycles 0 hard 0 soft 1 temp 0.43 loss 3.11 plddt 0.68 ptm 0.48 i_ptm 0.09 cmap_loss_binder 3.11
136 models [0] recycles 0 hard 0 soft 1 temp 0.42 loss 3.37 plddt 0.57 ptm 0.48 i_ptm 0.10 cmap_loss_binder 3.37
137 models [1] recycles 0 hard 0 soft 1 temp 0.40 loss 3.35 plddt 0.56 ptm 0.47 i_ptm 0.07 cmap_loss_binder 3.35
138 models [1] recycles 0 hard 0 soft 1 temp 0.39 loss 3.20 plddt 0.66 ptm 0.47 i_ptm 0.07 cmap_loss_binder 3.20
139 models [1] recycles 0 hard 0 soft 1 temp 0.38 loss 3.16 plddt 0.71 ptm 0.47 i_ptm 0.08 cmap_loss_binder 3.16
140 models [0] recycles 0 hard 0 soft 1 temp 0.37 loss 3.29 plddt 0.60 ptm 0.48 i_ptm 0.11 cmap_loss_binder 3.29
141 models [0] recycles 0 hard 0 soft 1 temp 0.35 loss 3.19 plddt 0.64 ptm 0.48 i_ptm 0.10 cmap_loss_binder 3.19
142 models [0] recycles 0 hard 0 soft 1 temp 0.34 loss 3.13 plddt 0.67 ptm 0.47 i_ptm 0.10 cmap_loss_binder 3.13
143 models [1] recycles 0 hard 0 soft 1 temp 0.33 loss 3.15 plddt 0.68 ptm 0.46 i_ptm 0.07 cmap_loss_binder 3.15
144 models [0] recycles 0 hard 0 soft 1 temp 0.32 loss 3.15 plddt 0.70 ptm 0.48 i_ptm 0.11 cmap_loss_binder 3.15
145 models [1] recycles 0 hard 0 soft 1 temp 0.31 loss 3.22 plddt 0.59 ptm 0.47 i_ptm 0.07 cmap_loss_binder 3.22
146 models [0] recycles 0 hard 0 soft 1 temp 0.30 loss 3.14 plddt 0.71 ptm 0.47 i_ptm 0.10 cmap_loss_binder 3.14
147 models [1] recycles 0 hard 0 soft 1 temp 0.29 loss 3.18 plddt 0.68 ptm 0.47 i_ptm 0.08 cmap_loss_binder 3.18
148 models [1] recycles 0 hard 0 soft 1 temp 0.28 loss 3.22 plddt 0.62 ptm 0.46 i_ptm 0.07 cmap_loss_binder 3.22
149 models [0] recycles 0 hard 0 soft 1 temp 0.27 loss 3.15 plddt 0.70 ptm 0.47 i_ptm 0.11 cmap_loss_binder 3.15
150 models [0] recycles 0 hard 0 soft 1 temp 0.26 loss 3.17 plddt 0.65 ptm 0.47 i_ptm 0.09 cmap_loss_binder 3.17
151 models [0] recycles 0 hard 0 soft 1 temp 0.25 loss 3.15 plddt 0.69 ptm 0.48 i_ptm 0.09 cmap_loss_binder 3.15
152 models [0] recycles 0 hard 0 soft 1 temp 0.24 loss 3.13 plddt 0.67 ptm 0.48 i_ptm 0.09 cmap_loss_binder 3.13
153 models [0] recycles 0 hard 0 soft 1 temp 0.23 loss 3.09 plddt 0.68 ptm 0.47 i_ptm 0.09 cmap_loss_binder 3.09
154 models [0] recycles 0 hard 0 soft 1 temp 0.22 loss 3.10 plddt 0.70 ptm 0.47 i_ptm 0.09 cmap_loss_binder 3.10
155 models [1] recycles 0 hard 0 soft 1 temp 0.21 loss 3.23 plddt 0.59 ptm 0.47 i_ptm 0.07 cmap_loss_binder 3.23
156 models [0] recycles 0 hard 0 soft 1 temp 0.20 loss 3.21 plddt 0.62 ptm 0.47 i_ptm 0.09 cmap_loss_binder 3.21
157 models [0] recycles 0 hard 0 soft 1 temp 0.19 loss 3.15 plddt 0.68 ptm 0.48 i_ptm 0.09 cmap_loss_binder 3.15
158 models [1] recycles 0 hard 0 soft 1 temp 0.18 loss 3.17 plddt 0.64 ptm 0.47 i_ptm 0.07 cmap_loss_binder 3.17
159 models [1] recycles 0 hard 0 soft 1 temp 0.18 loss 3.18 plddt 0.63 ptm 0.46 i_ptm 0.07 cmap_loss_binder 3.18
160 models [1] recycles 0 hard 0 soft 1 temp 0.17 loss 3.22 plddt 0.62 ptm 0.46 i_ptm 0.07 cmap_loss_binder 3.22
161 models [1] recycles 0 hard 0 soft 1 temp 0.16 loss 3.16 plddt 0.67 ptm 0.47 i_ptm 0.07 cmap_loss_binder 3.16
162 models [1] recycles 0 hard 0 soft 1 temp 0.15 loss 3.17 plddt 0.67 ptm 0.47 i_ptm 0.07 cmap_loss_binder 3.17
163 models [1] recycles 0 hard 0 soft 1 temp 0.15 loss 3.19 plddt 0.65 ptm 0.47 i_ptm 0.08 cmap_loss_binder 3.19
164 models [1] recycles 0 hard 0 soft 1 temp 0.14 loss 3.16 plddt 0.67 ptm 0.46 i_ptm 0.07 cmap_loss_binder 3.16
165 models [0] recycles 0 hard 0 soft 1 temp 0.13 loss 3.12 plddt 0.67 ptm 0.47 i_ptm 0.09 cmap_loss_binder 3.12
166 models [1] recycles 0 hard 0 soft 1 temp 0.12 loss 3.17 plddt 0.69 ptm 0.46 i_ptm 0.07 cmap_loss_binder 3.17
167 models [0] recycles 0 hard 0 soft 1 temp 0.12 loss 3.11 plddt 0.68 ptm 0.48 i_ptm 0.09 cmap_loss_binder 3.11
168 models [0] recycles 0 hard 0 soft 1 temp 0.11 loss 3.13 plddt 0.66 ptm 0.48 i_ptm 0.09 cmap_loss_binder 3.13
169 models [1] recycles 0 hard 0 soft 1 temp 0.11 loss 3.18 plddt 0.65 ptm 0.47 i_ptm 0.07 cmap_loss_binder 3.18
170 models [1] recycles 0 hard 0 soft 1 temp 0.10 loss 3.18 plddt 0.67 ptm 0.47 i_ptm 0.07 cmap_loss_binder 3.18
171 models [1] recycles 0 hard 0 soft 1 temp 0.09 loss 3.16 plddt 0.68 ptm 0.46 i_ptm 0.07 cmap_loss_binder 3.16
172 models [1] recycles 0 hard 0 soft 1 temp 0.09 loss 3.14 plddt 0.65 ptm 0.47 i_ptm 0.07 cmap_loss_binder 3.14
173 models [0] recycles 0 hard 0 soft 1 temp 0.08 loss 3.38 plddt 0.52 ptm 0.48 i_ptm 0.09 cmap_loss_binder 3.38
174 models [0] recycles 0 hard 0 soft 1 temp 0.08 loss 3.26 plddt 0.59 ptm 0.48 i_ptm 0.09 cmap_loss_binder 3.26
175 models [0] recycles 0 hard 0 soft 1 temp 0.07 loss 3.16 plddt 0.61 ptm 0.48 i_ptm 0.09 cmap_loss_binder 3.16
176 models [1] recycles 0 hard 0 soft 1 temp 0.07 loss 3.19 plddt 0.65 ptm 0.47 i_ptm 0.07 cmap_loss_binder 3.19
177 models [1] recycles 0 hard 0 soft 1 temp 0.06 loss 3.20 plddt 0.66 ptm 0.46 i_ptm 0.07 cmap_loss_binder 3.20
178 models [1] recycles 0 hard 0 soft 1 temp 0.06 loss 3.14 plddt 0.67 ptm 0.47 i_ptm 0.08 cmap_loss_binder 3.14
179 models [0] recycles 0 hard 0 soft 1 temp 0.05 loss 3.13 plddt 0.64 ptm 0.48 i_ptm 0.09 cmap_loss_binder 3.13
180 models [0] recycles 0 hard 0 soft 1 temp 0.05 loss 3.26 plddt 0.59 ptm 0.47 i_ptm 0.09 cmap_loss_binder 3.26
181 models [0] recycles 0 hard 0 soft 1 temp 0.05 loss 3.21 plddt 0.60 ptm 0.48 i_ptm 0.09 cmap_loss_binder 3.21
182 models [1] recycles 0 hard 0 soft 1 temp 0.04 loss 3.16 plddt 0.67 ptm 0.47 i_ptm 0.08 cmap_loss_binder 3.16
183 models [0] recycles 0 hard 0 soft 1 temp 0.04 loss 3.14 plddt 0.64 ptm 0.48 i_ptm 0.09 cmap_loss_binder 3.14
184 models [0] recycles 0 hard 0 soft 1 temp 0.04 loss 3.15 plddt 0.64 ptm 0.47 i_ptm 0.09 cmap_loss_binder 3.15
185 models [1] recycles 0 hard 0 soft 1 temp 0.03 loss 3.18 plddt 0.66 ptm 0.47 i_ptm 0.08 cmap_loss_binder 3.18
186 models [0] recycles 0 hard 0 soft 1 temp 0.03 loss 3.14 plddt 0.68 ptm 0.48 i_ptm 0.10 cmap_loss_binder 3.14
187 models [1] recycles 0 hard 0 soft 1 temp 0.03 loss 3.19 plddt 0.65 ptm 0.47 i_ptm 0.08 cmap_loss_binder 3.19
188 models [0] recycles 0 hard 0 soft 1 temp 0.02 loss 3.14 plddt 0.65 ptm 0.48 i_ptm 0.09 cmap_loss_binder 3.14
189 models [1] recycles 0 hard 0 soft 1 temp 0.02 loss 3.19 plddt 0.63 ptm 0.47 i_ptm 0.07 cmap_loss_binder 3.19
190 models [1] recycles 0 hard 0 soft 1 temp 0.02 loss 3.19 plddt 0.64 ptm 0.47 i_ptm 0.08 cmap_loss_binder 3.19
191 models [1] recycles 0 hard 0 soft 1 temp 0.02 loss 3.19 plddt 0.60 ptm 0.46 i_ptm 0.07 cmap_loss_binder 3.19
192 models [0] recycles 0 hard 0 soft 1 temp 0.02 loss 3.16 plddt 0.61 ptm 0.48 i_ptm 0.09 cmap_loss_binder 3.16
193 models [1] recycles 0 hard 0 soft 1 temp 0.01 loss 3.19 plddt 0.63 ptm 0.47 i_ptm 0.08 cmap_loss_binder 3.19
194 models [1] recycles 0 hard 0 soft 1 temp 0.01 loss 3.19 plddt 0.67 ptm 0.47 i_ptm 0.07 cmap_loss_binder 3.19
195 models [1] recycles 0 hard 0 soft 1 temp 0.01 loss 3.26 plddt 0.62 ptm 0.47 i_ptm 0.08 cmap_loss_binder 3.26
196 models [0] recycles 0 hard 0 soft 1 temp 0.01 loss 3.16 plddt 0.62 ptm 0.47 i_ptm 0.10 cmap_loss_binder 3.16
197 models [0] recycles 0 hard 0 soft 1 temp 0.01 loss 3.17 plddt 0.65 ptm 0.48 i_ptm 0.09 cmap_loss_binder 3.17
198 models [1] recycles 0 hard 0 soft 1 temp 0.01 loss 3.18 plddt 0.67 ptm 0.47 i_ptm 0.07 cmap_loss_binder 3.18
199 models [1] recycles 0 hard 0 soft 1 temp 0.01 loss 3.18 plddt 0.68 ptm 0.46 i_ptm 0.07 cmap_loss_binder 3.18
200 models [0] recycles 0 hard 0 soft 1 temp 0.01 loss 3.20 plddt 0.61 ptm 0.47 i_ptm 0.09 cmap_loss_binder 3.20
Stage 3: running (hard)
201 models [0, 1] recycles 0 hard 1 soft 1 temp 0.01 loss 3.14 plddt 0.66 ptm 0.47 i_ptm 0.08 cmap_loss_binder 3.14
202 models [0, 1] recycles 0 hard 1 soft 1 temp 0.01 loss 3.14 plddt 0.66 ptm 0.47 i_ptm 0.08 cmap_loss_binder 3.14
203 models [0, 1] recycles 0 hard 1 soft 1 temp 0.01 loss 3.14 plddt 0.66 ptm 0.47 i_ptm 0.08 cmap_loss_binder 3.14
204 models [0, 1] recycles 0 hard 1 soft 1 temp 0.01 loss 3.14 plddt 0.66 ptm 0.47 i_ptm 0.08 cmap_loss_binder 3.14
205 models [0, 1] recycles 0 hard 1 soft 1 temp 0.01 loss 3.14 plddt 0.66 ptm 0.47 i_ptm 0.08 cmap_loss_binder 3.14
206 models [0, 1] recycles 0 hard 1 soft 1 temp 0.01 loss 3.14 plddt 0.65 ptm 0.47 i_ptm 0.08 cmap_loss_binder 3.14
207 models [0, 1] recycles 0 hard 1 soft 1 temp 0.01 loss 3.14 plddt 0.65 ptm 0.47 i_ptm 0.08 cmap_loss_binder 3.14
208 models [0, 1] recycles 0 hard 1 soft 1 temp 0.01 loss 3.14 plddt 0.66 ptm 0.47 i_ptm 0.08 cmap_loss_binder 3.14
209 models [0, 1] recycles 0 hard 1 soft 1 temp 0.01 loss 3.14 plddt 0.65 ptm 0.47 i_ptm 0.08 cmap_loss_binder 3.14
210 models [0, 1] recycles 0 hard 1 soft 1 temp 0.01 loss 3.14 plddt 0.64 ptm 0.47 i_ptm 0.08 cmap_loss_binder 3.14
211 models [0, 1] recycles 0 hard 1 soft 1 temp 0.01 loss 3.14 plddt 0.65 ptm 0.47 i_ptm 0.08 cmap_loss_binder 3.14
212 models [0, 1] recycles 0 hard 1 soft 1 temp 0.01 loss 3.14 plddt 0.65 ptm 0.47 i_ptm 0.08 cmap_loss_binder 3.14
213 models [0, 1] recycles 0 hard 1 soft 1 temp 0.01 loss 3.14 plddt 0.65 ptm 0.47 i_ptm 0.08 cmap_loss_binder 3.14
214 models [0, 1] recycles 0 hard 1 soft 1 temp 0.01 loss 3.14 plddt 0.65 ptm 0.47 i_ptm 0.08 cmap_loss_binder 3.14
215 models [0, 1] recycles 0 hard 1 soft 1 temp 0.01 loss 3.14 plddt 0.65 ptm 0.47 i_ptm 0.08 cmap_loss_binder 3.14
216 models [0, 1] recycles 0 hard 1 soft 1 temp 0.01 loss 3.14 plddt 0.64 ptm 0.47 i_ptm 0.08 cmap_loss_binder 3.14
217 models [0, 1] recycles 0 hard 1 soft 1 temp 0.01 loss 3.14 plddt 0.65 ptm 0.47 i_ptm 0.08 cmap_loss_binder 3.14
218 models [0, 1] recycles 0 hard 1 soft 1 temp 0.01 loss 3.14 plddt 0.65 ptm 0.47 i_ptm 0.08 cmap_loss_binder 3.14
219 models [0, 1] recycles 0 hard 1 soft 1 temp 0.01 loss 3.14 plddt 0.64 ptm 0.47 i_ptm 0.08 cmap_loss_binder 3.14
220 models [0, 1] recycles 0 hard 1 soft 1 temp 0.01 loss 3.14 plddt 0.65 ptm 0.47 i_ptm 0.08 cmap_loss_binder 3.14
Predicting sequences with AF2_ptm...
predict: traj_1_0 plddt: 0.716, i_pae: 0.909, i_ptm: 0.103, cmap_loss: 3.507
predict: traj_1_1 plddt: 0.805, i_pae: 0.901, i_ptm: 0.101, cmap_loss: 3.390
