CMAP of binder (monomer plddt: 0.927)
Stage 1: running (logits → soft)
1 models [1] recycles 0 hard 0 soft 0.01 temp 1 loss 3.91 plddt 0.47 ptm 0.49 i_ptm 0.06 cmap_loss_binder 3.91
2 models [0] recycles 0 hard 0 soft 0.02 temp 1 loss 4.08 plddt 0.89 ptm 0.48 i_ptm 0.09 cmap_loss_binder 4.08
3 models [0] recycles 0 hard 0 soft 0.03 temp 1 loss 4.16 plddt 0.78 ptm 0.48 i_ptm 0.08 cmap_loss_binder 4.16
4 models [1] recycles 0 hard 0 soft 0.04 temp 1 loss 4.00 plddt 0.78 ptm 0.49 i_ptm 0.09 cmap_loss_binder 4.00
5 models [0] recycles 0 hard 0 soft 0.05 temp 1 loss 4.00 plddt 0.78 ptm 0.49 i_ptm 0.09 cmap_loss_binder 4.00
6 models [1] recycles 0 hard 0 soft 0.06 temp 1 loss 3.97 plddt 0.75 ptm 0.49 i_ptm 0.09 cmap_loss_binder 3.97
7 models [0] recycles 0 hard 0 soft 0.07 temp 1 loss 3.96 plddt 0.73 ptm 0.49 i_ptm 0.09 cmap_loss_binder 3.96
8 models [0] recycles 0 hard 0 soft 0.08 temp 1 loss 3.95 plddt 0.73 ptm 0.49 i_ptm 0.09 cmap_loss_binder 3.95
9 models [0] recycles 0 hard 0 soft 0.09 temp 1 loss 3.91 plddt 0.65 ptm 0.49 i_ptm 0.09 cmap_loss_binder 3.91
10 models [0] recycles 0 hard 0 soft 0.10 temp 1 loss 3.88 plddt 0.61 ptm 0.49 i_ptm 0.09 cmap_loss_binder 3.88
11 models [1] recycles 0 hard 0 soft 0.11 temp 1 loss 3.65 plddt 0.46 ptm 0.49 i_ptm 0.07 cmap_loss_binder 3.65
12 models [0] recycles 0 hard 0 soft 0.12 temp 1 loss 3.64 plddt 0.47 ptm 0.50 i_ptm 0.11 cmap_loss_binder 3.64
13 models [1] recycles 0 hard 0 soft 0.13 temp 1 loss 3.54 plddt 0.39 ptm 0.49 i_ptm 0.07 cmap_loss_binder 3.54
14 models [1] recycles 0 hard 0 soft 0.14 temp 1 loss 3.48 plddt 0.37 ptm 0.49 i_ptm 0.08 cmap_loss_binder 3.48
15 models [1] recycles 0 hard 0 soft 0.15 temp 1 loss 3.39 plddt 0.38 ptm 0.49 i_ptm 0.07 cmap_loss_binder 3.39
16 models [0] recycles 0 hard 0 soft 0.16 temp 1 loss 3.41 plddt 0.40 ptm 0.50 i_ptm 0.10 cmap_loss_binder 3.41
17 models [0] recycles 0 hard 0 soft 0.17 temp 1 loss 3.32 plddt 0.39 ptm 0.50 i_ptm 0.10 cmap_loss_binder 3.32
18 models [1] recycles 0 hard 0 soft 0.18 temp 1 loss 3.31 plddt 0.36 ptm 0.49 i_ptm 0.07 cmap_loss_binder 3.31
19 models [1] recycles 0 hard 0 soft 0.19 temp 1 loss 3.25 plddt 0.36 ptm 0.49 i_ptm 0.07 cmap_loss_binder 3.25
20 models [1] recycles 0 hard 0 soft 0.20 temp 1 loss 3.18 plddt 0.35 ptm 0.49 i_ptm 0.07 cmap_loss_binder 3.18
21 models [1] recycles 0 hard 0 soft 0.21 temp 1 loss 3.08 plddt 0.37 ptm 0.49 i_ptm 0.06 cmap_loss_binder 3.08
22 models [1] recycles 0 hard 0 soft 0.22 temp 1 loss 3.04 plddt 0.40 ptm 0.49 i_ptm 0.06 cmap_loss_binder 3.04
23 models [1] recycles 0 hard 0 soft 0.23 temp 1 loss 3.03 plddt 0.42 ptm 0.49 i_ptm 0.06 cmap_loss_binder 3.03
24 models [1] recycles 0 hard 0 soft 0.24 temp 1 loss 2.95 plddt 0.35 ptm 0.49 i_ptm 0.06 cmap_loss_binder 2.95
25 models [1] recycles 0 hard 0 soft 0.25 temp 1 loss 2.84 plddt 0.37 ptm 0.49 i_ptm 0.07 cmap_loss_binder 2.84
26 models [0] recycles 0 hard 0 soft 0.26 temp 1 loss 2.77 plddt 0.40 ptm 0.50 i_ptm 0.10 cmap_loss_binder 2.77
27 models [1] recycles 0 hard 0 soft 0.27 temp 1 loss 2.79 plddt 0.40 ptm 0.49 i_ptm 0.06 cmap_loss_binder 2.79
28 models [1] recycles 0 hard 0 soft 0.28 temp 1 loss 2.68 plddt 0.48 ptm 0.49 i_ptm 0.06 cmap_loss_binder 2.68
29 models [0] recycles 0 hard 0 soft 0.29 temp 1 loss 2.66 plddt 0.51 ptm 0.50 i_ptm 0.10 cmap_loss_binder 2.66
30 models [0] recycles 0 hard 0 soft 0.30 temp 1 loss 2.58 plddt 0.51 ptm 0.50 i_ptm 0.09 cmap_loss_binder 2.58
31 models [0] recycles 0 hard 0 soft 0.31 temp 1 loss 2.53 plddt 0.55 ptm 0.50 i_ptm 0.09 cmap_loss_binder 2.53
32 models [0] recycles 0 hard 0 soft 0.32 temp 1 loss 2.44 plddt 0.55 ptm 0.50 i_ptm 0.09 cmap_loss_binder 2.44
33 models [0] recycles 0 hard 0 soft 0.33 temp 1 loss 2.48 plddt 0.52 ptm 0.50 i_ptm 0.10 cmap_loss_binder 2.48
34 models [0] recycles 0 hard 0 soft 0.34 temp 1 loss 2.44 plddt 0.55 ptm 0.50 i_ptm 0.11 cmap_loss_binder 2.44
35 models [0] recycles 0 hard 0 soft 0.35 temp 1 loss 2.43 plddt 0.59 ptm 0.50 i_ptm 0.10 cmap_loss_binder 2.43
36 models [0] recycles 0 hard 0 soft 0.36 temp 1 loss 2.41 plddt 0.60 ptm 0.51 i_ptm 0.11 cmap_loss_binder 2.41
37 models [0] recycles 0 hard 0 soft 0.37 temp 1 loss 2.36 plddt 0.59 ptm 0.51 i_ptm 0.11 cmap_loss_binder 2.36
38 models [0] recycles 0 hard 0 soft 0.38 temp 1 loss 2.32 plddt 0.58 ptm 0.51 i_ptm 0.12 cmap_loss_binder 2.32
39 models [1] recycles 0 hard 0 soft 0.39 temp 1 loss 2.43 plddt 0.54 ptm 0.49 i_ptm 0.06 cmap_loss_binder 2.43
40 models [1] recycles 0 hard 0 soft 0.40 temp 1 loss 2.45 plddt 0.55 ptm 0.49 i_ptm 0.06 cmap_loss_binder 2.45
41 models [1] recycles 0 hard 0 soft 0.41 temp 1 loss 2.37 plddt 0.57 ptm 0.49 i_ptm 0.07 cmap_loss_binder 2.37
42 models [1] recycles 0 hard 0 soft 0.42 temp 1 loss 2.27 plddt 0.62 ptm 0.49 i_ptm 0.08 cmap_loss_binder 2.27
43 models [0] recycles 0 hard 0 soft 0.43 temp 1 loss 2.24 plddt 0.62 ptm 0.53 i_ptm 0.16 cmap_loss_binder 2.24
44 models [0] recycles 0 hard 0 soft 0.44 temp 1 loss 2.22 plddt 0.56 ptm 0.55 i_ptm 0.21 cmap_loss_binder 2.22
45 models [0] recycles 0 hard 0 soft 0.45 temp 1 loss 2.19 plddt 0.62 ptm 0.57 i_ptm 0.24 cmap_loss_binder 2.19
46 models [0] recycles 0 hard 0 soft 0.46 temp 1 loss 2.18 plddt 0.59 ptm 0.54 i_ptm 0.17 cmap_loss_binder 2.18
47 models [1] recycles 0 hard 0 soft 0.47 temp 1 loss 2.24 plddt 0.60 ptm 0.50 i_ptm 0.09 cmap_loss_binder 2.24
48 models [0] recycles 0 hard 0 soft 0.48 temp 1 loss 2.18 plddt 0.63 ptm 0.51 i_ptm 0.13 cmap_loss_binder 2.18
49 models [1] recycles 0 hard 0 soft 0.49 temp 1 loss 2.18 plddt 0.68 ptm 0.50 i_ptm 0.08 cmap_loss_binder 2.18
50 models [0] recycles 0 hard 0 soft 0.50 temp 1 loss 2.05 plddt 0.61 ptm 0.56 i_ptm 0.22 cmap_loss_binder 2.05
51 models [0] recycles 0 hard 0 soft 0.51 temp 1 loss 2.08 plddt 0.61 ptm 0.56 i_ptm 0.22 cmap_loss_binder 2.08
52 models [0] recycles 0 hard 0 soft 0.52 temp 1 loss 2.09 plddt 0.63 ptm 0.51 i_ptm 0.12 cmap_loss_binder 2.09
53 models [1] recycles 0 hard 0 soft 0.53 temp 1 loss 2.11 plddt 0.64 ptm 0.49 i_ptm 0.06 cmap_loss_binder 2.11
54 models [1] recycles 0 hard 0 soft 0.54 temp 1 loss 2.14 plddt 0.61 ptm 0.49 i_ptm 0.07 cmap_loss_binder 2.14
55 models [1] recycles 0 hard 0 soft 0.55 temp 1 loss 2.06 plddt 0.70 ptm 0.49 i_ptm 0.09 cmap_loss_binder 2.06
56 models [0] recycles 0 hard 0 soft 0.56 temp 1 loss 2.01 plddt 0.62 ptm 0.57 i_ptm 0.25 cmap_loss_binder 2.01
57 models [1] recycles 0 hard 0 soft 0.57 temp 1 loss 2.01 plddt 0.67 ptm 0.50 i_ptm 0.08 cmap_loss_binder 2.01
58 models [1] recycles 0 hard 0 soft 0.58 temp 1 loss 2.00 plddt 0.67 ptm 0.50 i_ptm 0.09 cmap_loss_binder 2.00
59 models [1] recycles 0 hard 0 soft 0.59 temp 1 loss 2.00 plddt 0.67 ptm 0.50 i_ptm 0.09 cmap_loss_binder 2.00
60 models [1] recycles 0 hard 0 soft 0.60 temp 1 loss 1.96 plddt 0.70 ptm 0.51 i_ptm 0.12 cmap_loss_binder 1.96
61 models [0] recycles 0 hard 0 soft 0.61 temp 1 loss 2.04 plddt 0.57 ptm 0.56 i_ptm 0.22 cmap_loss_binder 2.04
62 models [1] recycles 0 hard 0 soft 0.62 temp 1 loss 2.01 plddt 0.66 ptm 0.50 i_ptm 0.09 cmap_loss_binder 2.01
63 models [1] recycles 0 hard 0 soft 0.63 temp 1 loss 1.98 plddt 0.70 ptm 0.51 i_ptm 0.12 cmap_loss_binder 1.98
64 models [0] recycles 0 hard 0 soft 0.64 temp 1 loss 1.91 plddt 0.63 ptm 0.53 i_ptm 0.15 cmap_loss_binder 1.91
65 models [1] recycles 0 hard 0 soft 0.65 temp 1 loss 1.97 plddt 0.70 ptm 0.52 i_ptm 0.12 cmap_loss_binder 1.97
66 models [0] recycles 0 hard 0 soft 0.66 temp 1 loss 1.91 plddt 0.64 ptm 0.56 i_ptm 0.22 cmap_loss_binder 1.91
67 models [1] recycles 0 hard 0 soft 0.67 temp 1 loss 2.06 plddt 0.67 ptm 0.50 i_ptm 0.09 cmap_loss_binder 2.06
68 models [1] recycles 0 hard 0 soft 0.68 temp 1 loss 1.98 plddt 0.73 ptm 0.51 i_ptm 0.11 cmap_loss_binder 1.98
69 models [1] recycles 0 hard 0 soft 0.69 temp 1 loss 2.00 plddt 0.69 ptm 0.49 i_ptm 0.08 cmap_loss_binder 2.00
70 models [1] recycles 0 hard 0 soft 0.70 temp 1 loss 1.98 plddt 0.66 ptm 0.50 i_ptm 0.09 cmap_loss_binder 1.98
71 models [0] recycles 0 hard 0 soft 0.71 temp 1 loss 1.91 plddt 0.69 ptm 0.58 i_ptm 0.25 cmap_loss_binder 1.91
72 models [1] recycles 0 hard 0 soft 0.72 temp 1 loss 1.99 plddt 0.74 ptm 0.49 i_ptm 0.08 cmap_loss_binder 1.99
73 models [0] recycles 0 hard 0 soft 0.73 temp 1 loss 1.98 plddt 0.61 ptm 0.57 i_ptm 0.24 cmap_loss_binder 1.98
74 models [1] recycles 0 hard 0 soft 0.74 temp 1 loss 2.13 plddt 0.59 ptm 0.49 i_ptm 0.07 cmap_loss_binder 2.13
75 models [0] recycles 0 hard 0 soft 0.75 temp 1 loss 1.83 plddt 0.67 ptm 0.59 i_ptm 0.27 cmap_loss_binder 1.83
76 models [1] recycles 0 hard 0 soft 0.76 temp 1 loss 1.99 plddt 0.66 ptm 0.49 i_ptm 0.08 cmap_loss_binder 1.99
77 models [0] recycles 0 hard 0 soft 0.77 temp 1 loss 1.90 plddt 0.64 ptm 0.55 i_ptm 0.21 cmap_loss_binder 1.90
78 models [0] recycles 0 hard 0 soft 0.78 temp 1 loss 1.85 plddt 0.66 ptm 0.62 i_ptm 0.33 cmap_loss_binder 1.85
79 models [1] recycles 0 hard 0 soft 0.79 temp 1 loss 1.95 plddt 0.74 ptm 0.50 i_ptm 0.09 cmap_loss_binder 1.95
80 models [1] recycles 0 hard 0 soft 0.80 temp 1 loss 1.94 plddt 0.65 ptm 0.50 i_ptm 0.09 cmap_loss_binder 1.94
81 models [0] recycles 0 hard 0 soft 0.81 temp 1 loss 1.76 plddt 0.68 ptm 0.60 i_ptm 0.29 cmap_loss_binder 1.76
82 models [0] recycles 0 hard 0 soft 0.82 temp 1 loss 1.89 plddt 0.65 ptm 0.55 i_ptm 0.20 cmap_loss_binder 1.89
83 models [1] recycles 0 hard 0 soft 0.83 temp 1 loss 1.95 plddt 0.66 ptm 0.50 i_ptm 0.09 cmap_loss_binder 1.95
84 models [0] recycles 0 hard 0 soft 0.84 temp 1 loss 1.72 plddt 0.69 ptm 0.59 i_ptm 0.28 cmap_loss_binder 1.72
85 models [0] recycles 0 hard 0 soft 0.85 temp 1 loss 1.63 plddt 0.71 ptm 0.62 i_ptm 0.34 cmap_loss_binder 1.63
86 models [0] recycles 0 hard 0 soft 0.86 temp 1 loss 1.65 plddt 0.72 ptm 0.65 i_ptm 0.38 cmap_loss_binder 1.65
87 models [1] recycles 0 hard 0 soft 0.87 temp 1 loss 1.86 plddt 0.73 ptm 0.50 i_ptm 0.10 cmap_loss_binder 1.86
88 models [1] recycles 0 hard 0 soft 0.88 temp 1 loss 1.88 plddt 0.79 ptm 0.49 i_ptm 0.08 cmap_loss_binder 1.88
89 models [0] recycles 0 hard 0 soft 0.89 temp 1 loss 1.66 plddt 0.71 ptm 0.60 i_ptm 0.30 cmap_loss_binder 1.66
90 models [1] recycles 0 hard 0 soft 0.90 temp 1 loss 1.87 plddt 0.73 ptm 0.49 i_ptm 0.07 cmap_loss_binder 1.87
91 models [1] recycles 0 hard 0 soft 0.91 temp 1 loss 1.88 plddt 0.75 ptm 0.49 i_ptm 0.08 cmap_loss_binder 1.88
92 models [1] recycles 0 hard 0 soft 0.92 temp 1 loss 1.86 plddt 0.78 ptm 0.49 i_ptm 0.08 cmap_loss_binder 1.86
93 models [1] recycles 0 hard 0 soft 0.93 temp 1 loss 1.92 plddt 0.76 ptm 0.49 i_ptm 0.07 cmap_loss_binder 1.92
94 models [0] recycles 0 hard 0 soft 0.94 temp 1 loss 1.71 plddt 0.70 ptm 0.56 i_ptm 0.22 cmap_loss_binder 1.71
95 models [1] recycles 0 hard 0 soft 0.95 temp 1 loss 1.87 plddt 0.71 ptm 0.50 i_ptm 0.09 cmap_loss_binder 1.87
96 models [0] recycles 0 hard 0 soft 0.96 temp 1 loss 1.60 plddt 0.68 ptm 0.65 i_ptm 0.40 cmap_loss_binder 1.60
97 models [1] recycles 0 hard 0 soft 0.97 temp 1 loss 1.82 plddt 0.74 ptm 0.49 i_ptm 0.08 cmap_loss_binder 1.82
98 models [0] recycles 0 hard 0 soft 0.98 temp 1 loss 1.69 plddt 0.71 ptm 0.59 i_ptm 0.28 cmap_loss_binder 1.69
99 models [1] recycles 0 hard 0 soft 0.99 temp 1 loss 1.87 plddt 0.71 ptm 0.49 i_ptm 0.07 cmap_loss_binder 1.87
100 models [0] recycles 0 hard 0 soft 1 temp 1 loss 1.63 plddt 0.73 ptm 0.58 i_ptm 0.28 cmap_loss_binder 1.63
Stage 2: running (soft → hard)
101 models [1] recycles 0 hard 0 soft 1 temp 0.98 loss 1.83 plddt 0.73 ptm 0.49 i_ptm 0.08 cmap_loss_binder 1.83
102 models [0] recycles 0 hard 0 soft 1 temp 0.96 loss 1.54 plddt 0.73 ptm 0.65 i_ptm 0.40 cmap_loss_binder 1.54
103 models [1] recycles 0 hard 0 soft 1 temp 0.94 loss 1.82 plddt 0.77 ptm 0.49 i_ptm 0.08 cmap_loss_binder 1.82
104 models [0] recycles 0 hard 0 soft 1 temp 0.92 loss 1.57 plddt 0.74 ptm 0.62 i_ptm 0.34 cmap_loss_binder 1.57
105 models [1] recycles 0 hard 0 soft 1 temp 0.90 loss 1.79 plddt 0.82 ptm 0.50 i_ptm 0.09 cmap_loss_binder 1.79
106 models [1] recycles 0 hard 0 soft 1 temp 0.88 loss 1.76 plddt 0.76 ptm 0.49 i_ptm 0.07 cmap_loss_binder 1.76
107 models [0] recycles 0 hard 0 soft 1 temp 0.87 loss 1.58 plddt 0.77 ptm 0.60 i_ptm 0.29 cmap_loss_binder 1.58
108 models [0] recycles 0 hard 0 soft 1 temp 0.85 loss 1.55 plddt 0.74 ptm 0.62 i_ptm 0.33 cmap_loss_binder 1.55
109 models [0] recycles 0 hard 0 soft 1 temp 0.83 loss 1.53 plddt 0.74 ptm 0.62 i_ptm 0.34 cmap_loss_binder 1.53
110 models [0] recycles 0 hard 0 soft 1 temp 0.81 loss 1.49 plddt 0.77 ptm 0.66 i_ptm 0.40 cmap_loss_binder 1.49
111 models [1] recycles 0 hard 0 soft 1 temp 0.79 loss 1.75 plddt 0.80 ptm 0.52 i_ptm 0.13 cmap_loss_binder 1.75
112 models [1] recycles 0 hard 0 soft 1 temp 0.78 loss 1.78 plddt 0.82 ptm 0.51 i_ptm 0.10 cmap_loss_binder 1.78
113 models [0] recycles 0 hard 0 soft 1 temp 0.76 loss 1.46 plddt 0.77 ptm 0.68 i_ptm 0.45 cmap_loss_binder 1.46
114 models [1] recycles 0 hard 0 soft 1 temp 0.74 loss 1.74 plddt 0.81 ptm 0.51 i_ptm 0.11 cmap_loss_binder 1.74
115 models [1] recycles 0 hard 0 soft 1 temp 0.73 loss 1.74 plddt 0.85 ptm 0.50 i_ptm 0.09 cmap_loss_binder 1.74
116 models [1] recycles 0 hard 0 soft 1 temp 0.71 loss 1.66 plddt 0.82 ptm 0.53 i_ptm 0.14 cmap_loss_binder 1.66
117 models [0] recycles 0 hard 0 soft 1 temp 0.69 loss 1.49 plddt 0.74 ptm 0.67 i_ptm 0.44 cmap_loss_binder 1.49
118 models [1] recycles 0 hard 0 soft 1 temp 0.68 loss 1.72 plddt 0.80 ptm 0.53 i_ptm 0.15 cmap_loss_binder 1.72
119 models [0] recycles 0 hard 0 soft 1 temp 0.66 loss 1.41 plddt 0.74 ptm 0.71 i_ptm 0.50 cmap_loss_binder 1.41
120 models [0] recycles 0 hard 0 soft 1 temp 0.64 loss 1.45 plddt 0.77 ptm 0.70 i_ptm 0.50 cmap_loss_binder 1.45
121 models [0] recycles 0 hard 0 soft 1 temp 0.63 loss 1.45 plddt 0.72 ptm 0.69 i_ptm 0.47 cmap_loss_binder 1.45
122 models [0] recycles 0 hard 0 soft 1 temp 0.61 loss 1.39 plddt 0.75 ptm 0.71 i_ptm 0.50 cmap_loss_binder 1.39
123 models [1] recycles 0 hard 0 soft 1 temp 0.60 loss 1.53 plddt 0.80 ptm 0.62 i_ptm 0.33 cmap_loss_binder 1.53
124 models [0] recycles 0 hard 0 soft 1 temp 0.58 loss 1.45 plddt 0.78 ptm 0.70 i_ptm 0.49 cmap_loss_binder 1.45
125 models [0] recycles 0 hard 0 soft 1 temp 0.57 loss 1.42 plddt 0.77 ptm 0.70 i_ptm 0.48 cmap_loss_binder 1.42
126 models [1] recycles 0 hard 0 soft 1 temp 0.55 loss 1.53 plddt 0.83 ptm 0.62 i_ptm 0.33 cmap_loss_binder 1.53
127 models [0] recycles 0 hard 0 soft 1 temp 0.54 loss 1.41 plddt 0.77 ptm 0.72 i_ptm 0.53 cmap_loss_binder 1.41
128 models [1] recycles 0 hard 0 soft 1 temp 0.52 loss 1.56 plddt 0.80 ptm 0.62 i_ptm 0.33 cmap_loss_binder 1.56
129 models [1] recycles 0 hard 0 soft 1 temp 0.51 loss 1.47 plddt 0.82 ptm 0.65 i_ptm 0.39 cmap_loss_binder 1.47
130 models [0] recycles 0 hard 0 soft 1 temp 0.50 loss 1.40 plddt 0.80 ptm 0.74 i_ptm 0.57 cmap_loss_binder 1.40
131 models [1] recycles 0 hard 0 soft 1 temp 0.48 loss 1.46 plddt 0.78 ptm 0.66 i_ptm 0.39 cmap_loss_binder 1.46
132 models [0] recycles 0 hard 0 soft 1 temp 0.47 loss 1.40 plddt 0.77 ptm 0.73 i_ptm 0.54 cmap_loss_binder 1.40
133 models [0] recycles 0 hard 0 soft 1 temp 0.45 loss 1.35 plddt 0.76 ptm 0.71 i_ptm 0.51 cmap_loss_binder 1.35
134 models [0] recycles 0 hard 0 soft 1 temp 0.44 loss 1.37 plddt 0.76 ptm 0.74 i_ptm 0.57 cmap_loss_binder 1.37
135 models [1] recycles 0 hard 0 soft 1 temp 0.43 loss 1.50 plddt 0.79 ptm 0.68 i_ptm 0.44 cmap_loss_binder 1.50
136 models [1] recycles 0 hard 0 soft 1 temp 0.42 loss 1.46 plddt 0.80 ptm 0.69 i_ptm 0.46 cmap_loss_binder 1.46
137 models [0] recycles 0 hard 0 soft 1 temp 0.40 loss 1.41 plddt 0.72 ptm 0.70 i_ptm 0.48 cmap_loss_binder 1.41
138 models [1] recycles 0 hard 0 soft 1 temp 0.39 loss 1.42 plddt 0.81 ptm 0.69 i_ptm 0.48 cmap_loss_binder 1.42
139 models [1] recycles 0 hard 0 soft 1 temp 0.38 loss 1.42 plddt 0.77 ptm 0.71 i_ptm 0.50 cmap_loss_binder 1.42
140 models [1] recycles 0 hard 0 soft 1 temp 0.37 loss 1.47 plddt 0.82 ptm 0.69 i_ptm 0.47 cmap_loss_binder 1.47
141 models [0] recycles 0 hard 0 soft 1 temp 0.35 loss 1.38 plddt 0.74 ptm 0.72 i_ptm 0.51 cmap_loss_binder 1.38
142 models [1] recycles 0 hard 0 soft 1 temp 0.34 loss 1.46 plddt 0.78 ptm 0.65 i_ptm 0.38 cmap_loss_binder 1.46
143 models [0] recycles 0 hard 0 soft 1 temp 0.33 loss 1.44 plddt 0.76 ptm 0.73 i_ptm 0.54 cmap_loss_binder 1.44
144 models [0] recycles 0 hard 0 soft 1 temp 0.32 loss 1.41 plddt 0.76 ptm 0.72 i_ptm 0.53 cmap_loss_binder 1.41
145 models [0] recycles 0 hard 0 soft 1 temp 0.31 loss 1.40 plddt 0.77 ptm 0.73 i_ptm 0.55 cmap_loss_binder 1.40
146 models [1] recycles 0 hard 0 soft 1 temp 0.30 loss 1.53 plddt 0.77 ptm 0.64 i_ptm 0.36 cmap_loss_binder 1.53
147 models [1] recycles 0 hard 0 soft 1 temp 0.29 loss 1.41 plddt 0.78 ptm 0.70 i_ptm 0.48 cmap_loss_binder 1.41
148 models [1] recycles 0 hard 0 soft 1 temp 0.28 loss 1.49 plddt 0.72 ptm 0.65 i_ptm 0.39 cmap_loss_binder 1.49
149 models [0] recycles 0 hard 0 soft 1 temp 0.27 loss 1.39 plddt 0.76 ptm 0.72 i_ptm 0.53 cmap_loss_binder 1.39
150 models [0] recycles 0 hard 0 soft 1 temp 0.26 loss 1.42 plddt 0.73 ptm 0.73 i_ptm 0.54 cmap_loss_binder 1.42
151 models [0] recycles 0 hard 0 soft 1 temp 0.25 loss 1.44 plddt 0.74 ptm 0.73 i_ptm 0.54 cmap_loss_binder 1.44
152 models [1] recycles 0 hard 0 soft 1 temp 0.24 loss 1.47 plddt 0.74 ptm 0.64 i_ptm 0.36 cmap_loss_binder 1.47
153 models [0] recycles 0 hard 0 soft 1 temp 0.23 loss 1.40 plddt 0.75 ptm 0.74 i_ptm 0.55 cmap_loss_binder 1.40
154 models [1] recycles 0 hard 0 soft 1 temp 0.22 loss 1.53 plddt 0.77 ptm 0.62 i_ptm 0.32 cmap_loss_binder 1.53
155 models [1] recycles 0 hard 0 soft 1 temp 0.21 loss 1.56 plddt 0.72 ptm 0.65 i_ptm 0.37 cmap_loss_binder 1.56
156 models [0] recycles 0 hard 0 soft 1 temp 0.20 loss 1.41 plddt 0.75 ptm 0.72 i_ptm 0.53 cmap_loss_binder 1.41
157 models [0] recycles 0 hard 0 soft 1 temp 0.19 loss 1.43 plddt 0.75 ptm 0.71 i_ptm 0.51 cmap_loss_binder 1.43
158 models [0] recycles 0 hard 0 soft 1 temp 0.18 loss 1.37 plddt 0.76 ptm 0.73 i_ptm 0.55 cmap_loss_binder 1.37
159 models [0] recycles 0 hard 0 soft 1 temp 0.18 loss 1.37 plddt 0.75 ptm 0.73 i_ptm 0.54 cmap_loss_binder 1.37
160 models [0] recycles 0 hard 0 soft 1 temp 0.17 loss 1.45 plddt 0.75 ptm 0.75 i_ptm 0.58 cmap_loss_binder 1.45
161 models [0] recycles 0 hard 0 soft 1 temp 0.16 loss 1.40 plddt 0.77 ptm 0.73 i_ptm 0.54 cmap_loss_binder 1.40
162 models [1] recycles 0 hard 0 soft 1 temp 0.15 loss 1.46 plddt 0.77 ptm 0.66 i_ptm 0.41 cmap_loss_binder 1.46
163 models [1] recycles 0 hard 0 soft 1 temp 0.15 loss 1.42 plddt 0.78 ptm 0.71 i_ptm 0.50 cmap_loss_binder 1.42
164 models [1] recycles 0 hard 0 soft 1 temp 0.14 loss 1.50 plddt 0.78 ptm 0.64 i_ptm 0.36 cmap_loss_binder 1.50
165 models [1] recycles 0 hard 0 soft 1 temp 0.13 loss 1.57 plddt 0.76 ptm 0.62 i_ptm 0.33 cmap_loss_binder 1.57
166 models [1] recycles 0 hard 0 soft 1 temp 0.12 loss 1.41 plddt 0.79 ptm 0.71 i_ptm 0.51 cmap_loss_binder 1.41
167 models [1] recycles 0 hard 0 soft 1 temp 0.12 loss 1.57 plddt 0.78 ptm 0.64 i_ptm 0.36 cmap_loss_binder 1.57
168 models [1] recycles 0 hard 0 soft 1 temp 0.11 loss 1.43 plddt 0.79 ptm 0.66 i_ptm 0.40 cmap_loss_binder 1.43
169 models [0] recycles 0 hard 0 soft 1 temp 0.11 loss 1.39 plddt 0.74 ptm 0.74 i_ptm 0.55 cmap_loss_binder 1.39
170 models [1] recycles 0 hard 0 soft 1 temp 0.10 loss 1.41 plddt 0.79 ptm 0.69 i_ptm 0.47 cmap_loss_binder 1.41
171 models [0] recycles 0 hard 0 soft 1 temp 0.09 loss 1.46 plddt 0.76 ptm 0.73 i_ptm 0.54 cmap_loss_binder 1.46
172 models [0] recycles 0 hard 0 soft 1 temp 0.09 loss 1.37 plddt 0.76 ptm 0.73 i_ptm 0.54 cmap_loss_binder 1.37
173 models [1] recycles 0 hard 0 soft 1 temp 0.08 loss 1.56 plddt 0.77 ptm 0.65 i_ptm 0.38 cmap_loss_binder 1.56
174 models [0] recycles 0 hard 0 soft 1 temp 0.08 loss 1.48 plddt 0.75 ptm 0.68 i_ptm 0.45 cmap_loss_binder 1.48
175 models [0] recycles 0 hard 0 soft 1 temp 0.07 loss 1.40 plddt 0.75 ptm 0.72 i_ptm 0.53 cmap_loss_binder 1.40
176 models [0] recycles 0 hard 0 soft 1 temp 0.07 loss 1.39 plddt 0.77 ptm 0.73 i_ptm 0.55 cmap_loss_binder 1.39
177 models [0] recycles 0 hard 0 soft 1 temp 0.06 loss 1.43 plddt 0.75 ptm 0.71 i_ptm 0.49 cmap_loss_binder 1.43
178 models [1] recycles 0 hard 0 soft 1 temp 0.06 loss 1.52 plddt 0.78 ptm 0.66 i_ptm 0.41 cmap_loss_binder 1.52
179 models [0] recycles 0 hard 0 soft 1 temp 0.05 loss 1.40 plddt 0.75 ptm 0.72 i_ptm 0.52 cmap_loss_binder 1.40
180 models [0] recycles 0 hard 0 soft 1 temp 0.05 loss 1.43 plddt 0.75 ptm 0.73 i_ptm 0.54 cmap_loss_binder 1.43
181 models [1] recycles 0 hard 0 soft 1 temp 0.05 loss 1.56 plddt 0.78 ptm 0.64 i_ptm 0.35 cmap_loss_binder 1.56
182 models [1] recycles 0 hard 0 soft 1 temp 0.04 loss 1.48 plddt 0.78 ptm 0.67 i_ptm 0.43 cmap_loss_binder 1.48
183 models [1] recycles 0 hard 0 soft 1 temp 0.04 loss 1.42 plddt 0.78 ptm 0.69 i_ptm 0.46 cmap_loss_binder 1.42
184 models [0] recycles 0 hard 0 soft 1 temp 0.04 loss 1.45 plddt 0.72 ptm 0.71 i_ptm 0.50 cmap_loss_binder 1.45
185 models [0] recycles 0 hard 0 soft 1 temp 0.03 loss 1.42 plddt 0.75 ptm 0.72 i_ptm 0.52 cmap_loss_binder 1.42
186 models [1] recycles 0 hard 0 soft 1 temp 0.03 loss 1.49 plddt 0.76 ptm 0.65 i_ptm 0.39 cmap_loss_binder 1.49
187 models [0] recycles 0 hard 0 soft 1 temp 0.03 loss 1.39 plddt 0.75 ptm 0.72 i_ptm 0.53 cmap_loss_binder 1.39
188 models [0] recycles 0 hard 0 soft 1 temp 0.02 loss 1.42 plddt 0.74 ptm 0.70 i_ptm 0.49 cmap_loss_binder 1.42
189 models [1] recycles 0 hard 0 soft 1 temp 0.02 loss 1.50 plddt 0.76 ptm 0.67 i_ptm 0.41 cmap_loss_binder 1.50
190 models [1] recycles 0 hard 0 soft 1 temp 0.02 loss 1.41 plddt 0.79 ptm 0.71 i_ptm 0.50 cmap_loss_binder 1.41
191 models [0] recycles 0 hard 0 soft 1 temp 0.02 loss 1.40 plddt 0.76 ptm 0.74 i_ptm 0.55 cmap_loss_binder 1.40
192 models [0] recycles 0 hard 0 soft 1 temp 0.02 loss 1.41 plddt 0.76 ptm 0.73 i_ptm 0.55 cmap_loss_binder 1.41
193 models [0] recycles 0 hard 0 soft 1 temp 0.01 loss 1.40 plddt 0.74 ptm 0.71 i_ptm 0.51 cmap_loss_binder 1.40
194 models [0] recycles 0 hard 0 soft 1 temp 0.01 loss 1.44 plddt 0.73 ptm 0.71 i_ptm 0.51 cmap_loss_binder 1.44
195 models [0] recycles 0 hard 0 soft 1 temp 0.01 loss 1.39 plddt 0.76 ptm 0.72 i_ptm 0.52 cmap_loss_binder 1.39
196 models [0] recycles 0 hard 0 soft 1 temp 0.01 loss 1.42 plddt 0.75 ptm 0.74 i_ptm 0.55 cmap_loss_binder 1.42
197 models [1] recycles 0 hard 0 soft 1 temp 0.01 loss 1.45 plddt 0.77 ptm 0.69 i_ptm 0.46 cmap_loss_binder 1.45
198 models [0] recycles 0 hard 0 soft 1 temp 0.01 loss 1.41 plddt 0.74 ptm 0.73 i_ptm 0.54 cmap_loss_binder 1.41
199 models [0] recycles 0 hard 0 soft 1 temp 0.01 loss 1.43 plddt 0.73 ptm 0.71 i_ptm 0.51 cmap_loss_binder 1.43
200 models [0] recycles 0 hard 0 soft 1 temp 0.01 loss 1.42 plddt 0.74 ptm 0.72 i_ptm 0.52 cmap_loss_binder 1.42
Stage 3: running (hard)
201 models [0, 1] recycles 0 hard 1 soft 1 temp 0.01 loss 1.43 plddt 0.76 ptm 0.72 i_ptm 0.52 cmap_loss_binder 1.43
202 models [0, 1] recycles 0 hard 1 soft 1 temp 0.01 loss 1.43 plddt 0.76 ptm 0.72 i_ptm 0.52 cmap_loss_binder 1.43
203 models [0, 1] recycles 0 hard 1 soft 1 temp 0.01 loss 1.43 plddt 0.75 ptm 0.72 i_ptm 0.52 cmap_loss_binder 1.43
204 models [0, 1] recycles 0 hard 1 soft 1 temp 0.01 loss 1.44 plddt 0.75 ptm 0.72 i_ptm 0.52 cmap_loss_binder 1.44
205 models [0, 1] recycles 0 hard 1 soft 1 temp 0.01 loss 1.43 plddt 0.76 ptm 0.72 i_ptm 0.52 cmap_loss_binder 1.43
206 models [0, 1] recycles 0 hard 1 soft 1 temp 0.01 loss 1.44 plddt 0.76 ptm 0.72 i_ptm 0.52 cmap_loss_binder 1.44
207 models [0, 1] recycles 0 hard 1 soft 1 temp 0.01 loss 1.43 plddt 0.75 ptm 0.72 i_ptm 0.52 cmap_loss_binder 1.43
208 models [0, 1] recycles 0 hard 1 soft 1 temp 0.01 loss 1.43 plddt 0.75 ptm 0.72 i_ptm 0.52 cmap_loss_binder 1.43
209 models [0, 1] recycles 0 hard 1 soft 1 temp 0.01 loss 1.43 plddt 0.77 ptm 0.72 i_ptm 0.52 cmap_loss_binder 1.43
210 models [0, 1] recycles 0 hard 1 soft 1 temp 0.01 loss 1.43 plddt 0.77 ptm 0.72 i_ptm 0.52 cmap_loss_binder 1.43
211 models [0, 1] recycles 0 hard 1 soft 1 temp 0.01 loss 1.44 plddt 0.77 ptm 0.72 i_ptm 0.52 cmap_loss_binder 1.44
212 models [0, 1] recycles 0 hard 1 soft 1 temp 0.01 loss 1.43 plddt 0.77 ptm 0.72 i_ptm 0.52 cmap_loss_binder 1.43
213 models [0, 1] recycles 0 hard 1 soft 1 temp 0.01 loss 1.44 plddt 0.76 ptm 0.72 i_ptm 0.52 cmap_loss_binder 1.44
214 models [0, 1] recycles 0 hard 1 soft 1 temp 0.01 loss 1.43 plddt 0.76 ptm 0.72 i_ptm 0.52 cmap_loss_binder 1.43
215 models [0, 1] recycles 0 hard 1 soft 1 temp 0.01 loss 1.44 plddt 0.77 ptm 0.72 i_ptm 0.51 cmap_loss_binder 1.44
216 models [0, 1] recycles 0 hard 1 soft 1 temp 0.01 loss 1.43 plddt 0.77 ptm 0.72 i_ptm 0.52 cmap_loss_binder 1.43
217 models [0, 1] recycles 0 hard 1 soft 1 temp 0.01 loss 1.44 plddt 0.75 ptm 0.72 i_ptm 0.52 cmap_loss_binder 1.44
218 models [0, 1] recycles 0 hard 1 soft 1 temp 0.01 loss 1.43 plddt 0.77 ptm 0.72 i_ptm 0.52 cmap_loss_binder 1.43
219 models [0, 1] recycles 0 hard 1 soft 1 temp 0.01 loss 1.44 plddt 0.77 ptm 0.72 i_ptm 0.51 cmap_loss_binder 1.44
220 models [0, 1] recycles 0 hard 1 soft 1 temp 0.01 loss 1.44 plddt 0.76 ptm 0.72 i_ptm 0.52 cmap_loss_binder 1.44
Predicting sequences with AF2_ptm...
predict: traj_1_0 plddt: 0.808, i_pae: 0.310, i_ptm: 0.624, cmap_loss: 1.572
predict: traj_1_1 plddt: 0.873, i_pae: 0.245, i_ptm: 0.709, cmap_loss: 1.551
