CMAP of binder (monomer plddt: 0.927)
Stage 1: running (logits → soft)
1 models [0] recycles 0 hard 0 soft 0.01 temp 1 loss 3.92 plddt 0.56 ptm 0.49 i_ptm 0.10 cmap_loss_binder 3.92
2 models [0] recycles 0 hard 0 soft 0.02 temp 1 loss 3.88 plddt 0.53 ptm 0.50 i_ptm 0.12 cmap_loss_binder 3.88
3 models [0] recycles 0 hard 0 soft 0.03 temp 1 loss 3.86 plddt 0.53 ptm 0.50 i_ptm 0.12 cmap_loss_binder 3.86
4 models [1] recycles 0 hard 0 soft 0.04 temp 1 loss 3.89 plddt 0.47 ptm 0.49 i_ptm 0.07 cmap_loss_binder 3.89
5 models [0] recycles 0 hard 0 soft 0.05 temp 1 loss 3.91 plddt 0.61 ptm 0.50 i_ptm 0.12 cmap_loss_binder 3.91
6 models [0] recycles 0 hard 0 soft 0.06 temp 1 loss 3.84 plddt 0.52 ptm 0.50 i_ptm 0.12 cmap_loss_binder 3.84
7 models [1] recycles 0 hard 0 soft 0.07 temp 1 loss 3.85 plddt 0.44 ptm 0.49 i_ptm 0.07 cmap_loss_binder 3.85
8 models [1] recycles 0 hard 0 soft 0.08 temp 1 loss 3.84 plddt 0.59 ptm 0.49 i_ptm 0.07 cmap_loss_binder 3.84
9 models [1] recycles 0 hard 0 soft 0.09 temp 1 loss 3.76 plddt 0.52 ptm 0.49 i_ptm 0.07 cmap_loss_binder 3.76
10 models [0] recycles 0 hard 0 soft 0.10 temp 1 loss 3.72 plddt 0.49 ptm 0.51 i_ptm 0.12 cmap_loss_binder 3.72
11 models [1] recycles 0 hard 0 soft 0.11 temp 1 loss 3.57 plddt 0.45 ptm 0.49 i_ptm 0.07 cmap_loss_binder 3.57
12 models [1] recycles 0 hard 0 soft 0.12 temp 1 loss 3.63 plddt 0.45 ptm 0.49 i_ptm 0.07 cmap_loss_binder 3.63
13 models [1] recycles 0 hard 0 soft 0.13 temp 1 loss 3.54 plddt 0.45 ptm 0.49 i_ptm 0.07 cmap_loss_binder 3.54
14 models [1] recycles 0 hard 0 soft 0.14 temp 1 loss 3.37 plddt 0.44 ptm 0.49 i_ptm 0.07 cmap_loss_binder 3.37
15 models [0] recycles 0 hard 0 soft 0.15 temp 1 loss 3.15 plddt 0.43 ptm 0.50 i_ptm 0.10 cmap_loss_binder 3.15
16 models [1] recycles 0 hard 0 soft 0.16 temp 1 loss 3.17 plddt 0.44 ptm 0.49 i_ptm 0.06 cmap_loss_binder 3.17
17 models [1] recycles 0 hard 0 soft 0.17 temp 1 loss 2.96 plddt 0.45 ptm 0.49 i_ptm 0.07 cmap_loss_binder 2.96
18 models [0] recycles 0 hard 0 soft 0.18 temp 1 loss 2.94 plddt 0.42 ptm 0.50 i_ptm 0.10 cmap_loss_binder 2.94
19 models [0] recycles 0 hard 0 soft 0.19 temp 1 loss 2.78 plddt 0.46 ptm 0.51 i_ptm 0.10 cmap_loss_binder 2.78
20 models [0] recycles 0 hard 0 soft 0.20 temp 1 loss 2.70 plddt 0.49 ptm 0.51 i_ptm 0.12 cmap_loss_binder 2.70
21 models [0] recycles 0 hard 0 soft 0.21 temp 1 loss 2.62 plddt 0.53 ptm 0.52 i_ptm 0.14 cmap_loss_binder 2.62
22 models [0] recycles 0 hard 0 soft 0.22 temp 1 loss 2.58 plddt 0.52 ptm 0.51 i_ptm 0.12 cmap_loss_binder 2.58
23 models [1] recycles 0 hard 0 soft 0.23 temp 1 loss 2.63 plddt 0.51 ptm 0.49 i_ptm 0.07 cmap_loss_binder 2.63
24 models [1] recycles 0 hard 0 soft 0.24 temp 1 loss 2.62 plddt 0.55 ptm 0.49 i_ptm 0.06 cmap_loss_binder 2.62
25 models [0] recycles 0 hard 0 soft 0.25 temp 1 loss 2.58 plddt 0.48 ptm 0.52 i_ptm 0.14 cmap_loss_binder 2.58
26 models [0] recycles 0 hard 0 soft 0.26 temp 1 loss 2.56 plddt 0.56 ptm 0.51 i_ptm 0.12 cmap_loss_binder 2.56
27 models [1] recycles 0 hard 0 soft 0.27 temp 1 loss 2.56 plddt 0.51 ptm 0.49 i_ptm 0.06 cmap_loss_binder 2.56
28 models [1] recycles 0 hard 0 soft 0.28 temp 1 loss 2.53 plddt 0.52 ptm 0.49 i_ptm 0.06 cmap_loss_binder 2.53
29 models [0] recycles 0 hard 0 soft 0.29 temp 1 loss 2.57 plddt 0.59 ptm 0.53 i_ptm 0.15 cmap_loss_binder 2.57
30 models [0] recycles 0 hard 0 soft 0.30 temp 1 loss 2.53 plddt 0.53 ptm 0.52 i_ptm 0.14 cmap_loss_binder 2.53
31 models [0] recycles 0 hard 0 soft 0.31 temp 1 loss 2.54 plddt 0.51 ptm 0.55 i_ptm 0.20 cmap_loss_binder 2.54
32 models [1] recycles 0 hard 0 soft 0.32 temp 1 loss 2.55 plddt 0.56 ptm 0.49 i_ptm 0.06 cmap_loss_binder 2.55
33 models [1] recycles 0 hard 0 soft 0.33 temp 1 loss 2.52 plddt 0.55 ptm 0.49 i_ptm 0.07 cmap_loss_binder 2.52
34 models [1] recycles 0 hard 0 soft 0.34 temp 1 loss 2.44 plddt 0.51 ptm 0.50 i_ptm 0.08 cmap_loss_binder 2.44
35 models [1] recycles 0 hard 0 soft 0.35 temp 1 loss 2.38 plddt 0.53 ptm 0.49 i_ptm 0.07 cmap_loss_binder 2.38
36 models [0] recycles 0 hard 0 soft 0.36 temp 1 loss 2.36 plddt 0.58 ptm 0.55 i_ptm 0.19 cmap_loss_binder 2.36
37 models [1] recycles 0 hard 0 soft 0.37 temp 1 loss 2.33 plddt 0.57 ptm 0.49 i_ptm 0.08 cmap_loss_binder 2.33
38 models [1] recycles 0 hard 0 soft 0.38 temp 1 loss 2.30 plddt 0.55 ptm 0.49 i_ptm 0.07 cmap_loss_binder 2.30
39 models [0] recycles 0 hard 0 soft 0.39 temp 1 loss 2.29 plddt 0.55 ptm 0.53 i_ptm 0.15 cmap_loss_binder 2.29
40 models [0] recycles 0 hard 0 soft 0.40 temp 1 loss 2.18 plddt 0.56 ptm 0.58 i_ptm 0.24 cmap_loss_binder 2.18
41 models [1] recycles 0 hard 0 soft 0.41 temp 1 loss 2.31 plddt 0.61 ptm 0.50 i_ptm 0.10 cmap_loss_binder 2.31
42 models [0] recycles 0 hard 0 soft 0.42 temp 1 loss 2.10 plddt 0.54 ptm 0.63 i_ptm 0.36 cmap_loss_binder 2.10
43 models [1] recycles 0 hard 0 soft 0.43 temp 1 loss 2.24 plddt 0.60 ptm 0.51 i_ptm 0.11 cmap_loss_binder 2.24
44 models [1] recycles 0 hard 0 soft 0.44 temp 1 loss 2.18 plddt 0.64 ptm 0.59 i_ptm 0.25 cmap_loss_binder 2.18
45 models [1] recycles 0 hard 0 soft 0.45 temp 1 loss 2.09 plddt 0.59 ptm 0.60 i_ptm 0.29 cmap_loss_binder 2.09
46 models [0] recycles 0 hard 0 soft 0.46 temp 1 loss 2.03 plddt 0.60 ptm 0.69 i_ptm 0.46 cmap_loss_binder 2.03
47 models [0] recycles 0 hard 0 soft 0.47 temp 1 loss 1.94 plddt 0.62 ptm 0.67 i_ptm 0.43 cmap_loss_binder 1.94
48 models [0] recycles 0 hard 0 soft 0.48 temp 1 loss 1.98 plddt 0.59 ptm 0.68 i_ptm 0.46 cmap_loss_binder 1.98
49 models [0] recycles 0 hard 0 soft 0.49 temp 1 loss 1.97 plddt 0.61 ptm 0.68 i_ptm 0.46 cmap_loss_binder 1.97
50 models [0] recycles 0 hard 0 soft 0.50 temp 1 loss 1.93 plddt 0.60 ptm 0.69 i_ptm 0.46 cmap_loss_binder 1.93
51 models [0] recycles 0 hard 0 soft 0.51 temp 1 loss 1.97 plddt 0.57 ptm 0.68 i_ptm 0.45 cmap_loss_binder 1.97
52 models [0] recycles 0 hard 0 soft 0.52 temp 1 loss 1.89 plddt 0.59 ptm 0.69 i_ptm 0.47 cmap_loss_binder 1.89
53 models [1] recycles 0 hard 0 soft 0.53 temp 1 loss 2.09 plddt 0.57 ptm 0.60 i_ptm 0.28 cmap_loss_binder 2.09
54 models [1] recycles 0 hard 0 soft 0.54 temp 1 loss 1.93 plddt 0.58 ptm 0.66 i_ptm 0.46 cmap_loss_binder 1.93
55 models [0] recycles 0 hard 0 soft 0.55 temp 1 loss 1.90 plddt 0.63 ptm 0.71 i_ptm 0.52 cmap_loss_binder 1.90
56 models [0] recycles 0 hard 0 soft 0.56 temp 1 loss 1.89 plddt 0.62 ptm 0.71 i_ptm 0.52 cmap_loss_binder 1.89
57 models [1] recycles 0 hard 0 soft 0.57 temp 1 loss 1.91 plddt 0.62 ptm 0.69 i_ptm 0.47 cmap_loss_binder 1.91
58 models [1] recycles 0 hard 0 soft 0.58 temp 1 loss 1.91 plddt 0.60 ptm 0.67 i_ptm 0.46 cmap_loss_binder 1.91
59 models [0] recycles 0 hard 0 soft 0.59 temp 1 loss 1.87 plddt 0.62 ptm 0.70 i_ptm 0.52 cmap_loss_binder 1.87
60 models [0] recycles 0 hard 0 soft 0.60 temp 1 loss 1.89 plddt 0.57 ptm 0.69 i_ptm 0.48 cmap_loss_binder 1.89
61 models [1] recycles 0 hard 0 soft 0.61 temp 1 loss 1.84 plddt 0.63 ptm 0.68 i_ptm 0.48 cmap_loss_binder 1.84
62 models [0] recycles 0 hard 0 soft 0.62 temp 1 loss 1.83 plddt 0.62 ptm 0.72 i_ptm 0.57 cmap_loss_binder 1.83
63 models [1] recycles 0 hard 0 soft 0.63 temp 1 loss 1.83 plddt 0.64 ptm 0.69 i_ptm 0.53 cmap_loss_binder 1.83
64 models [0] recycles 0 hard 0 soft 0.64 temp 1 loss 1.82 plddt 0.60 ptm 0.70 i_ptm 0.57 cmap_loss_binder 1.82
65 models [0] recycles 0 hard 0 soft 0.65 temp 1 loss 1.83 plddt 0.63 ptm 0.71 i_ptm 0.52 cmap_loss_binder 1.83
66 models [1] recycles 0 hard 0 soft 0.66 temp 1 loss 1.75 plddt 0.66 ptm 0.68 i_ptm 0.44 cmap_loss_binder 1.75
67 models [1] recycles 0 hard 0 soft 0.67 temp 1 loss 1.73 plddt 0.63 ptm 0.68 i_ptm 0.52 cmap_loss_binder 1.73
68 models [1] recycles 0 hard 0 soft 0.68 temp 1 loss 1.62 plddt 0.67 ptm 0.71 i_ptm 0.62 cmap_loss_binder 1.62
69 models [1] recycles 0 hard 0 soft 0.69 temp 1 loss 1.66 plddt 0.65 ptm 0.72 i_ptm 0.63 cmap_loss_binder 1.66
70 models [1] recycles 0 hard 0 soft 0.70 temp 1 loss 1.67 plddt 0.68 ptm 0.73 i_ptm 0.59 cmap_loss_binder 1.67
71 models [0] recycles 0 hard 0 soft 0.71 temp 1 loss 1.80 plddt 0.63 ptm 0.64 i_ptm 0.36 cmap_loss_binder 1.80
72 models [1] recycles 0 hard 0 soft 0.72 temp 1 loss 1.65 plddt 0.67 ptm 0.72 i_ptm 0.57 cmap_loss_binder 1.65
73 models [1] recycles 0 hard 0 soft 0.73 temp 1 loss 1.63 plddt 0.69 ptm 0.70 i_ptm 0.56 cmap_loss_binder 1.63
74 models [1] recycles 0 hard 0 soft 0.74 temp 1 loss 1.64 plddt 0.69 ptm 0.72 i_ptm 0.57 cmap_loss_binder 1.64
75 models [1] recycles 0 hard 0 soft 0.75 temp 1 loss 1.70 plddt 0.62 ptm 0.68 i_ptm 0.55 cmap_loss_binder 1.70
76 models [1] recycles 0 hard 0 soft 0.76 temp 1 loss 1.61 plddt 0.67 ptm 0.70 i_ptm 0.55 cmap_loss_binder 1.61
77 models [1] recycles 0 hard 0 soft 0.77 temp 1 loss 1.62 plddt 0.71 ptm 0.71 i_ptm 0.56 cmap_loss_binder 1.62
78 models [0] recycles 0 hard 0 soft 0.78 temp 1 loss 1.59 plddt 0.67 ptm 0.74 i_ptm 0.56 cmap_loss_binder 1.59
79 models [0] recycles 0 hard 0 soft 0.79 temp 1 loss 1.63 plddt 0.64 ptm 0.70 i_ptm 0.50 cmap_loss_binder 1.63
80 models [1] recycles 0 hard 0 soft 0.80 temp 1 loss 1.57 plddt 0.72 ptm 0.72 i_ptm 0.59 cmap_loss_binder 1.57
81 models [0] recycles 0 hard 0 soft 0.81 temp 1 loss 1.56 plddt 0.69 ptm 0.74 i_ptm 0.59 cmap_loss_binder 1.56
82 models [1] recycles 0 hard 0 soft 0.82 temp 1 loss 1.66 plddt 0.71 ptm 0.63 i_ptm 0.37 cmap_loss_binder 1.66
83 models [0] recycles 0 hard 0 soft 0.83 temp 1 loss 1.55 plddt 0.67 ptm 0.70 i_ptm 0.50 cmap_loss_binder 1.55
84 models [1] recycles 0 hard 0 soft 0.84 temp 1 loss 1.54 plddt 0.71 ptm 0.72 i_ptm 0.59 cmap_loss_binder 1.54
85 models [1] recycles 0 hard 0 soft 0.85 temp 1 loss 1.56 plddt 0.68 ptm 0.69 i_ptm 0.54 cmap_loss_binder 1.56
86 models [0] recycles 0 hard 0 soft 0.86 temp 1 loss 1.57 plddt 0.70 ptm 0.70 i_ptm 0.49 cmap_loss_binder 1.57
87 models [1] recycles 0 hard 0 soft 0.87 temp 1 loss 1.55 plddt 0.74 ptm 0.71 i_ptm 0.56 cmap_loss_binder 1.55
88 models [1] recycles 0 hard 0 soft 0.88 temp 1 loss 1.61 plddt 0.69 ptm 0.66 i_ptm 0.46 cmap_loss_binder 1.61
89 models [0] recycles 0 hard 0 soft 0.89 temp 1 loss 1.51 plddt 0.73 ptm 0.78 i_ptm 0.67 cmap_loss_binder 1.51
90 models [1] recycles 0 hard 0 soft 0.90 temp 1 loss 1.57 plddt 0.71 ptm 0.65 i_ptm 0.44 cmap_loss_binder 1.57
91 models [0] recycles 0 hard 0 soft 0.91 temp 1 loss 1.46 plddt 0.73 ptm 0.74 i_ptm 0.58 cmap_loss_binder 1.46
92 models [0] recycles 0 hard 0 soft 0.92 temp 1 loss 1.53 plddt 0.71 ptm 0.68 i_ptm 0.45 cmap_loss_binder 1.53
93 models [0] recycles 0 hard 0 soft 0.93 temp 1 loss 1.63 plddt 0.67 ptm 0.63 i_ptm 0.35 cmap_loss_binder 1.63
94 models [1] recycles 0 hard 0 soft 0.94 temp 1 loss 1.70 plddt 0.76 ptm 0.67 i_ptm 0.43 cmap_loss_binder 1.70
95 models [1] recycles 0 hard 0 soft 0.95 temp 1 loss 1.53 plddt 0.72 ptm 0.73 i_ptm 0.60 cmap_loss_binder 1.53
96 models [0] recycles 0 hard 0 soft 0.96 temp 1 loss 1.46 plddt 0.71 ptm 0.75 i_ptm 0.59 cmap_loss_binder 1.46
97 models [0] recycles 0 hard 0 soft 0.97 temp 1 loss 1.52 plddt 0.74 ptm 0.73 i_ptm 0.57 cmap_loss_binder 1.52
98 models [1] recycles 0 hard 0 soft 0.98 temp 1 loss 1.73 plddt 0.73 ptm 0.60 i_ptm 0.31 cmap_loss_binder 1.73
99 models [0] recycles 0 hard 0 soft 0.99 temp 1 loss 1.67 plddt 0.63 ptm 0.70 i_ptm 0.55 cmap_loss_binder 1.67
100 models [1] recycles 0 hard 0 soft 1 temp 1 loss 1.63 plddt 0.75 ptm 0.66 i_ptm 0.41 cmap_loss_binder 1.63
Stage 2: running (soft → hard)
101 models [1] recycles 0 hard 0 soft 1 temp 0.98 loss 1.62 plddt 0.77 ptm 0.64 i_ptm 0.37 cmap_loss_binder 1.62
102 models [0] recycles 0 hard 0 soft 1 temp 0.96 loss 1.53 plddt 0.70 ptm 0.74 i_ptm 0.58 cmap_loss_binder 1.53
103 models [0] recycles 0 hard 0 soft 1 temp 0.94 loss 1.46 plddt 0.70 ptm 0.71 i_ptm 0.52 cmap_loss_binder 1.46
104 models [0] recycles 0 hard 0 soft 1 temp 0.92 loss 1.48 plddt 0.68 ptm 0.71 i_ptm 0.51 cmap_loss_binder 1.48
105 models [1] recycles 0 hard 0 soft 1 temp 0.90 loss 1.70 plddt 0.77 ptm 0.60 i_ptm 0.30 cmap_loss_binder 1.70
106 models [0] recycles 0 hard 0 soft 1 temp 0.88 loss 1.45 plddt 0.72 ptm 0.76 i_ptm 0.60 cmap_loss_binder 1.45
107 models [1] recycles 0 hard 0 soft 1 temp 0.87 loss 1.57 plddt 0.73 ptm 0.65 i_ptm 0.39 cmap_loss_binder 1.57
108 models [1] recycles 0 hard 0 soft 1 temp 0.85 loss 1.49 plddt 0.76 ptm 0.71 i_ptm 0.54 cmap_loss_binder 1.49
109 models [0] recycles 0 hard 0 soft 1 temp 0.83 loss 1.42 plddt 0.74 ptm 0.77 i_ptm 0.65 cmap_loss_binder 1.42
110 models [1] recycles 0 hard 0 soft 1 temp 0.81 loss 1.47 plddt 0.79 ptm 0.75 i_ptm 0.60 cmap_loss_binder 1.47
111 models [0] recycles 0 hard 0 soft 1 temp 0.79 loss 1.46 plddt 0.77 ptm 0.79 i_ptm 0.66 cmap_loss_binder 1.46
112 models [1] recycles 0 hard 0 soft 1 temp 0.78 loss 1.48 plddt 0.79 ptm 0.74 i_ptm 0.57 cmap_loss_binder 1.48
113 models [0] recycles 0 hard 0 soft 1 temp 0.76 loss 1.41 plddt 0.74 ptm 0.76 i_ptm 0.61 cmap_loss_binder 1.41
114 models [1] recycles 0 hard 0 soft 1 temp 0.74 loss 1.41 plddt 0.81 ptm 0.79 i_ptm 0.69 cmap_loss_binder 1.41
115 models [1] recycles 0 hard 0 soft 1 temp 0.73 loss 1.44 plddt 0.78 ptm 0.75 i_ptm 0.61 cmap_loss_binder 1.44
116 models [1] recycles 0 hard 0 soft 1 temp 0.71 loss 1.45 plddt 0.76 ptm 0.74 i_ptm 0.58 cmap_loss_binder 1.45
117 models [0] recycles 0 hard 0 soft 1 temp 0.69 loss 1.43 plddt 0.77 ptm 0.76 i_ptm 0.62 cmap_loss_binder 1.43
118 models [0] recycles 0 hard 0 soft 1 temp 0.68 loss 1.42 plddt 0.77 ptm 0.78 i_ptm 0.64 cmap_loss_binder 1.42
119 models [1] recycles 0 hard 0 soft 1 temp 0.66 loss 1.43 plddt 0.79 ptm 0.76 i_ptm 0.64 cmap_loss_binder 1.43
120 models [1] recycles 0 hard 0 soft 1 temp 0.64 loss 1.41 plddt 0.80 ptm 0.74 i_ptm 0.58 cmap_loss_binder 1.41
121 models [1] recycles 0 hard 0 soft 1 temp 0.63 loss 1.45 plddt 0.78 ptm 0.73 i_ptm 0.54 cmap_loss_binder 1.45
122 models [1] recycles 0 hard 0 soft 1 temp 0.61 loss 1.44 plddt 0.84 ptm 0.79 i_ptm 0.66 cmap_loss_binder 1.44
123 models [1] recycles 0 hard 0 soft 1 temp 0.60 loss 1.42 plddt 0.83 ptm 0.79 i_ptm 0.67 cmap_loss_binder 1.42
124 models [1] recycles 0 hard 0 soft 1 temp 0.58 loss 1.44 plddt 0.79 ptm 0.76 i_ptm 0.64 cmap_loss_binder 1.44
125 models [1] recycles 0 hard 0 soft 1 temp 0.57 loss 1.42 plddt 0.77 ptm 0.77 i_ptm 0.66 cmap_loss_binder 1.42
126 models [1] recycles 0 hard 0 soft 1 temp 0.55 loss 1.42 plddt 0.79 ptm 0.75 i_ptm 0.59 cmap_loss_binder 1.42
127 models [1] recycles 0 hard 0 soft 1 temp 0.54 loss 1.43 plddt 0.79 ptm 0.76 i_ptm 0.64 cmap_loss_binder 1.43
128 models [0] recycles 0 hard 0 soft 1 temp 0.52 loss 1.41 plddt 0.74 ptm 0.76 i_ptm 0.60 cmap_loss_binder 1.41
129 models [1] recycles 0 hard 0 soft 1 temp 0.51 loss 1.41 plddt 0.80 ptm 0.78 i_ptm 0.68 cmap_loss_binder 1.41
130 models [0] recycles 0 hard 0 soft 1 temp 0.50 loss 1.40 plddt 0.76 ptm 0.76 i_ptm 0.62 cmap_loss_binder 1.40
131 models [0] recycles 0 hard 0 soft 1 temp 0.48 loss 1.46 plddt 0.71 ptm 0.74 i_ptm 0.57 cmap_loss_binder 1.46
132 models [1] recycles 0 hard 0 soft 1 temp 0.47 loss 1.41 plddt 0.76 ptm 0.77 i_ptm 0.63 cmap_loss_binder 1.41
133 models [0] recycles 0 hard 0 soft 1 temp 0.45 loss 1.38 plddt 0.76 ptm 0.74 i_ptm 0.57 cmap_loss_binder 1.38
134 models [1] recycles 0 hard 0 soft 1 temp 0.44 loss 1.42 plddt 0.82 ptm 0.79 i_ptm 0.66 cmap_loss_binder 1.42
135 models [0] recycles 0 hard 0 soft 1 temp 0.43 loss 1.39 plddt 0.75 ptm 0.77 i_ptm 0.65 cmap_loss_binder 1.39
136 models [0] recycles 0 hard 0 soft 1 temp 0.42 loss 1.41 plddt 0.77 ptm 0.77 i_ptm 0.62 cmap_loss_binder 1.41
137 models [1] recycles 0 hard 0 soft 1 temp 0.40 loss 1.39 plddt 0.79 ptm 0.77 i_ptm 0.64 cmap_loss_binder 1.39
138 models [1] recycles 0 hard 0 soft 1 temp 0.39 loss 1.42 plddt 0.75 ptm 0.75 i_ptm 0.59 cmap_loss_binder 1.42
139 models [0] recycles 0 hard 0 soft 1 temp 0.38 loss 1.36 plddt 0.78 ptm 0.78 i_ptm 0.65 cmap_loss_binder 1.36
140 models [0] recycles 0 hard 0 soft 1 temp 0.37 loss 1.38 plddt 0.76 ptm 0.77 i_ptm 0.65 cmap_loss_binder 1.38
141 models [1] recycles 0 hard 0 soft 1 temp 0.35 loss 1.36 plddt 0.78 ptm 0.75 i_ptm 0.59 cmap_loss_binder 1.36
142 models [0] recycles 0 hard 0 soft 1 temp 0.34 loss 1.37 plddt 0.75 ptm 0.77 i_ptm 0.62 cmap_loss_binder 1.37
143 models [1] recycles 0 hard 0 soft 1 temp 0.33 loss 1.37 plddt 0.78 ptm 0.76 i_ptm 0.62 cmap_loss_binder 1.37
144 models [0] recycles 0 hard 0 soft 1 temp 0.32 loss 1.38 plddt 0.76 ptm 0.77 i_ptm 0.62 cmap_loss_binder 1.38
145 models [1] recycles 0 hard 0 soft 1 temp 0.31 loss 1.39 plddt 0.75 ptm 0.74 i_ptm 0.59 cmap_loss_binder 1.39
146 models [0] recycles 0 hard 0 soft 1 temp 0.30 loss 1.39 plddt 0.78 ptm 0.78 i_ptm 0.66 cmap_loss_binder 1.39
147 models [0] recycles 0 hard 0 soft 1 temp 0.29 loss 1.38 plddt 0.77 ptm 0.80 i_ptm 0.69 cmap_loss_binder 1.38
148 models [0] recycles 0 hard 0 soft 1 temp 0.28 loss 1.38 plddt 0.76 ptm 0.78 i_ptm 0.65 cmap_loss_binder 1.38
149 models [0] recycles 0 hard 0 soft 1 temp 0.27 loss 1.39 plddt 0.77 ptm 0.76 i_ptm 0.60 cmap_loss_binder 1.39
150 models [1] recycles 0 hard 0 soft 1 temp 0.26 loss 1.42 plddt 0.76 ptm 0.72 i_ptm 0.52 cmap_loss_binder 1.42
151 models [0] recycles 0 hard 0 soft 1 temp 0.25 loss 1.40 plddt 0.72 ptm 0.76 i_ptm 0.62 cmap_loss_binder 1.40
152 models [1] recycles 0 hard 0 soft 1 temp 0.24 loss 1.38 plddt 0.75 ptm 0.76 i_ptm 0.65 cmap_loss_binder 1.38
153 models [1] recycles 0 hard 0 soft 1 temp 0.23 loss 1.44 plddt 0.77 ptm 0.70 i_ptm 0.50 cmap_loss_binder 1.44
154 models [0] recycles 0 hard 0 soft 1 temp 0.22 loss 1.40 plddt 0.78 ptm 0.78 i_ptm 0.66 cmap_loss_binder 1.40
155 models [0] recycles 0 hard 0 soft 1 temp 0.21 loss 1.42 plddt 0.73 ptm 0.76 i_ptm 0.60 cmap_loss_binder 1.42
156 models [0] recycles 0 hard 0 soft 1 temp 0.20 loss 1.38 plddt 0.75 ptm 0.78 i_ptm 0.68 cmap_loss_binder 1.38
157 models [1] recycles 0 hard 0 soft 1 temp 0.19 loss 1.40 plddt 0.77 ptm 0.77 i_ptm 0.65 cmap_loss_binder 1.40
158 models [1] recycles 0 hard 0 soft 1 temp 0.18 loss 1.43 plddt 0.76 ptm 0.75 i_ptm 0.63 cmap_loss_binder 1.43
159 models [0] recycles 0 hard 0 soft 1 temp 0.18 loss 1.40 plddt 0.72 ptm 0.76 i_ptm 0.61 cmap_loss_binder 1.40
160 models [0] recycles 0 hard 0 soft 1 temp 0.17 loss 1.41 plddt 0.75 ptm 0.77 i_ptm 0.65 cmap_loss_binder 1.41
161 models [0] recycles 0 hard 0 soft 1 temp 0.16 loss 1.39 plddt 0.76 ptm 0.80 i_ptm 0.67 cmap_loss_binder 1.39
162 models [0] recycles 0 hard 0 soft 1 temp 0.15 loss 1.40 plddt 0.74 ptm 0.77 i_ptm 0.64 cmap_loss_binder 1.40
163 models [1] recycles 0 hard 0 soft 1 temp 0.15 loss 1.45 plddt 0.72 ptm 0.70 i_ptm 0.49 cmap_loss_binder 1.45
164 models [1] recycles 0 hard 0 soft 1 temp 0.14 loss 1.44 plddt 0.74 ptm 0.71 i_ptm 0.55 cmap_loss_binder 1.44
165 models [0] recycles 0 hard 0 soft 1 temp 0.13 loss 1.43 plddt 0.76 ptm 0.77 i_ptm 0.65 cmap_loss_binder 1.43
166 models [1] recycles 0 hard 0 soft 1 temp 0.12 loss 1.42 plddt 0.76 ptm 0.77 i_ptm 0.66 cmap_loss_binder 1.42
167 models [0] recycles 0 hard 0 soft 1 temp 0.12 loss 1.43 plddt 0.73 ptm 0.76 i_ptm 0.60 cmap_loss_binder 1.43
168 models [1] recycles 0 hard 0 soft 1 temp 0.11 loss 1.45 plddt 0.73 ptm 0.74 i_ptm 0.60 cmap_loss_binder 1.45
169 models [0] recycles 0 hard 0 soft 1 temp 0.11 loss 1.44 plddt 0.71 ptm 0.76 i_ptm 0.64 cmap_loss_binder 1.44
170 models [1] recycles 0 hard 0 soft 1 temp 0.10 loss 1.40 plddt 0.74 ptm 0.74 i_ptm 0.60 cmap_loss_binder 1.40
171 models [1] recycles 0 hard 0 soft 1 temp 0.09 loss 1.40 plddt 0.76 ptm 0.76 i_ptm 0.64 cmap_loss_binder 1.40
172 models [0] recycles 0 hard 0 soft 1 temp 0.09 loss 1.41 plddt 0.75 ptm 0.78 i_ptm 0.67 cmap_loss_binder 1.41
173 models [1] recycles 0 hard 0 soft 1 temp 0.08 loss 1.48 plddt 0.68 ptm 0.72 i_ptm 0.58 cmap_loss_binder 1.48
174 models [0] recycles 0 hard 0 soft 1 temp 0.08 loss 1.45 plddt 0.71 ptm 0.76 i_ptm 0.65 cmap_loss_binder 1.45
175 models [1] recycles 0 hard 0 soft 1 temp 0.07 loss 1.64 plddt 0.70 ptm 0.60 i_ptm 0.29 cmap_loss_binder 1.64
176 models [1] recycles 0 hard 0 soft 1 temp 0.07 loss 1.46 plddt 0.72 ptm 0.72 i_ptm 0.60 cmap_loss_binder 1.46
177 models [0] recycles 0 hard 0 soft 1 temp 0.06 loss 1.40 plddt 0.74 ptm 0.76 i_ptm 0.63 cmap_loss_binder 1.40
178 models [1] recycles 0 hard 0 soft 1 temp 0.06 loss 1.40 plddt 0.74 ptm 0.76 i_ptm 0.63 cmap_loss_binder 1.40
179 models [1] recycles 0 hard 0 soft 1 temp 0.05 loss 1.43 plddt 0.75 ptm 0.73 i_ptm 0.57 cmap_loss_binder 1.43
180 models [1] recycles 0 hard 0 soft 1 temp 0.05 loss 1.44 plddt 0.75 ptm 0.72 i_ptm 0.55 cmap_loss_binder 1.44
181 models [1] recycles 0 hard 0 soft 1 temp 0.05 loss 1.48 plddt 0.70 ptm 0.72 i_ptm 0.58 cmap_loss_binder 1.48
182 models [0] recycles 0 hard 0 soft 1 temp 0.04 loss 1.41 plddt 0.73 ptm 0.75 i_ptm 0.63 cmap_loss_binder 1.41
183 models [0] recycles 0 hard 0 soft 1 temp 0.04 loss 1.40 plddt 0.72 ptm 0.75 i_ptm 0.59 cmap_loss_binder 1.40
184 models [0] recycles 0 hard 0 soft 1 temp 0.04 loss 1.46 plddt 0.71 ptm 0.74 i_ptm 0.59 cmap_loss_binder 1.46
185 models [0] recycles 0 hard 0 soft 1 temp 0.03 loss 1.39 plddt 0.74 ptm 0.77 i_ptm 0.65 cmap_loss_binder 1.39
186 models [1] recycles 0 hard 0 soft 1 temp 0.03 loss 1.50 plddt 0.70 ptm 0.66 i_ptm 0.43 cmap_loss_binder 1.50
187 models [0] recycles 0 hard 0 soft 1 temp 0.03 loss 1.41 plddt 0.74 ptm 0.78 i_ptm 0.65 cmap_loss_binder 1.41
188 models [1] recycles 0 hard 0 soft 1 temp 0.02 loss 1.58 plddt 0.73 ptm 0.62 i_ptm 0.33 cmap_loss_binder 1.58
189 models [0] recycles 0 hard 0 soft 1 temp 0.02 loss 1.44 plddt 0.70 ptm 0.76 i_ptm 0.61 cmap_loss_binder 1.44
190 models [1] recycles 0 hard 0 soft 1 temp 0.02 loss 1.44 plddt 0.74 ptm 0.71 i_ptm 0.53 cmap_loss_binder 1.44
191 models [1] recycles 0 hard 0 soft 1 temp 0.02 loss 1.61 plddt 0.70 ptm 0.61 i_ptm 0.30 cmap_loss_binder 1.61
192 models [0] recycles 0 hard 0 soft 1 temp 0.02 loss 1.42 plddt 0.72 ptm 0.76 i_ptm 0.64 cmap_loss_binder 1.42
193 models [0] recycles 0 hard 0 soft 1 temp 0.01 loss 1.42 plddt 0.73 ptm 0.75 i_ptm 0.61 cmap_loss_binder 1.42
194 models [1] recycles 0 hard 0 soft 1 temp 0.01 loss 1.51 plddt 0.72 ptm 0.68 i_ptm 0.45 cmap_loss_binder 1.51
195 models [0] recycles 0 hard 0 soft 1 temp 0.01 loss 1.39 plddt 0.73 ptm 0.77 i_ptm 0.62 cmap_loss_binder 1.39
196 models [0] recycles 0 hard 0 soft 1 temp 0.01 loss 1.42 plddt 0.72 ptm 0.76 i_ptm 0.61 cmap_loss_binder 1.42
197 models [0] recycles 0 hard 0 soft 1 temp 0.01 loss 1.42 plddt 0.73 ptm 0.76 i_ptm 0.64 cmap_loss_binder 1.42
198 models [1] recycles 0 hard 0 soft 1 temp 0.01 loss 1.44 plddt 0.72 ptm 0.75 i_ptm 0.64 cmap_loss_binder 1.44
199 models [0] recycles 0 hard 0 soft 1 temp 0.01 loss 1.43 plddt 0.74 ptm 0.76 i_ptm 0.63 cmap_loss_binder 1.43
200 models [1] recycles 0 hard 0 soft 1 temp 0.01 loss 1.46 plddt 0.71 ptm 0.72 i_ptm 0.58 cmap_loss_binder 1.46
Stage 3: running (hard)
201 models [0, 1] recycles 0 hard 1 soft 1 temp 0.01 loss 1.41 plddt 0.77 ptm 0.80 i_ptm 0.69 cmap_loss_binder 1.41
202 models [0, 1] recycles 0 hard 1 soft 1 temp 0.01 loss 1.41 plddt 0.77 ptm 0.80 i_ptm 0.69 cmap_loss_binder 1.41
203 models [0, 1] recycles 0 hard 1 soft 1 temp 0.01 loss 1.41 plddt 0.76 ptm 0.80 i_ptm 0.70 cmap_loss_binder 1.41
204 models [0, 1] recycles 0 hard 1 soft 1 temp 0.01 loss 1.41 plddt 0.77 ptm 0.80 i_ptm 0.70 cmap_loss_binder 1.41
205 models [0, 1] recycles 0 hard 1 soft 1 temp 0.01 loss 1.41 plddt 0.76 ptm 0.80 i_ptm 0.69 cmap_loss_binder 1.41
206 models [0, 1] recycles 0 hard 1 soft 1 temp 0.01 loss 1.41 plddt 0.77 ptm 0.80 i_ptm 0.69 cmap_loss_binder 1.41
207 models [0, 1] recycles 0 hard 1 soft 1 temp 0.01 loss 1.41 plddt 0.76 ptm 0.80 i_ptm 0.70 cmap_loss_binder 1.41
208 models [0, 1] recycles 0 hard 1 soft 1 temp 0.01 loss 1.41 plddt 0.76 ptm 0.80 i_ptm 0.69 cmap_loss_binder 1.41
209 models [0, 1] recycles 0 hard 1 soft 1 temp 0.01 loss 1.41 plddt 0.76 ptm 0.80 i_ptm 0.69 cmap_loss_binder 1.41
210 models [0, 1] recycles 0 hard 1 soft 1 temp 0.01 loss 1.41 plddt 0.77 ptm 0.80 i_ptm 0.69 cmap_loss_binder 1.41
211 models [0, 1] recycles 0 hard 1 soft 1 temp 0.01 loss 1.41 plddt 0.76 ptm 0.80 i_ptm 0.70 cmap_loss_binder 1.41
212 models [0, 1] recycles 0 hard 1 soft 1 temp 0.01 loss 1.41 plddt 0.77 ptm 0.80 i_ptm 0.70 cmap_loss_binder 1.41
213 models [0, 1] recycles 0 hard 1 soft 1 temp 0.01 loss 1.41 plddt 0.76 ptm 0.80 i_ptm 0.70 cmap_loss_binder 1.41
214 models [0, 1] recycles 0 hard 1 soft 1 temp 0.01 loss 1.41 plddt 0.77 ptm 0.79 i_ptm 0.69 cmap_loss_binder 1.41
215 models [0, 1] recycles 0 hard 1 soft 1 temp 0.01 loss 1.41 plddt 0.77 ptm 0.80 i_ptm 0.70 cmap_loss_binder 1.41
216 models [0, 1] recycles 0 hard 1 soft 1 temp 0.01 loss 1.41 plddt 0.76 ptm 0.80 i_ptm 0.70 cmap_loss_binder 1.41
217 models [0, 1] recycles 0 hard 1 soft 1 temp 0.01 loss 1.41 plddt 0.76 ptm 0.80 i_ptm 0.69 cmap_loss_binder 1.41
218 models [0, 1] recycles 0 hard 1 soft 1 temp 0.01 loss 1.41 plddt 0.77 ptm 0.80 i_ptm 0.69 cmap_loss_binder 1.41
219 models [0, 1] recycles 0 hard 1 soft 1 temp 0.01 loss 1.41 plddt 0.76 ptm 0.80 i_ptm 0.70 cmap_loss_binder 1.41
220 models [0, 1] recycles 0 hard 1 soft 1 temp 0.01 loss 1.41 plddt 0.77 ptm 0.80 i_ptm 0.69 cmap_loss_binder 1.41
Predicting sequences with AF2_ptm...
predict: traj_1_0 plddt: 0.841, i_pae: 0.259, i_ptm: 0.712, cmap_loss: 1.520
predict: traj_1_1 plddt: 0.837, i_pae: 0.224, i_ptm: 0.762, cmap_loss: 1.484
