CMAP of binder (monomer plddt: 0.908)
Stage 1: running (logits → soft)
1 models [0] recycles 0 hard 0 soft 0.01 temp 1 loss 3.85 plddt 0.54 ptm 0.53 i_ptm 0.10 cmap_loss_binder 3.85
2 models [1] recycles 0 hard 0 soft 0.02 temp 1 loss 3.91 plddt 0.94 ptm 0.52 i_ptm 0.07 cmap_loss_binder 3.91
3 models [0] recycles 0 hard 0 soft 0.03 temp 1 loss 3.88 plddt 0.92 ptm 0.52 i_ptm 0.07 cmap_loss_binder 3.88
4 models [1] recycles 0 hard 0 soft 0.04 temp 1 loss 3.86 plddt 0.86 ptm 0.52 i_ptm 0.09 cmap_loss_binder 3.86
5 models [0] recycles 0 hard 0 soft 0.05 temp 1 loss 3.80 plddt 0.69 ptm 0.52 i_ptm 0.09 cmap_loss_binder 3.80
6 models [0] recycles 0 hard 0 soft 0.06 temp 1 loss 3.81 plddt 0.58 ptm 0.53 i_ptm 0.10 cmap_loss_binder 3.81
7 models [1] recycles 0 hard 0 soft 0.07 temp 1 loss 3.79 plddt 0.63 ptm 0.53 i_ptm 0.06 cmap_loss_binder 3.79
8 models [1] recycles 0 hard 0 soft 0.08 temp 1 loss 3.78 plddt 0.61 ptm 0.52 i_ptm 0.06 cmap_loss_binder 3.78
9 models [0] recycles 0 hard 0 soft 0.09 temp 1 loss 3.77 plddt 0.57 ptm 0.53 i_ptm 0.10 cmap_loss_binder 3.77
10 models [0] recycles 0 hard 0 soft 0.10 temp 1 loss 3.78 plddt 0.66 ptm 0.53 i_ptm 0.08 cmap_loss_binder 3.78
11 models [0] recycles 0 hard 0 soft 0.11 temp 1 loss 3.76 plddt 0.57 ptm 0.53 i_ptm 0.10 cmap_loss_binder 3.76
12 models [1] recycles 0 hard 0 soft 0.12 temp 1 loss 3.81 plddt 0.59 ptm 0.53 i_ptm 0.07 cmap_loss_binder 3.81
13 models [0] recycles 0 hard 0 soft 0.13 temp 1 loss 3.76 plddt 0.69 ptm 0.53 i_ptm 0.09 cmap_loss_binder 3.76
14 models [0] recycles 0 hard 0 soft 0.14 temp 1 loss 3.78 plddt 0.53 ptm 0.53 i_ptm 0.10 cmap_loss_binder 3.78
15 models [1] recycles 0 hard 0 soft 0.15 temp 1 loss 3.75 plddt 0.61 ptm 0.53 i_ptm 0.07 cmap_loss_binder 3.75
16 models [1] recycles 0 hard 0 soft 0.16 temp 1 loss 3.75 plddt 0.67 ptm 0.52 i_ptm 0.07 cmap_loss_binder 3.75
17 models [1] recycles 0 hard 0 soft 0.17 temp 1 loss 3.75 plddt 0.66 ptm 0.52 i_ptm 0.07 cmap_loss_binder 3.75
18 models [1] recycles 0 hard 0 soft 0.18 temp 1 loss 3.71 plddt 0.60 ptm 0.52 i_ptm 0.07 cmap_loss_binder 3.71
19 models [1] recycles 0 hard 0 soft 0.19 temp 1 loss 3.69 plddt 0.65 ptm 0.52 i_ptm 0.07 cmap_loss_binder 3.69
20 models [1] recycles 0 hard 0 soft 0.20 temp 1 loss 3.67 plddt 0.64 ptm 0.52 i_ptm 0.06 cmap_loss_binder 3.67
21 models [1] recycles 0 hard 0 soft 0.21 temp 1 loss 3.66 plddt 0.58 ptm 0.52 i_ptm 0.07 cmap_loss_binder 3.66
22 models [0] recycles 0 hard 0 soft 0.22 temp 1 loss 3.66 plddt 0.65 ptm 0.53 i_ptm 0.09 cmap_loss_binder 3.66
23 models [1] recycles 0 hard 0 soft 0.23 temp 1 loss 3.63 plddt 0.58 ptm 0.53 i_ptm 0.07 cmap_loss_binder 3.63
24 models [1] recycles 0 hard 0 soft 0.24 temp 1 loss 3.60 plddt 0.55 ptm 0.52 i_ptm 0.07 cmap_loss_binder 3.60
25 models [0] recycles 0 hard 0 soft 0.25 temp 1 loss 3.63 plddt 0.59 ptm 0.54 i_ptm 0.09 cmap_loss_binder 3.63
26 models [1] recycles 0 hard 0 soft 0.26 temp 1 loss 3.60 plddt 0.52 ptm 0.53 i_ptm 0.07 cmap_loss_binder 3.60
27 models [0] recycles 0 hard 0 soft 0.27 temp 1 loss 3.49 plddt 0.56 ptm 0.54 i_ptm 0.10 cmap_loss_binder 3.49
28 models [0] recycles 0 hard 0 soft 0.28 temp 1 loss 3.51 plddt 0.59 ptm 0.54 i_ptm 0.09 cmap_loss_binder 3.51
29 models [0] recycles 0 hard 0 soft 0.29 temp 1 loss 3.46 plddt 0.59 ptm 0.54 i_ptm 0.10 cmap_loss_binder 3.46
30 models [1] recycles 0 hard 0 soft 0.30 temp 1 loss 3.50 plddt 0.52 ptm 0.53 i_ptm 0.06 cmap_loss_binder 3.50
31 models [0] recycles 0 hard 0 soft 0.31 temp 1 loss 3.38 plddt 0.57 ptm 0.53 i_ptm 0.09 cmap_loss_binder 3.38
32 models [0] recycles 0 hard 0 soft 0.32 temp 1 loss 3.33 plddt 0.55 ptm 0.54 i_ptm 0.10 cmap_loss_binder 3.33
33 models [1] recycles 0 hard 0 soft 0.33 temp 1 loss 3.32 plddt 0.54 ptm 0.52 i_ptm 0.06 cmap_loss_binder 3.32
34 models [1] recycles 0 hard 0 soft 0.34 temp 1 loss 3.27 plddt 0.56 ptm 0.53 i_ptm 0.06 cmap_loss_binder 3.27
35 models [1] recycles 0 hard 0 soft 0.35 temp 1 loss 3.26 plddt 0.56 ptm 0.52 i_ptm 0.06 cmap_loss_binder 3.26
36 models [1] recycles 0 hard 0 soft 0.36 temp 1 loss 3.21 plddt 0.64 ptm 0.52 i_ptm 0.06 cmap_loss_binder 3.21
37 models [0] recycles 0 hard 0 soft 0.37 temp 1 loss 3.10 plddt 0.60 ptm 0.54 i_ptm 0.10 cmap_loss_binder 3.10
38 models [1] recycles 0 hard 0 soft 0.38 temp 1 loss 3.13 plddt 0.67 ptm 0.52 i_ptm 0.06 cmap_loss_binder 3.13
39 models [1] recycles 0 hard 0 soft 0.39 temp 1 loss 3.05 plddt 0.63 ptm 0.52 i_ptm 0.06 cmap_loss_binder 3.05
40 models [1] recycles 0 hard 0 soft 0.40 temp 1 loss 3.02 plddt 0.63 ptm 0.52 i_ptm 0.06 cmap_loss_binder 3.02
41 models [0] recycles 0 hard 0 soft 0.41 temp 1 loss 2.93 plddt 0.64 ptm 0.53 i_ptm 0.09 cmap_loss_binder 2.93
42 models [0] recycles 0 hard 0 soft 0.42 temp 1 loss 2.89 plddt 0.60 ptm 0.54 i_ptm 0.12 cmap_loss_binder 2.89
43 models [1] recycles 0 hard 0 soft 0.43 temp 1 loss 2.94 plddt 0.70 ptm 0.52 i_ptm 0.06 cmap_loss_binder 2.94
44 models [0] recycles 0 hard 0 soft 0.44 temp 1 loss 2.81 plddt 0.66 ptm 0.54 i_ptm 0.12 cmap_loss_binder 2.81
45 models [1] recycles 0 hard 0 soft 0.45 temp 1 loss 2.89 plddt 0.67 ptm 0.52 i_ptm 0.06 cmap_loss_binder 2.89
46 models [1] recycles 0 hard 0 soft 0.46 temp 1 loss 2.81 plddt 0.70 ptm 0.52 i_ptm 0.06 cmap_loss_binder 2.81
47 models [0] recycles 0 hard 0 soft 0.47 temp 1 loss 2.72 plddt 0.67 ptm 0.54 i_ptm 0.11 cmap_loss_binder 2.72
48 models [1] recycles 0 hard 0 soft 0.48 temp 1 loss 2.76 plddt 0.74 ptm 0.52 i_ptm 0.06 cmap_loss_binder 2.76
49 models [0] recycles 0 hard 0 soft 0.49 temp 1 loss 2.49 plddt 0.67 ptm 0.54 i_ptm 0.11 cmap_loss_binder 2.49
50 models [1] recycles 0 hard 0 soft 0.50 temp 1 loss 2.43 plddt 0.73 ptm 0.52 i_ptm 0.06 cmap_loss_binder 2.43
51 models [0] recycles 0 hard 0 soft 0.51 temp 1 loss 2.36 plddt 0.70 ptm 0.56 i_ptm 0.17 cmap_loss_binder 2.36
52 models [1] recycles 0 hard 0 soft 0.52 temp 1 loss 2.44 plddt 0.83 ptm 0.52 i_ptm 0.06 cmap_loss_binder 2.44
53 models [1] recycles 0 hard 0 soft 0.53 temp 1 loss 2.37 plddt 0.78 ptm 0.52 i_ptm 0.06 cmap_loss_binder 2.37
54 models [1] recycles 0 hard 0 soft 0.54 temp 1 loss 2.35 plddt 0.75 ptm 0.52 i_ptm 0.06 cmap_loss_binder 2.35
55 models [0] recycles 0 hard 0 soft 0.55 temp 1 loss 2.09 plddt 0.71 ptm 0.62 i_ptm 0.27 cmap_loss_binder 2.09
56 models [1] recycles 0 hard 0 soft 0.56 temp 1 loss 2.28 plddt 0.85 ptm 0.52 i_ptm 0.07 cmap_loss_binder 2.28
57 models [1] recycles 0 hard 0 soft 0.57 temp 1 loss 2.26 plddt 0.82 ptm 0.53 i_ptm 0.07 cmap_loss_binder 2.26
58 models [1] recycles 0 hard 0 soft 0.58 temp 1 loss 2.24 plddt 0.79 ptm 0.53 i_ptm 0.08 cmap_loss_binder 2.24
59 models [0] recycles 0 hard 0 soft 0.59 temp 1 loss 2.00 plddt 0.75 ptm 0.60 i_ptm 0.24 cmap_loss_binder 2.00
60 models [0] recycles 0 hard 0 soft 0.60 temp 1 loss 2.11 plddt 0.74 ptm 0.60 i_ptm 0.22 cmap_loss_binder 2.11
61 models [0] recycles 0 hard 0 soft 0.61 temp 1 loss 1.93 plddt 0.72 ptm 0.62 i_ptm 0.29 cmap_loss_binder 1.93
62 models [1] recycles 0 hard 0 soft 0.62 temp 1 loss 2.22 plddt 0.80 ptm 0.54 i_ptm 0.09 cmap_loss_binder 2.22
63 models [1] recycles 0 hard 0 soft 0.63 temp 1 loss 2.10 plddt 0.79 ptm 0.57 i_ptm 0.14 cmap_loss_binder 2.10
64 models [0] recycles 0 hard 0 soft 0.64 temp 1 loss 1.95 plddt 0.72 ptm 0.63 i_ptm 0.32 cmap_loss_binder 1.95
65 models [0] recycles 0 hard 0 soft 0.65 temp 1 loss 2.05 plddt 0.65 ptm 0.63 i_ptm 0.29 cmap_loss_binder 2.05
66 models [0] recycles 0 hard 0 soft 0.66 temp 1 loss 2.06 plddt 0.75 ptm 0.59 i_ptm 0.21 cmap_loss_binder 2.06
67 models [1] recycles 0 hard 0 soft 0.67 temp 1 loss 1.94 plddt 0.76 ptm 0.63 i_ptm 0.29 cmap_loss_binder 1.94
68 models [1] recycles 0 hard 0 soft 0.68 temp 1 loss 2.02 plddt 0.81 ptm 0.61 i_ptm 0.27 cmap_loss_binder 2.02
69 models [1] recycles 0 hard 0 soft 0.69 temp 1 loss 1.76 plddt 0.75 ptm 0.69 i_ptm 0.44 cmap_loss_binder 1.76
70 models [1] recycles 0 hard 0 soft 0.70 temp 1 loss 1.72 plddt 0.72 ptm 0.71 i_ptm 0.47 cmap_loss_binder 1.72
71 models [0] recycles 0 hard 0 soft 0.71 temp 1 loss 1.79 plddt 0.70 ptm 0.68 i_ptm 0.42 cmap_loss_binder 1.79
72 models [0] recycles 0 hard 0 soft 0.72 temp 1 loss 1.77 plddt 0.73 ptm 0.67 i_ptm 0.38 cmap_loss_binder 1.77
73 models [1] recycles 0 hard 0 soft 0.73 temp 1 loss 1.78 plddt 0.72 ptm 0.67 i_ptm 0.39 cmap_loss_binder 1.78
74 models [0] recycles 0 hard 0 soft 0.74 temp 1 loss 1.75 plddt 0.77 ptm 0.66 i_ptm 0.38 cmap_loss_binder 1.75
75 models [0] recycles 0 hard 0 soft 0.75 temp 1 loss 1.72 plddt 0.68 ptm 0.71 i_ptm 0.47 cmap_loss_binder 1.72
76 models [1] recycles 0 hard 0 soft 0.76 temp 1 loss 1.71 plddt 0.73 ptm 0.71 i_ptm 0.47 cmap_loss_binder 1.71
77 models [1] recycles 0 hard 0 soft 0.77 temp 1 loss 1.68 plddt 0.73 ptm 0.74 i_ptm 0.53 cmap_loss_binder 1.68
78 models [1] recycles 0 hard 0 soft 0.78 temp 1 loss 1.67 plddt 0.76 ptm 0.73 i_ptm 0.52 cmap_loss_binder 1.67
79 models [1] recycles 0 hard 0 soft 0.79 temp 1 loss 1.59 plddt 0.72 ptm 0.77 i_ptm 0.59 cmap_loss_binder 1.59
80 models [0] recycles 0 hard 0 soft 0.80 temp 1 loss 1.69 plddt 0.71 ptm 0.69 i_ptm 0.44 cmap_loss_binder 1.69
81 models [1] recycles 0 hard 0 soft 0.81 temp 1 loss 1.97 plddt 0.61 ptm 0.63 i_ptm 0.34 cmap_loss_binder 1.97
82 models [1] recycles 0 hard 0 soft 0.82 temp 1 loss 1.80 plddt 0.62 ptm 0.72 i_ptm 0.52 cmap_loss_binder 1.80
83 models [1] recycles 0 hard 0 soft 0.83 temp 1 loss 1.62 plddt 0.74 ptm 0.73 i_ptm 0.51 cmap_loss_binder 1.62
84 models [1] recycles 0 hard 0 soft 0.84 temp 1 loss 1.67 plddt 0.69 ptm 0.74 i_ptm 0.52 cmap_loss_binder 1.67
85 models [1] recycles 0 hard 0 soft 0.85 temp 1 loss 1.60 plddt 0.71 ptm 0.77 i_ptm 0.59 cmap_loss_binder 1.60
86 models [0] recycles 0 hard 0 soft 0.86 temp 1 loss 1.70 plddt 0.67 ptm 0.70 i_ptm 0.45 cmap_loss_binder 1.70
87 models [1] recycles 0 hard 0 soft 0.87 temp 1 loss 1.96 plddt 0.67 ptm 0.66 i_ptm 0.37 cmap_loss_binder 1.96
88 models [0] recycles 0 hard 0 soft 0.88 temp 1 loss 1.86 plddt 0.59 ptm 0.71 i_ptm 0.48 cmap_loss_binder 1.86
89 models [1] recycles 0 hard 0 soft 0.89 temp 1 loss 1.82 plddt 0.67 ptm 0.72 i_ptm 0.49 cmap_loss_binder 1.82
90 models [1] recycles 0 hard 0 soft 0.90 temp 1 loss 1.87 plddt 0.70 ptm 0.63 i_ptm 0.33 cmap_loss_binder 1.87
91 models [0] recycles 0 hard 0 soft 0.91 temp 1 loss 1.62 plddt 0.69 ptm 0.73 i_ptm 0.52 cmap_loss_binder 1.62
92 models [0] recycles 0 hard 0 soft 0.92 temp 1 loss 1.66 plddt 0.71 ptm 0.74 i_ptm 0.55 cmap_loss_binder 1.66
93 models [1] recycles 0 hard 0 soft 0.93 temp 1 loss 1.73 plddt 0.57 ptm 0.71 i_ptm 0.47 cmap_loss_binder 1.73
94 models [0] recycles 0 hard 0 soft 0.94 temp 1 loss 1.68 plddt 0.70 ptm 0.72 i_ptm 0.50 cmap_loss_binder 1.68
95 models [1] recycles 0 hard 0 soft 0.95 temp 1 loss 1.83 plddt 0.75 ptm 0.67 i_ptm 0.38 cmap_loss_binder 1.83
96 models [1] recycles 0 hard 0 soft 0.96 temp 1 loss 1.66 plddt 0.71 ptm 0.73 i_ptm 0.52 cmap_loss_binder 1.66
97 models [0] recycles 0 hard 0 soft 0.97 temp 1 loss 1.80 plddt 0.61 ptm 0.68 i_ptm 0.41 cmap_loss_binder 1.80
98 models [1] recycles 0 hard 0 soft 0.98 temp 1 loss 1.82 plddt 0.78 ptm 0.66 i_ptm 0.37 cmap_loss_binder 1.82
99 models [1] recycles 0 hard 0 soft 0.99 temp 1 loss 1.69 plddt 0.72 ptm 0.71 i_ptm 0.48 cmap_loss_binder 1.69
100 models [0] recycles 0 hard 0 soft 1 temp 1 loss 1.75 plddt 0.66 ptm 0.69 i_ptm 0.43 cmap_loss_binder 1.75
Stage 2: running (soft → hard)
101 models [0] recycles 0 hard 0 soft 1 temp 0.98 loss 1.68 plddt 0.68 ptm 0.70 i_ptm 0.46 cmap_loss_binder 1.68
102 models [0] recycles 0 hard 0 soft 1 temp 0.96 loss 1.65 plddt 0.66 ptm 0.73 i_ptm 0.51 cmap_loss_binder 1.65
103 models [0] recycles 0 hard 0 soft 1 temp 0.94 loss 1.76 plddt 0.70 ptm 0.66 i_ptm 0.37 cmap_loss_binder 1.76
104 models [1] recycles 0 hard 0 soft 1 temp 0.92 loss 1.72 plddt 0.74 ptm 0.69 i_ptm 0.43 cmap_loss_binder 1.72
105 models [1] recycles 0 hard 0 soft 1 temp 0.90 loss 1.81 plddt 0.78 ptm 0.66 i_ptm 0.37 cmap_loss_binder 1.81
106 models [0] recycles 0 hard 0 soft 1 temp 0.88 loss 1.62 plddt 0.74 ptm 0.71 i_ptm 0.48 cmap_loss_binder 1.62
107 models [1] recycles 0 hard 0 soft 1 temp 0.87 loss 1.62 plddt 0.73 ptm 0.71 i_ptm 0.47 cmap_loss_binder 1.62
108 models [1] recycles 0 hard 0 soft 1 temp 0.85 loss 1.62 plddt 0.76 ptm 0.72 i_ptm 0.49 cmap_loss_binder 1.62
109 models [1] recycles 0 hard 0 soft 1 temp 0.83 loss 1.69 plddt 0.77 ptm 0.70 i_ptm 0.43 cmap_loss_binder 1.69
110 models [1] recycles 0 hard 0 soft 1 temp 0.81 loss 1.64 plddt 0.71 ptm 0.70 i_ptm 0.45 cmap_loss_binder 1.64
111 models [1] recycles 0 hard 0 soft 1 temp 0.79 loss 1.70 plddt 0.73 ptm 0.69 i_ptm 0.42 cmap_loss_binder 1.70
112 models [0] recycles 0 hard 0 soft 1 temp 0.78 loss 1.66 plddt 0.65 ptm 0.71 i_ptm 0.47 cmap_loss_binder 1.66
113 models [0] recycles 0 hard 0 soft 1 temp 0.76 loss 1.70 plddt 0.72 ptm 0.69 i_ptm 0.42 cmap_loss_binder 1.70
114 models [1] recycles 0 hard 0 soft 1 temp 0.74 loss 1.66 plddt 0.79 ptm 0.72 i_ptm 0.52 cmap_loss_binder 1.66
115 models [0] recycles 0 hard 0 soft 1 temp 0.73 loss 1.70 plddt 0.70 ptm 0.70 i_ptm 0.45 cmap_loss_binder 1.70
116 models [0] recycles 0 hard 0 soft 1 temp 0.71 loss 1.67 plddt 0.71 ptm 0.76 i_ptm 0.58 cmap_loss_binder 1.67
117 models [0] recycles 0 hard 0 soft 1 temp 0.69 loss 1.67 plddt 0.67 ptm 0.72 i_ptm 0.48 cmap_loss_binder 1.67
118 models [0] recycles 0 hard 0 soft 1 temp 0.68 loss 1.67 plddt 0.67 ptm 0.69 i_ptm 0.44 cmap_loss_binder 1.67
119 models [1] recycles 0 hard 0 soft 1 temp 0.66 loss 1.69 plddt 0.77 ptm 0.68 i_ptm 0.42 cmap_loss_binder 1.69
120 models [0] recycles 0 hard 0 soft 1 temp 0.64 loss 1.74 plddt 0.70 ptm 0.72 i_ptm 0.50 cmap_loss_binder 1.74
121 models [0] recycles 0 hard 0 soft 1 temp 0.63 loss 1.65 plddt 0.69 ptm 0.68 i_ptm 0.41 cmap_loss_binder 1.65
122 models [1] recycles 0 hard 0 soft 1 temp 0.61 loss 1.85 plddt 0.68 ptm 0.67 i_ptm 0.38 cmap_loss_binder 1.85
123 models [0] recycles 0 hard 0 soft 1 temp 0.60 loss 1.66 plddt 0.67 ptm 0.71 i_ptm 0.46 cmap_loss_binder 1.66
124 models [1] recycles 0 hard 0 soft 1 temp 0.58 loss 1.61 plddt 0.74 ptm 0.73 i_ptm 0.51 cmap_loss_binder 1.61
125 models [1] recycles 0 hard 0 soft 1 temp 0.57 loss 1.67 plddt 0.73 ptm 0.68 i_ptm 0.40 cmap_loss_binder 1.67
126 models [0] recycles 0 hard 0 soft 1 temp 0.55 loss 1.68 plddt 0.71 ptm 0.66 i_ptm 0.38 cmap_loss_binder 1.68
127 models [0] recycles 0 hard 0 soft 1 temp 0.54 loss 1.61 plddt 0.72 ptm 0.73 i_ptm 0.52 cmap_loss_binder 1.61
128 models [1] recycles 0 hard 0 soft 1 temp 0.52 loss 1.70 plddt 0.75 ptm 0.72 i_ptm 0.47 cmap_loss_binder 1.70
129 models [0] recycles 0 hard 0 soft 1 temp 0.51 loss 1.62 plddt 0.70 ptm 0.74 i_ptm 0.54 cmap_loss_binder 1.62
130 models [1] recycles 0 hard 0 soft 1 temp 0.50 loss 1.77 plddt 0.70 ptm 0.65 i_ptm 0.31 cmap_loss_binder 1.77
131 models [0] recycles 0 hard 0 soft 1 temp 0.48 loss 1.70 plddt 0.72 ptm 0.65 i_ptm 0.34 cmap_loss_binder 1.70
132 models [0] recycles 0 hard 0 soft 1 temp 0.47 loss 1.70 plddt 0.74 ptm 0.67 i_ptm 0.38 cmap_loss_binder 1.70
133 models [1] recycles 0 hard 0 soft 1 temp 0.45 loss 1.62 plddt 0.57 ptm 0.70 i_ptm 0.45 cmap_loss_binder 1.62
134 models [1] recycles 0 hard 0 soft 1 temp 0.44 loss 1.61 plddt 0.69 ptm 0.72 i_ptm 0.48 cmap_loss_binder 1.61
135 models [1] recycles 0 hard 0 soft 1 temp 0.43 loss 1.67 plddt 0.74 ptm 0.68 i_ptm 0.39 cmap_loss_binder 1.67
136 models [0] recycles 0 hard 0 soft 1 temp 0.42 loss 1.62 plddt 0.72 ptm 0.72 i_ptm 0.50 cmap_loss_binder 1.62
137 models [0] recycles 0 hard 0 soft 1 temp 0.40 loss 1.65 plddt 0.69 ptm 0.70 i_ptm 0.46 cmap_loss_binder 1.65
138 models [1] recycles 0 hard 0 soft 1 temp 0.39 loss 1.61 plddt 0.71 ptm 0.69 i_ptm 0.47 cmap_loss_binder 1.61
139 models [0] recycles 0 hard 0 soft 1 temp 0.38 loss 1.70 plddt 0.65 ptm 0.72 i_ptm 0.49 cmap_loss_binder 1.70
140 models [0] recycles 0 hard 0 soft 1 temp 0.37 loss 1.60 plddt 0.69 ptm 0.76 i_ptm 0.58 cmap_loss_binder 1.60
141 models [0] recycles 0 hard 0 soft 1 temp 0.35 loss 1.63 plddt 0.65 ptm 0.70 i_ptm 0.45 cmap_loss_binder 1.63
142 models [0] recycles 0 hard 0 soft 1 temp 0.34 loss 1.59 plddt 0.71 ptm 0.74 i_ptm 0.53 cmap_loss_binder 1.59
143 models [1] recycles 0 hard 0 soft 1 temp 0.33 loss 1.64 plddt 0.71 ptm 0.71 i_ptm 0.46 cmap_loss_binder 1.64
144 models [1] recycles 0 hard 0 soft 1 temp 0.32 loss 1.62 plddt 0.75 ptm 0.69 i_ptm 0.42 cmap_loss_binder 1.62
145 models [1] recycles 0 hard 0 soft 1 temp 0.31 loss 1.72 plddt 0.73 ptm 0.65 i_ptm 0.32 cmap_loss_binder 1.72
146 models [0] recycles 0 hard 0 soft 1 temp 0.30 loss 1.71 plddt 0.66 ptm 0.70 i_ptm 0.43 cmap_loss_binder 1.71
147 models [0] recycles 0 hard 0 soft 1 temp 0.29 loss 1.62 plddt 0.68 ptm 0.71 i_ptm 0.47 cmap_loss_binder 1.62
148 models [1] recycles 0 hard 0 soft 1 temp 0.28 loss 1.73 plddt 0.71 ptm 0.63 i_ptm 0.28 cmap_loss_binder 1.73
149 models [1] recycles 0 hard 0 soft 1 temp 0.27 loss 1.63 plddt 0.75 ptm 0.67 i_ptm 0.38 cmap_loss_binder 1.63
150 models [0] recycles 0 hard 0 soft 1 temp 0.26 loss 1.70 plddt 0.67 ptm 0.67 i_ptm 0.39 cmap_loss_binder 1.70
151 models [0] recycles 0 hard 0 soft 1 temp 0.25 loss 1.65 plddt 0.67 ptm 0.70 i_ptm 0.46 cmap_loss_binder 1.65
152 models [1] recycles 0 hard 0 soft 1 temp 0.24 loss 1.61 plddt 0.68 ptm 0.70 i_ptm 0.43 cmap_loss_binder 1.61
153 models [0] recycles 0 hard 0 soft 1 temp 0.23 loss 1.64 plddt 0.68 ptm 0.74 i_ptm 0.52 cmap_loss_binder 1.64
154 models [0] recycles 0 hard 0 soft 1 temp 0.22 loss 1.65 plddt 0.67 ptm 0.71 i_ptm 0.48 cmap_loss_binder 1.65
155 models [1] recycles 0 hard 0 soft 1 temp 0.21 loss 1.74 plddt 0.71 ptm 0.63 i_ptm 0.28 cmap_loss_binder 1.74
156 models [0] recycles 0 hard 0 soft 1 temp 0.20 loss 1.62 plddt 0.66 ptm 0.70 i_ptm 0.44 cmap_loss_binder 1.62
157 models [1] recycles 0 hard 0 soft 1 temp 0.19 loss 1.61 plddt 0.72 ptm 0.70 i_ptm 0.43 cmap_loss_binder 1.61
158 models [0] recycles 0 hard 0 soft 1 temp 0.18 loss 1.67 plddt 0.65 ptm 0.69 i_ptm 0.41 cmap_loss_binder 1.67
159 models [0] recycles 0 hard 0 soft 1 temp 0.18 loss 1.58 plddt 0.68 ptm 0.75 i_ptm 0.55 cmap_loss_binder 1.58
160 models [0] recycles 0 hard 0 soft 1 temp 0.17 loss 1.66 plddt 0.67 ptm 0.69 i_ptm 0.42 cmap_loss_binder 1.66
161 models [0] recycles 0 hard 0 soft 1 temp 0.16 loss 1.77 plddt 0.63 ptm 0.69 i_ptm 0.42 cmap_loss_binder 1.77
162 models [1] recycles 0 hard 0 soft 1 temp 0.15 loss 1.82 plddt 0.74 ptm 0.61 i_ptm 0.24 cmap_loss_binder 1.82
163 models [0] recycles 0 hard 0 soft 1 temp 0.15 loss 1.61 plddt 0.68 ptm 0.72 i_ptm 0.48 cmap_loss_binder 1.61
164 models [0] recycles 0 hard 0 soft 1 temp 0.14 loss 1.69 plddt 0.68 ptm 0.67 i_ptm 0.39 cmap_loss_binder 1.69
165 models [0] recycles 0 hard 0 soft 1 temp 0.13 loss 1.61 plddt 0.68 ptm 0.73 i_ptm 0.53 cmap_loss_binder 1.61
166 models [1] recycles 0 hard 0 soft 1 temp 0.12 loss 1.71 plddt 0.73 ptm 0.65 i_ptm 0.34 cmap_loss_binder 1.71
167 models [1] recycles 0 hard 0 soft 1 temp 0.12 loss 1.79 plddt 0.73 ptm 0.61 i_ptm 0.25 cmap_loss_binder 1.79
168 models [0] recycles 0 hard 0 soft 1 temp 0.11 loss 1.63 plddt 0.67 ptm 0.69 i_ptm 0.43 cmap_loss_binder 1.63
169 models [0] recycles 0 hard 0 soft 1 temp 0.11 loss 1.65 plddt 0.69 ptm 0.69 i_ptm 0.43 cmap_loss_binder 1.65
170 models [0] recycles 0 hard 0 soft 1 temp 0.10 loss 1.76 plddt 0.65 ptm 0.65 i_ptm 0.35 cmap_loss_binder 1.76
171 models [0] recycles 0 hard 0 soft 1 temp 0.09 loss 1.73 plddt 0.64 ptm 0.69 i_ptm 0.43 cmap_loss_binder 1.73
172 models [0] recycles 0 hard 0 soft 1 temp 0.09 loss 1.74 plddt 0.60 ptm 0.67 i_ptm 0.38 cmap_loss_binder 1.74
173 models [0] recycles 0 hard 0 soft 1 temp 0.08 loss 1.71 plddt 0.69 ptm 0.65 i_ptm 0.35 cmap_loss_binder 1.71
174 models [1] recycles 0 hard 0 soft 1 temp 0.08 loss 1.63 plddt 0.73 ptm 0.70 i_ptm 0.44 cmap_loss_binder 1.63
175 models [0] recycles 0 hard 0 soft 1 temp 0.07 loss 1.71 plddt 0.64 ptm 0.67 i_ptm 0.37 cmap_loss_binder 1.71
176 models [1] recycles 0 hard 0 soft 1 temp 0.07 loss 1.65 plddt 0.75 ptm 0.69 i_ptm 0.43 cmap_loss_binder 1.65
177 models [0] recycles 0 hard 0 soft 1 temp 0.06 loss 1.67 plddt 0.66 ptm 0.69 i_ptm 0.43 cmap_loss_binder 1.67
178 models [1] recycles 0 hard 0 soft 1 temp 0.06 loss 2.01 plddt 0.68 ptm 0.58 i_ptm 0.17 cmap_loss_binder 2.01
179 models [1] recycles 0 hard 0 soft 1 temp 0.05 loss 1.90 plddt 0.76 ptm 0.61 i_ptm 0.24 cmap_loss_binder 1.90
180 models [1] recycles 0 hard 0 soft 1 temp 0.05 loss 1.75 plddt 0.75 ptm 0.65 i_ptm 0.31 cmap_loss_binder 1.75
181 models [0] recycles 0 hard 0 soft 1 temp 0.05 loss 1.76 plddt 0.65 ptm 0.67 i_ptm 0.37 cmap_loss_binder 1.76
182 models [0] recycles 0 hard 0 soft 1 temp 0.04 loss 1.73 plddt 0.64 ptm 0.65 i_ptm 0.35 cmap_loss_binder 1.73
183 models [0] recycles 0 hard 0 soft 1 temp 0.04 loss 1.74 plddt 0.63 ptm 0.64 i_ptm 0.33 cmap_loss_binder 1.74
184 models [1] recycles 0 hard 0 soft 1 temp 0.04 loss 1.77 plddt 0.67 ptm 0.65 i_ptm 0.33 cmap_loss_binder 1.77
185 models [1] recycles 0 hard 0 soft 1 temp 0.03 loss 1.81 plddt 0.72 ptm 0.63 i_ptm 0.29 cmap_loss_binder 1.81
186 models [0] recycles 0 hard 0 soft 1 temp 0.03 loss 1.69 plddt 0.68 ptm 0.70 i_ptm 0.45 cmap_loss_binder 1.69
187 models [1] recycles 0 hard 0 soft 1 temp 0.03 loss 1.71 plddt 0.69 ptm 0.66 i_ptm 0.37 cmap_loss_binder 1.71
188 models [0] recycles 0 hard 0 soft 1 temp 0.02 loss 1.71 plddt 0.67 ptm 0.69 i_ptm 0.43 cmap_loss_binder 1.71
189 models [1] recycles 0 hard 0 soft 1 temp 0.02 loss 1.86 plddt 0.74 ptm 0.63 i_ptm 0.28 cmap_loss_binder 1.86
190 models [0] recycles 0 hard 0 soft 1 temp 0.02 loss 1.65 plddt 0.67 ptm 0.69 i_ptm 0.42 cmap_loss_binder 1.65
191 models [1] recycles 0 hard 0 soft 1 temp 0.02 loss 1.69 plddt 0.72 ptm 0.68 i_ptm 0.41 cmap_loss_binder 1.69
192 models [0] recycles 0 hard 0 soft 1 temp 0.02 loss 1.72 plddt 0.64 ptm 0.70 i_ptm 0.45 cmap_loss_binder 1.72
193 models [0] recycles 0 hard 0 soft 1 temp 0.01 loss 1.77 plddt 0.62 ptm 0.68 i_ptm 0.39 cmap_loss_binder 1.77
194 models [1] recycles 0 hard 0 soft 1 temp 0.01 loss 1.90 plddt 0.70 ptm 0.62 i_ptm 0.26 cmap_loss_binder 1.90
195 models [1] recycles 0 hard 0 soft 1 temp 0.01 loss 1.93 plddt 0.70 ptm 0.59 i_ptm 0.20 cmap_loss_binder 1.93
196 models [0] recycles 0 hard 0 soft 1 temp 0.01 loss 1.66 plddt 0.65 ptm 0.71 i_ptm 0.48 cmap_loss_binder 1.66
197 models [1] recycles 0 hard 0 soft 1 temp 0.01 loss 1.75 plddt 0.70 ptm 0.66 i_ptm 0.34 cmap_loss_binder 1.75
198 models [1] recycles 0 hard 0 soft 1 temp 0.01 loss 2.01 plddt 0.73 ptm 0.58 i_ptm 0.16 cmap_loss_binder 2.01
199 models [0] recycles 0 hard 0 soft 1 temp 0.01 loss 1.72 plddt 0.64 ptm 0.69 i_ptm 0.42 cmap_loss_binder 1.72
200 models [0] recycles 0 hard 0 soft 1 temp 0.01 loss 1.81 plddt 0.64 ptm 0.65 i_ptm 0.34 cmap_loss_binder 1.81
Stage 3: running (hard)
201 models [0, 1] recycles 0 hard 1 soft 1 temp 0.01 loss 1.67 plddt 0.68 ptm 0.71 i_ptm 0.45 cmap_loss_binder 1.67
202 models [0, 1] recycles 0 hard 1 soft 1 temp 0.01 loss 1.64 plddt 0.67 ptm 0.72 i_ptm 0.49 cmap_loss_binder 1.64
203 models [0, 1] recycles 0 hard 1 soft 1 temp 0.01 loss 1.64 plddt 0.67 ptm 0.72 i_ptm 0.48 cmap_loss_binder 1.64
204 models [0, 1] recycles 0 hard 1 soft 1 temp 0.01 loss 1.64 plddt 0.67 ptm 0.72 i_ptm 0.49 cmap_loss_binder 1.64
205 models [0, 1] recycles 0 hard 1 soft 1 temp 0.01 loss 1.64 plddt 0.67 ptm 0.72 i_ptm 0.48 cmap_loss_binder 1.64
206 models [0, 1] recycles 0 hard 1 soft 1 temp 0.01 loss 1.65 plddt 0.66 ptm 0.72 i_ptm 0.48 cmap_loss_binder 1.65
207 models [0, 1] recycles 0 hard 1 soft 1 temp 0.01 loss 1.66 plddt 0.66 ptm 0.71 i_ptm 0.47 cmap_loss_binder 1.66
208 models [0, 1] recycles 0 hard 1 soft 1 temp 0.01 loss 1.64 plddt 0.67 ptm 0.72 i_ptm 0.48 cmap_loss_binder 1.64
209 models [0, 1] recycles 0 hard 1 soft 1 temp 0.01 loss 1.65 plddt 0.66 ptm 0.72 i_ptm 0.48 cmap_loss_binder 1.65
210 models [0, 1] recycles 0 hard 1 soft 1 temp 0.01 loss 1.66 plddt 0.67 ptm 0.71 i_ptm 0.46 cmap_loss_binder 1.66
211 models [0, 1] recycles 0 hard 1 soft 1 temp 0.01 loss 1.65 plddt 0.66 ptm 0.71 i_ptm 0.46 cmap_loss_binder 1.65
212 models [0, 1] recycles 0 hard 1 soft 1 temp 0.01 loss 1.65 plddt 0.67 ptm 0.71 i_ptm 0.47 cmap_loss_binder 1.65
213 models [0, 1] recycles 0 hard 1 soft 1 temp 0.01 loss 1.68 plddt 0.66 ptm 0.70 i_ptm 0.44 cmap_loss_binder 1.68
214 models [0, 1] recycles 0 hard 1 soft 1 temp 0.01 loss 1.67 plddt 0.65 ptm 0.71 i_ptm 0.45 cmap_loss_binder 1.67
215 models [0, 1] recycles 0 hard 1 soft 1 temp 0.01 loss 1.67 plddt 0.66 ptm 0.71 i_ptm 0.45 cmap_loss_binder 1.67
216 models [0, 1] recycles 0 hard 1 soft 1 temp 0.01 loss 1.68 plddt 0.66 ptm 0.70 i_ptm 0.44 cmap_loss_binder 1.68
217 models [0, 1] recycles 0 hard 1 soft 1 temp 0.01 loss 1.66 plddt 0.66 ptm 0.71 i_ptm 0.45 cmap_loss_binder 1.66
218 models [0, 1] recycles 0 hard 1 soft 1 temp 0.01 loss 1.68 plddt 0.66 ptm 0.70 i_ptm 0.44 cmap_loss_binder 1.68
219 models [0, 1] recycles 0 hard 1 soft 1 temp 0.01 loss 1.66 plddt 0.66 ptm 0.71 i_ptm 0.45 cmap_loss_binder 1.66
220 models [0, 1] recycles 0 hard 1 soft 1 temp 0.01 loss 1.67 plddt 0.65 ptm 0.71 i_ptm 0.45 cmap_loss_binder 1.67
Predicting sequences with AF2_ptm...
predict: traj_1_0 plddt: 0.765, i_pae: 0.637, i_ptm: 0.265, cmap_loss: 1.976
predict: traj_1_1 plddt: 0.799, i_pae: 0.698, i_ptm: 0.235, cmap_loss: 2.237
