../scoring-qc/boltz-cli: 1 to score (0 already done / skipped)
Traceback (most recent call last):
  File "/home/bizon/projects/foldcraft-gpu-20260927/scoring-repo/baseline/score_boltz2.py", line 206, in <module>
    main()
  File "/home/bizon/projects/foldcraft-gpu-20260927/scoring-repo/baseline/score_boltz2.py", line 191, in main
    iptm, pair, plddt, ipae = run_boltz2(
                              ^^^^^^^^^^^
  File "/home/bizon/projects/foldcraft-gpu-20260927/scoring-repo/baseline/score_boltz2.py", line 105, in run_boltz2
    raise RuntimeError(f"boltz predict failed:\n{r.stderr[-2000:]}")
RuntimeError: boltz predict failed:
/envs/phyra-dock/lib/python3.12/site-packages/click/core.py", line 1524, in __call__
    return self.main(*args, **kwargs)
           ^^^^^^^^^^^^^^^^^^^^^^^^^^
  File "/home/bizon/miniconda3/envs/phyra-dock/lib/python3.12/site-packages/click/core.py", line 1445, in main
    rv = self.invoke(ctx)
         ^^^^^^^^^^^^^^^^
  File "/home/bizon/miniconda3/envs/phyra-dock/lib/python3.12/site-packages/click/core.py", line 1912, in invoke
    return _process_result(sub_ctx.command.invoke(sub_ctx))
                           ^^^^^^^^^^^^^^^^^^^^^^^^^^^^^^^
  File "/home/bizon/miniconda3/envs/phyra-dock/lib/python3.12/site-packages/click/core.py", line 1308, in invoke
    return ctx.invoke(self.callback, **ctx.params)
           ^^^^^^^^^^^^^^^^^^^^^^^^^^^^^^^^^^^^^^^
  File "/home/bizon/miniconda3/envs/phyra-dock/lib/python3.12/site-packages/click/core.py", line 877, in invoke
    return callback(*args, **kwargs)
           ^^^^^^^^^^^^^^^^^^^^^^^^^
  File "/home/bizon/miniconda3/envs/phyra-dock/lib/python3.12/site-packages/boltz/main.py", line 1252, in predict
    process_inputs(
  File "/home/bizon/miniconda3/envs/phyra-dock/lib/python3.12/site-packages/lightning_utilities/core/rank_zero.py", line 42, in wrapped_fn
    return fn(*args, **kwargs)
           ^^^^^^^^^^^^^^^^^^^
  File "/home/bizon/miniconda3/envs/phyra-dock/lib/python3.12/site-packages/boltz/main.py", line 802, in process_inputs
    ccd = load_canonicals(mol_dir)
          ^^^^^^^^^^^^^^^^^^^^^^^^
  File "/home/bizon/miniconda3/envs/phyra-dock/lib/python3.12/site-packages/boltz/data/mol.py", line 57, in load_canonicals
    return load_molecules(moldir, const.canonical_tokens)
           ^^^^^^^^^^^^^^^^^^^^^^^^^^^^^^^^^^^^^^^^^^^^^^
  File "/home/bizon/miniconda3/envs/phyra-dock/lib/python3.12/site-packages/boltz/data/mol.py", line 39, in load_molecules
    loaded_mols[molecule] = pickle.load(f)  # noqa: S301
                            ^^^^^^^^^^^^^^
RuntimeError: Bad pickle format: ENDMOL tag not found.
