1/96 pdl1_top7_20261001_baseline_traj_1_1: 0.5431
2/96 pdl1_top7_20261001_baseline_traj_1_0: 0.4236
3/96 pdl1_top7_20261001_mpnn_temp_02_traj_1_0: 0.4000
4/96 pdl1_top7_20261001_mpnn_temp_02_traj_1_1: 0.5941
5/96 pdl1_top7_20261002_mpnn_temp_02_traj_1_0: 0.5857
6/96 pdl1_top7_20261002_mpnn_temp_02_traj_1_1: 0.4263
7/96 pdl1_top7_20261002_baseline_traj_1_0: 0.5694
8/96 pdl1_top7_20261002_baseline_traj_1_1: 0.4703
9/96 pdl1_barrel_20261001_mpnn_temp_02_traj_1_1: 0.6166
10/96 pdl1_barrel_20261001_mpnn_temp_02_traj_1_0: 0.5309
11/96 pdl1_barrel_20261001_baseline_traj_1_1: 0.7061
12/96 pdl1_barrel_20261001_baseline_traj_1_0: 0.7727
13/96 pdl1_barrel_20261002_baseline_traj_1_0: 0.8386
14/96 pdl1_barrel_20261002_baseline_traj_1_1: 0.8974
15/96 pdl1_barrel_20261002_mpnn_temp_02_traj_1_0: 0.8793
16/96 pdl1_barrel_20261002_mpnn_temp_02_traj_1_1: 0.8838
17/96 pdl1_ankyrin_20261001_mpnn_temp_02_traj_1_1: 0.2164
18/96 pdl1_ankyrin_20261001_mpnn_temp_02_traj_1_0: 0.4445
19/96 pdl1_ankyrin_20261001_baseline_traj_1_0: 0.2533
20/96 pdl1_ankyrin_20261001_baseline_traj_1_1: 0.1022
21/96 pdl1_ankyrin_20261002_baseline_traj_1_1: 0.1356
22/96 pdl1_ankyrin_20261002_baseline_traj_1_0: 0.2407
23/96 pdl1_ankyrin_20261002_mpnn_temp_02_traj_1_1: 0.1747
24/96 pdl1_ankyrin_20261002_mpnn_temp_02_traj_1_0: 0.1980
25/96 pd1_top7_20261001_mpnn_temp_02_traj_1_0: 0.5845
26/96 pd1_top7_20261001_mpnn_temp_02_traj_1_1: 0.3516
27/96 pd1_top7_20261001_baseline_traj_1_0: 0.4930
28/96 pd1_top7_20261001_baseline_traj_1_1: 0.3003
29/96 pd1_top7_20261002_mpnn_temp_02_traj_1_0: 0.2802
30/96 pd1_top7_20261002_mpnn_temp_02_traj_1_1: 0.2696
31/96 pd1_top7_20261002_baseline_traj_1_0: 0.2891
32/96 pd1_top7_20261002_baseline_traj_1_1: 0.4397
33/96 pd1_barrel_20261001_mpnn_temp_02_traj_1_1: 0.6568
34/96 pd1_barrel_20261001_mpnn_temp_02_traj_1_0: 0.7692
35/96 pd1_barrel_20261001_baseline_traj_1_0: 0.6768
36/96 pd1_barrel_20261001_baseline_traj_1_1: 0.5548
37/96 pd1_barrel_20261002_baseline_traj_1_0: 0.6079
38/96 pd1_barrel_20261002_baseline_traj_1_1: 0.4354
39/96 pd1_barrel_20261002_mpnn_temp_02_traj_1_0: 0.7047
40/96 pd1_barrel_20261002_mpnn_temp_02_traj_1_1: 0.3662
41/96 pd1_ankyrin_20261001_baseline_traj_1_0: 0.5354
42/96 pd1_ankyrin_20261001_baseline_traj_1_1: 0.5389
43/96 pd1_ankyrin_20261001_mpnn_temp_02_traj_1_0: 0.5221
44/96 pd1_ankyrin_20261001_mpnn_temp_02_traj_1_1: 0.4046
45/96 pd1_ankyrin_20261002_mpnn_temp_02_traj_1_0: 0.1407
46/96 pd1_ankyrin_20261002_mpnn_temp_02_traj_1_1: 0.2271
47/96 pd1_ankyrin_20261002_baseline_traj_1_0: 0.5223
48/96 pd1_ankyrin_20261002_baseline_traj_1_1: 0.3736
49/96 egfr_top7_20261001_baseline_traj_1_1: 0.5090
50/96 egfr_top7_20261001_baseline_traj_1_0: 0.4062
51/96 egfr_top7_20261001_mpnn_temp_02_traj_1_0: 0.5588
52/96 egfr_top7_20261001_mpnn_temp_02_traj_1_1: 0.5561
53/96 egfr_top7_20261002_mpnn_temp_02_traj_1_0: 0.3697
54/96 egfr_top7_20261002_mpnn_temp_02_traj_1_1: 0.3488
55/96 egfr_top7_20261002_baseline_traj_1_0: 0.4194
56/96 egfr_top7_20261002_baseline_traj_1_1: 0.2522
57/96 egfr_barrel_20261001_baseline_traj_1_0: 0.2166
58/96 egfr_barrel_20261001_baseline_traj_1_1: 0.4039
59/96 egfr_barrel_20261001_mpnn_temp_02_traj_1_0: 0.2020
60/96 egfr_barrel_20261001_mpnn_temp_02_traj_1_1: 0.3666
61/96 egfr_barrel_20261002_mpnn_temp_02_traj_1_0: 0.5984
62/96 egfr_barrel_20261002_mpnn_temp_02_traj_1_1: 0.7083
63/96 egfr_barrel_20261002_baseline_traj_1_0: 0.7486
64/96 egfr_barrel_20261002_baseline_traj_1_1: 0.7884
65/96 egfr_ankyrin_20261001_baseline_traj_1_0: 0.3117
66/96 egfr_ankyrin_20261001_baseline_traj_1_1: 0.3143
67/96 egfr_ankyrin_20261001_mpnn_temp_02_traj_1_1: 0.4760
68/96 egfr_ankyrin_20261001_mpnn_temp_02_traj_1_0: 0.4828
69/96 egfr_ankyrin_20261002_mpnn_temp_02_traj_1_1: 0.3695
70/96 egfr_ankyrin_20261002_mpnn_temp_02_traj_1_0: 0.3240
71/96 egfr_ankyrin_20261002_baseline_traj_1_0: 0.3080
72/96 egfr_ankyrin_20261002_baseline_traj_1_1: 0.5831
73/96 ifnar_top7_20261001_baseline_traj_1_0: 0.2838
74/96 ifnar_top7_20261001_baseline_traj_1_1: 0.2954
75/96 ifnar_top7_20261001_mpnn_temp_02_traj_1_1: 0.3143
76/96 ifnar_top7_20261001_mpnn_temp_02_traj_1_0: 0.3867
77/96 ifnar_top7_20261002_baseline_traj_1_0: 0.4641
78/96 ifnar_top7_20261002_baseline_traj_1_1: 0.2509
79/96 ifnar_top7_20261002_mpnn_temp_02_traj_1_1: 0.4000
80/96 ifnar_top7_20261002_mpnn_temp_02_traj_1_0: 0.3040
81/96 ifnar_barrel_20261001_baseline_traj_1_1: 0.4272
82/96 ifnar_barrel_20261001_baseline_traj_1_0: 0.6412
83/96 ifnar_barrel_20261001_mpnn_temp_02_traj_1_0: 0.6390
84/96 ifnar_barrel_20261001_mpnn_temp_02_traj_1_1: 0.3663
85/96 ifnar_barrel_20261002_baseline_traj_1_1: 0.7269
86/96 ifnar_barrel_20261002_baseline_traj_1_0: 0.6931
87/96 ifnar_barrel_20261002_mpnn_temp_02_traj_1_1: 0.8078
88/96 ifnar_barrel_20261002_mpnn_temp_02_traj_1_0: 0.7464
89/96 ifnar_ankyrin_20261001_mpnn_temp_02_traj_1_0: 0.1669
90/96 ifnar_ankyrin_20261001_mpnn_temp_02_traj_1_1: 0.0849
91/96 ifnar_ankyrin_20261001_baseline_traj_1_0: 0.1167
92/96 ifnar_ankyrin_20261001_baseline_traj_1_1: 0.1726
93/96 ifnar_ankyrin_20261002_baseline_traj_1_0: 0.2741
94/96 ifnar_ankyrin_20261002_baseline_traj_1_1: 0.2951
95/96 ifnar_ankyrin_20261002_mpnn_temp_02_traj_1_0: 0.1809
96/96 ifnar_ankyrin_20261002_mpnn_temp_02_traj_1_1: 0.2208
