{"name": "pdl1_top7_20261001_mpnn_temp_02", "seconds": 187.03219015616924, "returncode": 0, "valid": true}
{"name": "pdl1_top7_20261001_baseline", "seconds": 189.0437550302595, "returncode": 0, "valid": true}
{"name": "pdl1_top7_20261002_mpnn_temp_02", "seconds": 198.04879068769515, "returncode": 0, "valid": true}
{"name": "pdl1_top7_20261002_baseline", "seconds": 197.04885004181415, "returncode": 0, "valid": true}
{"name": "pdl1_barrel_20261001_mpnn_temp_02", "seconds": 346.0791277671233, "returncode": 0, "valid": true}
{"name": "pdl1_barrel_20261001_baseline", "seconds": 346.082049141638, "returncode": 0, "valid": true}
{"name": "pdl1_barrel_20261002_baseline", "seconds": 246.0562794758007, "returncode": 0, "valid": true}
{"name": "pdl1_barrel_20261002_mpnn_temp_02", "seconds": 246.05440682079643, "returncode": 0, "valid": true}
{"name": "pdl1_ankyrin_20261001_mpnn_temp_02", "seconds": 386.0848713638261, "returncode": 0, "valid": true}
{"name": "pdl1_ankyrin_20261001_baseline", "seconds": 385.0830279281363, "returncode": 0, "valid": true}
{"name": "pdl1_ankyrin_20261002_baseline", "seconds": 295.05336674675345, "returncode": 0, "valid": true}
{"name": "pdl1_ankyrin_20261002_mpnn_temp_02", "seconds": 295.0594013053924, "returncode": 0, "valid": true}
{"name": "pd1_top7_20261001_baseline", "seconds": 304.0583082754165, "returncode": 0, "valid": true}
{"name": "pd1_top7_20261001_mpnn_temp_02", "seconds": 305.0686043193564, "returncode": 0, "valid": true}
{"name": "pd1_top7_20261002_mpnn_temp_02", "seconds": 213.04675671085715, "returncode": 0, "valid": true}
{"name": "pd1_top7_20261002_baseline", "seconds": 213.04623391199857, "returncode": 0, "valid": true}
{"name": "pd1_barrel_20261001_mpnn_temp_02", "seconds": 345.06885862071067, "returncode": 0, "valid": true}
{"name": "pd1_barrel_20261001_baseline", "seconds": 345.0688265962526, "returncode": 0, "valid": true}
{"name": "pd1_barrel_20261002_baseline", "seconds": 255.05822082981467, "returncode": 0, "valid": true}
{"name": "pd1_barrel_20261002_mpnn_temp_02", "seconds": 255.05594364274293, "returncode": 0, "valid": true}
{"name": "pd1_ankyrin_20261001_baseline", "seconds": 394.08827766776085, "returncode": 0, "valid": true}
{"name": "pd1_ankyrin_20261001_mpnn_temp_02", "seconds": 394.0867965547368, "returncode": 0, "valid": true}
{"name": "pd1_ankyrin_20261002_mpnn_temp_02", "seconds": 318.06968598999083, "returncode": 0, "valid": true}
{"name": "pd1_ankyrin_20261002_baseline", "seconds": 318.0705487439409, "returncode": 0, "valid": true}
{"name": "egfr_top7_20261001_baseline", "seconds": 387.0743972500786, "returncode": 0, "valid": true}
{"name": "egfr_top7_20261001_mpnn_temp_02", "seconds": 386.07107843086123, "returncode": 0, "valid": true}
{"name": "egfr_top7_20261002_mpnn_temp_02", "seconds": 391.0655714767054, "returncode": 0, "valid": true}
{"name": "egfr_top7_20261002_baseline", "seconds": 392.07751366496086, "returncode": 0, "valid": true}
{"name": "egfr_barrel_20261001_baseline", "seconds": 543.1038703508675, "returncode": 0, "valid": true}
{"name": "egfr_barrel_20261001_mpnn_temp_02", "seconds": 543.1047107428312, "returncode": 0, "valid": true}
{"name": "egfr_barrel_20261002_mpnn_temp_02", "seconds": 452.09078643471, "returncode": 0, "valid": true}
{"name": "egfr_barrel_20261002_baseline", "seconds": 452.09028974175453, "returncode": 0, "valid": true}
{"name": "egfr_ankyrin_20261001_baseline", "seconds": 570.111657907255, "returncode": 0, "valid": true}
{"name": "egfr_ankyrin_20261001_mpnn_temp_02", "seconds": 570.1090083559975, "returncode": 0, "valid": true}
{"name": "egfr_ankyrin_20261002_mpnn_temp_02", "seconds": 486.089358497411, "returncode": 0, "valid": true}
{"name": "egfr_ankyrin_20261002_baseline", "seconds": 486.08956261817366, "returncode": 0, "valid": true}
{"name": "ifnar_top7_20261001_baseline", "seconds": 270.0522371409461, "returncode": 0, "valid": true}
{"name": "ifnar_top7_20261001_mpnn_temp_02", "seconds": 270.06319742649794, "returncode": 0, "valid": true}
{"name": "ifnar_top7_20261002_baseline", "seconds": 195.0320594208315, "returncode": 0, "valid": true}
{"name": "ifnar_top7_20261002_mpnn_temp_02", "seconds": 195.03844599425793, "returncode": 0, "valid": true}
{"name": "ifnar_barrel_20261001_baseline", "seconds": 301.0681196358055, "returncode": 0, "valid": true}
{"name": "ifnar_barrel_20261001_mpnn_temp_02", "seconds": 301.07563247997314, "returncode": 0, "valid": true}
{"name": "ifnar_barrel_20261002_baseline", "seconds": 223.04730547312647, "returncode": 0, "valid": true}
{"name": "ifnar_barrel_20261002_mpnn_temp_02", "seconds": 223.05521148070693, "returncode": 0, "valid": true}
{"name": "ifnar_ankyrin_20261001_baseline", "seconds": 365.06871131714433, "returncode": 0, "valid": true}
{"name": "ifnar_ankyrin_20261001_mpnn_temp_02", "seconds": 366.08093915320933, "returncode": 0, "valid": true}
{"name": "ifnar_ankyrin_20261002_baseline", "seconds": 279.06337314564735, "returncode": 0, "valid": true}
{"name": "ifnar_ankyrin_20261002_mpnn_temp_02", "seconds": 279.06247137114406, "returncode": 0, "valid": true}
